== build alsa-topology-conf (deps: none)
==> Making package: alsa-topology-conf 1.2.5.1-4 (Sun Sep 20 01:43:23 2026)
==> WARNING: Skipping dependency checks.
==> Retrieving sources...
  -> Downloading alsa-topology-conf-1.2.5.1.tar.bz2...
  % Total    % Received % Xferd  Average Speed  Time    Time    Time   Current
                                 Dload  Upload  Total   Spent   Left   Speed
  0      0   0      0   0      0      0      0           00:01              0100  11697 100  11697   0      0   5468      0   00:02   00:02              0100  11697 100  11697   0      0   5468      0   00:02   00:02              0100  11697 100  11697   0      0   5468      0   00:02   00:02              0
  -> Downloading alsa-topology-conf-1.2.5.1.tar.bz2.sig...
  % Total    % Received % Xferd  Average Speed  Time    Time    Time   Current
                                 Dload  Upload  Total   Spent   Left   Speed
  0      0   0      0   0      0      0      0           00:01              0100    833 100    833   0      0    531      0   00:01   00:01              0100    833 100    833   0      0    531      0   00:01   00:01              0100    833 100    833   0      0    531      0   00:01   00:01              0
==> WARNING: Skipping verification of source file PGP signatures.
==> Validating source files with sha512sums...
    alsa-topology-conf-1.2.5.1.tar.bz2 ... Passed
    alsa-topology-conf-1.2.5.1.tar.bz2.sig ... Skipped
==> Validating source files with b2sums...
    alsa-topology-conf-1.2.5.1.tar.bz2 ... Passed
    alsa-topology-conf-1.2.5.1.tar.bz2.sig ... Skipped
==> Extracting sources...
  -> Extracting alsa-topology-conf-1.2.5.1.tar.bz2 with bsdtar
==> Entering fakeroot environment...
==> Starting package()...
install: creating directory '/home/builder/build/pkg/alsa-topology-conf/usr'
install: creating directory '/home/builder/build/pkg/alsa-topology-conf/usr/share'
install: creating directory '/home/builder/build/pkg/alsa-topology-conf/usr/share/alsa'
install: creating directory '/home/builder/build/pkg/alsa-topology-conf/usr/share/alsa/topology'
install: creating directory '/home/builder/build/pkg/alsa-topology-conf/usr/share/alsa/topology/broadwell'
'topology/broadwell/broadwell.conf' -> '/home/builder/build/pkg/alsa-topology-conf/usr/share/alsa/topology/broadwell/broadwell.conf'
install: creating directory '/home/builder/build/pkg/alsa-topology-conf/usr/share/alsa/topology/bxtrt298'
'topology/bxtrt298/bxt_i2s.conf' -> '/home/builder/build/pkg/alsa-topology-conf/usr/share/alsa/topology/bxtrt298/bxt_i2s.conf'
install: creating directory '/home/builder/build/pkg/alsa-topology-conf/usr/share/alsa/topology/hda-dsp'
'topology/hda-dsp/skl_hda_dsp_generic-tplg.conf' -> '/home/builder/build/pkg/alsa-topology-conf/usr/share/alsa/topology/hda-dsp/skl_hda_dsp_generic-tplg.conf'
install: creating directory '/home/builder/build/pkg/alsa-topology-conf/usr/share/alsa/topology/sklrt286'
'topology/sklrt286/skl_i2s.conf' -> '/home/builder/build/pkg/alsa-topology-conf/usr/share/alsa/topology/sklrt286/skl_i2s.conf'
install: creating directory '/home/builder/build/pkg/alsa-topology-conf/usr/share/licenses'
install: creating directory '/home/builder/build/pkg/alsa-topology-conf/usr/share/licenses/alsa-topology-conf'
'LICENSE' -> '/home/builder/build/pkg/alsa-topology-conf/usr/share/licenses/alsa-topology-conf/LICENSE'
install: creating directory '/home/builder/build/pkg/alsa-topology-conf/usr/share/doc'
install: creating directory '/home/builder/build/pkg/alsa-topology-conf/usr/share/doc/alsa-topology-conf'
'README.md' -> '/home/builder/build/pkg/alsa-topology-conf/usr/share/doc/alsa-topology-conf/README.md'
==> Tidying install...
  -> Removing libtool files...
  -> Removing static library files...
  -> Purging unwanted files...
  -> Stripping unneeded symbols from binaries and libraries...
==> Checking for packaging issues...
==> Creating package "alsa-topology-conf"...
  -> Generating .PKGINFO file...
  -> Generating .BUILDINFO file...
warning: Public keyring not found; have you run 'pacman-key --init'?
error: kashira-v3: key "E4DF524F75FE51DD5FB0C7BA1925D86CD662878E" is unknown
error: keyring is not writable
warning: base: unknown key '%INSTALLED_DB%' in local database
warning: base-devel: unknown key '%INSTALLED_DB%' in local database
  -> Generating .MTREE file...
  -> Compressing package...
==> Leaving fakeroot environment.
==> Finished making: alsa-topology-conf 1.2.5.1-4 (Sun Sep 20 01:43:29 2026)
