== build alsa-lib (deps: alsa-topology-conf alsa-ucm-conf glibc )
resolving dependencies...
looking for conflicting packages...
warning: glibc-2.44-2 is up to date -- skipping
warning: base: unknown key '%INSTALLED_DB%' in local database
warning: base-devel: unknown key '%INSTALLED_DB%' in local database

Packages (2) alsa-topology-conf-1.2.5.1-4  alsa-ucm-conf-1.2.16.1-1

Total Download Size:   0.14 MiB
Total Installed Size:  1.00 MiB

:: Proceed with installation? [Y/n] 
:: Retrieving packages...
 alsa-ucm-conf-1.2.16.1-1-any downloading...
 alsa-topology-conf-1.2.5.1-4-any downloading...
checking keyring...
checking package integrity...
loading package files...
checking for file conflicts...
:: Processing package changes...
installing alsa-topology-conf...
installing alsa-ucm-conf...
:: Running post-transaction hooks...
(1/1) Arming ConditionNeedsUpdate...
==> Making package: alsa-lib 1.2.16.1-1 (Sun Sep 20 01:51:25 2026)
==> WARNING: Skipping dependency checks.
==> Retrieving sources...
  -> Found alsa-lib-1.2.16.1.tar.bz2
  -> Found alsa-lib-1.2.16.1.tar.bz2.sig
==> WARNING: Skipping verification of source file PGP signatures.
==> Validating source files with sha512sums...
    alsa-lib-1.2.16.1.tar.bz2 ... Passed
    alsa-lib-1.2.16.1.tar.bz2.sig ... Skipped
==> Validating source files with b2sums...
    alsa-lib-1.2.16.1.tar.bz2 ... Passed
    alsa-lib-1.2.16.1.tar.bz2.sig ... Skipped
==> Extracting sources...
  -> Extracting alsa-lib-1.2.16.1.tar.bz2 with bsdtar
==> Starting prepare()...
autoreconf: export WARNINGS=
autoreconf: Entering directory '.'
autoreconf: configure.ac: no obvious need to run autopoint
autoreconf: running: aclocal --force -I m4
autoreconf: configure.ac: tracing
autoreconf: running: libtoolize --copy --force
libtoolize: putting auxiliary files in '.'.
libtoolize: copying file './ltmain.sh'
libtoolize: putting macros in AC_CONFIG_MACRO_DIRS, 'm4'.
libtoolize: copying file 'm4/libtool.m4'
libtoolize: copying file 'm4/ltoptions.m4'
libtoolize: copying file 'm4/ltsugar.m4'
libtoolize: copying file 'm4/ltversion.m4'
libtoolize: copying file 'm4/lt~obsolete.m4'
autoreconf: configure.ac: not using Intltool
autoreconf: configure.ac: not using Gtkdoc
autoreconf: configure.ac: no need to run autopoint (confirmed)
autoreconf: running: aclocal --force -I m4
autoreconf: running: /usr/bin/autoconf --force
autoreconf: running: /usr/bin/autoheader --force
autoreconf: running: automake --add-missing --copy --force-missing
configure.ac:30: installing './compile'
configure.ac:16: installing './missing'
aserver/Makefile.am: installing './depcomp'
doc/pictures/Makefile.am:1: warning: wildcard *.gif: non-POSIX variable name
doc/pictures/Makefile.am:1: (probably a GNU make extension)
doc/pictures/Makefile.am:2: warning: wildcard *.puml: non-POSIX variable name
doc/pictures/Makefile.am:2: (probably a GNU make extension)
autoreconf: './config.sub' is updated
autoreconf: './config.guess' is updated
autoreconf: configure.ac: not running make: --make not given
autoreconf: Leaving directory '.'
==> Starting build()...
checking build system type... x86_64-pc-linux-gnu
checking host system type... x86_64-pc-linux-gnu
checking for a BSD-compatible install... /usr/bin/install -c
checking whether sleep supports fractional seconds... yes
checking filesystem timestamp resolution... 0.01
checking whether build environment is sane... yes
checking for a race-free mkdir -p... /usr/sbin/mkdir -p
checking for gawk... gawk
checking whether make sets $(MAKE)... yes
checking whether make supports nested variables... yes
checking xargs -n works... yes
checking whether UID '1000' is supported by ustar format... yes
checking whether GID '1000' is supported by ustar format... yes
checking how to create a ustar tar archive... gnutar
checking whether to enable maintainer-specific portions of Makefiles... yes
checking for gcc... clang
checking whether the C compiler works... yes
checking for C compiler default output file name... a.out
checking for suffix of executables... 
checking whether we are cross compiling... no
checking for suffix of object files... o
checking whether the compiler supports GNU C... yes
checking whether clang accepts -g... yes
checking for clang option to enable C23 features... -std=gnu23
checking whether clang -std=gnu23 understands -c and -o together... yes
checking whether make supports the include directive... yes (GNU style)
checking dependency style of clang -std=gnu23... gcc3
checking how to run the C preprocessor... clang -std=gnu23 -E
checking for stdio.h... yes
checking for stdlib.h... yes
checking for string.h... yes
checking for inttypes.h... yes
checking for stdint.h... yes
checking for strings.h... yes
checking for sys/stat.h... yes
checking for sys/types.h... yes
checking for unistd.h... yes
checking for wchar.h... yes
checking for minix/config.h... no
checking for sys/time.h... yes
checking whether it is safe to define __EXTENSIONS__... yes
checking whether _XOPEN_SOURCE should be defined... no
checking whether ln -s works... yes
checking how to print strings... printf
checking for a sed that does not truncate output... /usr/sbin/sed
checking for grep that handles long lines and -e... /usr/sbin/grep
checking for egrep... /usr/sbin/grep -E
checking for fgrep... /usr/sbin/grep -F
checking for ld used by clang -std=gnu23... ld.lld
checking if the linker (ld.lld) is GNU ld... yes
checking for BSD- or MS-compatible name lister (nm)... llvm-nm
checking the name lister (llvm-nm) interface... BSD nm
checking the maximum length of command line arguments... 1572864
checking how to convert x86_64-pc-linux-gnu file names to x86_64-pc-linux-gnu format... func_convert_file_noop
checking how to convert x86_64-pc-linux-gnu file names to toolchain format... func_convert_file_noop
checking for ld.lld option to reload object files... -r
checking for file... file
checking for objdump... llvm-objdump
checking how to recognize dependent libraries... pass_all
checking for dlltool... dlltool
checking how to associate runtime and link libraries... printf %s\n
checking for ranlib... llvm-ranlib
checking for archiver @FILE support... @
checking for strip... llvm-strip
checking command to parse llvm-nm output from clang -std=gnu23 object... ok
checking for sysroot... no
checking for a working dd... /usr/sbin/dd
checking how to truncate binary pipes... /usr/sbin/dd bs=4096 count=1
checking for mt... no
checking if : is a manifest tool... no
checking for dlfcn.h... yes
checking which variant of shared library versioning to provide... (default) aix
checking for objdir... .libs
checking if clang -std=gnu23 supports -fno-rtti -fno-exceptions... yes
checking for clang -std=gnu23 option to produce PIC... -fPIC -DPIC
checking if clang -std=gnu23 PIC flag -fPIC -DPIC works... yes
checking if clang -std=gnu23 static flag -static works... yes
checking if clang -std=gnu23 supports -c -o file.o... yes
checking if clang -std=gnu23 supports -c -o file.o... (cached) yes
checking whether the clang -std=gnu23 linker (ld.lld -m elf_x86_64) supports shared libraries... yes
checking whether -lc should be explicitly linked in... no
checking dynamic linker characteristics... GNU/Linux ld.so
checking how to hardcode library paths into programs... immediate
checking for shl_load... no
checking for shl_load in -ldld... no
checking for dlopen... yes
checking whether a program can dlopen itself... yes
checking whether a statically linked program can dlopen itself... no
checking whether stripping libraries is possible... yes
checking if libtool supports shared libraries... yes
checking whether to build shared libraries... yes
checking whether to build static libraries... no
checking if clang -std=gnu23 supports -Wl,--no-undefined flag... yes
checking if clang -std=gnu23 supports -Wl,-z,defs flag... yes
checking for egrep... (cached) /usr/sbin/grep -E
checking for an ANSI C-conforming const... yes
checking for inline... inline
checking for uselocale... yes
checking for eaccess... yes
checking for clang -std=gnu23 options to detect undeclared functions... none needed
checking for clang -std=gnu23 options to ignore future-version functions... none needed
checking whether closefrom is declared... yes
checking for clang -std=gnu23 option to support large files... none needed
checking for library version... major 1 minor 2 subminor 16 extrastr  extraver 1000000
checking for versioned symbols... yes
checking for symbolic-functions... no
checking for custom symbol prefixes... 
checking for debug... no
checking for tmpdir... /tmp
checking for softfloat... no
checking for LFS calls... yes
checking for libdl... checking for library containing dlsym... none required
checking for pthread... checking for pthread_join in -lpthread... yes
checking whether PTHREAD_MUTEX_RECURSIVE is declared... yes
checking for __thread... yes
checking for librt... checking for clock_gettime in -lrt... yes
checking for use of wordexp... no
checking for endian.h... yes
checking for sys/endian.h... no
checking for sys/shm.h... yes
checking for malloc.h... yes
checking for resmgr support... no
checking for aload* support... yes
checking for ALSA device file directory... /dev/snd/
checking for aload* device file directory... /dev/
checking whether GCC supports builtin atomic intrinsics... yes
checking for default lockless dmix... no
checking for max number of cards... 32
checking for thread-safe API functions... yes
checking that generated files are newer than configure... done
configure: creating ./config.status
config.status: creating Makefile
config.status: creating doc/Makefile
config.status: creating doc/pictures/Makefile
config.status: creating doc/doxygen.cfg
config.status: creating include/Makefile
config.status: creating include/sound/Makefile
config.status: creating include/sound/uapi/Makefile
config.status: creating src/Versions.in
config.status: creating src/Makefile
config.status: creating src/control/Makefile
config.status: creating src/mixer/Makefile
config.status: creating src/pcm/Makefile
config.status: creating src/pcm/scopes/Makefile
config.status: creating src/rawmidi/Makefile
config.status: creating src/timer/Makefile
config.status: creating src/hwdep/Makefile
config.status: creating src/seq/Makefile
config.status: creating src/ucm/Makefile
config.status: creating src/topology/Makefile
config.status: creating src/conf/Makefile
config.status: creating src/conf/cards/Makefile
config.status: creating src/conf/ctl/Makefile
config.status: creating src/conf/pcm/Makefile
config.status: creating modules/Makefile
config.status: creating modules/mixer/Makefile
config.status: creating modules/mixer/simple/Makefile
config.status: creating aserver/Makefile
config.status: creating test/Makefile
config.status: creating test/lsb/Makefile
config.status: creating utils/Makefile
config.status: creating utils/alsa-lib.spec
config.status: creating utils/alsa.pc
config.status: creating utils/alsa-topology.pc
config.status: creating include/config.h
config.status: executing depfiles commands
config.status: executing libtool commands
Creating asoundlib.h...
Making all in doc
make[1]: Entering directory '/home/builder/build/src/alsa-lib-1.2.16.1/doc'
Making all in pictures
make[2]: Entering directory '/home/builder/build/src/alsa-lib-1.2.16.1/doc/pictures'
make[2]: Nothing to be done for 'all'.
make[2]: Leaving directory '/home/builder/build/src/alsa-lib-1.2.16.1/doc/pictures'
make[2]: Entering directory '/home/builder/build/src/alsa-lib-1.2.16.1/doc'
make[2]: Nothing to be done for 'all-am'.
make[2]: Leaving directory '/home/builder/build/src/alsa-lib-1.2.16.1/doc'
make[1]: Leaving directory '/home/builder/build/src/alsa-lib-1.2.16.1/doc'
Making all in include
make[1]: Entering directory '/home/builder/build/src/alsa-lib-1.2.16.1/include'
make  all-recursive
make[2]: Entering directory '/home/builder/build/src/alsa-lib-1.2.16.1/include'
Making all in sound
make[3]: Entering directory '/home/builder/build/src/alsa-lib-1.2.16.1/include/sound'
Making all in uapi
make[4]: Entering directory '/home/builder/build/src/alsa-lib-1.2.16.1/include/sound/uapi'
make[4]: Nothing to be done for 'all'.
make[4]: Leaving directory '/home/builder/build/src/alsa-lib-1.2.16.1/include/sound/uapi'
make[4]: Entering directory '/home/builder/build/src/alsa-lib-1.2.16.1/include/sound'
make[4]: Nothing to be done for 'all-am'.
make[4]: Leaving directory '/home/builder/build/src/alsa-lib-1.2.16.1/include/sound'
make[3]: Leaving directory '/home/builder/build/src/alsa-lib-1.2.16.1/include/sound'
make[3]: Entering directory '/home/builder/build/src/alsa-lib-1.2.16.1/include'
if ! test -r alsa/local.h; then \
	ln -s ../include alsa; \
fi
for f in asoundlib.h version.h; do \
	if ! test -r ../include/$f; then \
		ln -s /home/builder/build/src/alsa-lib-1.2.16.1/include/$f ../include/$f; \
	fi; \
done
make[3]: Leaving directory '/home/builder/build/src/alsa-lib-1.2.16.1/include'
make[2]: Leaving directory '/home/builder/build/src/alsa-lib-1.2.16.1/include'
make[1]: Leaving directory '/home/builder/build/src/alsa-lib-1.2.16.1/include'
Making all in src
make[1]: Entering directory '/home/builder/build/src/alsa-lib-1.2.16.1/src'
clang -std=gnu23 -DHAVE_CONFIG_H -I. -I../include  -I../include   -march=x86-64-v3 -O2 -pipe -fno-plt -fexceptions         -Wp,-D_FORTIFY_SOURCE=3 -fstack-clash-protection -fcf-protection -E -DHAVE_PCM_SYMS -DHAVE_TIMER_SYMS -DHAVE_RAWMIDI_SYMS -DHAVE_SEQ_SYMS -x assembler-with-cpp -o ../src/Versions ../src/Versions.in
make  all-recursive
make[2]: Entering directory '/home/builder/build/src/alsa-lib-1.2.16.1/src'
Making all in control
make[3]: Entering directory '/home/builder/build/src/alsa-lib-1.2.16.1/src/control'
  CC       cards.lo
  CC       tlv.lo
  CC       namehint.lo
  CC       eld.lo
  CC       control.lo
  CC       control_hw.lo
  CC       hcontrol.lo
  CC       setup.lo
  CC       control_empty.lo
  CC       ctlparse.lo
  CC       control_plugin.lo
  CC       control_shm.lo
  CC       control_symbols.lo
  CC       control_ext.lo
  CC       control_remap.lo
  CCLD     libcontrol.la
make[3]: Leaving directory '/home/builder/build/src/alsa-lib-1.2.16.1/src/control'
Making all in mixer
make[3]: Entering directory '/home/builder/build/src/alsa-lib-1.2.16.1/src/mixer'
  CC       bag.lo
  CC       mixer.lo
  CC       simple.lo
  CC       simple_none.lo
  CC       simple_abst.lo
  CCLD     libmixer.la
make[3]: Leaving directory '/home/builder/build/src/alsa-lib-1.2.16.1/src/mixer'
Making all in pcm
make[3]: Entering directory '/home/builder/build/src/alsa-lib-1.2.16.1/src/pcm'
  CC       mask.lo
  CC       pcm.lo
  CC       pcm_hw.lo
  CC       interval.lo
  CC       pcm_params.lo
  CC       pcm_misc.lo
  CC       pcm_mmap.lo
  CC       pcm_simple.lo
  CC       pcm_symbols.lo
  CC       pcm_copy.lo
  CC       pcm_generic.lo
  CC       pcm_plugin.lo
  CC       pcm_route.lo
  CC       pcm_linear.lo
  CC       pcm_mulaw.lo
make[4]: Entering directory '/home/builder/build/src/alsa-lib-1.2.16.1/src/pcm'
make[4]: Nothing to be done for 'all-am'.
make[4]: Leaving directory '/home/builder/build/src/alsa-lib-1.2.16.1/src/pcm'
  CC       pcm_alaw.lo
  CC       pcm_adpcm.lo
pcm_params.c:2426:13: warning: implicit truncation from 'int' to a one-bit wide bit-field changes value from 1 to -1 [-Wsingle-bit-bitfield-constant-conversion]
 2426 |         pcm->setup = 1;
      |                    ^ ~
pcm.c:2692:22: warning: implicit truncation from 'int' to a one-bit wide bit-field changes value from 1 to -1 [-Wsingle-bit-bitfield-constant-conversion]
 2692 |                                         (*pcmp)->compat = 1;
      |                                                         ^ ~
pcm.c:2697:21: warning: implicit truncation from 'int' to a one-bit wide bit-field changes value from 1 to -1 [-Wsingle-bit-bitfield-constant-conversion]
 2697 |                                 (*pcmp)->compat = 1;
      |                                                 ^ ~
  CC       pcm_rate.lo
  CC       pcm_rate_linear.lo
  CC       pcm_plug.lo
pcm_route.c:385:22: warning: implicit conversion from 'int64_t' (aka 'long') to 'float' changes value from 2147483647 to 2147483648 [-Wimplicit-const-int-float-conversion]
  385 |                 if (sum.as_float > (int64_t)0x7fffffff)
      |                                  ~ ^~~~~~~~~~~~~~~~~~~
  CC       pcm_multi.lo
  CC       pcm_shm.lo
  CC       pcm_file.lo
  CC       pcm_null.lo
  CC       pcm_empty.lo
  CC       pcm_share.lo
  CC       pcm_meter.lo
  CC       pcm_hooks.lo
  CC       pcm_lfloat.lo
  CC       pcm_ladspa.lo
  CC       pcm_dmix.lo
  CC       pcm_dshare.lo
1 warning generated.
  CC       pcm_dsnoop.lo
  CC       pcm_direct.lo
  CC       pcm_asym.lo
  CC       pcm_iec958.lo
  CC       pcm_softvol.lo
  CC       pcm_extplug.lo
  CC       pcm_ioplug.lo
1 warning generated.
  CC       pcm_mmap_emul.lo
pcm_direct.c:1474:14: warning: implicit truncation from 'int' to a one-bit wide bit-field changes value from 1 to -1 [-Wsingle-bit-bitfield-constant-conversion]
 1474 |         dmix->tread = 1;
      |                     ^ ~
pcm_direct.c:1522:26: warning: implicit truncation from 'int' to a one-bit wide bit-field changes value from 1 to -1 [-Wsingle-bit-bitfield-constant-conversion]
 1522 |                         dmix->timer_need_poll = 1;
      |                                               ^ ~
pcm_direct.c:1607:14: warning: implicit truncation from 'int' to a one-bit wide bit-field changes value from 1 to -1 [-Wsingle-bit-bitfield-constant-conversion]
 1607 |         spcm->setup = 1;
      |                     ^ ~
pcm_direct.c:1635:14: warning: implicit truncation from 'int' to a one-bit wide bit-field changes value from 1 to -1 [-Wsingle-bit-bitfield-constant-conversion]
 1635 |         spcm->setup = 1;
      |                     ^ ~
2 warnings generated.
4 warnings generated.
  CCLD     libpcm.la
make[3]: Leaving directory '/home/builder/build/src/alsa-lib-1.2.16.1/src/pcm'
Making all in timer
make[3]: Entering directory '/home/builder/build/src/alsa-lib-1.2.16.1/src/timer'
  CC       timer_hw.lo
  CC       timer.lo
  CC       timer_query.lo
  CC       timer_symbols.lo
  CC       timer_query_hw.lo
  CCLD     libtimer.la
make[3]: Leaving directory '/home/builder/build/src/alsa-lib-1.2.16.1/src/timer'
Making all in rawmidi
make[3]: Entering directory '/home/builder/build/src/alsa-lib-1.2.16.1/src/rawmidi'
  CC       rawmidi.lo
  CC       rawmidi_hw.lo
  CC       rawmidi_symbols.lo
  CC       ump.lo
  CC       rawmidi_virt.lo
  CCLD     librawmidi.la
make[3]: Leaving directory '/home/builder/build/src/alsa-lib-1.2.16.1/src/rawmidi'
Making all in hwdep
make[3]: Entering directory '/home/builder/build/src/alsa-lib-1.2.16.1/src/hwdep'
  CC       hwdep.lo
  CC       hwdep_hw.lo
  CC       hwdep_symbols.lo
  CCLD     libhwdep.la
make[3]: Leaving directory '/home/builder/build/src/alsa-lib-1.2.16.1/src/hwdep'
Making all in seq
make[3]: Entering directory '/home/builder/build/src/alsa-lib-1.2.16.1/src/seq'
  CC       seq_hw.lo
  CC       seq.lo
  CC       seq_event.lo
  CC       seq_midi_event.lo
  CC       seqmid.lo
  CC       seq_symbols.lo
  CC       seq_old.lo
  CCLD     libseq.la
make[3]: Leaving directory '/home/builder/build/src/alsa-lib-1.2.16.1/src/seq'
Making all in ucm
make[3]: Entering directory '/home/builder/build/src/alsa-lib-1.2.16.1/src/ucm'
  CC       utils.lo
  CC       parser.lo
  CC       ucm_subs.lo
  CC       ucm_cond.lo
  CC       ucm_include.lo
  CC       ucm_repeat.lo
  CC       ucm_exec.lo
  CC       ucm_regex.lo
  CC       main.lo
  CCLD     libucm.la
make[3]: Leaving directory '/home/builder/build/src/alsa-lib-1.2.16.1/src/ucm'
Making all in conf
make[3]: Entering directory '/home/builder/build/src/alsa-lib-1.2.16.1/src/conf'
Making all in cards
make[4]: Entering directory '/home/builder/build/src/alsa-lib-1.2.16.1/src/conf/cards'
make[4]: Nothing to be done for 'all'.
make[4]: Leaving directory '/home/builder/build/src/alsa-lib-1.2.16.1/src/conf/cards'
Making all in ctl
make[4]: Entering directory '/home/builder/build/src/alsa-lib-1.2.16.1/src/conf/ctl'
make[4]: Nothing to be done for 'all'.
make[4]: Leaving directory '/home/builder/build/src/alsa-lib-1.2.16.1/src/conf/ctl'
Making all in pcm
make[4]: Entering directory '/home/builder/build/src/alsa-lib-1.2.16.1/src/conf/pcm'
make[4]: Nothing to be done for 'all'.
make[4]: Leaving directory '/home/builder/build/src/alsa-lib-1.2.16.1/src/conf/pcm'
make[4]: Entering directory '/home/builder/build/src/alsa-lib-1.2.16.1/src/conf'
make[4]: Nothing to be done for 'all-am'.
make[4]: Leaving directory '/home/builder/build/src/alsa-lib-1.2.16.1/src/conf'
make[3]: Leaving directory '/home/builder/build/src/alsa-lib-1.2.16.1/src/conf'
make[3]: Entering directory '/home/builder/build/src/alsa-lib-1.2.16.1/src'
  CC       conf.lo
  CC       confeval.lo
  CC       confmisc.lo
  CC       async.lo
  CC       input.lo
  CC       dlmisc.lo
  CC       error.lo
  CC       output.lo
  CC       socket.lo
  CC       shmarea.lo
  CC       userfile.lo
  CC       names.lo
  CCLD     libasound.la
make[3]: Leaving directory '/home/builder/build/src/alsa-lib-1.2.16.1/src'
make[2]: Leaving directory '/home/builder/build/src/alsa-lib-1.2.16.1/src'
make[1]: Leaving directory '/home/builder/build/src/alsa-lib-1.2.16.1/src'
Making all in src/topology
make[1]: Entering directory '/home/builder/build/src/alsa-lib-1.2.16.1/src/topology'
  CC       parser.lo
  CC       pcm.lo
  CC       builder.lo
  CC       ctl.lo
  CC       data.lo
  CC       text.lo
  CC       dapm.lo
  CC       channel.lo
  CC       ops.lo
  CC       elem.lo
  CC       decoder.lo
  CC       save.lo
  CC       log.lo
  CCLD     libatopology.la
make[1]: Leaving directory '/home/builder/build/src/alsa-lib-1.2.16.1/src/topology'
Making all in modules
make[1]: Entering directory '/home/builder/build/src/alsa-lib-1.2.16.1/modules'
Making all in mixer
make[2]: Entering directory '/home/builder/build/src/alsa-lib-1.2.16.1/modules/mixer'
Making all in simple
make[3]: Entering directory '/home/builder/build/src/alsa-lib-1.2.16.1/modules/mixer/simple'
make[3]: Nothing to be done for 'all'.
make[3]: Leaving directory '/home/builder/build/src/alsa-lib-1.2.16.1/modules/mixer/simple'
make[3]: Entering directory '/home/builder/build/src/alsa-lib-1.2.16.1/modules/mixer'
make[3]: Nothing to be done for 'all-am'.
make[3]: Leaving directory '/home/builder/build/src/alsa-lib-1.2.16.1/modules/mixer'
make[2]: Leaving directory '/home/builder/build/src/alsa-lib-1.2.16.1/modules/mixer'
make[2]: Entering directory '/home/builder/build/src/alsa-lib-1.2.16.1/modules'
make[2]: Nothing to be done for 'all-am'.
make[2]: Leaving directory '/home/builder/build/src/alsa-lib-1.2.16.1/modules'
make[1]: Leaving directory '/home/builder/build/src/alsa-lib-1.2.16.1/modules'
Making all in aserver
make[1]: Entering directory '/home/builder/build/src/alsa-lib-1.2.16.1/aserver'
  CC       aserver.o
aserver.c:471:7: warning: overflow converting case value to switch condition type (2149073202 to 18446744071563657522) [-Wswitch]
  471 |         case SNDRV_PCM_IOCTL_CHANNEL_INFO:
      |              ^
../include/alsa/sound/uapi/asound.h:683:38: note: expanded from macro 'SNDRV_PCM_IOCTL_CHANNEL_INFO'
  683 | #define SNDRV_PCM_IOCTL_CHANNEL_INFO    _IOR('A', 0x32, struct snd_pcm_channel_info)
      |                                         ^
/usr/include/asm-generic/ioctl.h:84:32: note: expanded from macro '_IOR'
   84 | #define _IOR(type,nr,argtype)           _IOC(_IOC_READ,(type),(nr),(_IOC_TYPECHECK(argtype)))
      |                                         ^
/usr/include/asm-generic/ioctl.h:70:2: note: expanded from macro '_IOC'
   70 |         (((dir)  << _IOC_DIRSHIFT) | \
      |         ^
aserver.c:447:7: warning: overflow converting case value to switch condition type (2148024609 to 18446744071562608929) [-Wswitch]
  447 |         case SNDRV_PCM_IOCTL_DELAY:
      |              ^
../include/alsa/sound/uapi/asound.h:677:32: note: expanded from macro 'SNDRV_PCM_IOCTL_DELAY'
  677 | #define SNDRV_PCM_IOCTL_DELAY           _IOR('A', 0x21, snd_pcm_sframes_t)
      |                                         ^
/usr/include/asm-generic/ioctl.h:84:32: note: expanded from macro '_IOR'
   84 | #define _IOR(type,nr,argtype)           _IOC(_IOC_READ,(type),(nr),(_IOC_TYPECHECK(argtype)))
      |                                         ^
/usr/include/asm-generic/ioctl.h:70:2: note: expanded from macro '_IOC'
   70 |         (((dir)  << _IOC_DIRSHIFT) | \
      |         ^
aserver.c:438:7: warning: overflow converting case value to switch condition type (2157461792 to 18446744071572046112) [-Wswitch]
  438 |         case SNDRV_PCM_IOCTL_STATUS:
      |              ^
../include/alsa/sound/uapi/asound.h:676:33: note: expanded from macro 'SNDRV_PCM_IOCTL_STATUS'
  676 | #define SNDRV_PCM_IOCTL_STATUS          _IOR('A', 0x20, struct snd_pcm_status)
      |                                         ^
/usr/include/asm-generic/ioctl.h:84:32: note: expanded from macro '_IOR'
   84 | #define _IOR(type,nr,argtype)           _IOC(_IOC_READ,(type),(nr),(_IOC_TYPECHECK(argtype)))
      |                                         ^
/usr/include/asm-generic/ioctl.h:70:2: note: expanded from macro '_IOC'
   70 |         (((dir)  << _IOC_DIRSHIFT) | \
      |         ^
aserver.c:435:7: warning: overflow converting case value to switch condition type (3230155027 to 18446744072644739347) [-Wswitch]
  435 |         case SNDRV_PCM_IOCTL_SW_PARAMS:
      |              ^
../include/alsa/sound/uapi/asound.h:675:35: note: expanded from macro 'SNDRV_PCM_IOCTL_SW_PARAMS'
  675 | #define SNDRV_PCM_IOCTL_SW_PARAMS       _IOWR('A', 0x13, struct snd_pcm_sw_params)
      |                                         ^
/usr/include/asm-generic/ioctl.h:86:33: note: expanded from macro '_IOWR'
   86 | #define _IOWR(type,nr,argtype)          _IOC(_IOC_READ|_IOC_WRITE,(type),(nr),(_IOC_TYPECHECK(argtype)))
      |                                         ^
/usr/include/asm-generic/ioctl.h:70:2: note: expanded from macro '_IOC'
   70 |         (((dir)  << _IOC_DIRSHIFT) | \
      |         ^
aserver.c:429:7: warning: overflow converting case value to switch condition type (3261088017 to 18446744072675672337) [-Wswitch]
  429 |         case SNDRV_PCM_IOCTL_HW_PARAMS:
      |              ^
../include/alsa/sound/uapi/asound.h:673:35: note: expanded from macro 'SNDRV_PCM_IOCTL_HW_PARAMS'
  673 | #define SNDRV_PCM_IOCTL_HW_PARAMS       _IOWR('A', 0x11, struct snd_pcm_hw_params)
      |                                         ^
/usr/include/asm-generic/ioctl.h:86:33: note: expanded from macro '_IOWR'
   86 | #define _IOWR(type,nr,argtype)          _IOC(_IOC_READ|_IOC_WRITE,(type),(nr),(_IOC_TYPECHECK(argtype)))
      |                                         ^
/usr/include/asm-generic/ioctl.h:70:2: note: expanded from macro '_IOC'
   70 |         (((dir)  << _IOC_DIRSHIFT) | \
      |         ^
aserver.c:426:7: warning: overflow converting case value to switch condition type (3261088016 to 18446744072675672336) [-Wswitch]
  426 |         case SNDRV_PCM_IOCTL_HW_REFINE:
      |              ^
../include/alsa/sound/uapi/asound.h:672:35: note: expanded from macro 'SNDRV_PCM_IOCTL_HW_REFINE'
  672 | #define SNDRV_PCM_IOCTL_HW_REFINE       _IOWR('A', 0x10, struct snd_pcm_hw_params)
      |                                         ^
/usr/include/asm-generic/ioctl.h:86:33: note: expanded from macro '_IOWR'
   86 | #define _IOWR(type,nr,argtype)          _IOC(_IOC_READ|_IOC_WRITE,(type),(nr),(_IOC_TYPECHECK(argtype)))
      |                                         ^
/usr/include/asm-generic/ioctl.h:70:2: note: expanded from macro '_IOC'
   70 |         (((dir)  << _IOC_DIRSHIFT) | \
      |         ^
aserver.c:423:7: warning: overflow converting case value to switch condition type (2166374657 to 18446744071580958977) [-Wswitch]
  423 |         case SNDRV_PCM_IOCTL_INFO:
      |              ^
../include/alsa/sound/uapi/asound.h:668:31: note: expanded from macro 'SNDRV_PCM_IOCTL_INFO'
  668 | #define SNDRV_PCM_IOCTL_INFO            _IOR('A', 0x01, struct snd_pcm_info)
      |                                         ^
/usr/include/asm-generic/ioctl.h:84:32: note: expanded from macro '_IOR'
   84 | #define _IOR(type,nr,argtype)           _IOC(_IOC_READ,(type),(nr),(_IOC_TYPECHECK(argtype)))
      |                                         ^
/usr/include/asm-generic/ioctl.h:70:2: note: expanded from macro '_IOC'
   70 |         (((dir)  << _IOC_DIRSHIFT) | \
      |         ^
aserver.c:706:7: warning: overflow converting case value to switch condition type (2152224241 to 18446744071566808561) [-Wswitch]
  706 |         case SND_CTL_IOCTL_READ:
      |              ^
../include/aserver.h:110:29: note: expanded from macro 'SND_CTL_IOCTL_READ'
  110 | #define SND_CTL_IOCTL_READ              _IOR('U', 0xf1, snd_ctl_event_t)
      |                                         ^
/usr/include/asm-generic/ioctl.h:84:32: note: expanded from macro '_IOR'
   84 | #define _IOR(type,nr,argtype)           _IOC(_IOC_READ,(type),(nr),(_IOC_TYPECHECK(argtype)))
      |                                         ^
/usr/include/asm-generic/ioctl.h:70:2: note: expanded from macro '_IOC'
   70 |         (((dir)  << _IOC_DIRSHIFT) | \
      |         ^
aserver.c:703:7: warning: overflow converting case value to switch condition type (2147767761 to 18446744071562352081) [-Wswitch]
  703 |         case SNDRV_CTL_IOCTL_POWER_STATE:
      |              ^
../include/alsa/sound/uapi/asound.h:1212:37: note: expanded from macro 'SNDRV_CTL_IOCTL_POWER_STATE'
 1212 | #define SNDRV_CTL_IOCTL_POWER_STATE     _IOR('U', 0xd1, int)
      |                                         ^
/usr/include/asm-generic/ioctl.h:84:32: note: expanded from macro '_IOR'
   84 | #define _IOR(type,nr,argtype)           _IOC(_IOC_READ,(type),(nr),(_IOC_TYPECHECK(argtype)))
      |                                         ^
/usr/include/asm-generic/ioctl.h:70:2: note: expanded from macro '_IOC'
   70 |         (((dir)  << _IOC_DIRSHIFT) | \
      |         ^
aserver.c:700:7: warning: overflow converting case value to switch condition type (3221509584 to 18446744072636093904) [-Wswitch]
  700 |         case SNDRV_CTL_IOCTL_POWER:
      |              ^
../include/alsa/sound/uapi/asound.h:1211:32: note: expanded from macro 'SNDRV_CTL_IOCTL_POWER'
 1211 | #define SNDRV_CTL_IOCTL_POWER           _IOWR('U', 0xd0, int)
      |                                         ^
/usr/include/asm-generic/ioctl.h:86:33: note: expanded from macro '_IOWR'
   86 | #define _IOWR(type,nr,argtype)          _IOC(_IOC_READ|_IOC_WRITE,(type),(nr),(_IOC_TYPECHECK(argtype)))
      |                                         ^
/usr/include/asm-generic/ioctl.h:70:2: note: expanded from macro '_IOC'
   70 |         (((dir)  << _IOC_DIRSHIFT) | \
      |         ^
aserver.c:694:7: warning: overflow converting case value to switch condition type (3238810945 to 18446744072653395265) [-Wswitch]
  694 |         case SNDRV_CTL_IOCTL_RAWMIDI_INFO:
      |              ^
../include/alsa/sound/uapi/asound.h:1206:38: note: expanded from macro 'SNDRV_CTL_IOCTL_RAWMIDI_INFO'
 1206 | #define SNDRV_CTL_IOCTL_RAWMIDI_INFO    _IOWR('U', 0x41, struct snd_rawmidi_info)
      |                                         ^
/usr/include/asm-generic/ioctl.h:86:33: note: expanded from macro '_IOWR'
   86 | #define _IOWR(type,nr,argtype)          _IOC(_IOC_READ|_IOC_WRITE,(type),(nr),(_IOC_TYPECHECK(argtype)))
      |                                         ^
/usr/include/asm-generic/ioctl.h:70:2: note: expanded from macro '_IOC'
   70 |         (((dir)  << _IOC_DIRSHIFT) | \
      |         ^
aserver.c:691:7: warning: overflow converting case value to switch condition type (3221509440 to 18446744072636093760) [-Wswitch]
  691 |         case SNDRV_CTL_IOCTL_RAWMIDI_NEXT_DEVICE:
      |              ^
../include/alsa/sound/uapi/asound.h:1205:45: note: expanded from macro 'SNDRV_CTL_IOCTL_RAWMIDI_NEXT_DEVICE'
 1205 | #define SNDRV_CTL_IOCTL_RAWMIDI_NEXT_DEVICE _IOWR('U', 0x40, int)
      |                                             ^
/usr/include/asm-generic/ioctl.h:86:33: note: expanded from macro '_IOWR'
   86 | #define _IOWR(type,nr,argtype)          _IOC(_IOC_READ|_IOC_WRITE,(type),(nr),(_IOC_TYPECHECK(argtype)))
      |                                         ^
/usr/include/asm-generic/ioctl.h:70:2: note: expanded from macro '_IOC'
   70 |         (((dir)  << _IOC_DIRSHIFT) | \
      |         ^
aserver.c:685:7: warning: overflow converting case value to switch condition type (3240121649 to 18446744072654705969) [-Wswitch]
  685 |         case SNDRV_CTL_IOCTL_PCM_INFO:
      |              ^
../include/alsa/sound/uapi/asound.h:1203:34: note: expanded from macro 'SNDRV_CTL_IOCTL_PCM_INFO'
 1203 | #define SNDRV_CTL_IOCTL_PCM_INFO        _IOWR('U', 0x31, struct snd_pcm_info)
      |                                         ^
/usr/include/asm-generic/ioctl.h:86:33: note: expanded from macro '_IOWR'
   86 | #define _IOWR(type,nr,argtype)          _IOC(_IOC_READ|_IOC_WRITE,(type),(nr),(_IOC_TYPECHECK(argtype)))
      |                                         ^
/usr/include/asm-generic/ioctl.h:70:2: note: expanded from macro '_IOC'
   70 |         (((dir)  << _IOC_DIRSHIFT) | \
      |         ^
aserver.c:682:7: warning: overflow converting case value to switch condition type (2147767600 to 18446744071562351920) [-Wswitch]
  682 |         case SNDRV_CTL_IOCTL_PCM_NEXT_DEVICE:
      |              ^
../include/alsa/sound/uapi/asound.h:1202:41: note: expanded from macro 'SNDRV_CTL_IOCTL_PCM_NEXT_DEVICE'
 1202 | #define SNDRV_CTL_IOCTL_PCM_NEXT_DEVICE _IOR('U', 0x30, int)
      |                                         ^
/usr/include/asm-generic/ioctl.h:84:32: note: expanded from macro '_IOR'
   84 | #define _IOR(type,nr,argtype)           _IOC(_IOC_READ,(type),(nr),(_IOC_TYPECHECK(argtype)))
      |                                         ^
/usr/include/asm-generic/ioctl.h:70:2: note: expanded from macro '_IOC'
   70 |         (((dir)  << _IOC_DIRSHIFT) | \
      |         ^
aserver.c:679:7: warning: overflow converting case value to switch condition type (2161923361 to 18446744071576507681) [-Wswitch]
  679 |         case SNDRV_CTL_IOCTL_HWDEP_INFO:
      |              ^
../include/alsa/sound/uapi/asound.h:1201:36: note: expanded from macro 'SNDRV_CTL_IOCTL_HWDEP_INFO'
 1201 | #define SNDRV_CTL_IOCTL_HWDEP_INFO      _IOR('U', 0x21, struct snd_hwdep_info)
      |                                         ^
/usr/include/asm-generic/ioctl.h:84:32: note: expanded from macro '_IOR'
   84 | #define _IOR(type,nr,argtype)           _IOC(_IOC_READ,(type),(nr),(_IOC_TYPECHECK(argtype)))
      |                                         ^
/usr/include/asm-generic/ioctl.h:70:2: note: expanded from macro '_IOC'
   70 |         (((dir)  << _IOC_DIRSHIFT) | \
      |         ^
aserver.c:676:7: warning: overflow converting case value to switch condition type (3221509408 to 18446744072636093728) [-Wswitch]
  676 |         case SNDRV_CTL_IOCTL_HWDEP_NEXT_DEVICE:
      |              ^
../include/alsa/sound/uapi/asound.h:1200:43: note: expanded from macro 'SNDRV_CTL_IOCTL_HWDEP_NEXT_DEVICE'
 1200 | #define SNDRV_CTL_IOCTL_HWDEP_NEXT_DEVICE _IOWR('U', 0x20, int)
      |                                           ^
/usr/include/asm-generic/ioctl.h:86:33: note: expanded from macro '_IOWR'
   86 | #define _IOWR(type,nr,argtype)          _IOC(_IOC_READ|_IOC_WRITE,(type),(nr),(_IOC_TYPECHECK(argtype)))
      |                                         ^
/usr/include/asm-generic/ioctl.h:70:2: note: expanded from macro '_IOC'
   70 |         (((dir)  << _IOC_DIRSHIFT) | \
      |         ^
aserver.c:667:7: warning: overflow converting case value to switch condition type (3301463315 to 18446744072716047635) [-Wswitch]
  667 |         case SNDRV_CTL_IOCTL_ELEM_WRITE:
      |              ^
../include/alsa/sound/uapi/asound.h:1190:36: note: expanded from macro 'SNDRV_CTL_IOCTL_ELEM_WRITE'
 1190 | #define SNDRV_CTL_IOCTL_ELEM_WRITE      _IOWR('U', 0x13, struct snd_ctl_elem_value)
      |                                         ^
/usr/include/asm-generic/ioctl.h:86:33: note: expanded from macro '_IOWR'
   86 | #define _IOWR(type,nr,argtype)          _IOC(_IOC_READ|_IOC_WRITE,(type),(nr),(_IOC_TYPECHECK(argtype)))
      |                                         ^
/usr/include/asm-generic/ioctl.h:70:2: note: expanded from macro '_IOC'
   70 |         (((dir)  << _IOC_DIRSHIFT) | \
      |         ^
aserver.c:664:7: warning: overflow converting case value to switch condition type (3301463314 to 18446744072716047634) [-Wswitch]
  664 |         case SNDRV_CTL_IOCTL_ELEM_READ:
      |              ^
../include/alsa/sound/uapi/asound.h:1189:35: note: expanded from macro 'SNDRV_CTL_IOCTL_ELEM_READ'
 1189 | #define SNDRV_CTL_IOCTL_ELEM_READ       _IOWR('U', 0x12, struct snd_ctl_elem_value)
      |                                         ^
/usr/include/asm-generic/ioctl.h:86:33: note: expanded from macro '_IOWR'
   86 | #define _IOWR(type,nr,argtype)          _IOC(_IOC_READ|_IOC_WRITE,(type),(nr),(_IOC_TYPECHECK(argtype)))
      |                                         ^
/usr/include/asm-generic/ioctl.h:70:2: note: expanded from macro '_IOC'
   70 |         (((dir)  << _IOC_DIRSHIFT) | \
      |         ^
aserver.c:661:7: warning: overflow converting case value to switch condition type (3239073041 to 18446744072653657361) [-Wswitch]
  661 |         case SNDRV_CTL_IOCTL_ELEM_INFO:
      |              ^
../include/alsa/sound/uapi/asound.h:1188:35: note: expanded from macro 'SNDRV_CTL_IOCTL_ELEM_INFO'
 1188 | #define SNDRV_CTL_IOCTL_ELEM_INFO       _IOWR('U', 0x11, struct snd_ctl_elem_info)
      |                                         ^
/usr/include/asm-generic/ioctl.h:86:33: note: expanded from macro '_IOWR'
   86 | #define _IOWR(type,nr,argtype)          _IOC(_IOC_READ|_IOC_WRITE,(type),(nr),(_IOC_TYPECHECK(argtype)))
      |                                         ^
/usr/include/asm-generic/ioctl.h:70:2: note: expanded from macro '_IOC'
   70 |         (((dir)  << _IOC_DIRSHIFT) | \
      |         ^
aserver.c:650:7: warning: overflow converting case value to switch condition type (3226490128 to 18446744072641074448) [-Wswitch]
  650 |         case SNDRV_CTL_IOCTL_ELEM_LIST:
      |              ^
../include/alsa/sound/uapi/asound.h:1187:35: note: expanded from macro 'SNDRV_CTL_IOCTL_ELEM_LIST'
 1187 | #define SNDRV_CTL_IOCTL_ELEM_LIST       _IOWR('U', 0x10, struct snd_ctl_elem_list)
      |                                         ^
/usr/include/asm-generic/ioctl.h:86:33: note: expanded from macro '_IOWR'
   86 | #define _IOWR(type,nr,argtype)          _IOC(_IOC_READ|_IOC_WRITE,(type),(nr),(_IOC_TYPECHECK(argtype)))
      |                                         ^
/usr/include/asm-generic/ioctl.h:70:2: note: expanded from macro '_IOC'
   70 |         (((dir)  << _IOC_DIRSHIFT) | \
      |         ^
aserver.c:647:7: warning: overflow converting case value to switch condition type (2172146945 to 18446744071586731265) [-Wswitch]
  647 |         case SNDRV_CTL_IOCTL_CARD_INFO:
      |              ^
../include/alsa/sound/uapi/asound.h:1186:35: note: expanded from macro 'SNDRV_CTL_IOCTL_CARD_INFO'
 1186 | #define SNDRV_CTL_IOCTL_CARD_INFO       _IOR('U', 0x01, struct snd_ctl_card_info)
      |                                         ^
/usr/include/asm-generic/ioctl.h:84:32: note: expanded from macro '_IOR'
   84 | #define _IOR(type,nr,argtype)           _IOC(_IOC_READ,(type),(nr),(_IOC_TYPECHECK(argtype)))
      |                                         ^
/usr/include/asm-generic/ioctl.h:70:2: note: expanded from macro '_IOC'
   70 |         (((dir)  << _IOC_DIRSHIFT) | \
      |         ^
aserver.c:644:7: warning: overflow converting case value to switch condition type (3221509398 to 18446744072636093718) [-Wswitch]
  644 |         case SNDRV_CTL_IOCTL_SUBSCRIBE_EVENTS:
      |              ^
../include/alsa/sound/uapi/asound.h:1193:42: note: expanded from macro 'SNDRV_CTL_IOCTL_SUBSCRIBE_EVENTS'
 1193 | #define SNDRV_CTL_IOCTL_SUBSCRIBE_EVENTS _IOWR('U', 0x16, int)
      |                                          ^
/usr/include/asm-generic/ioctl.h:86:33: note: expanded from macro '_IOWR'
   86 | #define _IOWR(type,nr,argtype)          _IOC(_IOC_READ|_IOC_WRITE,(type),(nr),(_IOC_TYPECHECK(argtype)))
      |                                         ^
/usr/include/asm-generic/ioctl.h:70:2: note: expanded from macro '_IOC'
   70 |         (((dir)  << _IOC_DIRSHIFT) | \
      |         ^
22 warnings generated.
  CCLD     aserver
make[1]: Leaving directory '/home/builder/build/src/alsa-lib-1.2.16.1/aserver'
Making all in test
make[1]: Entering directory '/home/builder/build/src/alsa-lib-1.2.16.1/test'
Making all in .
make[2]: Entering directory '/home/builder/build/src/alsa-lib-1.2.16.1/test'
make[2]: Nothing to be done for 'all-am'.
make[2]: Leaving directory '/home/builder/build/src/alsa-lib-1.2.16.1/test'
Making all in lsb
make[2]: Entering directory '/home/builder/build/src/alsa-lib-1.2.16.1/test/lsb'
make[2]: Nothing to be done for 'all'.
make[2]: Leaving directory '/home/builder/build/src/alsa-lib-1.2.16.1/test/lsb'
make[1]: Leaving directory '/home/builder/build/src/alsa-lib-1.2.16.1/test'
Making all in utils
make[1]: Entering directory '/home/builder/build/src/alsa-lib-1.2.16.1/utils'
make[1]: Nothing to be done for 'all'.
make[1]: Leaving directory '/home/builder/build/src/alsa-lib-1.2.16.1/utils'
make[1]: Entering directory '/home/builder/build/src/alsa-lib-1.2.16.1'
make[1]: Nothing to be done for 'all-am'.
make[1]: Leaving directory '/home/builder/build/src/alsa-lib-1.2.16.1'
==> Entering fakeroot environment...
==> Starting package()...
make: Entering directory '/home/builder/build/src/alsa-lib-1.2.16.1'
Making install in doc
make[1]: Entering directory '/home/builder/build/src/alsa-lib-1.2.16.1/doc'
Making install in pictures
make[2]: Entering directory '/home/builder/build/src/alsa-lib-1.2.16.1/doc/pictures'
make[3]: Entering directory '/home/builder/build/src/alsa-lib-1.2.16.1/doc/pictures'
make[3]: Nothing to be done for 'install-exec-am'.
make[3]: Nothing to be done for 'install-data-am'.
make[3]: Leaving directory '/home/builder/build/src/alsa-lib-1.2.16.1/doc/pictures'
make[2]: Leaving directory '/home/builder/build/src/alsa-lib-1.2.16.1/doc/pictures'
make[2]: Entering directory '/home/builder/build/src/alsa-lib-1.2.16.1/doc'
make[3]: Entering directory '/home/builder/build/src/alsa-lib-1.2.16.1/doc'
make[3]: Nothing to be done for 'install-exec-am'.
make[3]: Nothing to be done for 'install-data-am'.
make[3]: Leaving directory '/home/builder/build/src/alsa-lib-1.2.16.1/doc'
make[2]: Leaving directory '/home/builder/build/src/alsa-lib-1.2.16.1/doc'
make[1]: Leaving directory '/home/builder/build/src/alsa-lib-1.2.16.1/doc'
Making install in include
make[1]: Entering directory '/home/builder/build/src/alsa-lib-1.2.16.1/include'
Making install in sound
make[2]: Entering directory '/home/builder/build/src/alsa-lib-1.2.16.1/include/sound'
Making install in uapi
make[3]: Entering directory '/home/builder/build/src/alsa-lib-1.2.16.1/include/sound/uapi'
make[4]: Entering directory '/home/builder/build/src/alsa-lib-1.2.16.1/include/sound/uapi'
make[4]: Nothing to be done for 'install-exec-am'.
 /usr/sbin/mkdir -p '/home/builder/build/pkg/alsa-lib/usr/include/alsa/sound/uapi'
 /usr/bin/install -c -m 644 asound_fm.h hdsp.h hdspm.h sb16_csp.h sscape_ioctl.h emu10k1.h asoc.h tlv.h '/home/builder/build/pkg/alsa-lib/usr/include/alsa/sound/uapi'
make[4]: Leaving directory '/home/builder/build/src/alsa-lib-1.2.16.1/include/sound/uapi'
make[3]: Leaving directory '/home/builder/build/src/alsa-lib-1.2.16.1/include/sound/uapi'
make[3]: Entering directory '/home/builder/build/src/alsa-lib-1.2.16.1/include/sound'
make[4]: Entering directory '/home/builder/build/src/alsa-lib-1.2.16.1/include/sound'
make[4]: Nothing to be done for 'install-exec-am'.
 /usr/sbin/mkdir -p '/home/builder/build/pkg/alsa-lib/usr/include/alsa/sound'
 /usr/bin/install -c -m 644 asound_fm.h hdsp.h hdspm.h sb16_csp.h sscape_ioctl.h emu10k1.h asoc.h tlv.h type_compat.h '/home/builder/build/pkg/alsa-lib/usr/include/alsa/sound'
make[4]: Leaving directory '/home/builder/build/src/alsa-lib-1.2.16.1/include/sound'
make[3]: Leaving directory '/home/builder/build/src/alsa-lib-1.2.16.1/include/sound'
make[2]: Leaving directory '/home/builder/build/src/alsa-lib-1.2.16.1/include/sound'
make[2]: Entering directory '/home/builder/build/src/alsa-lib-1.2.16.1/include'
if ! test -r alsa/local.h; then \
	ln -s ../include alsa; \
fi
for f in asoundlib.h version.h; do \
	if ! test -r ../include/$f; then \
		ln -s /home/builder/build/src/alsa-lib-1.2.16.1/include/$f ../include/$f; \
	fi; \
done
make[3]: Entering directory '/home/builder/build/src/alsa-lib-1.2.16.1/include'
make[3]: Nothing to be done for 'install-exec-am'.
if ! test -r alsa/local.h; then \
	ln -s ../include alsa; \
fi
for f in asoundlib.h version.h; do \
	if ! test -r ../include/$f; then \
		ln -s /home/builder/build/src/alsa-lib-1.2.16.1/include/$f ../include/$f; \
	fi; \
done
 /usr/sbin/mkdir -p '/home/builder/build/pkg/alsa-lib/usr/include/alsa'
 /usr/bin/install -c -m 644 asoundlib.h asoundef.h version.h global.h input.h output.h error.h conf.h control.h control_plugin.h control_external.h pcm.h pcm_old.h timer.h pcm_plugin.h pcm_rate.h pcm_external.h pcm_extplug.h pcm_ioplug.h rawmidi.h ump.h ump_msg.h hwdep.h mixer.h mixer_abst.h seq_event.h seq.h seqmid.h seq_midi_event.h use-case.h topology.h '/home/builder/build/pkg/alsa-lib/usr/include/alsa'
make  install-data-hook
make[4]: Entering directory '/home/builder/build/src/alsa-lib-1.2.16.1/include'
test -d /home/builder/build/pkg/alsa-lib/usr/include/sys || mkdir -p /home/builder/build/pkg/alsa-lib/usr/include/sys
/usr/bin/install -c -m 644 ./sys.h /home/builder/build/pkg/alsa-lib/usr/include/sys/asoundlib.h
/usr/bin/install -c -m 644 ./sys.h /home/builder/build/pkg/alsa-lib/usr/include/asoundlib.h
make[4]: Leaving directory '/home/builder/build/src/alsa-lib-1.2.16.1/include'
make[3]: Leaving directory '/home/builder/build/src/alsa-lib-1.2.16.1/include'
make[2]: Leaving directory '/home/builder/build/src/alsa-lib-1.2.16.1/include'
make[1]: Leaving directory '/home/builder/build/src/alsa-lib-1.2.16.1/include'
Making install in src
make[1]: Entering directory '/home/builder/build/src/alsa-lib-1.2.16.1/src'
make  install-recursive
make[2]: Entering directory '/home/builder/build/src/alsa-lib-1.2.16.1/src'
Making install in control
make[3]: Entering directory '/home/builder/build/src/alsa-lib-1.2.16.1/src/control'
make[4]: Entering directory '/home/builder/build/src/alsa-lib-1.2.16.1/src/control'
make[4]: Nothing to be done for 'install-exec-am'.
make[4]: Nothing to be done for 'install-data-am'.
make[4]: Leaving directory '/home/builder/build/src/alsa-lib-1.2.16.1/src/control'
make[3]: Leaving directory '/home/builder/build/src/alsa-lib-1.2.16.1/src/control'
Making install in mixer
make[3]: Entering directory '/home/builder/build/src/alsa-lib-1.2.16.1/src/mixer'
make[4]: Entering directory '/home/builder/build/src/alsa-lib-1.2.16.1/src/mixer'
make[4]: Nothing to be done for 'install-exec-am'.
make[4]: Nothing to be done for 'install-data-am'.
make[4]: Leaving directory '/home/builder/build/src/alsa-lib-1.2.16.1/src/mixer'
make[3]: Leaving directory '/home/builder/build/src/alsa-lib-1.2.16.1/src/mixer'
Making install in pcm
make[3]: Entering directory '/home/builder/build/src/alsa-lib-1.2.16.1/src/pcm'
make[4]: Entering directory '/home/builder/build/src/alsa-lib-1.2.16.1/src/pcm'
make[5]: Entering directory '/home/builder/build/src/alsa-lib-1.2.16.1/src/pcm'
make[5]: Nothing to be done for 'install-exec-am'.
make[5]: Nothing to be done for 'install-data-am'.
make[5]: Leaving directory '/home/builder/build/src/alsa-lib-1.2.16.1/src/pcm'
make[4]: Leaving directory '/home/builder/build/src/alsa-lib-1.2.16.1/src/pcm'
make[3]: Leaving directory '/home/builder/build/src/alsa-lib-1.2.16.1/src/pcm'
Making install in timer
make[3]: Entering directory '/home/builder/build/src/alsa-lib-1.2.16.1/src/timer'
make[4]: Entering directory '/home/builder/build/src/alsa-lib-1.2.16.1/src/timer'
make[4]: Nothing to be done for 'install-exec-am'.
make[4]: Nothing to be done for 'install-data-am'.
make[4]: Leaving directory '/home/builder/build/src/alsa-lib-1.2.16.1/src/timer'
make[3]: Leaving directory '/home/builder/build/src/alsa-lib-1.2.16.1/src/timer'
Making install in rawmidi
make[3]: Entering directory '/home/builder/build/src/alsa-lib-1.2.16.1/src/rawmidi'
make[4]: Entering directory '/home/builder/build/src/alsa-lib-1.2.16.1/src/rawmidi'
make[4]: Nothing to be done for 'install-exec-am'.
make[4]: Nothing to be done for 'install-data-am'.
make[4]: Leaving directory '/home/builder/build/src/alsa-lib-1.2.16.1/src/rawmidi'
make[3]: Leaving directory '/home/builder/build/src/alsa-lib-1.2.16.1/src/rawmidi'
Making install in hwdep
make[3]: Entering directory '/home/builder/build/src/alsa-lib-1.2.16.1/src/hwdep'
make[4]: Entering directory '/home/builder/build/src/alsa-lib-1.2.16.1/src/hwdep'
make[4]: Nothing to be done for 'install-exec-am'.
make[4]: Nothing to be done for 'install-data-am'.
make[4]: Leaving directory '/home/builder/build/src/alsa-lib-1.2.16.1/src/hwdep'
make[3]: Leaving directory '/home/builder/build/src/alsa-lib-1.2.16.1/src/hwdep'
Making install in seq
make[3]: Entering directory '/home/builder/build/src/alsa-lib-1.2.16.1/src/seq'
make[4]: Entering directory '/home/builder/build/src/alsa-lib-1.2.16.1/src/seq'
make[4]: Nothing to be done for 'install-exec-am'.
make[4]: Nothing to be done for 'install-data-am'.
make[4]: Leaving directory '/home/builder/build/src/alsa-lib-1.2.16.1/src/seq'
make[3]: Leaving directory '/home/builder/build/src/alsa-lib-1.2.16.1/src/seq'
Making install in ucm
make[3]: Entering directory '/home/builder/build/src/alsa-lib-1.2.16.1/src/ucm'
make[4]: Entering directory '/home/builder/build/src/alsa-lib-1.2.16.1/src/ucm'
make[4]: Nothing to be done for 'install-exec-am'.
make[4]: Nothing to be done for 'install-data-am'.
make[4]: Leaving directory '/home/builder/build/src/alsa-lib-1.2.16.1/src/ucm'
make[3]: Leaving directory '/home/builder/build/src/alsa-lib-1.2.16.1/src/ucm'
Making install in conf
make[3]: Entering directory '/home/builder/build/src/alsa-lib-1.2.16.1/src/conf'
Making install in cards
make[4]: Entering directory '/home/builder/build/src/alsa-lib-1.2.16.1/src/conf/cards'
make[5]: Entering directory '/home/builder/build/src/alsa-lib-1.2.16.1/src/conf/cards'
make[5]: Nothing to be done for 'install-exec-am'.
 /usr/sbin/mkdir -p '/home/builder/build/pkg/alsa-lib/usr/share/alsa/cards'
 /usr/bin/install -c -m 644 aliases.conf AACI.conf ATIIXP.conf ATIIXP-SPDMA.conf ATIIXP-MODEM.conf AU8810.conf AU8820.conf AU8830.conf Audigy.conf Audigy2.conf Aureon51.conf Aureon71.conf CA0106.conf CMI8338.conf CMI8338-SWIEC.conf CMI8738-MC6.conf CMI8738-MC8.conf CMI8788.conf CS46xx.conf Echo_Echo3G.conf EMU10K1.conf EMU10K1X.conf ENS1370.conf ENS1371.conf ES1968.conf FM801.conf FWSpeakers.conf FireWave.conf GUS.conf HDA-Intel.conf HdmiLpeAudio.conf ICE1712.conf ICE1724.conf ICH.conf ICH4.conf ICH-MODEM.conf Loopback.conf Maestro3.conf NFORCE.conf PC-Speaker.conf '/home/builder/build/pkg/alsa-lib/usr/share/alsa/cards'
 /usr/bin/install -c -m 644 pistachio-card.conf PMac.conf PMacToonie.conf PS3.conf RME9636.conf RME9652.conf SI7018.conf SB-XFi.conf TRID4DWAVENX.conf USB-Audio.conf YMF744.conf vc4-hdmi.conf VIA686A.conf VIA8233.conf VIA8233A.conf VIA8237.conf VX222.conf VXPocket.conf VXPocket440.conf '/home/builder/build/pkg/alsa-lib/usr/share/alsa/cards'
make[5]: Leaving directory '/home/builder/build/src/alsa-lib-1.2.16.1/src/conf/cards'
make[4]: Leaving directory '/home/builder/build/src/alsa-lib-1.2.16.1/src/conf/cards'
Making install in ctl
make[4]: Entering directory '/home/builder/build/src/alsa-lib-1.2.16.1/src/conf/ctl'
make[5]: Entering directory '/home/builder/build/src/alsa-lib-1.2.16.1/src/conf/ctl'
make[5]: Nothing to be done for 'install-exec-am'.
 /usr/sbin/mkdir -p '/home/builder/build/pkg/alsa-lib/usr/share/alsa/ctl'
 /usr/bin/install -c -m 644 default.conf '/home/builder/build/pkg/alsa-lib/usr/share/alsa/ctl'
make[5]: Leaving directory '/home/builder/build/src/alsa-lib-1.2.16.1/src/conf/ctl'
make[4]: Leaving directory '/home/builder/build/src/alsa-lib-1.2.16.1/src/conf/ctl'
Making install in pcm
make[4]: Entering directory '/home/builder/build/src/alsa-lib-1.2.16.1/src/conf/pcm'
make[5]: Entering directory '/home/builder/build/src/alsa-lib-1.2.16.1/src/conf/pcm'
make[5]: Nothing to be done for 'install-exec-am'.
 /usr/sbin/mkdir -p '/home/builder/build/pkg/alsa-lib/usr/share/alsa/pcm'
 /usr/bin/install -c -m 644 default.conf front.conf rear.conf center_lfe.conf side.conf surround21.conf surround40.conf surround41.conf surround50.conf surround51.conf surround71.conf iec958.conf hdmi.conf modem.conf dmix.conf dsnoop.conf dpl.conf '/home/builder/build/pkg/alsa-lib/usr/share/alsa/pcm'
make[5]: Leaving directory '/home/builder/build/src/alsa-lib-1.2.16.1/src/conf/pcm'
make[4]: Leaving directory '/home/builder/build/src/alsa-lib-1.2.16.1/src/conf/pcm'
make[4]: Entering directory '/home/builder/build/src/alsa-lib-1.2.16.1/src/conf'
make[5]: Entering directory '/home/builder/build/src/alsa-lib-1.2.16.1/src/conf'
make[5]: Nothing to be done for 'install-exec-am'.
 /usr/sbin/mkdir -p '/home/builder/build/pkg/alsa-lib/usr/share/alsa'
 /usr/bin/install -c -m 644 alsa.conf '/home/builder/build/pkg/alsa-lib/usr/share/alsa'
make[5]: Leaving directory '/home/builder/build/src/alsa-lib-1.2.16.1/src/conf'
make[4]: Leaving directory '/home/builder/build/src/alsa-lib-1.2.16.1/src/conf'
make[3]: Leaving directory '/home/builder/build/src/alsa-lib-1.2.16.1/src/conf'
make[3]: Entering directory '/home/builder/build/src/alsa-lib-1.2.16.1/src'
make[4]: Entering directory '/home/builder/build/src/alsa-lib-1.2.16.1/src'
make[4]: Nothing to be done for 'install-data-am'.
 /usr/sbin/mkdir -p '/home/builder/build/pkg/alsa-lib/usr/lib'
 /bin/sh ../libtool   --mode=install /usr/bin/install -c   libasound.la '/home/builder/build/pkg/alsa-lib/usr/lib'
libtool: install: /usr/bin/install -c .libs/libasound.so.2.0.0 /home/builder/build/pkg/alsa-lib/usr/lib/libasound.so.2.0.0
libtool: install: (cd /home/builder/build/pkg/alsa-lib/usr/lib && { ln -s -f libasound.so.2.0.0 libasound.so.2 || { rm -f libasound.so.2 && ln -s libasound.so.2.0.0 libasound.so.2; }; })
libtool: install: (cd /home/builder/build/pkg/alsa-lib/usr/lib && { ln -s -f libasound.so.2.0.0 libasound.so || { rm -f libasound.so && ln -s libasound.so.2.0.0 libasound.so; }; })
libtool: install: /usr/bin/install -c .libs/libasound.lai /home/builder/build/pkg/alsa-lib/usr/lib/libasound.la
libtool: warning: remember to run 'libtool --finish /usr/lib'
make[4]: Leaving directory '/home/builder/build/src/alsa-lib-1.2.16.1/src'
make[3]: Leaving directory '/home/builder/build/src/alsa-lib-1.2.16.1/src'
make[2]: Leaving directory '/home/builder/build/src/alsa-lib-1.2.16.1/src'
make[1]: Leaving directory '/home/builder/build/src/alsa-lib-1.2.16.1/src'
Making install in src/topology
make[1]: Entering directory '/home/builder/build/src/alsa-lib-1.2.16.1/src/topology'
make[2]: Entering directory '/home/builder/build/src/alsa-lib-1.2.16.1/src/topology'
make[2]: Nothing to be done for 'install-data-am'.
 /usr/sbin/mkdir -p '/home/builder/build/pkg/alsa-lib/usr/lib'
 /bin/sh ../../libtool   --mode=install /usr/bin/install -c   libatopology.la '/home/builder/build/pkg/alsa-lib/usr/lib'
libtool: warning: relinking 'libatopology.la'
libtool: install: (cd /home/builder/build/src/alsa-lib-1.2.16.1/src/topology; /bin/sh "/home/builder/build/src/alsa-lib-1.2.16.1/libtool"  --silent --tag CC --mode=relink clang -std=gnu23 -march=x86-64-v3 -O2 -pipe -fno-plt -fexceptions -Wp,-D_FORTIFY_SOURCE=3 -fstack-clash-protection -fcf-protection -version-info 2:0:0 -Wl,--version-script=./Versions -Wl,-z,defs -Wl,-O1 -Wl,--sort-common -Wl,--as-needed -Wl,-z,relro -Wl,-z,now -Wl,--undefined-version -Wl,--hash-style=gnu -Wl,--compress-debug-sections=zstd -o libatopology.la -rpath /usr/lib parser.lo builder.lo ctl.lo dapm.lo pcm.lo data.lo text.lo channel.lo ops.lo elem.lo save.lo decoder.lo log.lo ../libasound.la -inst-prefix-dir /home/builder/build/pkg/alsa-lib)
libtool: install: /usr/bin/install -c .libs/libatopology.so.2.0.0T /home/builder/build/pkg/alsa-lib/usr/lib/libatopology.so.2.0.0
libtool: install: (cd /home/builder/build/pkg/alsa-lib/usr/lib && { ln -s -f libatopology.so.2.0.0 libatopology.so.2 || { rm -f libatopology.so.2 && ln -s libatopology.so.2.0.0 libatopology.so.2; }; })
libtool: install: (cd /home/builder/build/pkg/alsa-lib/usr/lib && { ln -s -f libatopology.so.2.0.0 libatopology.so || { rm -f libatopology.so && ln -s libatopology.so.2.0.0 libatopology.so; }; })
libtool: install: /usr/bin/install -c .libs/libatopology.lai /home/builder/build/pkg/alsa-lib/usr/lib/libatopology.la
libtool: warning: remember to run 'libtool --finish /usr/lib'
make[2]: Leaving directory '/home/builder/build/src/alsa-lib-1.2.16.1/src/topology'
make[1]: Leaving directory '/home/builder/build/src/alsa-lib-1.2.16.1/src/topology'
Making install in modules
make[1]: Entering directory '/home/builder/build/src/alsa-lib-1.2.16.1/modules'
Making install in mixer
make[2]: Entering directory '/home/builder/build/src/alsa-lib-1.2.16.1/modules/mixer'
Making install in simple
make[3]: Entering directory '/home/builder/build/src/alsa-lib-1.2.16.1/modules/mixer/simple'
make[4]: Entering directory '/home/builder/build/src/alsa-lib-1.2.16.1/modules/mixer/simple'
make[4]: Nothing to be done for 'install-data-am'.
make[4]: Leaving directory '/home/builder/build/src/alsa-lib-1.2.16.1/modules/mixer/simple'
make[3]: Leaving directory '/home/builder/build/src/alsa-lib-1.2.16.1/modules/mixer/simple'
make[3]: Entering directory '/home/builder/build/src/alsa-lib-1.2.16.1/modules/mixer'
make[4]: Entering directory '/home/builder/build/src/alsa-lib-1.2.16.1/modules/mixer'
make[4]: Nothing to be done for 'install-exec-am'.
make[4]: Nothing to be done for 'install-data-am'.
make[4]: Leaving directory '/home/builder/build/src/alsa-lib-1.2.16.1/modules/mixer'
make[3]: Leaving directory '/home/builder/build/src/alsa-lib-1.2.16.1/modules/mixer'
make[2]: Leaving directory '/home/builder/build/src/alsa-lib-1.2.16.1/modules/mixer'
make[2]: Entering directory '/home/builder/build/src/alsa-lib-1.2.16.1/modules'
make[3]: Entering directory '/home/builder/build/src/alsa-lib-1.2.16.1/modules'
make[3]: Nothing to be done for 'install-exec-am'.
make[3]: Nothing to be done for 'install-data-am'.
make[3]: Leaving directory '/home/builder/build/src/alsa-lib-1.2.16.1/modules'
make[2]: Leaving directory '/home/builder/build/src/alsa-lib-1.2.16.1/modules'
make[1]: Leaving directory '/home/builder/build/src/alsa-lib-1.2.16.1/modules'
Making install in aserver
make[1]: Entering directory '/home/builder/build/src/alsa-lib-1.2.16.1/aserver'
make[2]: Entering directory '/home/builder/build/src/alsa-lib-1.2.16.1/aserver'
make[2]: Nothing to be done for 'install-data-am'.
 /usr/sbin/mkdir -p '/home/builder/build/pkg/alsa-lib/usr/bin'
  /bin/sh ../libtool   --mode=install /usr/bin/install -c aserver '/home/builder/build/pkg/alsa-lib/usr/bin'
libtool: warning: '../src/libasound.la' has not been installed in '/usr/lib'
libtool: install: /usr/bin/install -c .libs/aserver /home/builder/build/pkg/alsa-lib/usr/bin/aserver
make[2]: Leaving directory '/home/builder/build/src/alsa-lib-1.2.16.1/aserver'
make[1]: Leaving directory '/home/builder/build/src/alsa-lib-1.2.16.1/aserver'
Making install in test
make[1]: Entering directory '/home/builder/build/src/alsa-lib-1.2.16.1/test'
Making install in .
make[2]: Entering directory '/home/builder/build/src/alsa-lib-1.2.16.1/test'
make[3]: Entering directory '/home/builder/build/src/alsa-lib-1.2.16.1/test'
make[3]: Nothing to be done for 'install-exec-am'.
make[3]: Nothing to be done for 'install-data-am'.
make[3]: Leaving directory '/home/builder/build/src/alsa-lib-1.2.16.1/test'
make[2]: Leaving directory '/home/builder/build/src/alsa-lib-1.2.16.1/test'
Making install in lsb
make[2]: Entering directory '/home/builder/build/src/alsa-lib-1.2.16.1/test/lsb'
make[3]: Entering directory '/home/builder/build/src/alsa-lib-1.2.16.1/test/lsb'
make[3]: Nothing to be done for 'install-exec-am'.
make[3]: Nothing to be done for 'install-data-am'.
make[3]: Leaving directory '/home/builder/build/src/alsa-lib-1.2.16.1/test/lsb'
make[2]: Leaving directory '/home/builder/build/src/alsa-lib-1.2.16.1/test/lsb'
make[1]: Leaving directory '/home/builder/build/src/alsa-lib-1.2.16.1/test'
Making install in utils
make[1]: Entering directory '/home/builder/build/src/alsa-lib-1.2.16.1/utils'
make[2]: Entering directory '/home/builder/build/src/alsa-lib-1.2.16.1/utils'
make[2]: Nothing to be done for 'install-exec-am'.
 /usr/sbin/mkdir -p '/home/builder/build/pkg/alsa-lib/usr/lib/pkgconfig'
 /usr/sbin/mkdir -p '/home/builder/build/pkg/alsa-lib/usr/share/aclocal'
 /usr/bin/install -c -m 644 alsa.m4 '/home/builder/build/pkg/alsa-lib/usr/share/aclocal'
 /usr/bin/install -c -m 644 alsa.pc alsa-topology.pc '/home/builder/build/pkg/alsa-lib/usr/lib/pkgconfig'
make[2]: Leaving directory '/home/builder/build/src/alsa-lib-1.2.16.1/utils'
make[1]: Leaving directory '/home/builder/build/src/alsa-lib-1.2.16.1/utils'
make[1]: Entering directory '/home/builder/build/src/alsa-lib-1.2.16.1'
make[2]: Entering directory '/home/builder/build/src/alsa-lib-1.2.16.1'
make[2]: Nothing to be done for 'install-exec-am'.
make[2]: Nothing to be done for 'install-data-am'.
make[2]: Leaving directory '/home/builder/build/src/alsa-lib-1.2.16.1'
make[1]: Leaving directory '/home/builder/build/src/alsa-lib-1.2.16.1'
make: Leaving directory '/home/builder/build/src/alsa-lib-1.2.16.1'
install: creating directory '/home/builder/build/pkg/alsa-lib/usr/share/doc'
install: creating directory '/home/builder/build/pkg/alsa-lib/usr/share/doc/alsa-lib'
'alsa-lib-1.2.16.1/MEMORY-LEAK' -> '/home/builder/build/pkg/alsa-lib/usr/share/doc/alsa-lib/MEMORY-LEAK'
'alsa-lib-1.2.16.1/TODO' -> '/home/builder/build/pkg/alsa-lib/usr/share/doc/alsa-lib/TODO'
'alsa-lib-1.2.16.1/NOTES' -> '/home/builder/build/pkg/alsa-lib/usr/share/doc/alsa-lib/NOTES'
'alsa-lib-1.2.16.1/ChangeLog' -> '/home/builder/build/pkg/alsa-lib/usr/share/doc/alsa-lib/ChangeLog'
'alsa-lib-1.2.16.1/doc/asoundrc.txt' -> '/home/builder/build/pkg/alsa-lib/usr/share/doc/alsa-lib/asoundrc.txt'
==> Tidying install...
  -> Removing libtool files...
  -> Removing static library files...
  -> Purging unwanted files...
  -> Stripping unneeded symbols from binaries and libraries...
==> Checking for packaging issues...
==> Creating package "alsa-lib"...
  -> Generating .PKGINFO file...
warning: Public keyring not found; have you run 'pacman-key --init'?
error: kashira-v3: key "E4DF524F75FE51DD5FB0C7BA1925D86CD662878E" is unknown
error: keyring is not writable
warning: base: unknown key '%INSTALLED_DB%' in local database
warning: base-devel: unknown key '%INSTALLED_DB%' in local database
warning: Public keyring not found; have you run 'pacman-key --init'?
error: kashira-v3: key "E4DF524F75FE51DD5FB0C7BA1925D86CD662878E" is unknown
error: keyring is not writable
warning: base: unknown key '%INSTALLED_DB%' in local database
warning: base-devel: unknown key '%INSTALLED_DB%' in local database
warning: Public keyring not found; have you run 'pacman-key --init'?
error: kashira-v3: key "E4DF524F75FE51DD5FB0C7BA1925D86CD662878E" is unknown
error: keyring is not writable
warning: base: unknown key '%INSTALLED_DB%' in local database
warning: base-devel: unknown key '%INSTALLED_DB%' in local database
warning: Public keyring not found; have you run 'pacman-key --init'?
error: kashira-v3: key "E4DF524F75FE51DD5FB0C7BA1925D86CD662878E" is unknown
error: keyring is not writable
warning: base: unknown key '%INSTALLED_DB%' in local database
warning: base-devel: unknown key '%INSTALLED_DB%' in local database
  -> Generating .BUILDINFO file...
warning: Public keyring not found; have you run 'pacman-key --init'?
error: kashira-v3: key "E4DF524F75FE51DD5FB0C7BA1925D86CD662878E" is unknown
error: keyring is not writable
warning: base: unknown key '%INSTALLED_DB%' in local database
warning: base-devel: unknown key '%INSTALLED_DB%' in local database
  -> Adding install file...
  -> Generating .MTREE file...
  -> Compressing package...
==> Leaving fakeroot environment.
==> Finished making: alsa-lib 1.2.16.1-1 (Sun Sep 20 01:52:23 2026)
