== build catch2 (deps: cmake gcc git python )
resolving dependencies...
warning: python-3.14.7-1 is up to date -- skipping
warning: base: unknown key '%INSTALLED_DB%' in local database
warning: base-devel: unknown key '%INSTALLED_DB%' in local database
looking for conflicting packages...

Packages (7) mpc-1.4.1-1  perl-error-0.17030-1  perl-mailtools-2.22-1  perl-timedate-2.35-1  cmake-4.4.2-1  gcc-16.2.0-6  git-2.55.0-1

Total Download Size:   113.30 MiB
Total Installed Size:  439.21 MiB

:: Proceed with installation? [Y/n] 
:: Retrieving packages...
 gcc-16.2.0-6-x86_64 downloading...
 cmake-4.4.2-1-x86_64 downloading...
 git-2.55.0-1-x86_64 downloading...
 mpc-1.4.1-1-x86_64 downloading...
 perl-mailtools-2.22-1-any downloading...
 perl-timedate-2.35-1-any downloading...
 perl-error-0.17030-1-any downloading...
checking keyring...
checking package integrity...
loading package files...
checking for file conflicts...
:: Processing package changes...
installing cmake...
installing mpc...
installing gcc...
Optional dependencies for gcc
    lib32-gcc-runtime: for generating code for the 32-bit ABI
installing perl-error...
installing perl-timedate...
installing perl-mailtools...
installing git...
Optional dependencies for git
    libsecret: git-credential-libsecret credential helper [installed]
:: Running post-transaction hooks...
(1/2) Arming ConditionNeedsUpdate...
(2/2) Updating the info directory file...
==> Making package: catch2 3.16.0-1 (Sun Sep 20 00:05:39 2026)
==> WARNING: Skipping dependency checks.
==> Retrieving sources...
  -> Cloning catch2 git repo...
Cloning into bare repository '/sources/catch2'...
==> WARNING: Skipping verification of source file PGP signatures.
==> Validating source files with sha512sums...
    catch2 ... Passed
==> Extracting sources...
  -> Creating working copy of catch2 git repo...
Cloning into 'catch2'...
done.
Switched to a new branch 'makepkg'
==> Starting prepare()...
==> Starting build()...
The no-dev option is deprecated.  Use -Wno-author instead.
-- The CXX compiler identification is Clang 23.1.1
-- Detecting CXX compiler ABI info
-- Detecting CXX compiler ABI info - done
-- Check for working CXX compiler: /usr/sbin/clang++ - skipped
-- Detecting CXX compile features
-- Detecting CXX compile features - done
-- Performing Test HAVE_FLAG__ffile_prefix_map__home_builder_build_src_catch2__
-- Performing Test HAVE_FLAG__ffile_prefix_map__home_builder_build_src_catch2__ - Success
-- Found Python3: /usr/sbin/python3.14 (found version "3.14.7") found components: Interpreter
-- Performing Test HAVE_FLAG__Wabsolute_value
-- Performing Test HAVE_FLAG__Wabsolute_value - Success
-- Performing Test HAVE_FLAG__Wall
-- Performing Test HAVE_FLAG__Wall - Success
-- Performing Test HAVE_FLAG__Wcall_to_pure_virtual_from_ctor_dtor
-- Performing Test HAVE_FLAG__Wcall_to_pure_virtual_from_ctor_dtor - Success
-- Performing Test HAVE_FLAG__Wcast_align
-- Performing Test HAVE_FLAG__Wcast_align - Success
-- Performing Test HAVE_FLAG__Wcatch_value
-- Performing Test HAVE_FLAG__Wcatch_value - Failed
-- Performing Test HAVE_FLAG__Wdangling
-- Performing Test HAVE_FLAG__Wdangling - Success
-- Performing Test HAVE_FLAG__Wdeprecated
-- Performing Test HAVE_FLAG__Wdeprecated - Success
-- Performing Test HAVE_FLAG__Wdeprecated_register
-- Performing Test HAVE_FLAG__Wdeprecated_register - Success
-- Performing Test HAVE_FLAG__Wexceptions
-- Performing Test HAVE_FLAG__Wexceptions - Success
-- Performing Test HAVE_FLAG__Wexit_time_destructors
-- Performing Test HAVE_FLAG__Wexit_time_destructors - Success
-- Performing Test HAVE_FLAG__Wextra
-- Performing Test HAVE_FLAG__Wextra - Success
-- Performing Test HAVE_FLAG__Wextra_semi
-- Performing Test HAVE_FLAG__Wextra_semi - Success
-- Performing Test HAVE_FLAG__Wfloat_equal
-- Performing Test HAVE_FLAG__Wfloat_equal - Success
-- Performing Test HAVE_FLAG__Wglobal_constructors
-- Performing Test HAVE_FLAG__Wglobal_constructors - Success
-- Performing Test HAVE_FLAG__Winit_self
-- Performing Test HAVE_FLAG__Winit_self - Success
-- Performing Test HAVE_FLAG__Wmisleading_indentation
-- Performing Test HAVE_FLAG__Wmisleading_indentation - Success
-- Performing Test HAVE_FLAG__Wmismatched_new_delete
-- Performing Test HAVE_FLAG__Wmismatched_new_delete - Success
-- Performing Test HAVE_FLAG__Wmismatched_return_types
-- Performing Test HAVE_FLAG__Wmismatched_return_types - Success
-- Performing Test HAVE_FLAG__Wmismatched_tags
-- Performing Test HAVE_FLAG__Wmismatched_tags - Success
-- Performing Test HAVE_FLAG__Wmissing_braces
-- Performing Test HAVE_FLAG__Wmissing_braces - Success
-- Performing Test HAVE_FLAG__Wmissing_declarations
-- Performing Test HAVE_FLAG__Wmissing_declarations - Success
-- Performing Test HAVE_FLAG__Wmissing_noreturn
-- Performing Test HAVE_FLAG__Wmissing_noreturn - Success
-- Performing Test HAVE_FLAG__Wmissing_prototypes
-- Performing Test HAVE_FLAG__Wmissing_prototypes - Success
-- Performing Test HAVE_FLAG__Wmissing_variable_declarations
-- Performing Test HAVE_FLAG__Wmissing_variable_declarations - Success
-- Performing Test HAVE_FLAG__Wnon_virtual_dtor
-- Performing Test HAVE_FLAG__Wnon_virtual_dtor - Success
-- Performing Test HAVE_FLAG__Wnull_dereference
-- Performing Test HAVE_FLAG__Wnull_dereference - Success
-- Performing Test HAVE_FLAG__Wold_style_cast
-- Performing Test HAVE_FLAG__Wold_style_cast - Success
-- Performing Test HAVE_FLAG__Woverloaded_virtual
-- Performing Test HAVE_FLAG__Woverloaded_virtual - Success
-- Performing Test HAVE_FLAG__Wparentheses
-- Performing Test HAVE_FLAG__Wparentheses - Success
-- Performing Test HAVE_FLAG__Wpedantic
-- Performing Test HAVE_FLAG__Wpedantic - Success
-- Performing Test HAVE_FLAG__Wredundant_decls
-- Performing Test HAVE_FLAG__Wredundant_decls - Success
-- Performing Test HAVE_FLAG__Wreorder
-- Performing Test HAVE_FLAG__Wreorder - Success
-- Performing Test HAVE_FLAG__Wreturn_std_move
-- Performing Test HAVE_FLAG__Wreturn_std_move - Success
-- Performing Test HAVE_FLAG__Wshadow
-- Performing Test HAVE_FLAG__Wshadow - Success
-- Performing Test HAVE_FLAG__Wstrict_aliasing
-- Performing Test HAVE_FLAG__Wstrict_aliasing - Success
-- Performing Test HAVE_FLAG__Wsubobject_linkage
-- Performing Test HAVE_FLAG__Wsubobject_linkage - Failed
-- Performing Test HAVE_FLAG__Wsuggest_destructor_override
-- Performing Test HAVE_FLAG__Wsuggest_destructor_override - Success
-- Performing Test HAVE_FLAG__Wsuggest_override
-- Performing Test HAVE_FLAG__Wsuggest_override - Success
-- Performing Test HAVE_FLAG__Wundef
-- Performing Test HAVE_FLAG__Wundef - Success
-- Performing Test HAVE_FLAG__Wuninitialized
-- Performing Test HAVE_FLAG__Wuninitialized - Success
-- Performing Test HAVE_FLAG__Wunneeded_internal_declaration
-- Performing Test HAVE_FLAG__Wunneeded_internal_declaration - Success
-- Performing Test HAVE_FLAG__Wunreachable_code_aggressive
-- Performing Test HAVE_FLAG__Wunreachable_code_aggressive - Success
-- Performing Test HAVE_FLAG__Wunused
-- Performing Test HAVE_FLAG__Wunused - Success
-- Performing Test HAVE_FLAG__Wunused_function
-- Performing Test HAVE_FLAG__Wunused_function - Success
-- Performing Test HAVE_FLAG__Wunused_parameter
-- Performing Test HAVE_FLAG__Wunused_parameter - Success
-- Performing Test HAVE_FLAG__Wvla
-- Performing Test HAVE_FLAG__Wvla - Success
-- Performing Test HAVE_FLAG__Wweak_vtables
-- Performing Test HAVE_FLAG__Wweak_vtables - Success
-- Performing Test HAVE_FLAG__Wno_missing_noreturn
-- Performing Test HAVE_FLAG__Wno_missing_noreturn - Success
-- Configuring done (12.3s)
-- Generating done (0.1s)
-- Build files have been written to: /home/builder/build/src/build
[  2%] Building CXX object src/CMakeFiles/Catch2.dir/catch2/benchmark/detail/catch_run_for_at_least.cpp.o
[  2%] Building CXX object src/CMakeFiles/Catch2.dir/catch2/benchmark/detail/catch_benchmark_function.cpp.o
[  2%] Building CXX object src/CMakeFiles/Catch2.dir/catch2/generators/catch_generators.cpp.o
[  2%] Building CXX object src/CMakeFiles/Catch2.dir/catch2/generators/catch_generator_exception.cpp.o
[  3%] Building CXX object src/CMakeFiles/Catch2.dir/catch2/reporters/catch_reporter_common_base.cpp.o
[  4%] Building CXX object src/CMakeFiles/Catch2.dir/catch2/reporters/catch_reporter_console.cpp.o
[  4%] Building CXX object src/CMakeFiles/Catch2.dir/catch2/reporters/catch_reporter_cumulative_base.cpp.o
[  4%] Building CXX object src/CMakeFiles/Catch2.dir/catch2/benchmark/catch_benchmark.cpp.o
[  5%] Building CXX object src/CMakeFiles/Catch2.dir/catch2/reporters/catch_reporter_event_listener.cpp.o
[  5%] Building CXX object src/CMakeFiles/Catch2.dir/catch2/benchmark/detail/catch_analyse.cpp.o
[  6%] Building CXX object src/CMakeFiles/Catch2.dir/catch2/benchmark/catch_chronometer.cpp.o
[  8%] Building CXX object src/CMakeFiles/Catch2.dir/catch2/generators/catch_generators_random.cpp.o
[  8%] Building CXX object src/CMakeFiles/Catch2.dir/catch2/benchmark/detail/catch_stats.cpp.o
[  8%] Building CXX object src/CMakeFiles/Catch2.dir/catch2/generators/catch_generators_throw.cpp.o
[  9%] Building CXX object src/CMakeFiles/Catch2.dir/catch2/reporters/catch_reporter_automake.cpp.o
[  9%] Building CXX object src/CMakeFiles/Catch2.dir/catch2/reporters/catch_reporter_compact.cpp.o
[ 10%] Building CXX object src/CMakeFiles/Catch2.dir/catch2/reporters/catch_reporter_helpers.cpp.o
[ 10%] Building CXX object src/CMakeFiles/Catch2.dir/catch2/reporters/catch_reporter_json.cpp.o
[ 11%] Building CXX object src/CMakeFiles/Catch2.dir/catch2/reporters/catch_reporter_junit.cpp.o
[ 11%] Building CXX object src/CMakeFiles/Catch2.dir/catch2/reporters/catch_reporter_multi.cpp.o
[ 12%] Building CXX object src/CMakeFiles/Catch2.dir/catch2/reporters/catch_reporter_registrars.cpp.o
[ 12%] Building CXX object src/CMakeFiles/Catch2.dir/catch2/reporters/catch_reporter_sonarqube.cpp.o
[ 13%] Building CXX object src/CMakeFiles/Catch2.dir/catch2/reporters/catch_reporter_streaming_base.cpp.o
[ 14%] Building CXX object src/CMakeFiles/Catch2.dir/catch2/reporters/catch_reporter_tap.cpp.o
[ 14%] Building CXX object src/CMakeFiles/Catch2.dir/catch2/reporters/catch_reporter_teamcity.cpp.o
[ 15%] Building CXX object src/CMakeFiles/Catch2.dir/catch2/reporters/catch_reporter_xml.cpp.o
[ 15%] Building CXX object src/CMakeFiles/Catch2.dir/catch2/interfaces/catch_interfaces_capture.cpp.o
[ 16%] Building CXX object src/CMakeFiles/Catch2.dir/catch2/interfaces/catch_interfaces_config.cpp.o
[ 17%] Building CXX object src/CMakeFiles/Catch2.dir/catch2/interfaces/catch_interfaces_exception.cpp.o
[ 17%] Building CXX object src/CMakeFiles/Catch2.dir/catch2/interfaces/catch_interfaces_generatortracker.cpp.o
[ 18%] Building CXX object src/CMakeFiles/Catch2.dir/catch2/interfaces/catch_interfaces_registry_hub.cpp.o
[ 18%] Building CXX object src/CMakeFiles/Catch2.dir/catch2/interfaces/catch_interfaces_reporter.cpp.o
[ 19%] Building CXX object src/CMakeFiles/Catch2.dir/catch2/interfaces/catch_interfaces_reporter_factory.cpp.o
[ 20%] Building CXX object src/CMakeFiles/Catch2.dir/catch2/interfaces/catch_interfaces_testcase.cpp.o
[ 20%] Building CXX object src/CMakeFiles/Catch2.dir/catch2/catch_approx.cpp.o
[ 21%] Building CXX object src/CMakeFiles/Catch2.dir/catch2/catch_assertion_result.cpp.o
[ 21%] Building CXX object src/CMakeFiles/Catch2.dir/catch2/catch_config.cpp.o
[ 22%] Building CXX object src/CMakeFiles/Catch2.dir/catch2/catch_get_random_seed.cpp.o
[ 22%] Building CXX object src/CMakeFiles/Catch2.dir/catch2/catch_message.cpp.o
[ 23%] Building CXX object src/CMakeFiles/Catch2.dir/catch2/catch_registry_hub.cpp.o
[ 24%] Building CXX object src/CMakeFiles/Catch2.dir/catch2/catch_session.cpp.o
[ 24%] Building CXX object src/CMakeFiles/Catch2.dir/catch2/catch_tag_alias_autoregistrar.cpp.o
[ 25%] Building CXX object src/CMakeFiles/Catch2.dir/catch2/catch_test_case_info.cpp.o
[ 25%] Building CXX object src/CMakeFiles/Catch2.dir/catch2/catch_test_spec.cpp.o
[ 26%] Building CXX object src/CMakeFiles/Catch2.dir/catch2/catch_timer.cpp.o
[ 27%] Building CXX object src/CMakeFiles/Catch2.dir/catch2/catch_tostring.cpp.o
[ 27%] Building CXX object src/CMakeFiles/Catch2.dir/catch2/catch_totals.cpp.o
[ 28%] Building CXX object src/CMakeFiles/Catch2.dir/catch2/catch_translate_exception.cpp.o
[ 28%] Building CXX object src/CMakeFiles/Catch2.dir/catch2/catch_version.cpp.o
[ 29%] Building CXX object src/CMakeFiles/Catch2.dir/catch2/internal/catch_assertion_handler.cpp.o
[ 30%] Building CXX object src/CMakeFiles/Catch2.dir/catch2/internal/catch_case_insensitive_comparisons.cpp.o
[ 30%] Building CXX object src/CMakeFiles/Catch2.dir/catch2/internal/catch_clara.cpp.o
[ 31%] Building CXX object src/CMakeFiles/Catch2.dir/catch2/internal/catch_commandline.cpp.o
[ 31%] Building CXX object src/CMakeFiles/Catch2.dir/catch2/internal/catch_console_colour.cpp.o
[ 32%] Building CXX object src/CMakeFiles/Catch2.dir/catch2/internal/catch_context.cpp.o
[ 32%] Building CXX object src/CMakeFiles/Catch2.dir/catch2/internal/catch_debug_console.cpp.o
[ 33%] Building CXX object src/CMakeFiles/Catch2.dir/catch2/internal/catch_debugger.cpp.o
[ 34%] Building CXX object src/CMakeFiles/Catch2.dir/catch2/internal/catch_decomposer.cpp.o
[ 35%] Building CXX object src/CMakeFiles/Catch2.dir/catch2/internal/catch_enforce.cpp.o
[ 35%] Building CXX object src/CMakeFiles/Catch2.dir/catch2/internal/catch_enum_info.cpp.o
[ 35%] Building CXX object src/CMakeFiles/Catch2.dir/catch2/internal/catch_errno_guard.cpp.o
[ 36%] Building CXX object src/CMakeFiles/Catch2.dir/catch2/internal/catch_fatal_condition_handler.cpp.o
[ 37%] Building CXX object src/CMakeFiles/Catch2.dir/catch2/internal/catch_exception_translator_registry.cpp.o
[ 37%] Building CXX object src/CMakeFiles/Catch2.dir/catch2/internal/catch_floating_point_helpers.cpp.o
[ 38%] Building CXX object src/CMakeFiles/Catch2.dir/catch2/internal/catch_getenv.cpp.o
[ 38%] Building CXX object src/CMakeFiles/Catch2.dir/catch2/internal/catch_istream.cpp.o
[ 39%] Building CXX object src/CMakeFiles/Catch2.dir/catch2/internal/catch_jsonwriter.cpp.o
[ 40%] Building CXX object src/CMakeFiles/Catch2.dir/catch2/internal/catch_lazy_expr.cpp.o
[ 40%] Building CXX object src/CMakeFiles/Catch2.dir/catch2/internal/catch_leak_detector.cpp.o
[ 41%] Building CXX object src/CMakeFiles/Catch2.dir/catch2/internal/catch_list.cpp.o
[ 41%] Building CXX object src/CMakeFiles/Catch2.dir/catch2/internal/catch_message_info.cpp.o
[ 42%] Building CXX object src/CMakeFiles/Catch2.dir/catch2/internal/catch_output_redirect.cpp.o
[ 42%] Building CXX object src/CMakeFiles/Catch2.dir/catch2/internal/catch_parse_numbers.cpp.o
[ 43%] Building CXX object src/CMakeFiles/Catch2.dir/catch2/internal/catch_polyfills.cpp.o
[ 44%] Building CXX object src/CMakeFiles/Catch2.dir/catch2/internal/catch_random_number_generator.cpp.o
[ 44%] Building CXX object src/CMakeFiles/Catch2.dir/catch2/internal/catch_random_seed_generation.cpp.o
[ 45%] Building CXX object src/CMakeFiles/Catch2.dir/catch2/internal/catch_reporter_registry.cpp.o
[ 45%] Building CXX object src/CMakeFiles/Catch2.dir/catch2/internal/catch_reporter_spec_parser.cpp.o
[ 46%] Building CXX object src/CMakeFiles/Catch2.dir/catch2/internal/catch_reusable_string_stream.cpp.o
[ 47%] Building CXX object src/CMakeFiles/Catch2.dir/catch2/internal/catch_run_context.cpp.o
[ 47%] Building CXX object src/CMakeFiles/Catch2.dir/catch2/internal/catch_section.cpp.o
[ 48%] Building CXX object src/CMakeFiles/Catch2.dir/catch2/internal/catch_singletons.cpp.o
[ 48%] Building CXX object src/CMakeFiles/Catch2.dir/catch2/internal/catch_source_line_info.cpp.o
[ 49%] Building CXX object src/CMakeFiles/Catch2.dir/catch2/internal/catch_startup_exception_registry.cpp.o
[ 50%] Building CXX object src/CMakeFiles/Catch2.dir/catch2/internal/catch_stdstreams.cpp.o
[ 50%] Building CXX object src/CMakeFiles/Catch2.dir/catch2/internal/catch_string_manip.cpp.o
[ 51%] Building CXX object src/CMakeFiles/Catch2.dir/catch2/internal/catch_stringref.cpp.o
[ 51%] Building CXX object src/CMakeFiles/Catch2.dir/catch2/internal/catch_tag_alias_registry.cpp.o
[ 52%] Building CXX object src/CMakeFiles/Catch2.dir/catch2/internal/catch_test_case_info_hasher.cpp.o
[ 52%] Building CXX object src/CMakeFiles/Catch2.dir/catch2/internal/catch_test_case_registry_impl.cpp.o
[ 53%] Building CXX object src/CMakeFiles/Catch2.dir/catch2/internal/catch_test_case_tracker.cpp.o
[ 54%] Building CXX object src/CMakeFiles/Catch2.dir/catch2/internal/catch_test_failure_exception.cpp.o
[ 54%] Building CXX object src/CMakeFiles/Catch2.dir/catch2/internal/catch_test_registry.cpp.o
[ 55%] Building CXX object src/CMakeFiles/Catch2.dir/catch2/internal/catch_test_spec_parser.cpp.o
[ 55%] Building CXX object src/CMakeFiles/Catch2.dir/catch2/internal/catch_textflow.cpp.o
[ 56%] Building CXX object src/CMakeFiles/Catch2.dir/catch2/internal/catch_uncaught_exceptions.cpp.o
[ 57%] Building CXX object src/CMakeFiles/Catch2.dir/catch2/internal/catch_wildcard_pattern.cpp.o
[ 57%] Building CXX object src/CMakeFiles/Catch2.dir/catch2/internal/catch_xmlwriter.cpp.o
[ 58%] Building CXX object src/CMakeFiles/Catch2.dir/catch2/matchers/catch_matchers.cpp.o
[ 58%] Building CXX object src/CMakeFiles/Catch2.dir/catch2/matchers/catch_matchers_container_properties.cpp.o
[ 59%] Building CXX object src/CMakeFiles/Catch2.dir/catch2/matchers/catch_matchers_exception.cpp.o
[ 60%] Building CXX object src/CMakeFiles/Catch2.dir/catch2/matchers/catch_matchers_floating_point.cpp.o
[ 60%] Building CXX object src/CMakeFiles/Catch2.dir/catch2/matchers/catch_matchers_predicate.cpp.o
[ 61%] Building CXX object src/CMakeFiles/Catch2.dir/catch2/matchers/catch_matchers_quantifiers.cpp.o
[ 61%] Building CXX object src/CMakeFiles/Catch2.dir/catch2/matchers/catch_matchers_string.cpp.o
[ 62%] Building CXX object src/CMakeFiles/Catch2.dir/catch2/matchers/catch_matchers_templated.cpp.o
[ 62%] Building CXX object src/CMakeFiles/Catch2.dir/catch2/matchers/internal/catch_matchers_impl.cpp.o
[ 63%] Linking CXX static library libCatch2.a
[ 63%] Built target Catch2
[ 64%] Building CXX object src/CMakeFiles/Catch2WithMain.dir/catch2/internal/catch_main.cpp.o
[ 64%] Linking CXX static library libCatch2Main.a
[ 64%] Built target Catch2WithMain
[ 66%] Building CXX object tests/CMakeFiles/SelfTest.dir/SelfTest/IntrospectiveTests/AssertionHandler.tests.cpp.o
[ 66%] Building CXX object tests/CMakeFiles/SelfTest.dir/SelfTest/IntrospectiveTests/CmdLineHelpers.tests.cpp.o
[ 67%] Building CXX object tests/CMakeFiles/SelfTest.dir/SelfTest/IntrospectiveTests/Details.tests.cpp.o
[ 67%] Building CXX object tests/CMakeFiles/SelfTest.dir/SelfTest/IntrospectiveTests/ColourImpl.tests.cpp.o
[ 69%] Building CXX object tests/CMakeFiles/SelfTest.dir/SelfTest/IntrospectiveTests/Integer.tests.cpp.o
[ 69%] Building CXX object tests/CMakeFiles/SelfTest.dir/SelfTest/TestRegistrations.cpp.o
[ 70%] Building CXX object tests/CMakeFiles/SelfTest.dir/SelfTest/IntrospectiveTests/FloatingPoint.tests.cpp.o
[ 70%] Building CXX object tests/CMakeFiles/SelfTest.dir/SelfTest/IntrospectiveTests/Algorithms.tests.cpp.o
[ 71%] Building CXX object tests/CMakeFiles/SelfTest.dir/SelfTest/IntrospectiveTests/Clara.tests.cpp.o
[ 71%] Building CXX object tests/CMakeFiles/SelfTest.dir/SelfTest/IntrospectiveTests/CmdLine.tests.cpp.o
[ 72%] Building CXX object tests/CMakeFiles/SelfTest.dir/SelfTest/IntrospectiveTests/PartTracker.tests.cpp.o
[ 72%] Building CXX object tests/CMakeFiles/SelfTest.dir/SelfTest/IntrospectiveTests/GeneratorsImpl.tests.cpp.o
[ 73%] Building CXX object tests/CMakeFiles/SelfTest.dir/SelfTest/IntrospectiveTests/InternalBenchmark.tests.cpp.o
[ 73%] Building CXX object tests/CMakeFiles/SelfTest.dir/SelfTest/IntrospectiveTests/RandomNumberGeneration.tests.cpp.o
[ 74%] Building CXX object tests/CMakeFiles/SelfTest.dir/SelfTest/IntrospectiveTests/Parse.tests.cpp.o
[ 74%] Building CXX object tests/CMakeFiles/SelfTest.dir/SelfTest/IntrospectiveTests/Json.tests.cpp.o
[ 74%] Building CXX object tests/CMakeFiles/SelfTest.dir/SelfTest/IntrospectiveTests/Reporters.tests.cpp.o
[ 75%] Building CXX object tests/CMakeFiles/SelfTest.dir/SelfTest/IntrospectiveTests/Tag.tests.cpp.o
[ 75%] Building CXX object tests/CMakeFiles/SelfTest.dir/SelfTest/IntrospectiveTests/TestCaseInfoHasher.tests.cpp.o
[ 76%] Building CXX object tests/CMakeFiles/SelfTest.dir/SelfTest/IntrospectiveTests/TestSpec.tests.cpp.o
[ 77%] Building CXX object tests/CMakeFiles/SelfTest.dir/SelfTest/IntrospectiveTests/TestSpecParser.tests.cpp.o
[ 77%] Building CXX object tests/CMakeFiles/SelfTest.dir/SelfTest/IntrospectiveTests/TextFlow.tests.cpp.o
[ 78%] Building CXX object tests/CMakeFiles/SelfTest.dir/SelfTest/IntrospectiveTests/Sharding.tests.cpp.o
[ 78%] Building CXX object tests/CMakeFiles/SelfTest.dir/SelfTest/IntrospectiveTests/Stream.tests.cpp.o
[ 79%] Building CXX object tests/CMakeFiles/SelfTest.dir/SelfTest/IntrospectiveTests/String.tests.cpp.o
[ 80%] Building CXX object tests/CMakeFiles/SelfTest.dir/SelfTest/IntrospectiveTests/StringManip.tests.cpp.o
[ 80%] Building CXX object tests/CMakeFiles/SelfTest.dir/SelfTest/IntrospectiveTests/Xml.tests.cpp.o
[ 81%] Building CXX object tests/CMakeFiles/SelfTest.dir/SelfTest/IntrospectiveTests/Traits.tests.cpp.o
[ 81%] Building CXX object tests/CMakeFiles/SelfTest.dir/SelfTest/IntrospectiveTests/ToString.tests.cpp.o
[ 82%] Building CXX object tests/CMakeFiles/SelfTest.dir/SelfTest/IntrospectiveTests/UniquePtr.tests.cpp.o
[ 82%] Building CXX object tests/CMakeFiles/SelfTest.dir/SelfTest/helpers/parse_test_spec.cpp.o
[ 83%] Building CXX object tests/CMakeFiles/SelfTest.dir/SelfTest/TimingTests/Sleep.tests.cpp.o
[ 84%] Building CXX object tests/CMakeFiles/SelfTest.dir/SelfTest/UsageTests/Approx.tests.cpp.o
[ 84%] Building CXX object tests/CMakeFiles/SelfTest.dir/SelfTest/UsageTests/BDD.tests.cpp.o
[ 85%] Building CXX object tests/CMakeFiles/SelfTest.dir/SelfTest/UsageTests/Benchmark.tests.cpp.o
[ 85%] Building CXX object tests/CMakeFiles/SelfTest.dir/SelfTest/UsageTests/Class.tests.cpp.o
[ 86%] Building CXX object tests/CMakeFiles/SelfTest.dir/SelfTest/UsageTests/Compilation.tests.cpp.o
[ 87%] Building CXX object tests/CMakeFiles/SelfTest.dir/SelfTest/UsageTests/Condition.tests.cpp.o
[ 88%] Building CXX object tests/CMakeFiles/SelfTest.dir/SelfTest/UsageTests/EnumToString.tests.cpp.o
[ 88%] Building CXX object tests/CMakeFiles/SelfTest.dir/SelfTest/UsageTests/Decomposition.tests.cpp.o
[ 88%] Building CXX object tests/CMakeFiles/SelfTest.dir/SelfTest/UsageTests/Exception.tests.cpp.o
[ 89%] Building CXX object tests/CMakeFiles/SelfTest.dir/SelfTest/UsageTests/Generators.tests.cpp.o
[ 90%] Building CXX object tests/CMakeFiles/SelfTest.dir/SelfTest/UsageTests/Message.tests.cpp.o
[ 90%] Building CXX object tests/CMakeFiles/SelfTest.dir/SelfTest/UsageTests/Misc.tests.cpp.o
[ 91%] Building CXX object tests/CMakeFiles/SelfTest.dir/SelfTest/UsageTests/Skip.tests.cpp.o
[ 91%] Building CXX object tests/CMakeFiles/SelfTest.dir/SelfTest/UsageTests/ToStringByte.tests.cpp.o
[ 92%] Building CXX object tests/CMakeFiles/SelfTest.dir/SelfTest/UsageTests/ToStringChrono.tests.cpp.o
In file included from /home/builder/build/src/catch2/tests/SelfTest/UsageTests/Compilation.tests.cpp:37:
In file included from /home/builder/build/src/catch2/src/catch2/../catch2/catch_test_macros.hpp:11:
In file included from /home/builder/build/src/catch2/src/catch2/../catch2/internal/catch_test_macro_impl.hpp:12:
In file included from /home/builder/build/src/catch2/src/catch2/../catch2/internal/catch_assertion_handler.hpp:12:
In file included from /home/builder/build/src/catch2/src/catch2/../catch2/internal/catch_decomposer.hpp:11:
In file included from /home/builder/build/src/catch2/src/catch2/../catch2/catch_tostring.hpp:19:
/home/builder/build/src/catch2/src/catch2/../catch2/internal/catch_reusable_string_stream.hpp:46:23: warning: address of function 'value' will always evaluate to 'true' [-Wpointer-bool-conversion]
   46 |             *m_oss << value;
      |                    ~~ ^~~~~
/home/builder/build/src/catch2/src/catch2/../catch2/catch_tostring.hpp:121:21: note: in instantiation of function template specialization 'Catch::ReusableStringStream::operator<<<void (void *)>' requested here
  121 |                 rss.operator<<(value);
      |                     ^
/home/builder/build/src/catch2/src/catch2/../catch2/catch_tostring.hpp:147:68: note: in instantiation of function template specialization 'Catch::StringMaker<void (void *)>::convert<void (void *)>' requested here
  147 |                     std::remove_cv_t<std::remove_reference_t<T>>>::convert( e );
      |                                                                    ^
/home/builder/build/src/catch2/src/catch2/../catch2/internal/catch_decomposer.hpp:203:42: note: in instantiation of function template specialization 'Catch::Detail::stringify<void (void *)>' requested here
  203 |                     ( os, Catch::Detail::stringify( m_lhs ), m_op, Catch::Detail::stringify( m_rhs ) );
      |                                          ^
/home/builder/build/src/catch2/src/catch2/../catch2/internal/catch_decomposer.hpp:207:19: note: in instantiation of member function 'Catch::BinaryExpr<void (&)(void *), void (*&)(void *)>::streamReconstructedExpression' requested here
  207 |         constexpr BinaryExpr( bool comparisonResult, LhsT lhs, StringRef op, RhsT rhs )
      |                   ^
[ 92%] Building CXX object tests/CMakeFiles/SelfTest.dir/SelfTest/UsageTests/ToStringGeneral.tests.cpp.o
[ 93%] Building CXX object tests/CMakeFiles/SelfTest.dir/SelfTest/UsageTests/ToStringOptional.tests.cpp.o
[ 94%] Building CXX object tests/CMakeFiles/SelfTest.dir/SelfTest/UsageTests/ToStringPair.tests.cpp.o
[ 94%] Building CXX object tests/CMakeFiles/SelfTest.dir/SelfTest/UsageTests/ToStringTuple.tests.cpp.o
[ 95%] Building CXX object tests/CMakeFiles/SelfTest.dir/SelfTest/UsageTests/ToStringVariant.tests.cpp.o
[ 95%] Building CXX object tests/CMakeFiles/SelfTest.dir/SelfTest/UsageTests/ToStringVector.tests.cpp.o
[ 96%] Building CXX object tests/CMakeFiles/SelfTest.dir/SelfTest/UsageTests/ToStringWhich.tests.cpp.o
[ 97%] Building CXX object tests/CMakeFiles/SelfTest.dir/SelfTest/UsageTests/Tricky.tests.cpp.o
1 warning generated.
[ 98%] Building CXX object tests/CMakeFiles/SelfTest.dir/SelfTest/UsageTests/Matchers.tests.cpp.o
[ 98%] Building CXX object tests/CMakeFiles/SelfTest.dir/SelfTest/UsageTests/VariadicMacros.tests.cpp.o
[ 98%] Building CXX object tests/CMakeFiles/SelfTest.dir/SelfTest/UsageTests/MatchersConstexpr.tests.cpp.o
[ 99%] Building CXX object tests/CMakeFiles/SelfTest.dir/SelfTest/UsageTests/MatchersRanges.tests.cpp.o
[100%] Linking CXX executable SelfTest
[100%] Built target SelfTest
==> Entering fakeroot environment...
==> Starting package()...
-- Install configuration: ""
-- Installing: /home/builder/build/pkg/catch2/usr/lib/libCatch2.a
-- Installing: /home/builder/build/pkg/catch2/usr/lib/libCatch2Main.a
-- Installing: /home/builder/build/pkg/catch2/usr/lib/cmake/Catch2/Catch2Targets.cmake
-- Installing: /home/builder/build/pkg/catch2/usr/lib/cmake/Catch2/Catch2Targets-noconfig.cmake
-- Installing: /home/builder/build/pkg/catch2/usr/include/catch2
-- Installing: /home/builder/build/pkg/catch2/usr/include/catch2/benchmark
-- Installing: /home/builder/build/pkg/catch2/usr/include/catch2/benchmark/catch_benchmark.hpp
-- Installing: /home/builder/build/pkg/catch2/usr/include/catch2/benchmark/catch_benchmark_all.hpp
-- Installing: /home/builder/build/pkg/catch2/usr/include/catch2/benchmark/catch_chronometer.hpp
-- Installing: /home/builder/build/pkg/catch2/usr/include/catch2/benchmark/catch_clock.hpp
-- Installing: /home/builder/build/pkg/catch2/usr/include/catch2/benchmark/catch_constructor.hpp
-- Installing: /home/builder/build/pkg/catch2/usr/include/catch2/benchmark/catch_environment.hpp
-- Installing: /home/builder/build/pkg/catch2/usr/include/catch2/benchmark/catch_estimate.hpp
-- Installing: /home/builder/build/pkg/catch2/usr/include/catch2/benchmark/catch_execution_plan.hpp
-- Installing: /home/builder/build/pkg/catch2/usr/include/catch2/benchmark/catch_optimizer.hpp
-- Installing: /home/builder/build/pkg/catch2/usr/include/catch2/benchmark/catch_outlier_classification.hpp
-- Installing: /home/builder/build/pkg/catch2/usr/include/catch2/benchmark/catch_sample_analysis.hpp
-- Installing: /home/builder/build/pkg/catch2/usr/include/catch2/benchmark/detail
-- Installing: /home/builder/build/pkg/catch2/usr/include/catch2/benchmark/detail/catch_analyse.hpp
-- Installing: /home/builder/build/pkg/catch2/usr/include/catch2/benchmark/detail/catch_benchmark_function.hpp
-- Installing: /home/builder/build/pkg/catch2/usr/include/catch2/benchmark/detail/catch_benchmark_stats.hpp
-- Installing: /home/builder/build/pkg/catch2/usr/include/catch2/benchmark/detail/catch_benchmark_stats_fwd.hpp
-- Installing: /home/builder/build/pkg/catch2/usr/include/catch2/benchmark/detail/catch_complete_invoke.hpp
-- Installing: /home/builder/build/pkg/catch2/usr/include/catch2/benchmark/detail/catch_estimate_clock.hpp
-- Installing: /home/builder/build/pkg/catch2/usr/include/catch2/benchmark/detail/catch_measure.hpp
-- Installing: /home/builder/build/pkg/catch2/usr/include/catch2/benchmark/detail/catch_repeat.hpp
-- Installing: /home/builder/build/pkg/catch2/usr/include/catch2/benchmark/detail/catch_run_for_at_least.hpp
-- Installing: /home/builder/build/pkg/catch2/usr/include/catch2/benchmark/detail/catch_stats.hpp
-- Installing: /home/builder/build/pkg/catch2/usr/include/catch2/benchmark/detail/catch_timing.hpp
-- Installing: /home/builder/build/pkg/catch2/usr/include/catch2/catch_all.hpp
-- Installing: /home/builder/build/pkg/catch2/usr/include/catch2/catch_approx.hpp
-- Installing: /home/builder/build/pkg/catch2/usr/include/catch2/catch_assertion_info.hpp
-- Installing: /home/builder/build/pkg/catch2/usr/include/catch2/catch_assertion_result.hpp
-- Installing: /home/builder/build/pkg/catch2/usr/include/catch2/catch_case_sensitive.hpp
-- Installing: /home/builder/build/pkg/catch2/usr/include/catch2/catch_config.hpp
-- Installing: /home/builder/build/pkg/catch2/usr/include/catch2/catch_get_random_seed.hpp
-- Installing: /home/builder/build/pkg/catch2/usr/include/catch2/catch_message.hpp
-- Installing: /home/builder/build/pkg/catch2/usr/include/catch2/catch_section_info.hpp
-- Installing: /home/builder/build/pkg/catch2/usr/include/catch2/catch_session.hpp
-- Installing: /home/builder/build/pkg/catch2/usr/include/catch2/catch_tag_alias.hpp
-- Installing: /home/builder/build/pkg/catch2/usr/include/catch2/catch_tag_alias_autoregistrar.hpp
-- Installing: /home/builder/build/pkg/catch2/usr/include/catch2/catch_template_test_macros.hpp
-- Installing: /home/builder/build/pkg/catch2/usr/include/catch2/catch_test_macros.hpp
-- Installing: /home/builder/build/pkg/catch2/usr/include/catch2/catch_test_run_info.hpp
-- Installing: /home/builder/build/pkg/catch2/usr/include/catch2/catch_test_spec.hpp
-- Installing: /home/builder/build/pkg/catch2/usr/include/catch2/catch_timer.hpp
-- Installing: /home/builder/build/pkg/catch2/usr/include/catch2/catch_totals.hpp
-- Installing: /home/builder/build/pkg/catch2/usr/include/catch2/catch_translate_exception.hpp
-- Installing: /home/builder/build/pkg/catch2/usr/include/catch2/catch_version.hpp
-- Installing: /home/builder/build/pkg/catch2/usr/include/catch2/catch_version_macros.hpp
-- Installing: /home/builder/build/pkg/catch2/usr/include/catch2/generators
-- Installing: /home/builder/build/pkg/catch2/usr/include/catch2/generators/catch_generator_exception.hpp
-- Installing: /home/builder/build/pkg/catch2/usr/include/catch2/generators/catch_generators.hpp
-- Installing: /home/builder/build/pkg/catch2/usr/include/catch2/generators/catch_generators_adapters.hpp
-- Installing: /home/builder/build/pkg/catch2/usr/include/catch2/generators/catch_generators_all.hpp
-- Installing: /home/builder/build/pkg/catch2/usr/include/catch2/generators/catch_generators_random.hpp
-- Installing: /home/builder/build/pkg/catch2/usr/include/catch2/generators/catch_generators_range.hpp
-- Installing: /home/builder/build/pkg/catch2/usr/include/catch2/generators/catch_generators_throw.hpp
-- Installing: /home/builder/build/pkg/catch2/usr/include/catch2/interfaces
-- Installing: /home/builder/build/pkg/catch2/usr/include/catch2/interfaces/catch_interfaces_all.hpp
-- Installing: /home/builder/build/pkg/catch2/usr/include/catch2/interfaces/catch_interfaces_capture.hpp
-- Installing: /home/builder/build/pkg/catch2/usr/include/catch2/interfaces/catch_interfaces_config.hpp
-- Installing: /home/builder/build/pkg/catch2/usr/include/catch2/interfaces/catch_interfaces_exception.hpp
-- Installing: /home/builder/build/pkg/catch2/usr/include/catch2/interfaces/catch_interfaces_generatortracker.hpp
-- Installing: /home/builder/build/pkg/catch2/usr/include/catch2/interfaces/catch_interfaces_registry_hub.hpp
-- Installing: /home/builder/build/pkg/catch2/usr/include/catch2/interfaces/catch_interfaces_reporter.hpp
-- Installing: /home/builder/build/pkg/catch2/usr/include/catch2/interfaces/catch_interfaces_reporter_factory.hpp
-- Installing: /home/builder/build/pkg/catch2/usr/include/catch2/interfaces/catch_interfaces_tag_alias_registry.hpp
-- Installing: /home/builder/build/pkg/catch2/usr/include/catch2/interfaces/catch_interfaces_test_invoker.hpp
-- Installing: /home/builder/build/pkg/catch2/usr/include/catch2/interfaces/catch_interfaces_testcase.hpp
-- Installing: /home/builder/build/pkg/catch2/usr/include/catch2/internal
-- Installing: /home/builder/build/pkg/catch2/usr/include/catch2/internal/catch_assertion_handler.hpp
-- Installing: /home/builder/build/pkg/catch2/usr/include/catch2/internal/catch_case_insensitive_comparisons.hpp
-- Installing: /home/builder/build/pkg/catch2/usr/include/catch2/internal/catch_clara.hpp
-- Installing: /home/builder/build/pkg/catch2/usr/include/catch2/internal/catch_commandline.hpp
-- Installing: /home/builder/build/pkg/catch2/usr/include/catch2/internal/catch_compare_traits.hpp
-- Installing: /home/builder/build/pkg/catch2/usr/include/catch2/internal/catch_compiler_capabilities.hpp
-- Installing: /home/builder/build/pkg/catch2/usr/include/catch2/internal/catch_config_android_logwrite.hpp
-- Installing: /home/builder/build/pkg/catch2/usr/include/catch2/internal/catch_config_counter.hpp
-- Installing: /home/builder/build/pkg/catch2/usr/include/catch2/internal/catch_config_prefix_messages.hpp
-- Installing: /home/builder/build/pkg/catch2/usr/include/catch2/internal/catch_config_static_analysis_support.hpp
-- Installing: /home/builder/build/pkg/catch2/usr/include/catch2/internal/catch_config_uncaught_exceptions.hpp
-- Installing: /home/builder/build/pkg/catch2/usr/include/catch2/internal/catch_config_wchar.hpp
-- Installing: /home/builder/build/pkg/catch2/usr/include/catch2/internal/catch_console_colour.hpp
-- Installing: /home/builder/build/pkg/catch2/usr/include/catch2/internal/catch_console_width.hpp
-- Installing: /home/builder/build/pkg/catch2/usr/include/catch2/internal/catch_container_nonmembers.hpp
-- Installing: /home/builder/build/pkg/catch2/usr/include/catch2/internal/catch_context.hpp
-- Installing: /home/builder/build/pkg/catch2/usr/include/catch2/internal/catch_debug_console.hpp
-- Installing: /home/builder/build/pkg/catch2/usr/include/catch2/internal/catch_debugger.hpp
-- Installing: /home/builder/build/pkg/catch2/usr/include/catch2/internal/catch_decomposer.hpp
-- Installing: /home/builder/build/pkg/catch2/usr/include/catch2/internal/catch_deprecation_macro.hpp
-- Installing: /home/builder/build/pkg/catch2/usr/include/catch2/internal/catch_enforce.hpp
-- Installing: /home/builder/build/pkg/catch2/usr/include/catch2/internal/catch_enum_info.hpp
-- Installing: /home/builder/build/pkg/catch2/usr/include/catch2/internal/catch_errno_guard.hpp
-- Installing: /home/builder/build/pkg/catch2/usr/include/catch2/internal/catch_exception_translator_registry.hpp
-- Installing: /home/builder/build/pkg/catch2/usr/include/catch2/internal/catch_fatal_condition_handler.hpp
-- Installing: /home/builder/build/pkg/catch2/usr/include/catch2/internal/catch_floating_point_helpers.hpp
-- Installing: /home/builder/build/pkg/catch2/usr/include/catch2/internal/catch_getenv.hpp
-- Installing: /home/builder/build/pkg/catch2/usr/include/catch2/internal/catch_is_permutation.hpp
-- Installing: /home/builder/build/pkg/catch2/usr/include/catch2/internal/catch_istream.hpp
-- Installing: /home/builder/build/pkg/catch2/usr/include/catch2/internal/catch_jsonwriter.hpp
-- Installing: /home/builder/build/pkg/catch2/usr/include/catch2/internal/catch_lazy_expr.hpp
-- Installing: /home/builder/build/pkg/catch2/usr/include/catch2/internal/catch_leak_detector.hpp
-- Installing: /home/builder/build/pkg/catch2/usr/include/catch2/internal/catch_lifetimebound.hpp
-- Installing: /home/builder/build/pkg/catch2/usr/include/catch2/internal/catch_list.hpp
-- Installing: /home/builder/build/pkg/catch2/usr/include/catch2/internal/catch_logical_traits.hpp
-- Installing: /home/builder/build/pkg/catch2/usr/include/catch2/internal/catch_message_info.hpp
-- Installing: /home/builder/build/pkg/catch2/usr/include/catch2/internal/catch_meta.hpp
-- Installing: /home/builder/build/pkg/catch2/usr/include/catch2/internal/catch_move_and_forward.hpp
-- Installing: /home/builder/build/pkg/catch2/usr/include/catch2/internal/catch_noncopyable.hpp
-- Installing: /home/builder/build/pkg/catch2/usr/include/catch2/internal/catch_optional.hpp
-- Installing: /home/builder/build/pkg/catch2/usr/include/catch2/internal/catch_output_redirect.hpp
-- Installing: /home/builder/build/pkg/catch2/usr/include/catch2/internal/catch_parse_numbers.hpp
-- Installing: /home/builder/build/pkg/catch2/usr/include/catch2/internal/catch_path_filter.hpp
-- Installing: /home/builder/build/pkg/catch2/usr/include/catch2/internal/catch_platform.hpp
-- Installing: /home/builder/build/pkg/catch2/usr/include/catch2/internal/catch_polyfills.hpp
-- Installing: /home/builder/build/pkg/catch2/usr/include/catch2/internal/catch_preprocessor.hpp
-- Installing: /home/builder/build/pkg/catch2/usr/include/catch2/internal/catch_preprocessor_internal_stringify.hpp
-- Installing: /home/builder/build/pkg/catch2/usr/include/catch2/internal/catch_preprocessor_remove_parens.hpp
-- Installing: /home/builder/build/pkg/catch2/usr/include/catch2/internal/catch_random_floating_point_helpers.hpp
-- Installing: /home/builder/build/pkg/catch2/usr/include/catch2/internal/catch_random_integer_helpers.hpp
-- Installing: /home/builder/build/pkg/catch2/usr/include/catch2/internal/catch_random_number_generator.hpp
-- Installing: /home/builder/build/pkg/catch2/usr/include/catch2/internal/catch_random_seed_generation.hpp
-- Installing: /home/builder/build/pkg/catch2/usr/include/catch2/internal/catch_reporter_registry.hpp
-- Installing: /home/builder/build/pkg/catch2/usr/include/catch2/internal/catch_reporter_spec_parser.hpp
-- Installing: /home/builder/build/pkg/catch2/usr/include/catch2/internal/catch_result_type.hpp
-- Installing: /home/builder/build/pkg/catch2/usr/include/catch2/internal/catch_reusable_string_stream.hpp
-- Installing: /home/builder/build/pkg/catch2/usr/include/catch2/internal/catch_run_context.hpp
-- Installing: /home/builder/build/pkg/catch2/usr/include/catch2/internal/catch_section.hpp
-- Installing: /home/builder/build/pkg/catch2/usr/include/catch2/internal/catch_sharding.hpp
-- Installing: /home/builder/build/pkg/catch2/usr/include/catch2/internal/catch_singletons.hpp
-- Installing: /home/builder/build/pkg/catch2/usr/include/catch2/internal/catch_source_line_info.hpp
-- Installing: /home/builder/build/pkg/catch2/usr/include/catch2/internal/catch_startup_exception_registry.hpp
-- Installing: /home/builder/build/pkg/catch2/usr/include/catch2/internal/catch_stdstreams.hpp
-- Installing: /home/builder/build/pkg/catch2/usr/include/catch2/internal/catch_stream_end_stop.hpp
-- Installing: /home/builder/build/pkg/catch2/usr/include/catch2/internal/catch_stringref.hpp
-- Installing: /home/builder/build/pkg/catch2/usr/include/catch2/internal/catch_tag_alias_registry.hpp
-- Installing: /home/builder/build/pkg/catch2/usr/include/catch2/internal/catch_test_case_info_hasher.hpp
-- Installing: /home/builder/build/pkg/catch2/usr/include/catch2/internal/catch_test_case_registry_impl.hpp
-- Installing: /home/builder/build/pkg/catch2/usr/include/catch2/internal/catch_test_case_tracker.hpp
-- Installing: /home/builder/build/pkg/catch2/usr/include/catch2/internal/catch_test_failure_exception.hpp
-- Installing: /home/builder/build/pkg/catch2/usr/include/catch2/internal/catch_test_macro_impl.hpp
-- Installing: /home/builder/build/pkg/catch2/usr/include/catch2/internal/catch_test_spec_parser.hpp
-- Installing: /home/builder/build/pkg/catch2/usr/include/catch2/internal/catch_thread_local.hpp
-- Installing: /home/builder/build/pkg/catch2/usr/include/catch2/internal/catch_thread_support.hpp
-- Installing: /home/builder/build/pkg/catch2/usr/include/catch2/internal/catch_to_string.hpp
-- Installing: /home/builder/build/pkg/catch2/usr/include/catch2/internal/catch_uncaught_exceptions.hpp
-- Installing: /home/builder/build/pkg/catch2/usr/include/catch2/internal/catch_uniform_floating_point_distribution.hpp
-- Installing: /home/builder/build/pkg/catch2/usr/include/catch2/internal/catch_uniform_integer_distribution.hpp
-- Installing: /home/builder/build/pkg/catch2/usr/include/catch2/internal/catch_unique_name.hpp
-- Installing: /home/builder/build/pkg/catch2/usr/include/catch2/internal/catch_unique_ptr.hpp
-- Installing: /home/builder/build/pkg/catch2/usr/include/catch2/internal/catch_unreachable.hpp
-- Installing: /home/builder/build/pkg/catch2/usr/include/catch2/internal/catch_void_type.hpp
-- Installing: /home/builder/build/pkg/catch2/usr/include/catch2/internal/catch_windows_h_proxy.hpp
-- Installing: /home/builder/build/pkg/catch2/usr/include/catch2/internal/catch_xmlwriter.hpp
-- Installing: /home/builder/build/pkg/catch2/usr/include/catch2/internal/catch_string_manip.hpp
-- Installing: /home/builder/build/pkg/catch2/usr/include/catch2/internal/catch_template_test_registry.hpp
-- Installing: /home/builder/build/pkg/catch2/usr/include/catch2/internal/catch_test_registry.hpp
-- Installing: /home/builder/build/pkg/catch2/usr/include/catch2/internal/catch_textflow.hpp
-- Installing: /home/builder/build/pkg/catch2/usr/include/catch2/internal/catch_wildcard_pattern.hpp
-- Installing: /home/builder/build/pkg/catch2/usr/include/catch2/matchers
-- Installing: /home/builder/build/pkg/catch2/usr/include/catch2/matchers/catch_matchers.hpp
-- Installing: /home/builder/build/pkg/catch2/usr/include/catch2/matchers/catch_matchers_all.hpp
-- Installing: /home/builder/build/pkg/catch2/usr/include/catch2/matchers/catch_matchers_container_properties.hpp
-- Installing: /home/builder/build/pkg/catch2/usr/include/catch2/matchers/catch_matchers_contains.hpp
-- Installing: /home/builder/build/pkg/catch2/usr/include/catch2/matchers/catch_matchers_exception.hpp
-- Installing: /home/builder/build/pkg/catch2/usr/include/catch2/matchers/catch_matchers_floating_point.hpp
-- Installing: /home/builder/build/pkg/catch2/usr/include/catch2/matchers/catch_matchers_predicate.hpp
-- Installing: /home/builder/build/pkg/catch2/usr/include/catch2/matchers/catch_matchers_quantifiers.hpp
-- Installing: /home/builder/build/pkg/catch2/usr/include/catch2/matchers/catch_matchers_range_equals.hpp
-- Installing: /home/builder/build/pkg/catch2/usr/include/catch2/matchers/catch_matchers_string.hpp
-- Installing: /home/builder/build/pkg/catch2/usr/include/catch2/matchers/catch_matchers_templated.hpp
-- Installing: /home/builder/build/pkg/catch2/usr/include/catch2/matchers/catch_matchers_vector.hpp
-- Installing: /home/builder/build/pkg/catch2/usr/include/catch2/matchers/internal
-- Installing: /home/builder/build/pkg/catch2/usr/include/catch2/matchers/internal/catch_matchers_impl.hpp
-- Installing: /home/builder/build/pkg/catch2/usr/include/catch2/reporters
-- Installing: /home/builder/build/pkg/catch2/usr/include/catch2/reporters/catch_reporter_automake.hpp
-- Installing: /home/builder/build/pkg/catch2/usr/include/catch2/reporters/catch_reporter_common_base.hpp
-- Installing: /home/builder/build/pkg/catch2/usr/include/catch2/reporters/catch_reporter_compact.hpp
-- Installing: /home/builder/build/pkg/catch2/usr/include/catch2/reporters/catch_reporter_console.hpp
-- Installing: /home/builder/build/pkg/catch2/usr/include/catch2/reporters/catch_reporter_event_listener.hpp
-- Installing: /home/builder/build/pkg/catch2/usr/include/catch2/reporters/catch_reporter_helpers.hpp
-- Installing: /home/builder/build/pkg/catch2/usr/include/catch2/reporters/catch_reporter_json.hpp
-- Installing: /home/builder/build/pkg/catch2/usr/include/catch2/reporters/catch_reporter_junit.hpp
-- Installing: /home/builder/build/pkg/catch2/usr/include/catch2/reporters/catch_reporter_multi.hpp
-- Installing: /home/builder/build/pkg/catch2/usr/include/catch2/reporters/catch_reporter_registrars.hpp
-- Installing: /home/builder/build/pkg/catch2/usr/include/catch2/reporters/catch_reporter_sonarqube.hpp
-- Installing: /home/builder/build/pkg/catch2/usr/include/catch2/reporters/catch_reporter_streaming_base.hpp
-- Installing: /home/builder/build/pkg/catch2/usr/include/catch2/reporters/catch_reporter_tap.hpp
-- Installing: /home/builder/build/pkg/catch2/usr/include/catch2/reporters/catch_reporter_teamcity.hpp
-- Installing: /home/builder/build/pkg/catch2/usr/include/catch2/reporters/catch_reporter_xml.hpp
-- Installing: /home/builder/build/pkg/catch2/usr/include/catch2/reporters/catch_reporters_all.hpp
-- Installing: /home/builder/build/pkg/catch2/usr/include/catch2/reporters/catch_reporter_cumulative_base.hpp
-- Installing: /home/builder/build/pkg/catch2/usr/include/catch2/catch_test_case_info.hpp
-- Installing: /home/builder/build/pkg/catch2/usr/include/catch2/catch_tostring.hpp
-- Up-to-date: /home/builder/build/pkg/catch2/usr/include/catch2
-- Installing: /home/builder/build/pkg/catch2/usr/include/catch2/catch_user_config.hpp
-- Installing: /home/builder/build/pkg/catch2/usr/lib/cmake/Catch2/Catch2Config.cmake
-- Installing: /home/builder/build/pkg/catch2/usr/lib/cmake/Catch2/Catch2ConfigVersion.cmake
-- Installing: /home/builder/build/pkg/catch2/usr/share/doc/Catch2
-- Installing: /home/builder/build/pkg/catch2/usr/share/doc/Catch2/Readme.md
-- Installing: /home/builder/build/pkg/catch2/usr/share/doc/Catch2/assertions.md
-- Installing: /home/builder/build/pkg/catch2/usr/share/doc/Catch2/benchmarks.md
-- Installing: /home/builder/build/pkg/catch2/usr/share/doc/Catch2/ci-and-misc.md
-- Installing: /home/builder/build/pkg/catch2/usr/share/doc/Catch2/cmake-integration.md
-- Installing: /home/builder/build/pkg/catch2/usr/share/doc/Catch2/command-line.md
-- Installing: /home/builder/build/pkg/catch2/usr/share/doc/Catch2/commercial-users.md
-- Installing: /home/builder/build/pkg/catch2/usr/share/doc/Catch2/comparing-floating-point-numbers.md
-- Installing: /home/builder/build/pkg/catch2/usr/share/doc/Catch2/configuration.md
-- Installing: /home/builder/build/pkg/catch2/usr/share/doc/Catch2/contributing.md
-- Installing: /home/builder/build/pkg/catch2/usr/share/doc/Catch2/deprecations.md
-- Installing: /home/builder/build/pkg/catch2/usr/share/doc/Catch2/event-listeners.md
-- Installing: /home/builder/build/pkg/catch2/usr/share/doc/Catch2/faq.md
-- Installing: /home/builder/build/pkg/catch2/usr/share/doc/Catch2/filtering-execution-path.md
-- Installing: /home/builder/build/pkg/catch2/usr/share/doc/Catch2/generators.md
-- Installing: /home/builder/build/pkg/catch2/usr/share/doc/Catch2/limitations.md
-- Installing: /home/builder/build/pkg/catch2/usr/share/doc/Catch2/list-of-examples.md
-- Installing: /home/builder/build/pkg/catch2/usr/share/doc/Catch2/logging.md
-- Installing: /home/builder/build/pkg/catch2/usr/share/doc/Catch2/matchers.md
-- Installing: /home/builder/build/pkg/catch2/usr/share/doc/Catch2/migrate-v2-to-v3.md
-- Installing: /home/builder/build/pkg/catch2/usr/share/doc/Catch2/opensource-users.md
-- Installing: /home/builder/build/pkg/catch2/usr/share/doc/Catch2/other-macros.md
-- Installing: /home/builder/build/pkg/catch2/usr/share/doc/Catch2/own-main.md
-- Installing: /home/builder/build/pkg/catch2/usr/share/doc/Catch2/release-notes.md
-- Installing: /home/builder/build/pkg/catch2/usr/share/doc/Catch2/release-process.md
-- Installing: /home/builder/build/pkg/catch2/usr/share/doc/Catch2/reporter-events.md
-- Installing: /home/builder/build/pkg/catch2/usr/share/doc/Catch2/reporters.md
-- Installing: /home/builder/build/pkg/catch2/usr/share/doc/Catch2/skipping-passing-failing.md
-- Installing: /home/builder/build/pkg/catch2/usr/share/doc/Catch2/test-cases-and-sections.md
-- Installing: /home/builder/build/pkg/catch2/usr/share/doc/Catch2/test-fixtures.md
-- Installing: /home/builder/build/pkg/catch2/usr/share/doc/Catch2/thread-safety.md
-- Installing: /home/builder/build/pkg/catch2/usr/share/doc/Catch2/tostring.md
-- Installing: /home/builder/build/pkg/catch2/usr/share/doc/Catch2/tutorial.md
-- Installing: /home/builder/build/pkg/catch2/usr/share/doc/Catch2/usage-tips.md
-- Installing: /home/builder/build/pkg/catch2/usr/share/doc/Catch2/why-catch.md
-- Installing: /home/builder/build/pkg/catch2/usr/lib/cmake/Catch2/ParseAndAddCatchTests.cmake
-- Installing: /home/builder/build/pkg/catch2/usr/lib/cmake/Catch2/Catch.cmake
-- Installing: /home/builder/build/pkg/catch2/usr/lib/cmake/Catch2/CatchAddTests.cmake
-- Installing: /home/builder/build/pkg/catch2/usr/lib/cmake/Catch2/CatchShardTests.cmake
-- Installing: /home/builder/build/pkg/catch2/usr/lib/cmake/Catch2/CatchShardTestsImpl.cmake
-- Installing: /home/builder/build/pkg/catch2/usr/share/Catch2/gdbinit
-- Installing: /home/builder/build/pkg/catch2/usr/share/Catch2/lldbinit
-- DESTDIR: /home/builder/build/pkg/catch2
-- PREFIX: /home/builder/build/pkg/catch2
==> Tidying install...
  -> Removing libtool files...
  -> Removing static library files...
  -> Purging unwanted files...
  -> Stripping unneeded symbols from binaries and libraries...
==> Checking for packaging issues...
==> Creating package "catch2"...
  -> Generating .PKGINFO file...
  -> Generating .BUILDINFO file...
warning: Public keyring not found; have you run 'pacman-key --init'?
error: kashira-v3: key "E4DF524F75FE51DD5FB0C7BA1925D86CD662878E" is unknown
error: keyring is not writable
warning: base: unknown key '%INSTALLED_DB%' in local database
warning: base-devel: unknown key '%INSTALLED_DB%' in local database
  -> Generating .MTREE file...
  -> Compressing package...
==> Leaving fakeroot environment.
==> Finished making: catch2 3.16.0-1 (Sun Sep 20 00:08:30 2026)
