== build cppdap (deps: cmake gcc git glibc libgcc libstdc++ nlohmann-json )
resolving dependencies...
warning: glibc-2.44-2 is up to date -- skipping
warning: llvm-libgcc-23.1.1-5 is up to date -- skipping
warning: gcc-runtime-16.2.0-6 is up to date -- skipping
warning: base: unknown key '%INSTALLED_DB%' in local database
warning: base-devel: unknown key '%INSTALLED_DB%' in local database
looking for conflicting packages...

Packages (8) mpc-1.4.1-1  perl-error-0.17030-1  perl-mailtools-2.22-1  perl-timedate-2.35-1  cmake-4.4.2-1  gcc-16.2.0-6  git-2.55.0-1  nlohmann-json-3.12.0-2

Total Download Size:   113.45 MiB
Total Installed Size:  440.24 MiB

:: Proceed with installation? [Y/n] 
:: Retrieving packages...
 gcc-16.2.0-6-x86_64 downloading...
 cmake-4.4.2-1-x86_64 downloading...
 git-2.55.0-1-x86_64 downloading...
 nlohmann-json-3.12.0-2-any downloading...
 mpc-1.4.1-1-x86_64 downloading...
 perl-mailtools-2.22-1-any downloading...
 perl-timedate-2.35-1-any downloading...
 perl-error-0.17030-1-any downloading...
checking keyring...
checking package integrity...
loading package files...
checking for file conflicts...
:: Processing package changes...
installing cmake...
installing mpc...
installing gcc...
Optional dependencies for gcc
    lib32-gcc-runtime: for generating code for the 32-bit ABI
installing perl-error...
installing perl-timedate...
installing perl-mailtools...
installing git...
Optional dependencies for git
    libsecret: git-credential-libsecret credential helper [installed]
installing nlohmann-json...
:: Running post-transaction hooks...
(1/2) Arming ConditionNeedsUpdate...
(2/2) Updating the info directory file...
==> Making package: cppdap 1.58.0-3 (Sun Sep 20 03:12:16 2026)
==> WARNING: Skipping dependency checks.
==> Retrieving sources...
  -> Cloning cppdap git repo...
Cloning into bare repository '/sources/cppdap'...
==> WARNING: Skipping verification of source file PGP signatures.
==> Validating source files with sha256sums...
    cppdap ... Passed
==> Extracting sources...
  -> Creating working copy of cppdap git repo...
Cloning into 'cppdap'...
done.
Switched to a new branch 'makepkg'
==> Starting prepare()...
Auto-merging include/dap/network.h
==> Starting build()...
-- The CXX compiler identification is Clang 23.1.1
-- The C compiler identification is Clang 23.1.1
-- Detecting CXX compiler ABI info
-- Detecting CXX compiler ABI info - done
-- Check for working CXX compiler: /usr/sbin/clang++ - skipped
-- Detecting CXX compile features
-- Detecting CXX compile features - done
-- Detecting C compiler ABI info
-- Detecting C compiler ABI info - done
-- Check for working C compiler: /usr/sbin/clang - skipped
-- Detecting C compile features
-- Detecting C compile features - done
-- Found nlohmann_json: /usr/share/cmake/nlohmann_json/nlohmann_jsonConfig.cmake (found version "3.12.0")
-- Configuring done (1.1s)
-- Generating done (0.0s)
-- Build files have been written to: /home/builder/build/src/build
[ 21%] Building CXX object CMakeFiles/cppdap.dir/src/io.cpp.o
[ 21%] Building CXX object CMakeFiles/cppdap.dir/src/null_json_serializer.cpp.o
[ 21%] Building CXX object CMakeFiles/cppdap.dir/src/nlohmann_json_serializer.cpp.o
[ 28%] Building CXX object CMakeFiles/cppdap.dir/src/content_stream.cpp.o
[ 35%] Building CXX object CMakeFiles/cppdap.dir/src/socket.cpp.o
[ 42%] Building CXX object CMakeFiles/cppdap.dir/src/network.cpp.o
[ 50%] Building CXX object CMakeFiles/cppdap.dir/src/protocol_events.cpp.o
[ 57%] Building CXX object CMakeFiles/cppdap.dir/src/protocol_requests.cpp.o
[ 64%] Building CXX object CMakeFiles/cppdap.dir/src/protocol_response.cpp.o
[ 78%] Building CXX object CMakeFiles/cppdap.dir/src/protocol_types.cpp.o
[ 78%] Building CXX object CMakeFiles/cppdap.dir/src/session.cpp.o
[ 92%] Building CXX object CMakeFiles/cppdap.dir/src/typeinfo.cpp.o
[ 92%] Building CXX object CMakeFiles/cppdap.dir/src/typeof.cpp.o
[100%] Linking CXX shared library libcppdap.so
[100%] Built target cppdap
==> Entering fakeroot environment...
==> Starting package()...
-- Install configuration: ""
-- Installing: /home/builder/build/pkg/cppdap/usr/lib/libcppdap.so
-- Installing: /home/builder/build/pkg/cppdap/usr/lib/cmake/cppdap/cppdap-targets.cmake
-- Installing: /home/builder/build/pkg/cppdap/usr/lib/cmake/cppdap/cppdap-targets-noconfig.cmake
-- Installing: /home/builder/build/pkg/cppdap/usr/include/dap
-- Installing: /home/builder/build/pkg/cppdap/usr/include/dap/any.h
-- Installing: /home/builder/build/pkg/cppdap/usr/include/dap/dap.h
-- Installing: /home/builder/build/pkg/cppdap/usr/include/dap/future.h
-- Installing: /home/builder/build/pkg/cppdap/usr/include/dap/io.h
-- Installing: /home/builder/build/pkg/cppdap/usr/include/dap/optional.h
-- Installing: /home/builder/build/pkg/cppdap/usr/include/dap/serialization.h
-- Installing: /home/builder/build/pkg/cppdap/usr/include/dap/traits.h
-- Installing: /home/builder/build/pkg/cppdap/usr/include/dap/typeinfo.h
-- Installing: /home/builder/build/pkg/cppdap/usr/include/dap/types.h
-- Installing: /home/builder/build/pkg/cppdap/usr/include/dap/variant.h
-- Installing: /home/builder/build/pkg/cppdap/usr/include/dap/protocol.h
-- Installing: /home/builder/build/pkg/cppdap/usr/include/dap/session.h
-- Installing: /home/builder/build/pkg/cppdap/usr/include/dap/typeof.h
-- Installing: /home/builder/build/pkg/cppdap/usr/include/dap/network.h
-- Installing: /home/builder/build/pkg/cppdap/usr/lib/cmake/cppdap/cppdapConfigVersion.cmake
-- Installing: /home/builder/build/pkg/cppdap/usr/lib/cmake/cppdap/cppdapConfig.cmake
==> Tidying install...
  -> Removing libtool files...
  -> Removing static library files...
  -> Purging unwanted files...
  -> Stripping unneeded symbols from binaries and libraries...
==> Checking for packaging issues...
==> WARNING: Package contains reference to $srcdir
usr/lib/libcppdap.so
==> Creating package "cppdap"...
  -> Generating .PKGINFO file...
warning: Public keyring not found; have you run 'pacman-key --init'?
error: kashira-v3: key "E4DF524F75FE51DD5FB0C7BA1925D86CD662878E" is unknown
error: keyring is not writable
warning: base: unknown key '%INSTALLED_DB%' in local database
warning: base-devel: unknown key '%INSTALLED_DB%' in local database
warning: Public keyring not found; have you run 'pacman-key --init'?
error: kashira-v3: key "E4DF524F75FE51DD5FB0C7BA1925D86CD662878E" is unknown
error: keyring is not writable
warning: base: unknown key '%INSTALLED_DB%' in local database
warning: base-devel: unknown key '%INSTALLED_DB%' in local database
  -> Generating .BUILDINFO file...
warning: Public keyring not found; have you run 'pacman-key --init'?
error: kashira-v3: key "E4DF524F75FE51DD5FB0C7BA1925D86CD662878E" is unknown
error: keyring is not writable
warning: base: unknown key '%INSTALLED_DB%' in local database
warning: base-devel: unknown key '%INSTALLED_DB%' in local database
  -> Generating .MTREE file...
  -> Compressing package...
==> Leaving fakeroot environment.
==> Finished making: cppdap 1.58.0-3 (Sun Sep 20 03:12:40 2026)
