== build cracklib (deps: glibc zlib )
warning: glibc-2.44-2 is up to date -- skipping
warning: zlib-ng-2.3.3-1 is up to date -- skipping
 there is nothing to do
==> Making package: cracklib 2.10.3-1 (Sun Sep 20 04:47:42 2026)
==> WARNING: Skipping dependency checks.
==> Retrieving sources...
  -> Downloading cracklib-2.10.3.tar.gz...
  % Total    % Received % Xferd  Average Speed  Time    Time    Time   Current
                                 Dload  Upload  Total   Spent   Left   Speed
  0      0   0      0   0      0      0      0                              0  0      0   0      0   0      0      0      0                              0  0      0   0      0   0      0      0      0                              0
  0      0   0      0   0      0      0      0                              0 89 676.4k  89 606.7k   0      0 404.9k      0   00:01   00:01         606.4k100 676.4k 100 676.4k   0      0 430.3k      0   00:01   00:01         606.4k100 676.4k 100 676.4k   0      0 430.2k      0   00:01   00:01         606.4k100 676.4k 100 676.4k   0      0 430.2k      0   00:01   00:01         606.4k
  -> Downloading cracklib-2.10.3.tar.gz.asc...
  % Total    % Received % Xferd  Average Speed  Time    Time    Time   Current
                                 Dload  Upload  Total   Spent   Left   Speed
  0      0   0      0   0      0      0      0                              0  0      0   0      0   0      0      0      0                              0  0      0   0      0   0      0      0      0                              0
  0      0   0      0   0      0      0      0                              0100    228 100    228   0      0    229      0                              0100    228 100    228   0      0    229      0                              0100    228 100    228   0      0    229      0                              0
==> WARNING: Skipping verification of source file PGP signatures.
==> Validating source files with b2sums...
    cracklib-2.10.3.tar.gz ... Passed
    cracklib-2.10.3.tar.gz.asc ... Skipped
==> Extracting sources...
  -> Extracting cracklib-2.10.3.tar.gz with bsdtar
==> Starting build()...
checking for a BSD-compatible install... /usr/bin/install -c
checking whether build environment is sane... yes
checking for a race-free mkdir -p... /usr/sbin/mkdir -p
checking for gawk... gawk
checking whether make sets $(MAKE)... yes
checking whether make supports nested variables... yes
checking build system type... x86_64-pc-linux-gnu
checking host system type... x86_64-pc-linux-gnu
checking how to print strings... printf
checking whether make supports the include directive... yes (GNU style)
checking for gcc... clang
checking whether the C compiler works... yes
checking for C compiler default output file name... a.out
checking for suffix of executables... 
checking whether we are cross compiling... no
checking for suffix of object files... o
checking whether the compiler supports GNU C... yes
checking whether clang accepts -g... yes
checking for clang option to enable C11 features... none needed
checking whether clang understands -c and -o together... yes
checking dependency style of clang... gcc3
checking for a sed that does not truncate output... /usr/sbin/sed
checking for grep that handles long lines and -e... /usr/sbin/grep
checking for egrep... /usr/sbin/grep -E
checking for fgrep... /usr/sbin/grep -F
checking for ld used by clang... ld.lld
checking if the linker (ld.lld) is GNU ld... yes
checking for BSD- or MS-compatible name lister (nm)... llvm-nm
checking the name lister (llvm-nm) interface... BSD nm
checking whether ln -s works... yes
checking the maximum length of command line arguments... 1572864
checking how to convert x86_64-pc-linux-gnu file names to x86_64-pc-linux-gnu format... func_convert_file_noop
checking how to convert x86_64-pc-linux-gnu file names to toolchain format... func_convert_file_noop
checking for ld.lld option to reload object files... -r
checking for file... file
checking for objdump... llvm-objdump
checking how to recognize dependent libraries... pass_all
checking for dlltool... dlltool
checking how to associate runtime and link libraries... printf %s\n
checking for archiver @FILE support... @
checking for strip... llvm-strip
checking for ranlib... llvm-ranlib
checking command to parse llvm-nm output from clang object... ok
checking for sysroot... no
checking for a working dd... /usr/sbin/dd
checking how to truncate binary pipes... /usr/sbin/dd bs=4096 count=1
checking for mt... no
checking if : is a manifest tool... no
checking for stdio.h... yes
checking for stdlib.h... yes
checking for string.h... yes
checking for inttypes.h... yes
checking for stdint.h... yes
checking for strings.h... yes
checking for sys/stat.h... yes
checking for sys/types.h... yes
checking for unistd.h... yes
checking for dlfcn.h... yes
checking for objdir... .libs
checking if clang supports -fno-rtti -fno-exceptions... yes
checking for clang option to produce PIC... -fPIC -DPIC
checking if clang PIC flag -fPIC -DPIC works... yes
checking if clang static flag -static works... yes
checking if clang supports -c -o file.o... yes
checking if clang supports -c -o file.o... (cached) yes
checking whether the clang linker (ld.lld -m elf_x86_64) supports shared libraries... yes
checking whether -lc should be explicitly linked in... no
checking dynamic linker characteristics... GNU/Linux ld.so
checking how to hardcode library paths into programs... immediate
checking whether stripping libraries is possible... yes
checking if libtool supports shared libraries... yes
checking whether to build shared libraries... yes
checking whether to build static libraries... yes
checking for gcc... (cached) clang
checking whether the compiler supports GNU C... (cached) yes
checking whether clang accepts -g... (cached) yes
checking for clang option to enable C11 features... (cached) none needed
checking whether clang understands -c and -o together... (cached) yes
checking dependency style of clang... (cached) gcc3
checking how to run the C preprocessor... clang-cpp
checking whether ln -s works... yes
checking whether make sets $(MAKE)... (cached) yes
checking for unistd.h... (cached) yes
checking for fcntl.h... yes
checking for inttypes.h... (cached) yes
checking for stdint.h... (cached) yes
checking for pthread.h... yes
checking for endian.h... yes
checking for zlib.h... yes
checking for library containing gzopen... -lz
checking if LINE_MAX is defined... yes
checking for an ANSI C-conforming const... yes
checking for strdup... yes
checking for getpwuid_r... yes
checking whether NLS is requested... yes
checking for msgfmt... /usr/sbin/msgfmt
checking for gmsgfmt... /usr/sbin/msgfmt
checking for xgettext... /usr/sbin/xgettext
checking for msgmerge... /usr/sbin/msgmerge
checking for ld... ld.lld -m elf_x86_64
checking if the linker (ld.lld -m elf_x86_64) is GNU ld... yes
checking for shared library run path origin... done
checking 32-bit host C ABI... no
checking for ELF binary format... yes
checking for the common suffixes of directories in the library search path... lib,lib,lib64
checking for CFPreferencesCopyAppValue... no
checking for CFLocaleCopyPreferredLanguages... no
checking for GNU gettext in libc... yes
checking whether to use NLS... yes
checking where the gettext function comes from... libc
checking default dict filename... $(pkgdatadir)/pw_dict
checking that generated files are newer than configure... done
configure: creating ./config.status
config.status: creating util/Makefile
config.status: creating lib/Makefile
config.status: creating doc/Makefile
config.status: creating python/Makefile
config.status: creating Makefile
config.status: creating python/setup.py
config.status: creating po/Makefile.in
config.status: creating dicts/Makefile
config.status: creating cracklib.spec
config.status: creating config.h
config.status: executing depfiles commands
config.status: executing libtool commands
config.status: executing po-directories commands
config.status: creating po/POTFILES
config.status: creating po/Makefile
make  all-recursive
make[1]: Entering directory '/home/builder/build/src/cracklib-2.10.3'
Making all in lib
make[2]: Entering directory '/home/builder/build/src/cracklib-2.10.3/lib'
/bin/sh ../libtool  --tag=CC   --mode=compile clang -DHAVE_CONFIG_H -I. -I..  -I. -I.. -I../lib -DIN_CRACKLIB '-DDEFAULT_CRACKLIB_DICT="/usr/share/cracklib/pw_dict"' -Wall   -march=x86-64-v3 -O2 -pipe -fno-plt -fexceptions         -Wp,-D_FORTIFY_SOURCE=3 -fstack-clash-protection -fcf-protection -MT fascist.lo -MD -MP -MF .deps/fascist.Tpo -c -o fascist.lo fascist.c
/bin/sh ../libtool  --tag=CC   --mode=compile clang -DHAVE_CONFIG_H -I. -I..  -I. -I.. -I../lib -DIN_CRACKLIB '-DDEFAULT_CRACKLIB_DICT="/usr/share/cracklib/pw_dict"' -Wall   -march=x86-64-v3 -O2 -pipe -fno-plt -fexceptions         -Wp,-D_FORTIFY_SOURCE=3 -fstack-clash-protection -fcf-protection -MT packlib.lo -MD -MP -MF .deps/packlib.Tpo -c -o packlib.lo packlib.c
/bin/sh ../libtool  --tag=CC   --mode=compile clang -DHAVE_CONFIG_H -I. -I..  -I. -I.. -I../lib -DIN_CRACKLIB '-DDEFAULT_CRACKLIB_DICT="/usr/share/cracklib/pw_dict"' -Wall   -march=x86-64-v3 -O2 -pipe -fno-plt -fexceptions         -Wp,-D_FORTIFY_SOURCE=3 -fstack-clash-protection -fcf-protection -MT rules.lo -MD -MP -MF .deps/rules.Tpo -c -o rules.lo rules.c
/bin/sh ../libtool  --tag=CC   --mode=compile clang -DHAVE_CONFIG_H -I. -I..  -I. -I.. -I../lib -DIN_CRACKLIB '-DDEFAULT_CRACKLIB_DICT="/usr/share/cracklib/pw_dict"' -Wall   -march=x86-64-v3 -O2 -pipe -fno-plt -fexceptions         -Wp,-D_FORTIFY_SOURCE=3 -fstack-clash-protection -fcf-protection -MT stringlib.lo -MD -MP -MF .deps/stringlib.Tpo -c -o stringlib.lo stringlib.c
libtool: compile:  clang -DHAVE_CONFIG_H -I. -I.. -I. -I.. -I../lib -DIN_CRACKLIB -DDEFAULT_CRACKLIB_DICT=\"/usr/share/cracklib/pw_dict\" -Wall -march=x86-64-v3 -O2 -pipe -fno-plt -fexceptions -Wp,-D_FORTIFY_SOURCE=3 -fstack-clash-protection -fcf-protection -MT packlib.lo -MD -MP -MF .deps/packlib.Tpo -c packlib.c  -fPIC -DPIC -o .libs/packlib.o
libtool: compile:  clang -DHAVE_CONFIG_H -I. -I.. -I. -I.. -I../lib -DIN_CRACKLIB -DDEFAULT_CRACKLIB_DICT=\"/usr/share/cracklib/pw_dict\" -Wall -march=x86-64-v3 -O2 -pipe -fno-plt -fexceptions -Wp,-D_FORTIFY_SOURCE=3 -fstack-clash-protection -fcf-protection -MT stringlib.lo -MD -MP -MF .deps/stringlib.Tpo -c stringlib.c  -fPIC -DPIC -o .libs/stringlib.o
libtool: compile:  clang -DHAVE_CONFIG_H -I. -I.. -I. -I.. -I../lib -DIN_CRACKLIB -DDEFAULT_CRACKLIB_DICT=\"/usr/share/cracklib/pw_dict\" -Wall -march=x86-64-v3 -O2 -pipe -fno-plt -fexceptions -Wp,-D_FORTIFY_SOURCE=3 -fstack-clash-protection -fcf-protection -MT rules.lo -MD -MP -MF .deps/rules.Tpo -c rules.c  -fPIC -DPIC -o .libs/rules.o
libtool: compile:  clang -DHAVE_CONFIG_H -I. -I.. -I. -I.. -I../lib -DIN_CRACKLIB -DDEFAULT_CRACKLIB_DICT=\"/usr/share/cracklib/pw_dict\" -Wall -march=x86-64-v3 -O2 -pipe -fno-plt -fexceptions -Wp,-D_FORTIFY_SOURCE=3 -fstack-clash-protection -fcf-protection -MT fascist.lo -MD -MP -MF .deps/fascist.Tpo -c fascist.c  -fPIC -DPIC -o .libs/fascist.o
libtool: compile:  clang -DHAVE_CONFIG_H -I. -I.. -I. -I.. -I../lib -DIN_CRACKLIB -DDEFAULT_CRACKLIB_DICT=\"/usr/share/cracklib/pw_dict\" -Wall -march=x86-64-v3 -O2 -pipe -fno-plt -fexceptions -Wp,-D_FORTIFY_SOURCE=3 -fstack-clash-protection -fcf-protection -MT stringlib.lo -MD -MP -MF .deps/stringlib.Tpo -c stringlib.c -o stringlib.o >/dev/null 2>&1
mv -f .deps/stringlib.Tpo .deps/stringlib.Plo
libtool: compile:  clang -DHAVE_CONFIG_H -I. -I.. -I. -I.. -I../lib -DIN_CRACKLIB -DDEFAULT_CRACKLIB_DICT=\"/usr/share/cracklib/pw_dict\" -Wall -march=x86-64-v3 -O2 -pipe -fno-plt -fexceptions -Wp,-D_FORTIFY_SOURCE=3 -fstack-clash-protection -fcf-protection -MT fascist.lo -MD -MP -MF .deps/fascist.Tpo -c fascist.c -o fascist.o >/dev/null 2>&1
libtool: compile:  clang -DHAVE_CONFIG_H -I. -I.. -I. -I.. -I../lib -DIN_CRACKLIB -DDEFAULT_CRACKLIB_DICT=\"/usr/share/cracklib/pw_dict\" -Wall -march=x86-64-v3 -O2 -pipe -fno-plt -fexceptions -Wp,-D_FORTIFY_SOURCE=3 -fstack-clash-protection -fcf-protection -MT packlib.lo -MD -MP -MF .deps/packlib.Tpo -c packlib.c -o packlib.o >/dev/null 2>&1
libtool: compile:  clang -DHAVE_CONFIG_H -I. -I.. -I. -I.. -I../lib -DIN_CRACKLIB -DDEFAULT_CRACKLIB_DICT=\"/usr/share/cracklib/pw_dict\" -Wall -march=x86-64-v3 -O2 -pipe -fno-plt -fexceptions -Wp,-D_FORTIFY_SOURCE=3 -fstack-clash-protection -fcf-protection -MT rules.lo -MD -MP -MF .deps/rules.Tpo -c rules.c -o rules.o >/dev/null 2>&1
mv -f .deps/fascist.Tpo .deps/fascist.Plo
mv -f .deps/packlib.Tpo .deps/packlib.Plo
mv -f .deps/rules.Tpo .deps/rules.Plo
/bin/sh ../libtool  --tag=CC   --mode=link clang  -march=x86-64-v3 -O2 -pipe -fno-plt -fexceptions         -Wp,-D_FORTIFY_SOURCE=3 -fstack-clash-protection -fcf-protection -version-info 11:0:9 -Wl,-O1 -Wl,--sort-common -Wl,--as-needed -Wl,-z,relro -Wl,-z,now -Wl,--undefined-version -Wl,--hash-style=gnu -Wl,--compress-debug-sections=zstd -o libcrack.la -rpath /usr/lib fascist.lo packlib.lo rules.lo stringlib.lo  -lz 
libtool: link: clang -shared  -fPIC -DPIC  .libs/fascist.o .libs/packlib.o .libs/rules.o .libs/stringlib.o   -lz  -march=x86-64-v3 -O2 -Wl,-O1 -Wl,--sort-common -Wl,--as-needed -Wl,-z -Wl,relro -Wl,-z -Wl,now -Wl,--undefined-version -Wl,--hash-style=gnu -Wl,--compress-debug-sections=zstd   -Wl,-soname -Wl,libcrack.so.2 -o .libs/libcrack.so.2.9.0
libtool: link: (cd ".libs" && rm -f "libcrack.so.2" && ln -s "libcrack.so.2.9.0" "libcrack.so.2")
libtool: link: (cd ".libs" && rm -f "libcrack.so" && ln -s "libcrack.so.2.9.0" "libcrack.so")
libtool: link: llvm-ar cr .libs/libcrack.a  fascist.o packlib.o rules.o stringlib.o
libtool: link: llvm-ranlib .libs/libcrack.a
libtool: link: ( cd ".libs" && rm -f "libcrack.la" && ln -s "../libcrack.la" "libcrack.la" )
make[2]: Leaving directory '/home/builder/build/src/cracklib-2.10.3/lib'
Making all in util
make[2]: Entering directory '/home/builder/build/src/cracklib-2.10.3/util'
clang -DHAVE_CONFIG_H -I. -I..  -I. -I.. -I../lib '-DDEFAULT_CRACKLIB_DICT="/usr/share/cracklib/pw_dict"' '-DLOCALEDIR="/usr/share/locale"' -Wall   -march=x86-64-v3 -O2 -pipe -fno-plt -fexceptions         -Wp,-D_FORTIFY_SOURCE=3 -fstack-clash-protection -fcf-protection -MT packer.o -MD -MP -MF .deps/packer.Tpo -c -o packer.o packer.c
clang -DHAVE_CONFIG_H -I. -I..  -I. -I.. -I../lib '-DDEFAULT_CRACKLIB_DICT="/usr/share/cracklib/pw_dict"' '-DLOCALEDIR="/usr/share/locale"' -Wall   -march=x86-64-v3 -O2 -pipe -fno-plt -fexceptions         -Wp,-D_FORTIFY_SOURCE=3 -fstack-clash-protection -fcf-protection -MT unpacker.o -MD -MP -MF .deps/unpacker.Tpo -c -o unpacker.o unpacker.c
clang -DHAVE_CONFIG_H -I. -I..  -I. -I.. -I../lib '-DDEFAULT_CRACKLIB_DICT="/usr/share/cracklib/pw_dict"' '-DLOCALEDIR="/usr/share/locale"' -Wall   -march=x86-64-v3 -O2 -pipe -fno-plt -fexceptions         -Wp,-D_FORTIFY_SOURCE=3 -fstack-clash-protection -fcf-protection -MT check.o -MD -MP -MF .deps/check.Tpo -c -o check.o check.c
mv -f .deps/unpacker.Tpo .deps/unpacker.Po
/bin/sh ../libtool  --tag=CC   --mode=link clang  -march=x86-64-v3 -O2 -pipe -fno-plt -fexceptions         -Wp,-D_FORTIFY_SOURCE=3 -fstack-clash-protection -fcf-protection  -Wl,-O1 -Wl,--sort-common -Wl,--as-needed -Wl,-z,relro -Wl,-z,now -Wl,--undefined-version -Wl,--hash-style=gnu -Wl,--compress-debug-sections=zstd -o cracklib-unpacker unpacker.o ../lib/libcrack.la -lz 
mv -f .deps/packer.Tpo .deps/packer.Po
mv -f .deps/check.Tpo .deps/check.Po
/bin/sh ../libtool  --tag=CC   --mode=link clang  -march=x86-64-v3 -O2 -pipe -fno-plt -fexceptions         -Wp,-D_FORTIFY_SOURCE=3 -fstack-clash-protection -fcf-protection  -Wl,-O1 -Wl,--sort-common -Wl,--as-needed -Wl,-z,relro -Wl,-z,now -Wl,--undefined-version -Wl,--hash-style=gnu -Wl,--compress-debug-sections=zstd -o cracklib-packer packer.o ../lib/libcrack.la -lz 
/bin/sh ../libtool  --tag=CC   --mode=link clang  -march=x86-64-v3 -O2 -pipe -fno-plt -fexceptions         -Wp,-D_FORTIFY_SOURCE=3 -fstack-clash-protection -fcf-protection  -Wl,-O1 -Wl,--sort-common -Wl,--as-needed -Wl,-z,relro -Wl,-z,now -Wl,--undefined-version -Wl,--hash-style=gnu -Wl,--compress-debug-sections=zstd -o cracklib-check check.o ../lib/libcrack.la  -lz 
libtool: link: clang -march=x86-64-v3 -O2 -pipe -fno-plt -fexceptions -Wp,-D_FORTIFY_SOURCE=3 -fstack-clash-protection -fcf-protection -Wl,-O1 -Wl,--sort-common -Wl,--as-needed -Wl,-z -Wl,relro -Wl,-z -Wl,now -Wl,--undefined-version -Wl,--hash-style=gnu -Wl,--compress-debug-sections=zstd -o .libs/cracklib-unpacker unpacker.o  ../lib/.libs/libcrack.so -lz
libtool: link: clang -march=x86-64-v3 -O2 -pipe -fno-plt -fexceptions -Wp,-D_FORTIFY_SOURCE=3 -fstack-clash-protection -fcf-protection -Wl,-O1 -Wl,--sort-common -Wl,--as-needed -Wl,-z -Wl,relro -Wl,-z -Wl,now -Wl,--undefined-version -Wl,--hash-style=gnu -Wl,--compress-debug-sections=zstd -o .libs/cracklib-packer packer.o  ../lib/.libs/libcrack.so -lz
libtool: link: clang -march=x86-64-v3 -O2 -pipe -fno-plt -fexceptions -Wp,-D_FORTIFY_SOURCE=3 -fstack-clash-protection -fcf-protection -Wl,-O1 -Wl,--sort-common -Wl,--as-needed -Wl,-z -Wl,relro -Wl,-z -Wl,now -Wl,--undefined-version -Wl,--hash-style=gnu -Wl,--compress-debug-sections=zstd -o .libs/cracklib-check check.o  ../lib/.libs/libcrack.so -lz
make[2]: Leaving directory '/home/builder/build/src/cracklib-2.10.3/util'
Making all in po
make[2]: Entering directory '/home/builder/build/src/cracklib-2.10.3/po'
make[2]: Nothing to be done for 'all'.
make[2]: Leaving directory '/home/builder/build/src/cracklib-2.10.3/po'
Making all in doc
make[2]: Entering directory '/home/builder/build/src/cracklib-2.10.3/doc'
make[2]: Nothing to be done for 'all'.
make[2]: Leaving directory '/home/builder/build/src/cracklib-2.10.3/doc'
Making all in python
make[2]: Entering directory '/home/builder/build/src/cracklib-2.10.3/python'
make[2]: Nothing to be done for 'all'.
make[2]: Leaving directory '/home/builder/build/src/cracklib-2.10.3/python'
Making all in dicts
make[2]: Entering directory '/home/builder/build/src/cracklib-2.10.3/dicts'
make[2]: Nothing to be done for 'all'.
make[2]: Leaving directory '/home/builder/build/src/cracklib-2.10.3/dicts'
make[2]: Entering directory '/home/builder/build/src/cracklib-2.10.3'
make[2]: Leaving directory '/home/builder/build/src/cracklib-2.10.3'
make[1]: Leaving directory '/home/builder/build/src/cracklib-2.10.3'
==> Entering fakeroot environment...
==> Starting package()...
Making install in lib
make[1]: Entering directory '/home/builder/build/src/cracklib-2.10.3/lib'
make[2]: Entering directory '/home/builder/build/src/cracklib-2.10.3/lib'
 /usr/sbin/mkdir -p '/home/builder/build/pkg/cracklib/usr/lib'
 /usr/sbin/mkdir -p '/home/builder/build/pkg/cracklib/usr/include'
 /bin/sh ../libtool   --mode=install /usr/bin/install -c   libcrack.la '/home/builder/build/pkg/cracklib/usr/lib'
 /usr/bin/install -c -m 644 crack.h packer.h '/home/builder/build/pkg/cracklib/usr/include'
libtool: install: /usr/bin/install -c .libs/libcrack.so.2.9.0 /home/builder/build/pkg/cracklib/usr/lib/libcrack.so.2.9.0
libtool: install: (cd /home/builder/build/pkg/cracklib/usr/lib && { ln -s -f libcrack.so.2.9.0 libcrack.so.2 || { rm -f libcrack.so.2 && ln -s libcrack.so.2.9.0 libcrack.so.2; }; })
libtool: install: (cd /home/builder/build/pkg/cracklib/usr/lib && { ln -s -f libcrack.so.2.9.0 libcrack.so || { rm -f libcrack.so && ln -s libcrack.so.2.9.0 libcrack.so; }; })
libtool: install: /usr/bin/install -c .libs/libcrack.lai /home/builder/build/pkg/cracklib/usr/lib/libcrack.la
libtool: install: /usr/bin/install -c .libs/libcrack.a /home/builder/build/pkg/cracklib/usr/lib/libcrack.a
libtool: install: chmod 644 /home/builder/build/pkg/cracklib/usr/lib/libcrack.a
libtool: install: llvm-ranlib /home/builder/build/pkg/cracklib/usr/lib/libcrack.a
libtool: warning: remember to run 'libtool --finish /usr/lib'
make[2]: Leaving directory '/home/builder/build/src/cracklib-2.10.3/lib'
make[1]: Leaving directory '/home/builder/build/src/cracklib-2.10.3/lib'
Making install in util
make[1]: Entering directory '/home/builder/build/src/cracklib-2.10.3/util'
make[2]: Entering directory '/home/builder/build/src/cracklib-2.10.3/util'
 /usr/sbin/mkdir -p '/home/builder/build/pkg/cracklib/usr/bin'
make[2]: Nothing to be done for 'install-data-am'.
 /usr/sbin/mkdir -p '/home/builder/build/pkg/cracklib/usr/bin'
 /usr/sbin/mkdir -p '/home/builder/build/pkg/cracklib/usr/bin'
 /usr/bin/install -c create-cracklib-dict cracklib-format '/home/builder/build/pkg/cracklib/usr/bin'
 /usr/bin/install -c cracklib-update '/home/builder/build/pkg/cracklib/usr/bin'
  /bin/sh ../libtool   --mode=install /usr/bin/install -c cracklib-packer cracklib-unpacker cracklib-check '/home/builder/build/pkg/cracklib/usr/bin'
libtool: warning: '../lib/libcrack.la' has not been installed in '/usr/lib'
libtool: install: /usr/bin/install -c .libs/cracklib-packer /home/builder/build/pkg/cracklib/usr/bin/cracklib-packer
libtool: warning: '../lib/libcrack.la' has not been installed in '/usr/lib'
libtool: install: /usr/bin/install -c .libs/cracklib-unpacker /home/builder/build/pkg/cracklib/usr/bin/cracklib-unpacker
libtool: warning: '../lib/libcrack.la' has not been installed in '/usr/lib'
libtool: install: /usr/bin/install -c .libs/cracklib-check /home/builder/build/pkg/cracklib/usr/bin/cracklib-check
make[2]: Leaving directory '/home/builder/build/src/cracklib-2.10.3/util'
make[1]: Leaving directory '/home/builder/build/src/cracklib-2.10.3/util'
Making install in po
make[1]: Entering directory '/home/builder/build/src/cracklib-2.10.3/po'
installing as.gmo as /home/builder/build/pkg/cracklib/usr/share/locale/as/LC_MESSAGES/cracklib.mo
installing be.gmo as /home/builder/build/pkg/cracklib/usr/share/locale/be/LC_MESSAGES/cracklib.mo
installing bn_IN.gmo as /home/builder/build/pkg/cracklib/usr/share/locale/bn_IN/LC_MESSAGES/cracklib.mo
installing ca.gmo as /home/builder/build/pkg/cracklib/usr/share/locale/ca/LC_MESSAGES/cracklib.mo
installing cs.gmo as /home/builder/build/pkg/cracklib/usr/share/locale/cs/LC_MESSAGES/cracklib.mo
installing da.gmo as /home/builder/build/pkg/cracklib/usr/share/locale/da/LC_MESSAGES/cracklib.mo
installing de.gmo as /home/builder/build/pkg/cracklib/usr/share/locale/de/LC_MESSAGES/cracklib.mo
installing el.gmo as /home/builder/build/pkg/cracklib/usr/share/locale/el/LC_MESSAGES/cracklib.mo
installing es.gmo as /home/builder/build/pkg/cracklib/usr/share/locale/es/LC_MESSAGES/cracklib.mo
installing eu.gmo as /home/builder/build/pkg/cracklib/usr/share/locale/eu/LC_MESSAGES/cracklib.mo
installing fi.gmo as /home/builder/build/pkg/cracklib/usr/share/locale/fi/LC_MESSAGES/cracklib.mo
installing fr.gmo as /home/builder/build/pkg/cracklib/usr/share/locale/fr/LC_MESSAGES/cracklib.mo
installing fur.gmo as /home/builder/build/pkg/cracklib/usr/share/locale/fur/LC_MESSAGES/cracklib.mo
installing gu.gmo as /home/builder/build/pkg/cracklib/usr/share/locale/gu/LC_MESSAGES/cracklib.mo
installing he.gmo as /home/builder/build/pkg/cracklib/usr/share/locale/he/LC_MESSAGES/cracklib.mo
installing hi.gmo as /home/builder/build/pkg/cracklib/usr/share/locale/hi/LC_MESSAGES/cracklib.mo
installing hu.gmo as /home/builder/build/pkg/cracklib/usr/share/locale/hu/LC_MESSAGES/cracklib.mo
installing id.gmo as /home/builder/build/pkg/cracklib/usr/share/locale/id/LC_MESSAGES/cracklib.mo
installing it.gmo as /home/builder/build/pkg/cracklib/usr/share/locale/it/LC_MESSAGES/cracklib.mo
installing ja.gmo as /home/builder/build/pkg/cracklib/usr/share/locale/ja/LC_MESSAGES/cracklib.mo
installing ka.gmo as /home/builder/build/pkg/cracklib/usr/share/locale/ka/LC_MESSAGES/cracklib.mo
installing kk.gmo as /home/builder/build/pkg/cracklib/usr/share/locale/kk/LC_MESSAGES/cracklib.mo
installing kn.gmo as /home/builder/build/pkg/cracklib/usr/share/locale/kn/LC_MESSAGES/cracklib.mo
installing ko.gmo as /home/builder/build/pkg/cracklib/usr/share/locale/ko/LC_MESSAGES/cracklib.mo
installing lt.gmo as /home/builder/build/pkg/cracklib/usr/share/locale/lt/LC_MESSAGES/cracklib.mo
installing ml.gmo as /home/builder/build/pkg/cracklib/usr/share/locale/ml/LC_MESSAGES/cracklib.mo
installing mr.gmo as /home/builder/build/pkg/cracklib/usr/share/locale/mr/LC_MESSAGES/cracklib.mo
installing nb.gmo as /home/builder/build/pkg/cracklib/usr/share/locale/nb/LC_MESSAGES/cracklib.mo
installing nl.gmo as /home/builder/build/pkg/cracklib/usr/share/locale/nl/LC_MESSAGES/cracklib.mo
installing or.gmo as /home/builder/build/pkg/cracklib/usr/share/locale/or/LC_MESSAGES/cracklib.mo
installing pa.gmo as /home/builder/build/pkg/cracklib/usr/share/locale/pa/LC_MESSAGES/cracklib.mo
installing pl.gmo as /home/builder/build/pkg/cracklib/usr/share/locale/pl/LC_MESSAGES/cracklib.mo
installing pt.gmo as /home/builder/build/pkg/cracklib/usr/share/locale/pt/LC_MESSAGES/cracklib.mo
installing pt_BR.gmo as /home/builder/build/pkg/cracklib/usr/share/locale/pt_BR/LC_MESSAGES/cracklib.mo
installing ro.gmo as /home/builder/build/pkg/cracklib/usr/share/locale/ro/LC_MESSAGES/cracklib.mo
installing ru.gmo as /home/builder/build/pkg/cracklib/usr/share/locale/ru/LC_MESSAGES/cracklib.mo
installing si.gmo as /home/builder/build/pkg/cracklib/usr/share/locale/si/LC_MESSAGES/cracklib.mo
installing sk.gmo as /home/builder/build/pkg/cracklib/usr/share/locale/sk/LC_MESSAGES/cracklib.mo
installing sl.gmo as /home/builder/build/pkg/cracklib/usr/share/locale/sl/LC_MESSAGES/cracklib.mo
installing sq.gmo as /home/builder/build/pkg/cracklib/usr/share/locale/sq/LC_MESSAGES/cracklib.mo
installing sv.gmo as /home/builder/build/pkg/cracklib/usr/share/locale/sv/LC_MESSAGES/cracklib.mo
installing ta.gmo as /home/builder/build/pkg/cracklib/usr/share/locale/ta/LC_MESSAGES/cracklib.mo
installing te.gmo as /home/builder/build/pkg/cracklib/usr/share/locale/te/LC_MESSAGES/cracklib.mo
installing tr.gmo as /home/builder/build/pkg/cracklib/usr/share/locale/tr/LC_MESSAGES/cracklib.mo
installing uk.gmo as /home/builder/build/pkg/cracklib/usr/share/locale/uk/LC_MESSAGES/cracklib.mo
installing zh_CN.gmo as /home/builder/build/pkg/cracklib/usr/share/locale/zh_CN/LC_MESSAGES/cracklib.mo
installing zh_TW.gmo as /home/builder/build/pkg/cracklib/usr/share/locale/zh_TW/LC_MESSAGES/cracklib.mo
if test "cracklib" = "gettext-tools"; then \
  /usr/sbin/mkdir -p /home/builder/build/pkg/cracklib/usr/share/gettext/po; \
  for file in Makefile.in.in remove-potcdate.sin quot.sed boldquot.sed en@quot.header en@boldquot.header insert-header.sin Rules-quot   Makevars.template; do \
    /usr/bin/install -c -m 644 ./$file \
		    /home/builder/build/pkg/cracklib/usr/share/gettext/po/$file; \
  done; \
  for file in Makevars; do \
    rm -f /home/builder/build/pkg/cracklib/usr/share/gettext/po/$file; \
  done; \
else \
  : ; \
fi
make[1]: Leaving directory '/home/builder/build/src/cracklib-2.10.3/po'
Making install in doc
make[1]: Entering directory '/home/builder/build/src/cracklib-2.10.3/doc'
make[2]: Entering directory '/home/builder/build/src/cracklib-2.10.3/doc'
make[2]: Nothing to be done for 'install-exec-am'.
 /usr/sbin/mkdir -p '/home/builder/build/pkg/cracklib/usr/share/cracklib'
 /usr/sbin/mkdir -p '/home/builder/build/pkg/cracklib/usr/share/man/man3'
 /usr/sbin/mkdir -p '/home/builder/build/pkg/cracklib/usr/share/man/man8'
 /usr/bin/install -c -m 644 cracklib.magic '/home/builder/build/pkg/cracklib/usr/share/cracklib'
 /usr/bin/install -c -m 644 FascistCheck.3 '/home/builder/build/pkg/cracklib/usr/share/man/man3'
 /usr/bin/install -c -m 644 cracklib-check.8 cracklib-format.8 cracklib-update.8 create-cracklib-dict.8 '/home/builder/build/pkg/cracklib/usr/share/man/man8'
make[2]: Leaving directory '/home/builder/build/src/cracklib-2.10.3/doc'
make[1]: Leaving directory '/home/builder/build/src/cracklib-2.10.3/doc'
Making install in python
make[1]: Entering directory '/home/builder/build/src/cracklib-2.10.3/python'
make[2]: Entering directory '/home/builder/build/src/cracklib-2.10.3/python'
make[2]: Leaving directory '/home/builder/build/src/cracklib-2.10.3/python'
make[1]: Leaving directory '/home/builder/build/src/cracklib-2.10.3/python'
Making install in dicts
make[1]: Entering directory '/home/builder/build/src/cracklib-2.10.3/dicts'
make[2]: Entering directory '/home/builder/build/src/cracklib-2.10.3/dicts'
make[2]: Nothing to be done for 'install-exec-am'.
 /usr/sbin/mkdir -p '/home/builder/build/pkg/cracklib/usr/share/cracklib'
 /usr/bin/install -c -m 644 cracklib-small '/home/builder/build/pkg/cracklib/usr/share/cracklib'
make[2]: Leaving directory '/home/builder/build/src/cracklib-2.10.3/dicts'
make[1]: Leaving directory '/home/builder/build/src/cracklib-2.10.3/dicts'
make[1]: Entering directory '/home/builder/build/src/cracklib-2.10.3'
make[2]: Entering directory '/home/builder/build/src/cracklib-2.10.3'
make[2]: Nothing to be done for 'install-exec-am'.
make[2]: Nothing to be done for 'install-data-am'.
make[2]: Leaving directory '/home/builder/build/src/cracklib-2.10.3'
make[1]: Leaving directory '/home/builder/build/src/cracklib-2.10.3'
54763 54763
==> Tidying install...
  -> Removing libtool files...
  -> Removing static library files...
  -> Purging unwanted files...
  -> Stripping unneeded symbols from binaries and libraries...
==> Checking for packaging issues...
==> Creating package "cracklib"...
  -> Generating .PKGINFO file...
warning: Public keyring not found; have you run 'pacman-key --init'?
error: kashira-v3: key "E4DF524F75FE51DD5FB0C7BA1925D86CD662878E" is unknown
error: keyring is not writable
warning: base: unknown key '%INSTALLED_DB%' in local database
warning: base-devel: unknown key '%INSTALLED_DB%' in local database
warning: Public keyring not found; have you run 'pacman-key --init'?
error: kashira-v3: key "E4DF524F75FE51DD5FB0C7BA1925D86CD662878E" is unknown
error: keyring is not writable
warning: base: unknown key '%INSTALLED_DB%' in local database
warning: base-devel: unknown key '%INSTALLED_DB%' in local database
warning: Public keyring not found; have you run 'pacman-key --init'?
error: kashira-v3: key "E4DF524F75FE51DD5FB0C7BA1925D86CD662878E" is unknown
error: keyring is not writable
warning: base: unknown key '%INSTALLED_DB%' in local database
warning: base-devel: unknown key '%INSTALLED_DB%' in local database
warning: Public keyring not found; have you run 'pacman-key --init'?
error: kashira-v3: key "E4DF524F75FE51DD5FB0C7BA1925D86CD662878E" is unknown
error: keyring is not writable
warning: base: unknown key '%INSTALLED_DB%' in local database
warning: base-devel: unknown key '%INSTALLED_DB%' in local database
warning: Public keyring not found; have you run 'pacman-key --init'?
error: kashira-v3: key "E4DF524F75FE51DD5FB0C7BA1925D86CD662878E" is unknown
error: keyring is not writable
warning: base: unknown key '%INSTALLED_DB%' in local database
warning: base-devel: unknown key '%INSTALLED_DB%' in local database
  -> Generating .BUILDINFO file...
warning: Public keyring not found; have you run 'pacman-key --init'?
error: kashira-v3: key "E4DF524F75FE51DD5FB0C7BA1925D86CD662878E" is unknown
error: keyring is not writable
warning: base: unknown key '%INSTALLED_DB%' in local database
warning: base-devel: unknown key '%INSTALLED_DB%' in local database
  -> Generating .MTREE file...
  -> Compressing package...
==> Leaving fakeroot environment.
==> Finished making: cracklib 2.10.3-1 (Sun Sep 20 04:48:05 2026)
