== build ell (deps: glibc libgcc )
warning: glibc-2.44-2 is up to date -- skipping
warning: llvm-libgcc-23.1.1-5 is up to date -- skipping
 there is nothing to do
==> Making package: ell 0.83-1 (Sun Sep 20 01:52:27 2026)
==> WARNING: Skipping dependency checks.
==> Retrieving sources...
  -> Downloading ell-0.83.tar.xz...
  % Total    % Received % Xferd  Average Speed  Time    Time    Time   Current
                                 Dload  Upload  Total   Spent   Left   Speed
  0      0   0      0   0      0      0      0                              0 70 588.4k  70 415.9k   0      0 291.0k      0   00:02   00:01   00:01 415.5k100 588.4k 100 588.4k   0      0 261.3k      0   00:02   00:02         415.5k100 588.4k 100 588.4k   0      0 261.3k      0   00:02   00:02         415.5k100 588.4k 100 588.4k   0      0 261.2k      0   00:02   00:02         415.5k
  -> Downloading ell-0.83.tar.sign...
  % Total    % Received % Xferd  Average Speed  Time    Time    Time   Current
                                 Dload  Upload  Total   Spent   Left   Speed
  0      0   0      0   0      0      0      0                              0100    801 100    801   0      0   1460      0                              0100    801 100    801   0      0   1460      0                              0100    801 100    801   0      0   1460      0                              0
==> WARNING: Skipping verification of source file PGP signatures.
==> Validating source files with sha256sums...
    ell-0.83.tar.xz ... Passed
    ell-0.83.tar.sign ... Skipped
==> Extracting sources...
  -> Extracting ell-0.83.tar.xz with bsdtar
==> Starting build()...
checking for a BSD-compatible install... /usr/bin/install -c
checking whether sleep supports fractional seconds... yes
checking filesystem timestamp resolution... 0.01
checking whether build environment is sane... yes
checking for a race-free mkdir -p... /usr/sbin/mkdir -p
checking for gawk... gawk
checking whether make sets $(MAKE)... yes
checking whether make supports nested variables... yes
checking xargs -n works... yes
checking how to create a pax tar archive... gnutar
checking whether to enable maintainer-specific portions of Makefiles... no
checking for gcc... clang
checking whether the C compiler works... yes
checking for C compiler default output file name... a.out
checking for suffix of executables... 
checking whether we are cross compiling... no
checking for suffix of object files... o
checking whether the compiler supports GNU C... yes
checking whether clang accepts -g... yes
checking for clang option to enable C11 features... none needed
checking whether clang understands -c and -o together... yes
checking whether make supports the include directive... yes (GNU style)
checking dependency style of clang... gcc3
checking whether clang accepts -fPIE... no
checking whether clang accepts -fsanitize=address... yes
checking whether clang accepts -fsanitize=leak... yes
checking whether clang accepts -fsanitize=undefined... yes
checking for gawk... (cached) gawk
checking build system type... x86_64-pc-linux-gnu
checking host system type... x86_64-pc-linux-gnu
checking how to print strings... printf
checking for a sed that does not truncate output... /usr/sbin/sed
checking for grep that handles long lines and -e... /usr/sbin/grep
checking for egrep... /usr/sbin/grep -E
checking for fgrep... /usr/sbin/grep -F
checking for ld used by clang... ld.lld
checking if the linker (ld.lld) is GNU ld... yes
checking for BSD- or MS-compatible name lister (nm)... llvm-nm
checking the name lister (llvm-nm) interface... BSD nm
checking whether ln -s works... yes
checking the maximum length of command line arguments... 1572864
checking how to convert x86_64-pc-linux-gnu file names to x86_64-pc-linux-gnu format... func_convert_file_noop
checking how to convert x86_64-pc-linux-gnu file names to toolchain format... func_convert_file_noop
checking for ld.lld option to reload object files... -r
checking for file... file
checking for objdump... llvm-objdump
checking how to recognize dependent libraries... pass_all
checking for dlltool... dlltool
checking how to associate runtime and link libraries... printf %s\n
checking for ranlib... llvm-ranlib
checking for archiver @FILE support... @
checking for strip... llvm-strip
checking command to parse llvm-nm output from clang object... ok
checking for sysroot... no
checking for a working dd... /usr/sbin/dd
checking how to truncate binary pipes... /usr/sbin/dd bs=4096 count=1
checking for mt... no
checking if : is a manifest tool... no
checking for stdio.h... yes
checking for stdlib.h... yes
checking for string.h... yes
checking for inttypes.h... yes
checking for stdint.h... yes
checking for strings.h... yes
checking for sys/stat.h... yes
checking for sys/types.h... yes
checking for unistd.h... yes
checking for dlfcn.h... yes
checking for objdir... .libs
checking if clang supports -fno-rtti -fno-exceptions... yes
checking for clang option to produce PIC... -fPIC -DPIC
checking if clang PIC flag -fPIC -DPIC works... yes
checking if clang static flag -static works... yes
checking if clang supports -c -o file.o... yes
checking if clang supports -c -o file.o... (cached) yes
checking whether the clang linker (ld.lld -m elf_x86_64) supports shared libraries... yes
checking whether -lc should be explicitly linked in... no
checking dynamic linker characteristics... GNU/Linux ld.so
checking how to hardcode library paths into programs... immediate
checking whether stripping libraries is possible... yes
checking if libtool supports shared libraries... yes
checking whether to build shared libraries... yes
checking whether to build static libraries... no
checking for _init in -lasan... no
checking for _init in -llsan... no
checking for _init in -lubsan... no
checking for explicit_bzero... yes
checking for rawmemchr... yes
checking for signalfd... yes
checking for timerfd_create... yes
checking for epoll_create... yes
checking for linux/types.h... yes
checking for linux/if_alg.h... yes
checking that generated files are newer than configure... done
configure: creating ./config.status
config.status: creating Makefile
config.status: creating ell/ell.pc
config.status: creating config.h
config.status: executing depfiles commands
config.status: executing libtool commands
make --no-print-directory all-am
  CC       tools/genl-request.o
  CC       tools/certchain-verify.o
  CC       tools/gpio.o
  CC       tools/genl-discover.o
  CC       ell/util.lo
  CC       ell/test.lo
  CC       tools/genl-watch.o
  CC       ell/test-dbus.lo
  CC       ell/queue.lo
  CC       ell/strv.lo
  CC       ell/string.lo
  CC       ell/utf8.lo
  CC       ell/hashmap.lo
  CC       ell/settings.lo
  CC       ell/main.lo
  CC       ell/idle.lo
  CC       ell/signal.lo
  CC       ell/timeout.lo
  CC       ell/ringbuf.lo
  CC       ell/io.lo
  CC       ell/log.lo
  CC       ell/checksum.lo
  CC       ell/netlink.lo
  CC       ell/genl.lo
  CC       ell/rtnl.lo
  CC       ell/dbus.lo
  CC       ell/dbus-message.lo
  CC       ell/dbus-util.lo
  CC       ell/dbus-service.lo
  CC       ell/dbus-client.lo
  CC       ell/dbus-name-cache.lo
  CC       ell/dbus-filter.lo
  CC       ell/gvariant-util.lo
  CC       ell/siphash.lo
  CC       ell/hwdb.lo
  CC       ell/cipher.lo
  CC       ell/random.lo
  CC       ell/uintset.lo
  CC       ell/base64.lo
  CC       ell/pem.lo
  CC       ell/tls.lo
  CC       ell/tls-record.lo
  CC       ell/tls-extensions.lo
  CC       ell/tls-suites.lo
  CC       ell/uuid.lo
  CC       ell/key.lo
  CC       ell/file.lo
  CC       ell/dir.lo
  CC       ell/net.lo
  CC       ell/dhcp.lo
  CC       ell/dhcp-transport.lo
  CC       ell/dhcp-lease.lo
  CC       ell/dhcp6.lo
  CC       ell/dhcp6-transport.lo
  CC       ell/dhcp6-lease.lo
  CC       ell/dhcp-util.lo
  CC       ell/cert.lo
  CC       ell/dhcp-server.lo
  CC       ell/cert-crypto.lo
  CC       ell/ecc-external.lo
  CC       ell/ecc.lo
  CC       ell/ecdh.lo
  CC       ell/time.lo
  CC       ell/gpio.lo
  CC       ell/path.lo
  CC       ell/acd.lo
  CC       ell/icmp6.lo
  CC       ell/tester.lo
  CC       ell/netconfig.lo
  CC       ell/sysctl.lo
  CC       ell/minheap.lo
  CC       ell/notifylist.lo
  CCLD     ell/libell-private.la
  CCLD     ell/libell.la
  CCLD     tools/genl-discover
  CCLD     tools/certchain-verify
  CCLD     tools/gpio
  CCLD     tools/genl-watch
  CCLD     tools/genl-request
==> Entering fakeroot environment...
==> Starting package()...
make --no-print-directory install-am
 /usr/sbin/mkdir -p '/home/builder/build/pkg/ell//usr/lib/pkgconfig'
 /usr/sbin/mkdir -p '/home/builder/build/pkg/ell//usr/include/ell'
 /usr/sbin/mkdir -p '/home/builder/build/pkg/ell//usr/lib'
 /bin/sh ./libtool   --mode=install /usr/bin/install -c   ell/libell.la '/home/builder/build/pkg/ell//usr/lib'
 /usr/bin/install -c -m 644 ell/ell.pc '/home/builder/build/pkg/ell//usr/lib/pkgconfig'
 /usr/bin/install -c -m 644 ell/ell.h ell/util.h ell/test.h ell/strv.h ell/utf8.h ell/queue.h ell/hashmap.h ell/string.h ell/settings.h ell/main.h ell/idle.h ell/signal.h ell/timeout.h ell/io.h ell/ringbuf.h ell/log.h ell/checksum.h ell/netlink.h ell/genl.h ell/rtnl.h ell/dbus.h ell/dbus-service.h ell/dbus-client.h ell/hwdb.h ell/cipher.h ell/random.h ell/uintset.h ell/base64.h ell/pem.h ell/tls.h ell/uuid.h ell/key.h ell/file.h ell/dir.h ell/net.h ell/dhcp.h ell/dhcp6.h ell/cert.h ell/ecc.h ell/ecdh.h '/home/builder/build/pkg/ell//usr/include/ell'
 /usr/bin/install -c -m 644 ell/time.h ell/gpio.h ell/path.h ell/icmp6.h ell/acd.h ell/tester.h ell/cleanup.h ell/netconfig.h ell/sysctl.h ell/minheap.h ell/notifylist.h '/home/builder/build/pkg/ell//usr/include/ell'
libtool: install: /usr/bin/install -c ell/.libs/libell.so.0.0.2 /home/builder/build/pkg/ell//usr/lib/libell.so.0.0.2
libtool: install: (cd /home/builder/build/pkg/ell//usr/lib && { ln -s -f libell.so.0.0.2 libell.so.0 || { rm -f libell.so.0 && ln -s libell.so.0.0.2 libell.so.0; }; })
libtool: install: (cd /home/builder/build/pkg/ell//usr/lib && { ln -s -f libell.so.0.0.2 libell.so || { rm -f libell.so && ln -s libell.so.0.0.2 libell.so; }; })
libtool: install: /usr/bin/install -c ell/.libs/libell.lai /home/builder/build/pkg/ell//usr/lib/libell.la
libtool: warning: remember to run 'libtool --finish /usr/lib'
==> Tidying install...
  -> Removing libtool files...
  -> Removing static library files...
  -> Purging unwanted files...
  -> Stripping unneeded symbols from binaries and libraries...
==> Checking for packaging issues...
==> Creating package "ell"...
  -> Generating .PKGINFO file...
warning: Public keyring not found; have you run 'pacman-key --init'?
error: kashira-v3: key "E4DF524F75FE51DD5FB0C7BA1925D86CD662878E" is unknown
error: keyring is not writable
warning: base: unknown key '%INSTALLED_DB%' in local database
warning: base-devel: unknown key '%INSTALLED_DB%' in local database
warning: Public keyring not found; have you run 'pacman-key --init'?
error: kashira-v3: key "E4DF524F75FE51DD5FB0C7BA1925D86CD662878E" is unknown
error: keyring is not writable
warning: base: unknown key '%INSTALLED_DB%' in local database
warning: base-devel: unknown key '%INSTALLED_DB%' in local database
  -> Generating .BUILDINFO file...
warning: Public keyring not found; have you run 'pacman-key --init'?
error: kashira-v3: key "E4DF524F75FE51DD5FB0C7BA1925D86CD662878E" is unknown
error: keyring is not writable
warning: base: unknown key '%INSTALLED_DB%' in local database
warning: base-devel: unknown key '%INSTALLED_DB%' in local database
  -> Generating .MTREE file...
  -> Compressing package...
==> Leaving fakeroot environment.
==> Finished making: ell 0.83-1 (Sun Sep 20 01:52:52 2026)
