== build fmt (deps: cmake gcc git glibc libgcc libstdc++ ninja )
warning: glibc-2.44-2 is up to date -- skipping
warning: llvm-libgcc-23.1.1-5 is up to date -- skipping
warning: gcc-runtime-16.2.0-6 is up to date -- skipping
resolving dependencies...
warning: base: unknown key '%INSTALLED_DB%' in local database
warning: base-devel: unknown key '%INSTALLED_DB%' in local database
looking for conflicting packages...

Packages (8) mpc-1.4.1-1  perl-error-0.17030-1  perl-mailtools-2.22-1  perl-timedate-2.35-1  cmake-4.4.2-1  gcc-16.2.0-6  git-2.55.0-1  ninja-1.13.2-1

Total Download Size:   113.44 MiB
Total Installed Size:  439.56 MiB

:: Proceed with installation? [Y/n] 
:: Retrieving packages...
 gcc-16.2.0-6-x86_64 downloading...
 cmake-4.4.2-1-x86_64 downloading...
 git-2.55.0-1-x86_64 downloading...
 ninja-1.13.2-1-x86_64 downloading...
 mpc-1.4.1-1-x86_64 downloading...
 perl-mailtools-2.22-1-any downloading...
 perl-timedate-2.35-1-any downloading...
 perl-error-0.17030-1-any downloading...
checking keyring...
checking package integrity...
loading package files...
checking for file conflicts...
:: Processing package changes...
installing cmake...
installing mpc...
installing gcc...
Optional dependencies for gcc
    lib32-gcc-runtime: for generating code for the 32-bit ABI
installing perl-error...
installing perl-timedate...
installing perl-mailtools...
installing git...
Optional dependencies for git
    libsecret: git-credential-libsecret credential helper [installed]
installing ninja...
:: Running post-transaction hooks...
(1/2) Arming ConditionNeedsUpdate...
(2/2) Updating the info directory file...
==> Making package: fmt 12.2.0-1 (Sun Sep 20 00:03:52 2026)
==> WARNING: Skipping dependency checks.
==> Retrieving sources...
  -> Updating fmt git repo...
==> WARNING: Skipping verification of source file PGP signatures.
==> Validating source files with b2sums...
    fmt ... Passed
==> Extracting sources...
  -> Creating working copy of fmt git repo...
Cloning into 'fmt'...
done.
Switched to a new branch 'makepkg'
==> Starting build()...
The no-dev option is deprecated.  Use -Wno-author instead.
-- CMake version: 4.4.2
-- The CXX compiler identification is Clang 23.1.1
-- Detecting CXX compiler ABI info
-- Detecting CXX compiler ABI info - done
-- Check for working CXX compiler: /usr/sbin/clang++ - skipped
-- Detecting CXX compile features
-- Detecting CXX compile features - done
-- {fmt} version: 12.2.0
-- Build type: None
-- Performing Test HAS_NULLPTR_WARNING
-- Performing Test HAS_NULLPTR_WARNING - Success
-- Target 'doc' disabled because doxygen not found
-- Configuring done (0.8s)
-- Generating done (0.0s)
-- Build files have been written to: /home/builder/build/src/build
[1/6] Building CXX object CMakeFiles/fmt-c.dir/src/fmt-c.cc.o
[2/6] Building CXX object CMakeFiles/fmt.dir/src/os.cc.o
[3/6] Building CXX object CMakeFiles/fmt.dir/src/format.cc.o
[4/6] Linking CXX shared library libfmt.so.12.2.0
[5/6] Creating library symlink libfmt.so.12 libfmt.so
[6/6] Linking CXX static library libfmt-c.a
==> Entering fakeroot environment...
==> Starting package_fmt()...
-- Install configuration: "None"
-- Installing: /home/builder/build/pkg/fmt/usr/lib/libfmt.so.12.2.0
-- Installing: /home/builder/build/pkg/fmt/usr/lib/libfmt.so.12
-- Installing: /home/builder/build/pkg/fmt/usr/lib/libfmt.so
-- Installing: /home/builder/build/pkg/fmt/usr/include/fmt/args.h
-- Installing: /home/builder/build/pkg/fmt/usr/include/fmt/base.h
-- Installing: /home/builder/build/pkg/fmt/usr/include/fmt/chrono.h
-- Installing: /home/builder/build/pkg/fmt/usr/include/fmt/color.h
-- Installing: /home/builder/build/pkg/fmt/usr/include/fmt/compile.h
-- Installing: /home/builder/build/pkg/fmt/usr/include/fmt/core.h
-- Installing: /home/builder/build/pkg/fmt/usr/include/fmt/format.h
-- Installing: /home/builder/build/pkg/fmt/usr/include/fmt/format-inl.h
-- Installing: /home/builder/build/pkg/fmt/usr/include/fmt/os.h
-- Installing: /home/builder/build/pkg/fmt/usr/include/fmt/ostream.h
-- Installing: /home/builder/build/pkg/fmt/usr/include/fmt/printf.h
-- Installing: /home/builder/build/pkg/fmt/usr/include/fmt/ranges.h
-- Installing: /home/builder/build/pkg/fmt/usr/include/fmt/std.h
-- Installing: /home/builder/build/pkg/fmt/usr/include/fmt/xchar.h
-- Installing: /home/builder/build/pkg/fmt/usr/lib/libfmt-c.a
-- Installing: /home/builder/build/pkg/fmt/usr/include/fmt/fmt-c.h
-- Installing: /home/builder/build/pkg/fmt/usr/lib/cmake/fmt/fmt-config.cmake
-- Installing: /home/builder/build/pkg/fmt/usr/lib/cmake/fmt/fmt-config-version.cmake
-- Installing: /home/builder/build/pkg/fmt/usr/lib/cmake/fmt/fmt-targets.cmake
-- Installing: /home/builder/build/pkg/fmt/usr/lib/cmake/fmt/fmt-targets-none.cmake
-- Installing: /home/builder/build/pkg/fmt/usr/lib/pkgconfig/fmt.pc
==> Tidying install...
  -> Removing libtool files...
  -> Removing static library files...
  -> Purging unwanted files...
  -> Stripping unneeded symbols from binaries and libraries...
==> Checking for packaging issues...
==> WARNING: Package contains reference to $srcdir
usr/lib/libfmt.so.12.2.0
usr/lib/libfmt-c.a
==> Creating package "fmt"...
  -> Generating .PKGINFO file...
warning: Public keyring not found; have you run 'pacman-key --init'?
error: kashira-v3: key "E4DF524F75FE51DD5FB0C7BA1925D86CD662878E" is unknown
error: keyring is not writable
warning: base: unknown key '%INSTALLED_DB%' in local database
warning: base-devel: unknown key '%INSTALLED_DB%' in local database
warning: Public keyring not found; have you run 'pacman-key --init'?
error: kashira-v3: key "E4DF524F75FE51DD5FB0C7BA1925D86CD662878E" is unknown
error: keyring is not writable
warning: base: unknown key '%INSTALLED_DB%' in local database
warning: base-devel: unknown key '%INSTALLED_DB%' in local database
  -> Generating .BUILDINFO file...
warning: Public keyring not found; have you run 'pacman-key --init'?
error: kashira-v3: key "E4DF524F75FE51DD5FB0C7BA1925D86CD662878E" is unknown
error: keyring is not writable
warning: base: unknown key '%INSTALLED_DB%' in local database
warning: base-devel: unknown key '%INSTALLED_DB%' in local database
  -> Generating .MTREE file...
  -> Compressing package...
==> Leaving fakeroot environment.
==> Finished making: fmt 12.2.0-1 (Sun Sep 20 00:04:06 2026)
