== build hicolor-icon-theme (deps: git meson )
resolving dependencies...
warning: base: unknown key '%INSTALLED_DB%' in local database
warning: base-devel: unknown key '%INSTALLED_DB%' in local database
looking for conflicting packages...

Packages (7) ninja-1.13.2-1  perl-error-0.17030-1  perl-mailtools-2.22-1  perl-timedate-2.35-1  python-tqdm-4.70.1-1  git-2.55.0-1  meson-1.12.0-1

Total Download Size:    9.70 MiB
Total Installed Size:  64.19 MiB

:: Proceed with installation? [Y/n] 
:: Retrieving packages...
 git-2.55.0-1-x86_64 downloading...
 meson-1.12.0-1-any downloading...
 ninja-1.13.2-1-x86_64 downloading...
 python-tqdm-4.70.1-1-any downloading...
 perl-mailtools-2.22-1-any downloading...
 perl-timedate-2.35-1-any downloading...
 perl-error-0.17030-1-any downloading...
checking keyring...
checking package integrity...
loading package files...
checking for file conflicts...
:: Processing package changes...
installing perl-error...
installing perl-timedate...
installing perl-mailtools...
installing git...
Optional dependencies for git
    libsecret: git-credential-libsecret credential helper [installed]
installing ninja...
installing python-tqdm...
Optional dependencies for python-tqdm
    python-requests: telegram
installing meson...
:: Running post-transaction hooks...
(1/1) Arming ConditionNeedsUpdate...
==> Making package: hicolor-icon-theme 0.18-1 (Sun Sep 20 03:12:45 2026)
==> WARNING: Skipping dependency checks.
==> Retrieving sources...
  -> Cloning hicolor-icon-theme git repo...
Cloning into bare repository '/sources/hicolor-icon-theme'...
==> WARNING: Skipping verification of source file PGP signatures.
==> Validating source files with b2sums...
    hicolor-icon-theme ... Passed
==> Extracting sources...
  -> Creating working copy of hicolor-icon-theme git repo...
Cloning into 'hicolor-icon-theme'...
done.
Switched to a new branch 'makepkg'
==> Starting prepare()...
==> Starting build()...
hicolor-icon-theme has no wrap files
+ exec meson setup --prefix /usr --libexecdir lib --sbindir bin --buildtype plain --auto-features enabled --wrap-mode nodownload -D b_pie=true -D python.bytecompile=1 hicolor-icon-theme build
Generating targets: |          | 0/0 eta ?The Meson build system
Version: 1.12.0
Source dir: /home/builder/build/src/hicolor-icon-theme
Build dir: /home/builder/build/src/build
Build type: native build
Project name: hicolor-icon-theme
Project version: 0.18
Host machine cpu family: x86_64
Host machine cpu: x86_64
Found pkg-config: YES (/usr/sbin/pkg-config) 3.0.5
Build targets in project: 0

hicolor-icon-theme 0.18

  User defined options
    auto_features     : enabled
    b_pie             : true
    buildtype         : plain
    libexecdir        : lib
    prefix            : /usr
    python.bytecompile: 1
    sbindir           : bin
    wrap_mode         : nodownload

Found ninja-1.13.2 at /usr/sbin/ninja
                                          Writing build.ninja:   0%|          | 0/28 eta ?                                                ninja: Entering directory `/home/builder/build/src/build'
ninja: no work to do.
INFO: autodetecting backend as ninja
INFO: calculating backend command to run: /usr/sbin/ninja -C /home/builder/build/src/build
==> Entering fakeroot environment...
==> Starting package()...
ninja: Entering directory `/home/builder/build/src/build'
ninja: no work to do.
Installing new directory /home/builder/build/pkg/hicolor-icon-theme/usr/share/icons/hicolor/16x16/actions
Installing new directory /home/builder/build/pkg/hicolor-icon-theme/usr/share/icons/hicolor/16x16/animations
Installing new directory /home/builder/build/pkg/hicolor-icon-theme/usr/share/icons/hicolor/16x16/apps
Installing new directory /home/builder/build/pkg/hicolor-icon-theme/usr/share/icons/hicolor/16x16/categories
Installing new directory /home/builder/build/pkg/hicolor-icon-theme/usr/share/icons/hicolor/16x16/devices
Installing new directory /home/builder/build/pkg/hicolor-icon-theme/usr/share/icons/hicolor/16x16/emblems
Installing new directory /home/builder/build/pkg/hicolor-icon-theme/usr/share/icons/hicolor/16x16/emotes
Installing new directory /home/builder/build/pkg/hicolor-icon-theme/usr/share/icons/hicolor/16x16/filesystems
Installing new directory /home/builder/build/pkg/hicolor-icon-theme/usr/share/icons/hicolor/16x16/intl
Installing new directory /home/builder/build/pkg/hicolor-icon-theme/usr/share/icons/hicolor/16x16/mimetypes
Installing new directory /home/builder/build/pkg/hicolor-icon-theme/usr/share/icons/hicolor/16x16/places
Installing new directory /home/builder/build/pkg/hicolor-icon-theme/usr/share/icons/hicolor/16x16/status
Installing new directory /home/builder/build/pkg/hicolor-icon-theme/usr/share/icons/hicolor/16x16/stock
Installing new directory /home/builder/build/pkg/hicolor-icon-theme/usr/share/icons/hicolor/16x16/stock/chart
Installing new directory /home/builder/build/pkg/hicolor-icon-theme/usr/share/icons/hicolor/16x16/stock/code
Installing new directory /home/builder/build/pkg/hicolor-icon-theme/usr/share/icons/hicolor/16x16/stock/data
Installing new directory /home/builder/build/pkg/hicolor-icon-theme/usr/share/icons/hicolor/16x16/stock/form
Installing new directory /home/builder/build/pkg/hicolor-icon-theme/usr/share/icons/hicolor/16x16/stock/image
Installing new directory /home/builder/build/pkg/hicolor-icon-theme/usr/share/icons/hicolor/16x16/stock/io
Installing new directory /home/builder/build/pkg/hicolor-icon-theme/usr/share/icons/hicolor/16x16/stock/media
Installing new directory /home/builder/build/pkg/hicolor-icon-theme/usr/share/icons/hicolor/16x16/stock/navigation
Installing new directory /home/builder/build/pkg/hicolor-icon-theme/usr/share/icons/hicolor/16x16/stock/net
Installing new directory /home/builder/build/pkg/hicolor-icon-theme/usr/share/icons/hicolor/16x16/stock/object
Installing new directory /home/builder/build/pkg/hicolor-icon-theme/usr/share/icons/hicolor/16x16/stock/table
Installing new directory /home/builder/build/pkg/hicolor-icon-theme/usr/share/icons/hicolor/16x16/stock/text
Installing new directory /home/builder/build/pkg/hicolor-icon-theme/usr/share/icons/hicolor/22x22/actions
Installing new directory /home/builder/build/pkg/hicolor-icon-theme/usr/share/icons/hicolor/22x22/animations
Installing new directory /home/builder/build/pkg/hicolor-icon-theme/usr/share/icons/hicolor/22x22/apps
Installing new directory /home/builder/build/pkg/hicolor-icon-theme/usr/share/icons/hicolor/22x22/categories
Installing new directory /home/builder/build/pkg/hicolor-icon-theme/usr/share/icons/hicolor/22x22/devices
Installing new directory /home/builder/build/pkg/hicolor-icon-theme/usr/share/icons/hicolor/22x22/emblems
Installing new directory /home/builder/build/pkg/hicolor-icon-theme/usr/share/icons/hicolor/22x22/emotes
Installing new directory /home/builder/build/pkg/hicolor-icon-theme/usr/share/icons/hicolor/22x22/filesystems
Installing new directory /home/builder/build/pkg/hicolor-icon-theme/usr/share/icons/hicolor/22x22/intl
Installing new directory /home/builder/build/pkg/hicolor-icon-theme/usr/share/icons/hicolor/22x22/mimetypes
Installing new directory /home/builder/build/pkg/hicolor-icon-theme/usr/share/icons/hicolor/22x22/places
Installing new directory /home/builder/build/pkg/hicolor-icon-theme/usr/share/icons/hicolor/22x22/status
Installing new directory /home/builder/build/pkg/hicolor-icon-theme/usr/share/icons/hicolor/22x22/stock
Installing new directory /home/builder/build/pkg/hicolor-icon-theme/usr/share/icons/hicolor/22x22/stock/chart
Installing new directory /home/builder/build/pkg/hicolor-icon-theme/usr/share/icons/hicolor/22x22/stock/code
Installing new directory /home/builder/build/pkg/hicolor-icon-theme/usr/share/icons/hicolor/22x22/stock/data
Installing new directory /home/builder/build/pkg/hicolor-icon-theme/usr/share/icons/hicolor/22x22/stock/form
Installing new directory /home/builder/build/pkg/hicolor-icon-theme/usr/share/icons/hicolor/22x22/stock/image
Installing new directory /home/builder/build/pkg/hicolor-icon-theme/usr/share/icons/hicolor/22x22/stock/io
Installing new directory /home/builder/build/pkg/hicolor-icon-theme/usr/share/icons/hicolor/22x22/stock/media
Installing new directory /home/builder/build/pkg/hicolor-icon-theme/usr/share/icons/hicolor/22x22/stock/navigation
Installing new directory /home/builder/build/pkg/hicolor-icon-theme/usr/share/icons/hicolor/22x22/stock/net
Installing new directory /home/builder/build/pkg/hicolor-icon-theme/usr/share/icons/hicolor/22x22/stock/object
Installing new directory /home/builder/build/pkg/hicolor-icon-theme/usr/share/icons/hicolor/22x22/stock/table
Installing new directory /home/builder/build/pkg/hicolor-icon-theme/usr/share/icons/hicolor/22x22/stock/text
Installing new directory /home/builder/build/pkg/hicolor-icon-theme/usr/share/icons/hicolor/24x24/actions
Installing new directory /home/builder/build/pkg/hicolor-icon-theme/usr/share/icons/hicolor/24x24/animations
Installing new directory /home/builder/build/pkg/hicolor-icon-theme/usr/share/icons/hicolor/24x24/apps
Installing new directory /home/builder/build/pkg/hicolor-icon-theme/usr/share/icons/hicolor/24x24/categories
Installing new directory /home/builder/build/pkg/hicolor-icon-theme/usr/share/icons/hicolor/24x24/devices
Installing new directory /home/builder/build/pkg/hicolor-icon-theme/usr/share/icons/hicolor/24x24/emblems
Installing new directory /home/builder/build/pkg/hicolor-icon-theme/usr/share/icons/hicolor/24x24/emotes
Installing new directory /home/builder/build/pkg/hicolor-icon-theme/usr/share/icons/hicolor/24x24/filesystems
Installing new directory /home/builder/build/pkg/hicolor-icon-theme/usr/share/icons/hicolor/24x24/intl
Installing new directory /home/builder/build/pkg/hicolor-icon-theme/usr/share/icons/hicolor/24x24/mimetypes
Installing new directory /home/builder/build/pkg/hicolor-icon-theme/usr/share/icons/hicolor/24x24/places
Installing new directory /home/builder/build/pkg/hicolor-icon-theme/usr/share/icons/hicolor/24x24/status
Installing new directory /home/builder/build/pkg/hicolor-icon-theme/usr/share/icons/hicolor/24x24/stock
Installing new directory /home/builder/build/pkg/hicolor-icon-theme/usr/share/icons/hicolor/24x24/stock/chart
Installing new directory /home/builder/build/pkg/hicolor-icon-theme/usr/share/icons/hicolor/24x24/stock/code
Installing new directory /home/builder/build/pkg/hicolor-icon-theme/usr/share/icons/hicolor/24x24/stock/data
Installing new directory /home/builder/build/pkg/hicolor-icon-theme/usr/share/icons/hicolor/24x24/stock/form
Installing new directory /home/builder/build/pkg/hicolor-icon-theme/usr/share/icons/hicolor/24x24/stock/image
Installing new directory /home/builder/build/pkg/hicolor-icon-theme/usr/share/icons/hicolor/24x24/stock/io
Installing new directory /home/builder/build/pkg/hicolor-icon-theme/usr/share/icons/hicolor/24x24/stock/media
Installing new directory /home/builder/build/pkg/hicolor-icon-theme/usr/share/icons/hicolor/24x24/stock/navigation
Installing new directory /home/builder/build/pkg/hicolor-icon-theme/usr/share/icons/hicolor/24x24/stock/net
Installing new directory /home/builder/build/pkg/hicolor-icon-theme/usr/share/icons/hicolor/24x24/stock/object
Installing new directory /home/builder/build/pkg/hicolor-icon-theme/usr/share/icons/hicolor/24x24/stock/table
Installing new directory /home/builder/build/pkg/hicolor-icon-theme/usr/share/icons/hicolor/24x24/stock/text
Installing new directory /home/builder/build/pkg/hicolor-icon-theme/usr/share/icons/hicolor/32x32/actions
Installing new directory /home/builder/build/pkg/hicolor-icon-theme/usr/share/icons/hicolor/32x32/animations
Installing new directory /home/builder/build/pkg/hicolor-icon-theme/usr/share/icons/hicolor/32x32/apps
Installing new directory /home/builder/build/pkg/hicolor-icon-theme/usr/share/icons/hicolor/32x32/categories
Installing new directory /home/builder/build/pkg/hicolor-icon-theme/usr/share/icons/hicolor/32x32/devices
Installing new directory /home/builder/build/pkg/hicolor-icon-theme/usr/share/icons/hicolor/32x32/emblems
Installing new directory /home/builder/build/pkg/hicolor-icon-theme/usr/share/icons/hicolor/32x32/emotes
Installing new directory /home/builder/build/pkg/hicolor-icon-theme/usr/share/icons/hicolor/32x32/filesystems
Installing new directory /home/builder/build/pkg/hicolor-icon-theme/usr/share/icons/hicolor/32x32/intl
Installing new directory /home/builder/build/pkg/hicolor-icon-theme/usr/share/icons/hicolor/32x32/mimetypes
Installing new directory /home/builder/build/pkg/hicolor-icon-theme/usr/share/icons/hicolor/32x32/places
Installing new directory /home/builder/build/pkg/hicolor-icon-theme/usr/share/icons/hicolor/32x32/status
Installing new directory /home/builder/build/pkg/hicolor-icon-theme/usr/share/icons/hicolor/32x32/stock
Installing new directory /home/builder/build/pkg/hicolor-icon-theme/usr/share/icons/hicolor/32x32/stock/chart
Installing new directory /home/builder/build/pkg/hicolor-icon-theme/usr/share/icons/hicolor/32x32/stock/code
Installing new directory /home/builder/build/pkg/hicolor-icon-theme/usr/share/icons/hicolor/32x32/stock/data
Installing new directory /home/builder/build/pkg/hicolor-icon-theme/usr/share/icons/hicolor/32x32/stock/form
Installing new directory /home/builder/build/pkg/hicolor-icon-theme/usr/share/icons/hicolor/32x32/stock/image
Installing new directory /home/builder/build/pkg/hicolor-icon-theme/usr/share/icons/hicolor/32x32/stock/io
Installing new directory /home/builder/build/pkg/hicolor-icon-theme/usr/share/icons/hicolor/32x32/stock/media
Installing new directory /home/builder/build/pkg/hicolor-icon-theme/usr/share/icons/hicolor/32x32/stock/navigation
Installing new directory /home/builder/build/pkg/hicolor-icon-theme/usr/share/icons/hicolor/32x32/stock/net
Installing new directory /home/builder/build/pkg/hicolor-icon-theme/usr/share/icons/hicolor/32x32/stock/object
Installing new directory /home/builder/build/pkg/hicolor-icon-theme/usr/share/icons/hicolor/32x32/stock/table
Installing new directory /home/builder/build/pkg/hicolor-icon-theme/usr/share/icons/hicolor/32x32/stock/text
Installing new directory /home/builder/build/pkg/hicolor-icon-theme/usr/share/icons/hicolor/36x36/actions
Installing new directory /home/builder/build/pkg/hicolor-icon-theme/usr/share/icons/hicolor/36x36/animations
Installing new directory /home/builder/build/pkg/hicolor-icon-theme/usr/share/icons/hicolor/36x36/apps
Installing new directory /home/builder/build/pkg/hicolor-icon-theme/usr/share/icons/hicolor/36x36/categories
Installing new directory /home/builder/build/pkg/hicolor-icon-theme/usr/share/icons/hicolor/36x36/devices
Installing new directory /home/builder/build/pkg/hicolor-icon-theme/usr/share/icons/hicolor/36x36/emblems
Installing new directory /home/builder/build/pkg/hicolor-icon-theme/usr/share/icons/hicolor/36x36/emotes
Installing new directory /home/builder/build/pkg/hicolor-icon-theme/usr/share/icons/hicolor/36x36/filesystems
Installing new directory /home/builder/build/pkg/hicolor-icon-theme/usr/share/icons/hicolor/36x36/intl
Installing new directory /home/builder/build/pkg/hicolor-icon-theme/usr/share/icons/hicolor/36x36/mimetypes
Installing new directory /home/builder/build/pkg/hicolor-icon-theme/usr/share/icons/hicolor/36x36/places
Installing new directory /home/builder/build/pkg/hicolor-icon-theme/usr/share/icons/hicolor/36x36/status
Installing new directory /home/builder/build/pkg/hicolor-icon-theme/usr/share/icons/hicolor/36x36/stock
Installing new directory /home/builder/build/pkg/hicolor-icon-theme/usr/share/icons/hicolor/36x36/stock/chart
Installing new directory /home/builder/build/pkg/hicolor-icon-theme/usr/share/icons/hicolor/36x36/stock/code
Installing new directory /home/builder/build/pkg/hicolor-icon-theme/usr/share/icons/hicolor/36x36/stock/data
Installing new directory /home/builder/build/pkg/hicolor-icon-theme/usr/share/icons/hicolor/36x36/stock/form
Installing new directory /home/builder/build/pkg/hicolor-icon-theme/usr/share/icons/hicolor/36x36/stock/image
Installing new directory /home/builder/build/pkg/hicolor-icon-theme/usr/share/icons/hicolor/36x36/stock/io
Installing new directory /home/builder/build/pkg/hicolor-icon-theme/usr/share/icons/hicolor/36x36/stock/media
Installing new directory /home/builder/build/pkg/hicolor-icon-theme/usr/share/icons/hicolor/36x36/stock/navigation
Installing new directory /home/builder/build/pkg/hicolor-icon-theme/usr/share/icons/hicolor/36x36/stock/net
Installing new directory /home/builder/build/pkg/hicolor-icon-theme/usr/share/icons/hicolor/36x36/stock/object
Installing new directory /home/builder/build/pkg/hicolor-icon-theme/usr/share/icons/hicolor/36x36/stock/table
Installing new directory /home/builder/build/pkg/hicolor-icon-theme/usr/share/icons/hicolor/36x36/stock/text
Installing new directory /home/builder/build/pkg/hicolor-icon-theme/usr/share/icons/hicolor/48x48/actions
Installing new directory /home/builder/build/pkg/hicolor-icon-theme/usr/share/icons/hicolor/48x48/animations
Installing new directory /home/builder/build/pkg/hicolor-icon-theme/usr/share/icons/hicolor/48x48/apps
Installing new directory /home/builder/build/pkg/hicolor-icon-theme/usr/share/icons/hicolor/48x48/categories
Installing new directory /home/builder/build/pkg/hicolor-icon-theme/usr/share/icons/hicolor/48x48/devices
Installing new directory /home/builder/build/pkg/hicolor-icon-theme/usr/share/icons/hicolor/48x48/emblems
Installing new directory /home/builder/build/pkg/hicolor-icon-theme/usr/share/icons/hicolor/48x48/emotes
Installing new directory /home/builder/build/pkg/hicolor-icon-theme/usr/share/icons/hicolor/48x48/filesystems
Installing new directory /home/builder/build/pkg/hicolor-icon-theme/usr/share/icons/hicolor/48x48/intl
Installing new directory /home/builder/build/pkg/hicolor-icon-theme/usr/share/icons/hicolor/48x48/mimetypes
Installing new directory /home/builder/build/pkg/hicolor-icon-theme/usr/share/icons/hicolor/48x48/places
Installing new directory /home/builder/build/pkg/hicolor-icon-theme/usr/share/icons/hicolor/48x48/status
Installing new directory /home/builder/build/pkg/hicolor-icon-theme/usr/share/icons/hicolor/48x48/stock
Installing new directory /home/builder/build/pkg/hicolor-icon-theme/usr/share/icons/hicolor/48x48/stock/chart
Installing new directory /home/builder/build/pkg/hicolor-icon-theme/usr/share/icons/hicolor/48x48/stock/code
Installing new directory /home/builder/build/pkg/hicolor-icon-theme/usr/share/icons/hicolor/48x48/stock/data
Installing new directory /home/builder/build/pkg/hicolor-icon-theme/usr/share/icons/hicolor/48x48/stock/form
Installing new directory /home/builder/build/pkg/hicolor-icon-theme/usr/share/icons/hicolor/48x48/stock/image
Installing new directory /home/builder/build/pkg/hicolor-icon-theme/usr/share/icons/hicolor/48x48/stock/io
Installing new directory /home/builder/build/pkg/hicolor-icon-theme/usr/share/icons/hicolor/48x48/stock/media
Installing new directory /home/builder/build/pkg/hicolor-icon-theme/usr/share/icons/hicolor/48x48/stock/navigation
Installing new directory /home/builder/build/pkg/hicolor-icon-theme/usr/share/icons/hicolor/48x48/stock/net
Installing new directory /home/builder/build/pkg/hicolor-icon-theme/usr/share/icons/hicolor/48x48/stock/object
Installing new directory /home/builder/build/pkg/hicolor-icon-theme/usr/share/icons/hicolor/48x48/stock/table
Installing new directory /home/builder/build/pkg/hicolor-icon-theme/usr/share/icons/hicolor/48x48/stock/text
Installing new directory /home/builder/build/pkg/hicolor-icon-theme/usr/share/icons/hicolor/64x64/actions
Installing new directory /home/builder/build/pkg/hicolor-icon-theme/usr/share/icons/hicolor/64x64/animations
Installing new directory /home/builder/build/pkg/hicolor-icon-theme/usr/share/icons/hicolor/64x64/apps
Installing new directory /home/builder/build/pkg/hicolor-icon-theme/usr/share/icons/hicolor/64x64/categories
Installing new directory /home/builder/build/pkg/hicolor-icon-theme/usr/share/icons/hicolor/64x64/devices
Installing new directory /home/builder/build/pkg/hicolor-icon-theme/usr/share/icons/hicolor/64x64/emblems
Installing new directory /home/builder/build/pkg/hicolor-icon-theme/usr/share/icons/hicolor/64x64/emotes
Installing new directory /home/builder/build/pkg/hicolor-icon-theme/usr/share/icons/hicolor/64x64/filesystems
Installing new directory /home/builder/build/pkg/hicolor-icon-theme/usr/share/icons/hicolor/64x64/intl
Installing new directory /home/builder/build/pkg/hicolor-icon-theme/usr/share/icons/hicolor/64x64/mimetypes
Installing new directory /home/builder/build/pkg/hicolor-icon-theme/usr/share/icons/hicolor/64x64/places
Installing new directory /home/builder/build/pkg/hicolor-icon-theme/usr/share/icons/hicolor/64x64/status
Installing new directory /home/builder/build/pkg/hicolor-icon-theme/usr/share/icons/hicolor/64x64/stock
Installing new directory /home/builder/build/pkg/hicolor-icon-theme/usr/share/icons/hicolor/64x64/stock/chart
Installing new directory /home/builder/build/pkg/hicolor-icon-theme/usr/share/icons/hicolor/64x64/stock/code
Installing new directory /home/builder/build/pkg/hicolor-icon-theme/usr/share/icons/hicolor/64x64/stock/data
Installing new directory /home/builder/build/pkg/hicolor-icon-theme/usr/share/icons/hicolor/64x64/stock/form
Installing new directory /home/builder/build/pkg/hicolor-icon-theme/usr/share/icons/hicolor/64x64/stock/image
Installing new directory /home/builder/build/pkg/hicolor-icon-theme/usr/share/icons/hicolor/64x64/stock/io
Installing new directory /home/builder/build/pkg/hicolor-icon-theme/usr/share/icons/hicolor/64x64/stock/media
Installing new directory /home/builder/build/pkg/hicolor-icon-theme/usr/share/icons/hicolor/64x64/stock/navigation
Installing new directory /home/builder/build/pkg/hicolor-icon-theme/usr/share/icons/hicolor/64x64/stock/net
Installing new directory /home/builder/build/pkg/hicolor-icon-theme/usr/share/icons/hicolor/64x64/stock/object
Installing new directory /home/builder/build/pkg/hicolor-icon-theme/usr/share/icons/hicolor/64x64/stock/table
Installing new directory /home/builder/build/pkg/hicolor-icon-theme/usr/share/icons/hicolor/64x64/stock/text
Installing new directory /home/builder/build/pkg/hicolor-icon-theme/usr/share/icons/hicolor/72x72/actions
Installing new directory /home/builder/build/pkg/hicolor-icon-theme/usr/share/icons/hicolor/72x72/animations
Installing new directory /home/builder/build/pkg/hicolor-icon-theme/usr/share/icons/hicolor/72x72/apps
Installing new directory /home/builder/build/pkg/hicolor-icon-theme/usr/share/icons/hicolor/72x72/categories
Installing new directory /home/builder/build/pkg/hicolor-icon-theme/usr/share/icons/hicolor/72x72/devices
Installing new directory /home/builder/build/pkg/hicolor-icon-theme/usr/share/icons/hicolor/72x72/emblems
Installing new directory /home/builder/build/pkg/hicolor-icon-theme/usr/share/icons/hicolor/72x72/emotes
Installing new directory /home/builder/build/pkg/hicolor-icon-theme/usr/share/icons/hicolor/72x72/filesystems
Installing new directory /home/builder/build/pkg/hicolor-icon-theme/usr/share/icons/hicolor/72x72/intl
Installing new directory /home/builder/build/pkg/hicolor-icon-theme/usr/share/icons/hicolor/72x72/mimetypes
Installing new directory /home/builder/build/pkg/hicolor-icon-theme/usr/share/icons/hicolor/72x72/places
Installing new directory /home/builder/build/pkg/hicolor-icon-theme/usr/share/icons/hicolor/72x72/status
Installing new directory /home/builder/build/pkg/hicolor-icon-theme/usr/share/icons/hicolor/72x72/stock
Installing new directory /home/builder/build/pkg/hicolor-icon-theme/usr/share/icons/hicolor/72x72/stock/chart
Installing new directory /home/builder/build/pkg/hicolor-icon-theme/usr/share/icons/hicolor/72x72/stock/code
Installing new directory /home/builder/build/pkg/hicolor-icon-theme/usr/share/icons/hicolor/72x72/stock/data
Installing new directory /home/builder/build/pkg/hicolor-icon-theme/usr/share/icons/hicolor/72x72/stock/form
Installing new directory /home/builder/build/pkg/hicolor-icon-theme/usr/share/icons/hicolor/72x72/stock/image
Installing new directory /home/builder/build/pkg/hicolor-icon-theme/usr/share/icons/hicolor/72x72/stock/io
Installing new directory /home/builder/build/pkg/hicolor-icon-theme/usr/share/icons/hicolor/72x72/stock/media
Installing new directory /home/builder/build/pkg/hicolor-icon-theme/usr/share/icons/hicolor/72x72/stock/navigation
Installing new directory /home/builder/build/pkg/hicolor-icon-theme/usr/share/icons/hicolor/72x72/stock/net
Installing new directory /home/builder/build/pkg/hicolor-icon-theme/usr/share/icons/hicolor/72x72/stock/object
Installing new directory /home/builder/build/pkg/hicolor-icon-theme/usr/share/icons/hicolor/72x72/stock/table
Installing new directory /home/builder/build/pkg/hicolor-icon-theme/usr/share/icons/hicolor/72x72/stock/text
Installing new directory /home/builder/build/pkg/hicolor-icon-theme/usr/share/icons/hicolor/96x96/actions
Installing new directory /home/builder/build/pkg/hicolor-icon-theme/usr/share/icons/hicolor/96x96/animations
Installing new directory /home/builder/build/pkg/hicolor-icon-theme/usr/share/icons/hicolor/96x96/apps
Installing new directory /home/builder/build/pkg/hicolor-icon-theme/usr/share/icons/hicolor/96x96/categories
Installing new directory /home/builder/build/pkg/hicolor-icon-theme/usr/share/icons/hicolor/96x96/devices
Installing new directory /home/builder/build/pkg/hicolor-icon-theme/usr/share/icons/hicolor/96x96/emblems
Installing new directory /home/builder/build/pkg/hicolor-icon-theme/usr/share/icons/hicolor/96x96/emotes
Installing new directory /home/builder/build/pkg/hicolor-icon-theme/usr/share/icons/hicolor/96x96/filesystems
Installing new directory /home/builder/build/pkg/hicolor-icon-theme/usr/share/icons/hicolor/96x96/intl
Installing new directory /home/builder/build/pkg/hicolor-icon-theme/usr/share/icons/hicolor/96x96/mimetypes
Installing new directory /home/builder/build/pkg/hicolor-icon-theme/usr/share/icons/hicolor/96x96/places
Installing new directory /home/builder/build/pkg/hicolor-icon-theme/usr/share/icons/hicolor/96x96/status
Installing new directory /home/builder/build/pkg/hicolor-icon-theme/usr/share/icons/hicolor/96x96/stock
Installing new directory /home/builder/build/pkg/hicolor-icon-theme/usr/share/icons/hicolor/96x96/stock/chart
Installing new directory /home/builder/build/pkg/hicolor-icon-theme/usr/share/icons/hicolor/96x96/stock/code
Installing new directory /home/builder/build/pkg/hicolor-icon-theme/usr/share/icons/hicolor/96x96/stock/data
Installing new directory /home/builder/build/pkg/hicolor-icon-theme/usr/share/icons/hicolor/96x96/stock/form
Installing new directory /home/builder/build/pkg/hicolor-icon-theme/usr/share/icons/hicolor/96x96/stock/image
Installing new directory /home/builder/build/pkg/hicolor-icon-theme/usr/share/icons/hicolor/96x96/stock/io
Installing new directory /home/builder/build/pkg/hicolor-icon-theme/usr/share/icons/hicolor/96x96/stock/media
Installing new directory /home/builder/build/pkg/hicolor-icon-theme/usr/share/icons/hicolor/96x96/stock/navigation
Installing new directory /home/builder/build/pkg/hicolor-icon-theme/usr/share/icons/hicolor/96x96/stock/net
Installing new directory /home/builder/build/pkg/hicolor-icon-theme/usr/share/icons/hicolor/96x96/stock/object
Installing new directory /home/builder/build/pkg/hicolor-icon-theme/usr/share/icons/hicolor/96x96/stock/table
Installing new directory /home/builder/build/pkg/hicolor-icon-theme/usr/share/icons/hicolor/96x96/stock/text
Installing new directory /home/builder/build/pkg/hicolor-icon-theme/usr/share/icons/hicolor/128x128/actions
Installing new directory /home/builder/build/pkg/hicolor-icon-theme/usr/share/icons/hicolor/128x128/animations
Installing new directory /home/builder/build/pkg/hicolor-icon-theme/usr/share/icons/hicolor/128x128/apps
Installing new directory /home/builder/build/pkg/hicolor-icon-theme/usr/share/icons/hicolor/128x128/categories
Installing new directory /home/builder/build/pkg/hicolor-icon-theme/usr/share/icons/hicolor/128x128/devices
Installing new directory /home/builder/build/pkg/hicolor-icon-theme/usr/share/icons/hicolor/128x128/emblems
Installing new directory /home/builder/build/pkg/hicolor-icon-theme/usr/share/icons/hicolor/128x128/emotes
Installing new directory /home/builder/build/pkg/hicolor-icon-theme/usr/share/icons/hicolor/128x128/filesystems
Installing new directory /home/builder/build/pkg/hicolor-icon-theme/usr/share/icons/hicolor/128x128/intl
Installing new directory /home/builder/build/pkg/hicolor-icon-theme/usr/share/icons/hicolor/128x128/mimetypes
Installing new directory /home/builder/build/pkg/hicolor-icon-theme/usr/share/icons/hicolor/128x128/places
Installing new directory /home/builder/build/pkg/hicolor-icon-theme/usr/share/icons/hicolor/128x128/status
Installing new directory /home/builder/build/pkg/hicolor-icon-theme/usr/share/icons/hicolor/128x128/stock
Installing new directory /home/builder/build/pkg/hicolor-icon-theme/usr/share/icons/hicolor/128x128/stock/chart
Installing new directory /home/builder/build/pkg/hicolor-icon-theme/usr/share/icons/hicolor/128x128/stock/code
Installing new directory /home/builder/build/pkg/hicolor-icon-theme/usr/share/icons/hicolor/128x128/stock/data
Installing new directory /home/builder/build/pkg/hicolor-icon-theme/usr/share/icons/hicolor/128x128/stock/form
Installing new directory /home/builder/build/pkg/hicolor-icon-theme/usr/share/icons/hicolor/128x128/stock/image
Installing new directory /home/builder/build/pkg/hicolor-icon-theme/usr/share/icons/hicolor/128x128/stock/io
Installing new directory /home/builder/build/pkg/hicolor-icon-theme/usr/share/icons/hicolor/128x128/stock/media
Installing new directory /home/builder/build/pkg/hicolor-icon-theme/usr/share/icons/hicolor/128x128/stock/navigation
Installing new directory /home/builder/build/pkg/hicolor-icon-theme/usr/share/icons/hicolor/128x128/stock/net
Installing new directory /home/builder/build/pkg/hicolor-icon-theme/usr/share/icons/hicolor/128x128/stock/object
Installing new directory /home/builder/build/pkg/hicolor-icon-theme/usr/share/icons/hicolor/128x128/stock/table
Installing new directory /home/builder/build/pkg/hicolor-icon-theme/usr/share/icons/hicolor/128x128/stock/text
Installing new directory /home/builder/build/pkg/hicolor-icon-theme/usr/share/icons/hicolor/192x192/actions
Installing new directory /home/builder/build/pkg/hicolor-icon-theme/usr/share/icons/hicolor/192x192/animations
Installing new directory /home/builder/build/pkg/hicolor-icon-theme/usr/share/icons/hicolor/192x192/apps
Installing new directory /home/builder/build/pkg/hicolor-icon-theme/usr/share/icons/hicolor/192x192/categories
Installing new directory /home/builder/build/pkg/hicolor-icon-theme/usr/share/icons/hicolor/192x192/devices
Installing new directory /home/builder/build/pkg/hicolor-icon-theme/usr/share/icons/hicolor/192x192/emblems
Installing new directory /home/builder/build/pkg/hicolor-icon-theme/usr/share/icons/hicolor/192x192/emotes
Installing new directory /home/builder/build/pkg/hicolor-icon-theme/usr/share/icons/hicolor/192x192/filesystems
Installing new directory /home/builder/build/pkg/hicolor-icon-theme/usr/share/icons/hicolor/192x192/intl
Installing new directory /home/builder/build/pkg/hicolor-icon-theme/usr/share/icons/hicolor/192x192/mimetypes
Installing new directory /home/builder/build/pkg/hicolor-icon-theme/usr/share/icons/hicolor/192x192/places
Installing new directory /home/builder/build/pkg/hicolor-icon-theme/usr/share/icons/hicolor/192x192/status
Installing new directory /home/builder/build/pkg/hicolor-icon-theme/usr/share/icons/hicolor/192x192/stock
Installing new directory /home/builder/build/pkg/hicolor-icon-theme/usr/share/icons/hicolor/192x192/stock/chart
Installing new directory /home/builder/build/pkg/hicolor-icon-theme/usr/share/icons/hicolor/192x192/stock/code
Installing new directory /home/builder/build/pkg/hicolor-icon-theme/usr/share/icons/hicolor/192x192/stock/data
Installing new directory /home/builder/build/pkg/hicolor-icon-theme/usr/share/icons/hicolor/192x192/stock/form
Installing new directory /home/builder/build/pkg/hicolor-icon-theme/usr/share/icons/hicolor/192x192/stock/image
Installing new directory /home/builder/build/pkg/hicolor-icon-theme/usr/share/icons/hicolor/192x192/stock/io
Installing new directory /home/builder/build/pkg/hicolor-icon-theme/usr/share/icons/hicolor/192x192/stock/media
Installing new directory /home/builder/build/pkg/hicolor-icon-theme/usr/share/icons/hicolor/192x192/stock/navigation
Installing new directory /home/builder/build/pkg/hicolor-icon-theme/usr/share/icons/hicolor/192x192/stock/net
Installing new directory /home/builder/build/pkg/hicolor-icon-theme/usr/share/icons/hicolor/192x192/stock/object
Installing new directory /home/builder/build/pkg/hicolor-icon-theme/usr/share/icons/hicolor/192x192/stock/table
Installing new directory /home/builder/build/pkg/hicolor-icon-theme/usr/share/icons/hicolor/192x192/stock/text
Installing new directory /home/builder/build/pkg/hicolor-icon-theme/usr/share/icons/hicolor/256x256/actions
Installing new directory /home/builder/build/pkg/hicolor-icon-theme/usr/share/icons/hicolor/256x256/animations
Installing new directory /home/builder/build/pkg/hicolor-icon-theme/usr/share/icons/hicolor/256x256/apps
Installing new directory /home/builder/build/pkg/hicolor-icon-theme/usr/share/icons/hicolor/256x256/categories
Installing new directory /home/builder/build/pkg/hicolor-icon-theme/usr/share/icons/hicolor/256x256/devices
Installing new directory /home/builder/build/pkg/hicolor-icon-theme/usr/share/icons/hicolor/256x256/emblems
Installing new directory /home/builder/build/pkg/hicolor-icon-theme/usr/share/icons/hicolor/256x256/emotes
Installing new directory /home/builder/build/pkg/hicolor-icon-theme/usr/share/icons/hicolor/256x256/filesystems
Installing new directory /home/builder/build/pkg/hicolor-icon-theme/usr/share/icons/hicolor/256x256/intl
Installing new directory /home/builder/build/pkg/hicolor-icon-theme/usr/share/icons/hicolor/256x256/mimetypes
Installing new directory /home/builder/build/pkg/hicolor-icon-theme/usr/share/icons/hicolor/256x256/places
Installing new directory /home/builder/build/pkg/hicolor-icon-theme/usr/share/icons/hicolor/256x256/status
Installing new directory /home/builder/build/pkg/hicolor-icon-theme/usr/share/icons/hicolor/256x256/stock
Installing new directory /home/builder/build/pkg/hicolor-icon-theme/usr/share/icons/hicolor/256x256/stock/chart
Installing new directory /home/builder/build/pkg/hicolor-icon-theme/usr/share/icons/hicolor/256x256/stock/code
Installing new directory /home/builder/build/pkg/hicolor-icon-theme/usr/share/icons/hicolor/256x256/stock/data
Installing new directory /home/builder/build/pkg/hicolor-icon-theme/usr/share/icons/hicolor/256x256/stock/form
Installing new directory /home/builder/build/pkg/hicolor-icon-theme/usr/share/icons/hicolor/256x256/stock/image
Installing new directory /home/builder/build/pkg/hicolor-icon-theme/usr/share/icons/hicolor/256x256/stock/io
Installing new directory /home/builder/build/pkg/hicolor-icon-theme/usr/share/icons/hicolor/256x256/stock/media
Installing new directory /home/builder/build/pkg/hicolor-icon-theme/usr/share/icons/hicolor/256x256/stock/navigation
Installing new directory /home/builder/build/pkg/hicolor-icon-theme/usr/share/icons/hicolor/256x256/stock/net
Installing new directory /home/builder/build/pkg/hicolor-icon-theme/usr/share/icons/hicolor/256x256/stock/object
Installing new directory /home/builder/build/pkg/hicolor-icon-theme/usr/share/icons/hicolor/256x256/stock/table
Installing new directory /home/builder/build/pkg/hicolor-icon-theme/usr/share/icons/hicolor/256x256/stock/text
Installing new directory /home/builder/build/pkg/hicolor-icon-theme/usr/share/icons/hicolor/512x512/actions
Installing new directory /home/builder/build/pkg/hicolor-icon-theme/usr/share/icons/hicolor/512x512/animations
Installing new directory /home/builder/build/pkg/hicolor-icon-theme/usr/share/icons/hicolor/512x512/apps
Installing new directory /home/builder/build/pkg/hicolor-icon-theme/usr/share/icons/hicolor/512x512/categories
Installing new directory /home/builder/build/pkg/hicolor-icon-theme/usr/share/icons/hicolor/512x512/devices
Installing new directory /home/builder/build/pkg/hicolor-icon-theme/usr/share/icons/hicolor/512x512/emblems
Installing new directory /home/builder/build/pkg/hicolor-icon-theme/usr/share/icons/hicolor/512x512/emotes
Installing new directory /home/builder/build/pkg/hicolor-icon-theme/usr/share/icons/hicolor/512x512/filesystems
Installing new directory /home/builder/build/pkg/hicolor-icon-theme/usr/share/icons/hicolor/512x512/intl
Installing new directory /home/builder/build/pkg/hicolor-icon-theme/usr/share/icons/hicolor/512x512/mimetypes
Installing new directory /home/builder/build/pkg/hicolor-icon-theme/usr/share/icons/hicolor/512x512/places
Installing new directory /home/builder/build/pkg/hicolor-icon-theme/usr/share/icons/hicolor/512x512/status
Installing new directory /home/builder/build/pkg/hicolor-icon-theme/usr/share/icons/hicolor/512x512/stock
Installing new directory /home/builder/build/pkg/hicolor-icon-theme/usr/share/icons/hicolor/512x512/stock/chart
Installing new directory /home/builder/build/pkg/hicolor-icon-theme/usr/share/icons/hicolor/512x512/stock/code
Installing new directory /home/builder/build/pkg/hicolor-icon-theme/usr/share/icons/hicolor/512x512/stock/data
Installing new directory /home/builder/build/pkg/hicolor-icon-theme/usr/share/icons/hicolor/512x512/stock/form
Installing new directory /home/builder/build/pkg/hicolor-icon-theme/usr/share/icons/hicolor/512x512/stock/image
Installing new directory /home/builder/build/pkg/hicolor-icon-theme/usr/share/icons/hicolor/512x512/stock/io
Installing new directory /home/builder/build/pkg/hicolor-icon-theme/usr/share/icons/hicolor/512x512/stock/media
Installing new directory /home/builder/build/pkg/hicolor-icon-theme/usr/share/icons/hicolor/512x512/stock/navigation
Installing new directory /home/builder/build/pkg/hicolor-icon-theme/usr/share/icons/hicolor/512x512/stock/net
Installing new directory /home/builder/build/pkg/hicolor-icon-theme/usr/share/icons/hicolor/512x512/stock/object
Installing new directory /home/builder/build/pkg/hicolor-icon-theme/usr/share/icons/hicolor/512x512/stock/table
Installing new directory /home/builder/build/pkg/hicolor-icon-theme/usr/share/icons/hicolor/512x512/stock/text
Installing new directory /home/builder/build/pkg/hicolor-icon-theme/usr/share/icons/hicolor/16x16@2/actions
Installing new directory /home/builder/build/pkg/hicolor-icon-theme/usr/share/icons/hicolor/16x16@2/animations
Installing new directory /home/builder/build/pkg/hicolor-icon-theme/usr/share/icons/hicolor/16x16@2/apps
Installing new directory /home/builder/build/pkg/hicolor-icon-theme/usr/share/icons/hicolor/16x16@2/categories
Installing new directory /home/builder/build/pkg/hicolor-icon-theme/usr/share/icons/hicolor/16x16@2/devices
Installing new directory /home/builder/build/pkg/hicolor-icon-theme/usr/share/icons/hicolor/16x16@2/emblems
Installing new directory /home/builder/build/pkg/hicolor-icon-theme/usr/share/icons/hicolor/16x16@2/emotes
Installing new directory /home/builder/build/pkg/hicolor-icon-theme/usr/share/icons/hicolor/16x16@2/filesystems
Installing new directory /home/builder/build/pkg/hicolor-icon-theme/usr/share/icons/hicolor/16x16@2/intl
Installing new directory /home/builder/build/pkg/hicolor-icon-theme/usr/share/icons/hicolor/16x16@2/mimetypes
Installing new directory /home/builder/build/pkg/hicolor-icon-theme/usr/share/icons/hicolor/16x16@2/places
Installing new directory /home/builder/build/pkg/hicolor-icon-theme/usr/share/icons/hicolor/16x16@2/status
Installing new directory /home/builder/build/pkg/hicolor-icon-theme/usr/share/icons/hicolor/16x16@2/stock
Installing new directory /home/builder/build/pkg/hicolor-icon-theme/usr/share/icons/hicolor/16x16@2/stock/chart
Installing new directory /home/builder/build/pkg/hicolor-icon-theme/usr/share/icons/hicolor/16x16@2/stock/code
Installing new directory /home/builder/build/pkg/hicolor-icon-theme/usr/share/icons/hicolor/16x16@2/stock/data
Installing new directory /home/builder/build/pkg/hicolor-icon-theme/usr/share/icons/hicolor/16x16@2/stock/form
Installing new directory /home/builder/build/pkg/hicolor-icon-theme/usr/share/icons/hicolor/16x16@2/stock/image
Installing new directory /home/builder/build/pkg/hicolor-icon-theme/usr/share/icons/hicolor/16x16@2/stock/io
Installing new directory /home/builder/build/pkg/hicolor-icon-theme/usr/share/icons/hicolor/16x16@2/stock/media
Installing new directory /home/builder/build/pkg/hicolor-icon-theme/usr/share/icons/hicolor/16x16@2/stock/navigation
Installing new directory /home/builder/build/pkg/hicolor-icon-theme/usr/share/icons/hicolor/16x16@2/stock/net
Installing new directory /home/builder/build/pkg/hicolor-icon-theme/usr/share/icons/hicolor/16x16@2/stock/object
Installing new directory /home/builder/build/pkg/hicolor-icon-theme/usr/share/icons/hicolor/16x16@2/stock/table
Installing new directory /home/builder/build/pkg/hicolor-icon-theme/usr/share/icons/hicolor/16x16@2/stock/text
Installing new directory /home/builder/build/pkg/hicolor-icon-theme/usr/share/icons/hicolor/22x22@2/actions
Installing new directory /home/builder/build/pkg/hicolor-icon-theme/usr/share/icons/hicolor/22x22@2/animations
Installing new directory /home/builder/build/pkg/hicolor-icon-theme/usr/share/icons/hicolor/22x22@2/apps
Installing new directory /home/builder/build/pkg/hicolor-icon-theme/usr/share/icons/hicolor/22x22@2/categories
Installing new directory /home/builder/build/pkg/hicolor-icon-theme/usr/share/icons/hicolor/22x22@2/devices
Installing new directory /home/builder/build/pkg/hicolor-icon-theme/usr/share/icons/hicolor/22x22@2/emblems
Installing new directory /home/builder/build/pkg/hicolor-icon-theme/usr/share/icons/hicolor/22x22@2/emotes
Installing new directory /home/builder/build/pkg/hicolor-icon-theme/usr/share/icons/hicolor/22x22@2/filesystems
Installing new directory /home/builder/build/pkg/hicolor-icon-theme/usr/share/icons/hicolor/22x22@2/intl
Installing new directory /home/builder/build/pkg/hicolor-icon-theme/usr/share/icons/hicolor/22x22@2/mimetypes
Installing new directory /home/builder/build/pkg/hicolor-icon-theme/usr/share/icons/hicolor/22x22@2/places
Installing new directory /home/builder/build/pkg/hicolor-icon-theme/usr/share/icons/hicolor/22x22@2/status
Installing new directory /home/builder/build/pkg/hicolor-icon-theme/usr/share/icons/hicolor/22x22@2/stock
Installing new directory /home/builder/build/pkg/hicolor-icon-theme/usr/share/icons/hicolor/22x22@2/stock/chart
Installing new directory /home/builder/build/pkg/hicolor-icon-theme/usr/share/icons/hicolor/22x22@2/stock/code
Installing new directory /home/builder/build/pkg/hicolor-icon-theme/usr/share/icons/hicolor/22x22@2/stock/data
Installing new directory /home/builder/build/pkg/hicolor-icon-theme/usr/share/icons/hicolor/22x22@2/stock/form
Installing new directory /home/builder/build/pkg/hicolor-icon-theme/usr/share/icons/hicolor/22x22@2/stock/image
Installing new directory /home/builder/build/pkg/hicolor-icon-theme/usr/share/icons/hicolor/22x22@2/stock/io
Installing new directory /home/builder/build/pkg/hicolor-icon-theme/usr/share/icons/hicolor/22x22@2/stock/media
Installing new directory /home/builder/build/pkg/hicolor-icon-theme/usr/share/icons/hicolor/22x22@2/stock/navigation
Installing new directory /home/builder/build/pkg/hicolor-icon-theme/usr/share/icons/hicolor/22x22@2/stock/net
Installing new directory /home/builder/build/pkg/hicolor-icon-theme/usr/share/icons/hicolor/22x22@2/stock/object
Installing new directory /home/builder/build/pkg/hicolor-icon-theme/usr/share/icons/hicolor/22x22@2/stock/table
Installing new directory /home/builder/build/pkg/hicolor-icon-theme/usr/share/icons/hicolor/22x22@2/stock/text
Installing new directory /home/builder/build/pkg/hicolor-icon-theme/usr/share/icons/hicolor/24x24@2/actions
Installing new directory /home/builder/build/pkg/hicolor-icon-theme/usr/share/icons/hicolor/24x24@2/animations
Installing new directory /home/builder/build/pkg/hicolor-icon-theme/usr/share/icons/hicolor/24x24@2/apps
Installing new directory /home/builder/build/pkg/hicolor-icon-theme/usr/share/icons/hicolor/24x24@2/categories
Installing new directory /home/builder/build/pkg/hicolor-icon-theme/usr/share/icons/hicolor/24x24@2/devices
Installing new directory /home/builder/build/pkg/hicolor-icon-theme/usr/share/icons/hicolor/24x24@2/emblems
Installing new directory /home/builder/build/pkg/hicolor-icon-theme/usr/share/icons/hicolor/24x24@2/emotes
Installing new directory /home/builder/build/pkg/hicolor-icon-theme/usr/share/icons/hicolor/24x24@2/filesystems
Installing new directory /home/builder/build/pkg/hicolor-icon-theme/usr/share/icons/hicolor/24x24@2/intl
Installing new directory /home/builder/build/pkg/hicolor-icon-theme/usr/share/icons/hicolor/24x24@2/mimetypes
Installing new directory /home/builder/build/pkg/hicolor-icon-theme/usr/share/icons/hicolor/24x24@2/places
Installing new directory /home/builder/build/pkg/hicolor-icon-theme/usr/share/icons/hicolor/24x24@2/status
Installing new directory /home/builder/build/pkg/hicolor-icon-theme/usr/share/icons/hicolor/24x24@2/stock
Installing new directory /home/builder/build/pkg/hicolor-icon-theme/usr/share/icons/hicolor/24x24@2/stock/chart
Installing new directory /home/builder/build/pkg/hicolor-icon-theme/usr/share/icons/hicolor/24x24@2/stock/code
Installing new directory /home/builder/build/pkg/hicolor-icon-theme/usr/share/icons/hicolor/24x24@2/stock/data
Installing new directory /home/builder/build/pkg/hicolor-icon-theme/usr/share/icons/hicolor/24x24@2/stock/form
Installing new directory /home/builder/build/pkg/hicolor-icon-theme/usr/share/icons/hicolor/24x24@2/stock/image
Installing new directory /home/builder/build/pkg/hicolor-icon-theme/usr/share/icons/hicolor/24x24@2/stock/io
Installing new directory /home/builder/build/pkg/hicolor-icon-theme/usr/share/icons/hicolor/24x24@2/stock/media
Installing new directory /home/builder/build/pkg/hicolor-icon-theme/usr/share/icons/hicolor/24x24@2/stock/navigation
Installing new directory /home/builder/build/pkg/hicolor-icon-theme/usr/share/icons/hicolor/24x24@2/stock/net
Installing new directory /home/builder/build/pkg/hicolor-icon-theme/usr/share/icons/hicolor/24x24@2/stock/object
Installing new directory /home/builder/build/pkg/hicolor-icon-theme/usr/share/icons/hicolor/24x24@2/stock/table
Installing new directory /home/builder/build/pkg/hicolor-icon-theme/usr/share/icons/hicolor/24x24@2/stock/text
Installing new directory /home/builder/build/pkg/hicolor-icon-theme/usr/share/icons/hicolor/32x32@2/actions
Installing new directory /home/builder/build/pkg/hicolor-icon-theme/usr/share/icons/hicolor/32x32@2/animations
Installing new directory /home/builder/build/pkg/hicolor-icon-theme/usr/share/icons/hicolor/32x32@2/apps
Installing new directory /home/builder/build/pkg/hicolor-icon-theme/usr/share/icons/hicolor/32x32@2/categories
Installing new directory /home/builder/build/pkg/hicolor-icon-theme/usr/share/icons/hicolor/32x32@2/devices
Installing new directory /home/builder/build/pkg/hicolor-icon-theme/usr/share/icons/hicolor/32x32@2/emblems
Installing new directory /home/builder/build/pkg/hicolor-icon-theme/usr/share/icons/hicolor/32x32@2/emotes
Installing new directory /home/builder/build/pkg/hicolor-icon-theme/usr/share/icons/hicolor/32x32@2/filesystems
Installing new directory /home/builder/build/pkg/hicolor-icon-theme/usr/share/icons/hicolor/32x32@2/intl
Installing new directory /home/builder/build/pkg/hicolor-icon-theme/usr/share/icons/hicolor/32x32@2/mimetypes
Installing new directory /home/builder/build/pkg/hicolor-icon-theme/usr/share/icons/hicolor/32x32@2/places
Installing new directory /home/builder/build/pkg/hicolor-icon-theme/usr/share/icons/hicolor/32x32@2/status
Installing new directory /home/builder/build/pkg/hicolor-icon-theme/usr/share/icons/hicolor/32x32@2/stock
Installing new directory /home/builder/build/pkg/hicolor-icon-theme/usr/share/icons/hicolor/32x32@2/stock/chart
Installing new directory /home/builder/build/pkg/hicolor-icon-theme/usr/share/icons/hicolor/32x32@2/stock/code
Installing new directory /home/builder/build/pkg/hicolor-icon-theme/usr/share/icons/hicolor/32x32@2/stock/data
Installing new directory /home/builder/build/pkg/hicolor-icon-theme/usr/share/icons/hicolor/32x32@2/stock/form
Installing new directory /home/builder/build/pkg/hicolor-icon-theme/usr/share/icons/hicolor/32x32@2/stock/image
Installing new directory /home/builder/build/pkg/hicolor-icon-theme/usr/share/icons/hicolor/32x32@2/stock/io
Installing new directory /home/builder/build/pkg/hicolor-icon-theme/usr/share/icons/hicolor/32x32@2/stock/media
Installing new directory /home/builder/build/pkg/hicolor-icon-theme/usr/share/icons/hicolor/32x32@2/stock/navigation
Installing new directory /home/builder/build/pkg/hicolor-icon-theme/usr/share/icons/hicolor/32x32@2/stock/net
Installing new directory /home/builder/build/pkg/hicolor-icon-theme/usr/share/icons/hicolor/32x32@2/stock/object
Installing new directory /home/builder/build/pkg/hicolor-icon-theme/usr/share/icons/hicolor/32x32@2/stock/table
Installing new directory /home/builder/build/pkg/hicolor-icon-theme/usr/share/icons/hicolor/32x32@2/stock/text
Installing new directory /home/builder/build/pkg/hicolor-icon-theme/usr/share/icons/hicolor/36x36@2/actions
Installing new directory /home/builder/build/pkg/hicolor-icon-theme/usr/share/icons/hicolor/36x36@2/animations
Installing new directory /home/builder/build/pkg/hicolor-icon-theme/usr/share/icons/hicolor/36x36@2/apps
Installing new directory /home/builder/build/pkg/hicolor-icon-theme/usr/share/icons/hicolor/36x36@2/categories
Installing new directory /home/builder/build/pkg/hicolor-icon-theme/usr/share/icons/hicolor/36x36@2/devices
Installing new directory /home/builder/build/pkg/hicolor-icon-theme/usr/share/icons/hicolor/36x36@2/emblems
Installing new directory /home/builder/build/pkg/hicolor-icon-theme/usr/share/icons/hicolor/36x36@2/emotes
Installing new directory /home/builder/build/pkg/hicolor-icon-theme/usr/share/icons/hicolor/36x36@2/filesystems
Installing new directory /home/builder/build/pkg/hicolor-icon-theme/usr/share/icons/hicolor/36x36@2/intl
Installing new directory /home/builder/build/pkg/hicolor-icon-theme/usr/share/icons/hicolor/36x36@2/mimetypes
Installing new directory /home/builder/build/pkg/hicolor-icon-theme/usr/share/icons/hicolor/36x36@2/places
Installing new directory /home/builder/build/pkg/hicolor-icon-theme/usr/share/icons/hicolor/36x36@2/status
Installing new directory /home/builder/build/pkg/hicolor-icon-theme/usr/share/icons/hicolor/36x36@2/stock
Installing new directory /home/builder/build/pkg/hicolor-icon-theme/usr/share/icons/hicolor/36x36@2/stock/chart
Installing new directory /home/builder/build/pkg/hicolor-icon-theme/usr/share/icons/hicolor/36x36@2/stock/code
Installing new directory /home/builder/build/pkg/hicolor-icon-theme/usr/share/icons/hicolor/36x36@2/stock/data
Installing new directory /home/builder/build/pkg/hicolor-icon-theme/usr/share/icons/hicolor/36x36@2/stock/form
Installing new directory /home/builder/build/pkg/hicolor-icon-theme/usr/share/icons/hicolor/36x36@2/stock/image
Installing new directory /home/builder/build/pkg/hicolor-icon-theme/usr/share/icons/hicolor/36x36@2/stock/io
Installing new directory /home/builder/build/pkg/hicolor-icon-theme/usr/share/icons/hicolor/36x36@2/stock/media
Installing new directory /home/builder/build/pkg/hicolor-icon-theme/usr/share/icons/hicolor/36x36@2/stock/navigation
Installing new directory /home/builder/build/pkg/hicolor-icon-theme/usr/share/icons/hicolor/36x36@2/stock/net
Installing new directory /home/builder/build/pkg/hicolor-icon-theme/usr/share/icons/hicolor/36x36@2/stock/object
Installing new directory /home/builder/build/pkg/hicolor-icon-theme/usr/share/icons/hicolor/36x36@2/stock/table
Installing new directory /home/builder/build/pkg/hicolor-icon-theme/usr/share/icons/hicolor/36x36@2/stock/text
Installing new directory /home/builder/build/pkg/hicolor-icon-theme/usr/share/icons/hicolor/48x48@2/actions
Installing new directory /home/builder/build/pkg/hicolor-icon-theme/usr/share/icons/hicolor/48x48@2/animations
Installing new directory /home/builder/build/pkg/hicolor-icon-theme/usr/share/icons/hicolor/48x48@2/apps
Installing new directory /home/builder/build/pkg/hicolor-icon-theme/usr/share/icons/hicolor/48x48@2/categories
Installing new directory /home/builder/build/pkg/hicolor-icon-theme/usr/share/icons/hicolor/48x48@2/devices
Installing new directory /home/builder/build/pkg/hicolor-icon-theme/usr/share/icons/hicolor/48x48@2/emblems
Installing new directory /home/builder/build/pkg/hicolor-icon-theme/usr/share/icons/hicolor/48x48@2/emotes
Installing new directory /home/builder/build/pkg/hicolor-icon-theme/usr/share/icons/hicolor/48x48@2/filesystems
Installing new directory /home/builder/build/pkg/hicolor-icon-theme/usr/share/icons/hicolor/48x48@2/intl
Installing new directory /home/builder/build/pkg/hicolor-icon-theme/usr/share/icons/hicolor/48x48@2/mimetypes
Installing new directory /home/builder/build/pkg/hicolor-icon-theme/usr/share/icons/hicolor/48x48@2/places
Installing new directory /home/builder/build/pkg/hicolor-icon-theme/usr/share/icons/hicolor/48x48@2/status
Installing new directory /home/builder/build/pkg/hicolor-icon-theme/usr/share/icons/hicolor/48x48@2/stock
Installing new directory /home/builder/build/pkg/hicolor-icon-theme/usr/share/icons/hicolor/48x48@2/stock/chart
Installing new directory /home/builder/build/pkg/hicolor-icon-theme/usr/share/icons/hicolor/48x48@2/stock/code
Installing new directory /home/builder/build/pkg/hicolor-icon-theme/usr/share/icons/hicolor/48x48@2/stock/data
Installing new directory /home/builder/build/pkg/hicolor-icon-theme/usr/share/icons/hicolor/48x48@2/stock/form
Installing new directory /home/builder/build/pkg/hicolor-icon-theme/usr/share/icons/hicolor/48x48@2/stock/image
Installing new directory /home/builder/build/pkg/hicolor-icon-theme/usr/share/icons/hicolor/48x48@2/stock/io
Installing new directory /home/builder/build/pkg/hicolor-icon-theme/usr/share/icons/hicolor/48x48@2/stock/media
Installing new directory /home/builder/build/pkg/hicolor-icon-theme/usr/share/icons/hicolor/48x48@2/stock/navigation
Installing new directory /home/builder/build/pkg/hicolor-icon-theme/usr/share/icons/hicolor/48x48@2/stock/net
Installing new directory /home/builder/build/pkg/hicolor-icon-theme/usr/share/icons/hicolor/48x48@2/stock/object
Installing new directory /home/builder/build/pkg/hicolor-icon-theme/usr/share/icons/hicolor/48x48@2/stock/table
Installing new directory /home/builder/build/pkg/hicolor-icon-theme/usr/share/icons/hicolor/48x48@2/stock/text
Installing new directory /home/builder/build/pkg/hicolor-icon-theme/usr/share/icons/hicolor/64x64@2/actions
Installing new directory /home/builder/build/pkg/hicolor-icon-theme/usr/share/icons/hicolor/64x64@2/animations
Installing new directory /home/builder/build/pkg/hicolor-icon-theme/usr/share/icons/hicolor/64x64@2/apps
Installing new directory /home/builder/build/pkg/hicolor-icon-theme/usr/share/icons/hicolor/64x64@2/categories
Installing new directory /home/builder/build/pkg/hicolor-icon-theme/usr/share/icons/hicolor/64x64@2/devices
Installing new directory /home/builder/build/pkg/hicolor-icon-theme/usr/share/icons/hicolor/64x64@2/emblems
Installing new directory /home/builder/build/pkg/hicolor-icon-theme/usr/share/icons/hicolor/64x64@2/emotes
Installing new directory /home/builder/build/pkg/hicolor-icon-theme/usr/share/icons/hicolor/64x64@2/filesystems
Installing new directory /home/builder/build/pkg/hicolor-icon-theme/usr/share/icons/hicolor/64x64@2/intl
Installing new directory /home/builder/build/pkg/hicolor-icon-theme/usr/share/icons/hicolor/64x64@2/mimetypes
Installing new directory /home/builder/build/pkg/hicolor-icon-theme/usr/share/icons/hicolor/64x64@2/places
Installing new directory /home/builder/build/pkg/hicolor-icon-theme/usr/share/icons/hicolor/64x64@2/status
Installing new directory /home/builder/build/pkg/hicolor-icon-theme/usr/share/icons/hicolor/64x64@2/stock
Installing new directory /home/builder/build/pkg/hicolor-icon-theme/usr/share/icons/hicolor/64x64@2/stock/chart
Installing new directory /home/builder/build/pkg/hicolor-icon-theme/usr/share/icons/hicolor/64x64@2/stock/code
Installing new directory /home/builder/build/pkg/hicolor-icon-theme/usr/share/icons/hicolor/64x64@2/stock/data
Installing new directory /home/builder/build/pkg/hicolor-icon-theme/usr/share/icons/hicolor/64x64@2/stock/form
Installing new directory /home/builder/build/pkg/hicolor-icon-theme/usr/share/icons/hicolor/64x64@2/stock/image
Installing new directory /home/builder/build/pkg/hicolor-icon-theme/usr/share/icons/hicolor/64x64@2/stock/io
Installing new directory /home/builder/build/pkg/hicolor-icon-theme/usr/share/icons/hicolor/64x64@2/stock/media
Installing new directory /home/builder/build/pkg/hicolor-icon-theme/usr/share/icons/hicolor/64x64@2/stock/navigation
Installing new directory /home/builder/build/pkg/hicolor-icon-theme/usr/share/icons/hicolor/64x64@2/stock/net
Installing new directory /home/builder/build/pkg/hicolor-icon-theme/usr/share/icons/hicolor/64x64@2/stock/object
Installing new directory /home/builder/build/pkg/hicolor-icon-theme/usr/share/icons/hicolor/64x64@2/stock/table
Installing new directory /home/builder/build/pkg/hicolor-icon-theme/usr/share/icons/hicolor/64x64@2/stock/text
Installing new directory /home/builder/build/pkg/hicolor-icon-theme/usr/share/icons/hicolor/72x72@2/actions
Installing new directory /home/builder/build/pkg/hicolor-icon-theme/usr/share/icons/hicolor/72x72@2/animations
Installing new directory /home/builder/build/pkg/hicolor-icon-theme/usr/share/icons/hicolor/72x72@2/apps
Installing new directory /home/builder/build/pkg/hicolor-icon-theme/usr/share/icons/hicolor/72x72@2/categories
Installing new directory /home/builder/build/pkg/hicolor-icon-theme/usr/share/icons/hicolor/72x72@2/devices
Installing new directory /home/builder/build/pkg/hicolor-icon-theme/usr/share/icons/hicolor/72x72@2/emblems
Installing new directory /home/builder/build/pkg/hicolor-icon-theme/usr/share/icons/hicolor/72x72@2/emotes
Installing new directory /home/builder/build/pkg/hicolor-icon-theme/usr/share/icons/hicolor/72x72@2/filesystems
Installing new directory /home/builder/build/pkg/hicolor-icon-theme/usr/share/icons/hicolor/72x72@2/intl
Installing new directory /home/builder/build/pkg/hicolor-icon-theme/usr/share/icons/hicolor/72x72@2/mimetypes
Installing new directory /home/builder/build/pkg/hicolor-icon-theme/usr/share/icons/hicolor/72x72@2/places
Installing new directory /home/builder/build/pkg/hicolor-icon-theme/usr/share/icons/hicolor/72x72@2/status
Installing new directory /home/builder/build/pkg/hicolor-icon-theme/usr/share/icons/hicolor/72x72@2/stock
Installing new directory /home/builder/build/pkg/hicolor-icon-theme/usr/share/icons/hicolor/72x72@2/stock/chart
Installing new directory /home/builder/build/pkg/hicolor-icon-theme/usr/share/icons/hicolor/72x72@2/stock/code
Installing new directory /home/builder/build/pkg/hicolor-icon-theme/usr/share/icons/hicolor/72x72@2/stock/data
Installing new directory /home/builder/build/pkg/hicolor-icon-theme/usr/share/icons/hicolor/72x72@2/stock/form
Installing new directory /home/builder/build/pkg/hicolor-icon-theme/usr/share/icons/hicolor/72x72@2/stock/image
Installing new directory /home/builder/build/pkg/hicolor-icon-theme/usr/share/icons/hicolor/72x72@2/stock/io
Installing new directory /home/builder/build/pkg/hicolor-icon-theme/usr/share/icons/hicolor/72x72@2/stock/media
Installing new directory /home/builder/build/pkg/hicolor-icon-theme/usr/share/icons/hicolor/72x72@2/stock/navigation
Installing new directory /home/builder/build/pkg/hicolor-icon-theme/usr/share/icons/hicolor/72x72@2/stock/net
Installing new directory /home/builder/build/pkg/hicolor-icon-theme/usr/share/icons/hicolor/72x72@2/stock/object
Installing new directory /home/builder/build/pkg/hicolor-icon-theme/usr/share/icons/hicolor/72x72@2/stock/table
Installing new directory /home/builder/build/pkg/hicolor-icon-theme/usr/share/icons/hicolor/72x72@2/stock/text
Installing new directory /home/builder/build/pkg/hicolor-icon-theme/usr/share/icons/hicolor/96x96@2/actions
Installing new directory /home/builder/build/pkg/hicolor-icon-theme/usr/share/icons/hicolor/96x96@2/animations
Installing new directory /home/builder/build/pkg/hicolor-icon-theme/usr/share/icons/hicolor/96x96@2/apps
Installing new directory /home/builder/build/pkg/hicolor-icon-theme/usr/share/icons/hicolor/96x96@2/categories
Installing new directory /home/builder/build/pkg/hicolor-icon-theme/usr/share/icons/hicolor/96x96@2/devices
Installing new directory /home/builder/build/pkg/hicolor-icon-theme/usr/share/icons/hicolor/96x96@2/emblems
Installing new directory /home/builder/build/pkg/hicolor-icon-theme/usr/share/icons/hicolor/96x96@2/emotes
Installing new directory /home/builder/build/pkg/hicolor-icon-theme/usr/share/icons/hicolor/96x96@2/filesystems
Installing new directory /home/builder/build/pkg/hicolor-icon-theme/usr/share/icons/hicolor/96x96@2/intl
Installing new directory /home/builder/build/pkg/hicolor-icon-theme/usr/share/icons/hicolor/96x96@2/mimetypes
Installing new directory /home/builder/build/pkg/hicolor-icon-theme/usr/share/icons/hicolor/96x96@2/places
Installing new directory /home/builder/build/pkg/hicolor-icon-theme/usr/share/icons/hicolor/96x96@2/status
Installing new directory /home/builder/build/pkg/hicolor-icon-theme/usr/share/icons/hicolor/96x96@2/stock
Installing new directory /home/builder/build/pkg/hicolor-icon-theme/usr/share/icons/hicolor/96x96@2/stock/chart
Installing new directory /home/builder/build/pkg/hicolor-icon-theme/usr/share/icons/hicolor/96x96@2/stock/code
Installing new directory /home/builder/build/pkg/hicolor-icon-theme/usr/share/icons/hicolor/96x96@2/stock/data
Installing new directory /home/builder/build/pkg/hicolor-icon-theme/usr/share/icons/hicolor/96x96@2/stock/form
Installing new directory /home/builder/build/pkg/hicolor-icon-theme/usr/share/icons/hicolor/96x96@2/stock/image
Installing new directory /home/builder/build/pkg/hicolor-icon-theme/usr/share/icons/hicolor/96x96@2/stock/io
Installing new directory /home/builder/build/pkg/hicolor-icon-theme/usr/share/icons/hicolor/96x96@2/stock/media
Installing new directory /home/builder/build/pkg/hicolor-icon-theme/usr/share/icons/hicolor/96x96@2/stock/navigation
Installing new directory /home/builder/build/pkg/hicolor-icon-theme/usr/share/icons/hicolor/96x96@2/stock/net
Installing new directory /home/builder/build/pkg/hicolor-icon-theme/usr/share/icons/hicolor/96x96@2/stock/object
Installing new directory /home/builder/build/pkg/hicolor-icon-theme/usr/share/icons/hicolor/96x96@2/stock/table
Installing new directory /home/builder/build/pkg/hicolor-icon-theme/usr/share/icons/hicolor/96x96@2/stock/text
Installing new directory /home/builder/build/pkg/hicolor-icon-theme/usr/share/icons/hicolor/128x128@2/actions
Installing new directory /home/builder/build/pkg/hicolor-icon-theme/usr/share/icons/hicolor/128x128@2/animations
Installing new directory /home/builder/build/pkg/hicolor-icon-theme/usr/share/icons/hicolor/128x128@2/apps
Installing new directory /home/builder/build/pkg/hicolor-icon-theme/usr/share/icons/hicolor/128x128@2/categories
Installing new directory /home/builder/build/pkg/hicolor-icon-theme/usr/share/icons/hicolor/128x128@2/devices
Installing new directory /home/builder/build/pkg/hicolor-icon-theme/usr/share/icons/hicolor/128x128@2/emblems
Installing new directory /home/builder/build/pkg/hicolor-icon-theme/usr/share/icons/hicolor/128x128@2/emotes
Installing new directory /home/builder/build/pkg/hicolor-icon-theme/usr/share/icons/hicolor/128x128@2/filesystems
Installing new directory /home/builder/build/pkg/hicolor-icon-theme/usr/share/icons/hicolor/128x128@2/intl
Installing new directory /home/builder/build/pkg/hicolor-icon-theme/usr/share/icons/hicolor/128x128@2/mimetypes
Installing new directory /home/builder/build/pkg/hicolor-icon-theme/usr/share/icons/hicolor/128x128@2/places
Installing new directory /home/builder/build/pkg/hicolor-icon-theme/usr/share/icons/hicolor/128x128@2/status
Installing new directory /home/builder/build/pkg/hicolor-icon-theme/usr/share/icons/hicolor/128x128@2/stock
Installing new directory /home/builder/build/pkg/hicolor-icon-theme/usr/share/icons/hicolor/128x128@2/stock/chart
Installing new directory /home/builder/build/pkg/hicolor-icon-theme/usr/share/icons/hicolor/128x128@2/stock/code
Installing new directory /home/builder/build/pkg/hicolor-icon-theme/usr/share/icons/hicolor/128x128@2/stock/data
Installing new directory /home/builder/build/pkg/hicolor-icon-theme/usr/share/icons/hicolor/128x128@2/stock/form
Installing new directory /home/builder/build/pkg/hicolor-icon-theme/usr/share/icons/hicolor/128x128@2/stock/image
Installing new directory /home/builder/build/pkg/hicolor-icon-theme/usr/share/icons/hicolor/128x128@2/stock/io
Installing new directory /home/builder/build/pkg/hicolor-icon-theme/usr/share/icons/hicolor/128x128@2/stock/media
Installing new directory /home/builder/build/pkg/hicolor-icon-theme/usr/share/icons/hicolor/128x128@2/stock/navigation
Installing new directory /home/builder/build/pkg/hicolor-icon-theme/usr/share/icons/hicolor/128x128@2/stock/net
Installing new directory /home/builder/build/pkg/hicolor-icon-theme/usr/share/icons/hicolor/128x128@2/stock/object
Installing new directory /home/builder/build/pkg/hicolor-icon-theme/usr/share/icons/hicolor/128x128@2/stock/table
Installing new directory /home/builder/build/pkg/hicolor-icon-theme/usr/share/icons/hicolor/128x128@2/stock/text
Installing new directory /home/builder/build/pkg/hicolor-icon-theme/usr/share/icons/hicolor/192x192@2/actions
Installing new directory /home/builder/build/pkg/hicolor-icon-theme/usr/share/icons/hicolor/192x192@2/animations
Installing new directory /home/builder/build/pkg/hicolor-icon-theme/usr/share/icons/hicolor/192x192@2/apps
Installing new directory /home/builder/build/pkg/hicolor-icon-theme/usr/share/icons/hicolor/192x192@2/categories
Installing new directory /home/builder/build/pkg/hicolor-icon-theme/usr/share/icons/hicolor/192x192@2/devices
Installing new directory /home/builder/build/pkg/hicolor-icon-theme/usr/share/icons/hicolor/192x192@2/emblems
Installing new directory /home/builder/build/pkg/hicolor-icon-theme/usr/share/icons/hicolor/192x192@2/emotes
Installing new directory /home/builder/build/pkg/hicolor-icon-theme/usr/share/icons/hicolor/192x192@2/filesystems
Installing new directory /home/builder/build/pkg/hicolor-icon-theme/usr/share/icons/hicolor/192x192@2/intl
Installing new directory /home/builder/build/pkg/hicolor-icon-theme/usr/share/icons/hicolor/192x192@2/mimetypes
Installing new directory /home/builder/build/pkg/hicolor-icon-theme/usr/share/icons/hicolor/192x192@2/places
Installing new directory /home/builder/build/pkg/hicolor-icon-theme/usr/share/icons/hicolor/192x192@2/status
Installing new directory /home/builder/build/pkg/hicolor-icon-theme/usr/share/icons/hicolor/192x192@2/stock
Installing new directory /home/builder/build/pkg/hicolor-icon-theme/usr/share/icons/hicolor/192x192@2/stock/chart
Installing new directory /home/builder/build/pkg/hicolor-icon-theme/usr/share/icons/hicolor/192x192@2/stock/code
Installing new directory /home/builder/build/pkg/hicolor-icon-theme/usr/share/icons/hicolor/192x192@2/stock/data
Installing new directory /home/builder/build/pkg/hicolor-icon-theme/usr/share/icons/hicolor/192x192@2/stock/form
Installing new directory /home/builder/build/pkg/hicolor-icon-theme/usr/share/icons/hicolor/192x192@2/stock/image
Installing new directory /home/builder/build/pkg/hicolor-icon-theme/usr/share/icons/hicolor/192x192@2/stock/io
Installing new directory /home/builder/build/pkg/hicolor-icon-theme/usr/share/icons/hicolor/192x192@2/stock/media
Installing new directory /home/builder/build/pkg/hicolor-icon-theme/usr/share/icons/hicolor/192x192@2/stock/navigation
Installing new directory /home/builder/build/pkg/hicolor-icon-theme/usr/share/icons/hicolor/192x192@2/stock/net
Installing new directory /home/builder/build/pkg/hicolor-icon-theme/usr/share/icons/hicolor/192x192@2/stock/object
Installing new directory /home/builder/build/pkg/hicolor-icon-theme/usr/share/icons/hicolor/192x192@2/stock/table
Installing new directory /home/builder/build/pkg/hicolor-icon-theme/usr/share/icons/hicolor/192x192@2/stock/text
Installing new directory /home/builder/build/pkg/hicolor-icon-theme/usr/share/icons/hicolor/256x256@2/actions
Installing new directory /home/builder/build/pkg/hicolor-icon-theme/usr/share/icons/hicolor/256x256@2/animations
Installing new directory /home/builder/build/pkg/hicolor-icon-theme/usr/share/icons/hicolor/256x256@2/apps
Installing new directory /home/builder/build/pkg/hicolor-icon-theme/usr/share/icons/hicolor/256x256@2/categories
Installing new directory /home/builder/build/pkg/hicolor-icon-theme/usr/share/icons/hicolor/256x256@2/devices
Installing new directory /home/builder/build/pkg/hicolor-icon-theme/usr/share/icons/hicolor/256x256@2/emblems
Installing new directory /home/builder/build/pkg/hicolor-icon-theme/usr/share/icons/hicolor/256x256@2/emotes
Installing new directory /home/builder/build/pkg/hicolor-icon-theme/usr/share/icons/hicolor/256x256@2/filesystems
Installing new directory /home/builder/build/pkg/hicolor-icon-theme/usr/share/icons/hicolor/256x256@2/intl
Installing new directory /home/builder/build/pkg/hicolor-icon-theme/usr/share/icons/hicolor/256x256@2/mimetypes
Installing new directory /home/builder/build/pkg/hicolor-icon-theme/usr/share/icons/hicolor/256x256@2/places
Installing new directory /home/builder/build/pkg/hicolor-icon-theme/usr/share/icons/hicolor/256x256@2/status
Installing new directory /home/builder/build/pkg/hicolor-icon-theme/usr/share/icons/hicolor/256x256@2/stock
Installing new directory /home/builder/build/pkg/hicolor-icon-theme/usr/share/icons/hicolor/256x256@2/stock/chart
Installing new directory /home/builder/build/pkg/hicolor-icon-theme/usr/share/icons/hicolor/256x256@2/stock/code
Installing new directory /home/builder/build/pkg/hicolor-icon-theme/usr/share/icons/hicolor/256x256@2/stock/data
Installing new directory /home/builder/build/pkg/hicolor-icon-theme/usr/share/icons/hicolor/256x256@2/stock/form
Installing new directory /home/builder/build/pkg/hicolor-icon-theme/usr/share/icons/hicolor/256x256@2/stock/image
Installing new directory /home/builder/build/pkg/hicolor-icon-theme/usr/share/icons/hicolor/256x256@2/stock/io
Installing new directory /home/builder/build/pkg/hicolor-icon-theme/usr/share/icons/hicolor/256x256@2/stock/media
Installing new directory /home/builder/build/pkg/hicolor-icon-theme/usr/share/icons/hicolor/256x256@2/stock/navigation
Installing new directory /home/builder/build/pkg/hicolor-icon-theme/usr/share/icons/hicolor/256x256@2/stock/net
Installing new directory /home/builder/build/pkg/hicolor-icon-theme/usr/share/icons/hicolor/256x256@2/stock/object
Installing new directory /home/builder/build/pkg/hicolor-icon-theme/usr/share/icons/hicolor/256x256@2/stock/table
Installing new directory /home/builder/build/pkg/hicolor-icon-theme/usr/share/icons/hicolor/256x256@2/stock/text
Installing new directory /home/builder/build/pkg/hicolor-icon-theme/usr/share/icons/hicolor/512x512@2/actions
Installing new directory /home/builder/build/pkg/hicolor-icon-theme/usr/share/icons/hicolor/512x512@2/animations
Installing new directory /home/builder/build/pkg/hicolor-icon-theme/usr/share/icons/hicolor/512x512@2/apps
Installing new directory /home/builder/build/pkg/hicolor-icon-theme/usr/share/icons/hicolor/512x512@2/categories
Installing new directory /home/builder/build/pkg/hicolor-icon-theme/usr/share/icons/hicolor/512x512@2/devices
Installing new directory /home/builder/build/pkg/hicolor-icon-theme/usr/share/icons/hicolor/512x512@2/emblems
Installing new directory /home/builder/build/pkg/hicolor-icon-theme/usr/share/icons/hicolor/512x512@2/emotes
Installing new directory /home/builder/build/pkg/hicolor-icon-theme/usr/share/icons/hicolor/512x512@2/filesystems
Installing new directory /home/builder/build/pkg/hicolor-icon-theme/usr/share/icons/hicolor/512x512@2/intl
Installing new directory /home/builder/build/pkg/hicolor-icon-theme/usr/share/icons/hicolor/512x512@2/mimetypes
Installing new directory /home/builder/build/pkg/hicolor-icon-theme/usr/share/icons/hicolor/512x512@2/places
Installing new directory /home/builder/build/pkg/hicolor-icon-theme/usr/share/icons/hicolor/512x512@2/status
Installing new directory /home/builder/build/pkg/hicolor-icon-theme/usr/share/icons/hicolor/512x512@2/stock
Installing new directory /home/builder/build/pkg/hicolor-icon-theme/usr/share/icons/hicolor/512x512@2/stock/chart
Installing new directory /home/builder/build/pkg/hicolor-icon-theme/usr/share/icons/hicolor/512x512@2/stock/code
Installing new directory /home/builder/build/pkg/hicolor-icon-theme/usr/share/icons/hicolor/512x512@2/stock/data
Installing new directory /home/builder/build/pkg/hicolor-icon-theme/usr/share/icons/hicolor/512x512@2/stock/form
Installing new directory /home/builder/build/pkg/hicolor-icon-theme/usr/share/icons/hicolor/512x512@2/stock/image
Installing new directory /home/builder/build/pkg/hicolor-icon-theme/usr/share/icons/hicolor/512x512@2/stock/io
Installing new directory /home/builder/build/pkg/hicolor-icon-theme/usr/share/icons/hicolor/512x512@2/stock/media
Installing new directory /home/builder/build/pkg/hicolor-icon-theme/usr/share/icons/hicolor/512x512@2/stock/navigation
Installing new directory /home/builder/build/pkg/hicolor-icon-theme/usr/share/icons/hicolor/512x512@2/stock/net
Installing new directory /home/builder/build/pkg/hicolor-icon-theme/usr/share/icons/hicolor/512x512@2/stock/object
Installing new directory /home/builder/build/pkg/hicolor-icon-theme/usr/share/icons/hicolor/512x512@2/stock/table
Installing new directory /home/builder/build/pkg/hicolor-icon-theme/usr/share/icons/hicolor/512x512@2/stock/text
Installing new directory /home/builder/build/pkg/hicolor-icon-theme/usr/share/icons/hicolor/scalable/actions
Installing new directory /home/builder/build/pkg/hicolor-icon-theme/usr/share/icons/hicolor/scalable/animations
Installing new directory /home/builder/build/pkg/hicolor-icon-theme/usr/share/icons/hicolor/scalable/apps
Installing new directory /home/builder/build/pkg/hicolor-icon-theme/usr/share/icons/hicolor/scalable/categories
Installing new directory /home/builder/build/pkg/hicolor-icon-theme/usr/share/icons/hicolor/scalable/devices
Installing new directory /home/builder/build/pkg/hicolor-icon-theme/usr/share/icons/hicolor/scalable/emblems
Installing new directory /home/builder/build/pkg/hicolor-icon-theme/usr/share/icons/hicolor/scalable/emotes
Installing new directory /home/builder/build/pkg/hicolor-icon-theme/usr/share/icons/hicolor/scalable/filesystems
Installing new directory /home/builder/build/pkg/hicolor-icon-theme/usr/share/icons/hicolor/scalable/intl
Installing new directory /home/builder/build/pkg/hicolor-icon-theme/usr/share/icons/hicolor/scalable/mimetypes
Installing new directory /home/builder/build/pkg/hicolor-icon-theme/usr/share/icons/hicolor/scalable/places
Installing new directory /home/builder/build/pkg/hicolor-icon-theme/usr/share/icons/hicolor/scalable/status
Installing new directory /home/builder/build/pkg/hicolor-icon-theme/usr/share/icons/hicolor/scalable/stock
Installing new directory /home/builder/build/pkg/hicolor-icon-theme/usr/share/icons/hicolor/scalable/stock/chart
Installing new directory /home/builder/build/pkg/hicolor-icon-theme/usr/share/icons/hicolor/scalable/stock/code
Installing new directory /home/builder/build/pkg/hicolor-icon-theme/usr/share/icons/hicolor/scalable/stock/data
Installing new directory /home/builder/build/pkg/hicolor-icon-theme/usr/share/icons/hicolor/scalable/stock/form
Installing new directory /home/builder/build/pkg/hicolor-icon-theme/usr/share/icons/hicolor/scalable/stock/image
Installing new directory /home/builder/build/pkg/hicolor-icon-theme/usr/share/icons/hicolor/scalable/stock/io
Installing new directory /home/builder/build/pkg/hicolor-icon-theme/usr/share/icons/hicolor/scalable/stock/media
Installing new directory /home/builder/build/pkg/hicolor-icon-theme/usr/share/icons/hicolor/scalable/stock/navigation
Installing new directory /home/builder/build/pkg/hicolor-icon-theme/usr/share/icons/hicolor/scalable/stock/net
Installing new directory /home/builder/build/pkg/hicolor-icon-theme/usr/share/icons/hicolor/scalable/stock/object
Installing new directory /home/builder/build/pkg/hicolor-icon-theme/usr/share/icons/hicolor/scalable/stock/table
Installing new directory /home/builder/build/pkg/hicolor-icon-theme/usr/share/icons/hicolor/scalable/stock/text
Installing new directory /home/builder/build/pkg/hicolor-icon-theme/usr/share/icons/hicolor/symbolic/apps
Installing /home/builder/build/src/hicolor-icon-theme/index.theme to /home/builder/build/pkg/hicolor-icon-theme/usr/share/icons/hicolor
Installing /home/builder/build/src/build/meson-private/default-icon-theme.pc to /home/builder/build/pkg/hicolor-icon-theme/usr/share/pkgconfig
==> Tidying install...
  -> Removing libtool files...
  -> Removing static library files...
  -> Purging unwanted files...
  -> Stripping unneeded symbols from binaries and libraries...
==> Checking for packaging issues...
==> Creating package "hicolor-icon-theme"...
  -> Generating .PKGINFO file...
  -> Generating .BUILDINFO file...
warning: Public keyring not found; have you run 'pacman-key --init'?
error: kashira-v3: key "E4DF524F75FE51DD5FB0C7BA1925D86CD662878E" is unknown
error: keyring is not writable
warning: base: unknown key '%INSTALLED_DB%' in local database
warning: base-devel: unknown key '%INSTALLED_DB%' in local database
  -> Generating .MTREE file...
  -> Compressing package...
==> Leaving fakeroot environment.
==> Finished making: hicolor-icon-theme 0.18-1 (Sun Sep 20 03:12:55 2026)
