== build keyutils (deps: git glibc sh )
warning: glibc-2.44-2 is up to date -- skipping
warning: bash-5.3-1 is up to date -- skipping
resolving dependencies...
warning: base: unknown key '%INSTALLED_DB%' in local database
warning: base-devel: unknown key '%INSTALLED_DB%' in local database
looking for conflicting packages...

Packages (4) perl-error-0.17030-1  perl-mailtools-2.22-1  perl-timedate-2.35-1  git-2.55.0-1

Total Download Size:    6.94 MiB
Total Installed Size:  46.04 MiB

:: Proceed with installation? [Y/n] 
:: Retrieving packages...
 git-2.55.0-1-x86_64 downloading...
 perl-mailtools-2.22-1-any downloading...
 perl-timedate-2.35-1-any downloading...
 perl-error-0.17030-1-any downloading...
checking keyring...
checking package integrity...
loading package files...
checking for file conflicts...
:: Processing package changes...
installing perl-error...
installing perl-timedate...
installing perl-mailtools...
installing git...
Optional dependencies for git
    libsecret: git-credential-libsecret credential helper [installed]
:: Running post-transaction hooks...
(1/1) Arming ConditionNeedsUpdate...
==> Making package: keyutils 1.6.3-4 (Sat Sep 19 23:30:22 2026)
==> WARNING: Skipping dependency checks.
==> Retrieving sources...
  -> Cloning keyutils git repo...
Cloning into bare repository '/sources/keyutils'...
  -> Found request-key.conf.patch
  -> Found reproducible.patch
==> WARNING: Skipping verification of source file PGP signatures.
==> Validating source files with sha256sums...
    keyutils ... Passed
    request-key.conf.patch ... Passed
    reproducible.patch ... Passed
==> Validating source files with sha512sums...
    keyutils ... Passed
    request-key.conf.patch ... Passed
    reproducible.patch ... Passed
==> Extracting sources...
  -> Creating working copy of keyutils git repo...
Cloning into 'keyutils'...
done.
Switched to a new branch 'makepkg'
==> Starting prepare()...
patching file request-key.conf
patching file Makefile
Hunk #1 succeeded at 109 (offset 1 line).
==> Starting build()...
/bin/sh: line 1: rpmspec: command not found
clang -I. -march=x86-64-v3 -O2 -pipe -fno-plt -fexceptions         -Wp,-D_FORTIFY_SOURCE=3 -fstack-clash-protection -fcf-protection -o keyctl.o -c keyctl.c
clang -I. -march=x86-64-v3 -O2 -pipe -fno-plt -fexceptions         -Wp,-D_FORTIFY_SOURCE=3 -fstack-clash-protection -fcf-protection -o keyctl_testing.o -c keyctl_testing.c
clang -I. -march=x86-64-v3 -O2 -pipe -fno-plt -fexceptions         -Wp,-D_FORTIFY_SOURCE=3 -fstack-clash-protection -fcf-protection -o keyctl_watch.o -c keyctl_watch.c
clang -I. -DPKGBUILD="\"\"" -DPKGVERSION="\"keyutils-1.6.3\"" -DAPIVERSION="\"libkeyutils-1.10\"" -march=x86-64-v3 -O2 -pipe -fno-plt -fexceptions         -Wp,-D_FORTIFY_SOURCE=3 -fstack-clash-protection -fcf-protection -fPIC -o keyutils.os -c keyutils.c
clang -I. -march=x86-64-v3 -O2 -pipe -fno-plt -fexceptions         -Wp,-D_FORTIFY_SOURCE=3 -fstack-clash-protection -fcf-protection -o request-key.o -c request-key.c
clang -I. -march=x86-64-v3 -O2 -pipe -fno-plt -fexceptions         -Wp,-D_FORTIFY_SOURCE=3 -fstack-clash-protection -fcf-protection -o key.dns_resolver.o -c key.dns_resolver.c
clang -I. -march=x86-64-v3 -O2 -pipe -fno-plt -fexceptions         -Wp,-D_FORTIFY_SOURCE=3 -fstack-clash-protection -fcf-protection -o dns.afsdb.o -c dns.afsdb.c
clang++ -I. -g -Wall -Werror -x c++-header -fsyntax-only keyutils.h
clang -I. -DPKGBUILD="\"\"" -DPKGVERSION="\"keyutils-1.6.3\"" -DAPIVERSION="\"libkeyutils-1.10\"" -march=x86-64-v3 -O2 -pipe -fno-plt -fexceptions         -Wp,-D_FORTIFY_SOURCE=3 -fstack-clash-protection -fcf-protection -UNO_GLIBC_KEYERR -o keyutils.o -c keyutils.c
touch cxx.stamp
clang -march=x86-64-v3 -O2 -pipe -fno-plt -fexceptions         -Wp,-D_FORTIFY_SOURCE=3 -fstack-clash-protection -fcf-protection -fPIC -Wl,-O1 -Wl,--sort-common -Wl,--as-needed -Wl,-z,relro -Wl,-z,now -Wl,--undefined-version -Wl,--hash-style=gnu -Wl,--compress-debug-sections=zstd -shared -Wl,-soname,libkeyutils.so.1 -Wl,--version-script,version.lds -o libkeyutils.so.1.10 keyutils.os 
llvm-ar rcs libkeyutils.a keyutils.o
ld.lld: warning: attempt to reassign symbol 'keyctl_pkey_query' of version 'KEYUTILS_1.6' to version 'KEYUTILS_1.8'
ld.lld: warning: attempt to reassign symbol 'keyctl_pkey_encrypt' of version 'KEYUTILS_1.6' to version 'KEYUTILS_1.8'
ld.lld: warning: attempt to reassign symbol 'keyctl_pkey_decrypt' of version 'KEYUTILS_1.6' to version 'KEYUTILS_1.8'
ld.lld: warning: attempt to reassign symbol 'keyctl_pkey_sign' of version 'KEYUTILS_1.6' to version 'KEYUTILS_1.8'
ld.lld: warning: attempt to reassign symbol 'keyctl_pkey_verify' of version 'KEYUTILS_1.6' to version 'KEYUTILS_1.8'
ln -sf libkeyutils.so.1.10 libkeyutils.so.1
ln -sf libkeyutils.so.1 libkeyutils.so
clang -L. -march=x86-64-v3 -O2 -pipe -fno-plt -fexceptions         -Wp,-D_FORTIFY_SOURCE=3 -fstack-clash-protection -fcf-protection -Wl,-O1 -Wl,--sort-common -Wl,--as-needed -Wl,-z,relro -Wl,-z,now -Wl,--undefined-version -Wl,--hash-style=gnu -Wl,--compress-debug-sections=zstd  -o key.dns_resolver \
	key.dns_resolver.o dns.afsdb.o -lkeyutils -lresolv
clang -L. -march=x86-64-v3 -O2 -pipe -fno-plt -fexceptions         -Wp,-D_FORTIFY_SOURCE=3 -fstack-clash-protection -fcf-protection -Wl,-O1 -Wl,--sort-common -Wl,--as-needed -Wl,-z,relro -Wl,-z,now -Wl,--undefined-version -Wl,--hash-style=gnu -Wl,--compress-debug-sections=zstd  -o request-key request-key.o -lkeyutils
clang -L. -march=x86-64-v3 -O2 -pipe -fno-plt -fexceptions         -Wp,-D_FORTIFY_SOURCE=3 -fstack-clash-protection -fcf-protection -Wl,-O1 -Wl,--sort-common -Wl,--as-needed -Wl,-z,relro -Wl,-z,now -Wl,--undefined-version -Wl,--hash-style=gnu -Wl,--compress-debug-sections=zstd  -o keyctl \
	keyctl.o keyctl_testing.o keyctl_watch.o -lkeyutils
==> Entering fakeroot environment...
==> Starting package()...
/bin/sh: line 1: rpmspec: command not found
install -D -m 0644 libkeyutils.a /home/builder/build/pkg/keyutils/usr/lib/libkeyutils.a
install -D libkeyutils.so.1.10 /home/builder/build/pkg/keyutils/usr/lib/libkeyutils.so.1.10
ln -sf libkeyutils.so.1.10 /home/builder/build/pkg/keyutils/usr/lib/libkeyutils.so.1
mkdir -p /home/builder/build/pkg/keyutils/usr/lib
ln -sf /usr/lib/libkeyutils.so.1 /home/builder/build/pkg/keyutils/usr/lib/libkeyutils.so
sed \
-e 's,@VERSION\@,1.6.3,g' \
-e 's,@prefix\@,/usr,g' \
-e 's,@exec_prefix\@,/usr,g' \
-e 's,@libdir\@,/usr/lib,g' \
-e 's,@includedir\@,/usr/include,g' \
< libkeyutils.pc.in > libkeyutils.pc || rm libkeyutils.pc
install -D libkeyutils.pc /home/builder/build/pkg/keyutils/usr/lib/pkgconfig/libkeyutils.pc
rm libkeyutils.pc
install -D keyctl /home/builder/build/pkg/keyutils/usr/bin/keyctl
install -D request-key /home/builder/build/pkg/keyutils/usr/bin/request-key
install -D request-key-debug.sh /home/builder/build/pkg/keyutils/usr/share/keyutils/request-key-debug.sh
install -D key.dns_resolver /home/builder/build/pkg/keyutils/usr/bin/key.dns_resolver
install -D -m 0644 request-key.conf /home/builder/build/pkg/keyutils/etc/request-key.conf
mkdir -p /home/builder/build/pkg/keyutils/etc/request-key.d
mkdir -p /home/builder/build/pkg/keyutils/etc/keyutils
mkdir -p /home/builder/build/pkg/keyutils/usr/share/man/man1
install -m 0644 man/keyctl.1 /home/builder/build/pkg/keyutils/usr/share/man/man1
mkdir -p /home/builder/build/pkg/keyutils/usr/share/man/man3
install -m 0644 man/find_key_by_type_and_name.3 man/keyctl.3 man/keyctl_capabilities.3 man/keyctl_chown.3 man/keyctl_clear.3 man/keyctl_describe.3 man/keyctl_dh_compute.3 man/keyctl_get_keyring_ID.3 man/keyctl_get_persistent.3 man/keyctl_get_security.3 man/keyctl_instantiate.3 man/keyctl_invalidate.3 man/keyctl_join_session_keyring.3 man/keyctl_link.3 man/keyctl_move.3 man/keyctl_pkey_decrypt.3 man/keyctl_pkey_encrypt.3 man/keyctl_pkey_query.3 man/keyctl_pkey_sign.3 man/keyctl_pkey_verify.3 man/keyctl_read.3 man/keyctl_restrict_keyring.3 man/keyctl_revoke.3 man/keyctl_search.3 man/keyctl_session_to_parent.3 man/keyctl_set_reqkey_keyring.3 man/keyctl_set_timeout.3 man/keyctl_setperm.3 man/keyctl_update.3 man/keyctl_watch_key.3 man/recursive_key_scan.3 /home/builder/build/pkg/keyutils/usr/share/man/man3
mkdir -p /home/builder/build/pkg/keyutils/usr/share/man/man5
install -m 0644 man/key.dns_resolver.conf.5 man/request-key.conf.5 /home/builder/build/pkg/keyutils/usr/share/man/man5
mkdir -p /home/builder/build/pkg/keyutils/usr/share/man/man7
install -m 0644 man/asymmetric-key.7 man/keyutils.7 /home/builder/build/pkg/keyutils/usr/share/man/man7
mkdir -p /home/builder/build/pkg/keyutils/usr/share/man/man8
install -m 0644 man/key.dns_resolver.8 man/request-key.8 /home/builder/build/pkg/keyutils/usr/share/man/man8
ln -sf keyctl_describe.3 /home/builder/build/pkg/keyutils/usr/share/man/man3/keyctl_describe_alloc.3
ln -sf keyctl_get_security.3 /home/builder/build/pkg/keyutils/usr/share/man/man3/keyctl_get_security_alloc.3
ln -sf keyctl_instantiate.3 /home/builder/build/pkg/keyutils/usr/share/man/man3/keyctl_instantiate_iov.3
ln -sf keyctl_instantiate.3 /home/builder/build/pkg/keyutils/usr/share/man/man3/keyctl_reject.3
ln -sf keyctl_instantiate.3 /home/builder/build/pkg/keyutils/usr/share/man/man3/keyctl_negate.3
ln -sf keyctl_instantiate.3 /home/builder/build/pkg/keyutils/usr/share/man/man3/keyctl_assume_authority.3
ln -sf keyctl_link.3 /home/builder/build/pkg/keyutils/usr/share/man/man3/keyctl_unlink.3
ln -sf keyctl_read.3 /home/builder/build/pkg/keyutils/usr/share/man/man3/keyctl_read_alloc.3
ln -sf recursive_key_scan.3 /home/builder/build/pkg/keyutils/usr/share/man/man3/recursive_session_key_scan.3
ln -sf keyctl_dh_compute.3 /home/builder/build/pkg/keyutils/usr/share/man/man3/keyctl_dh_compute_alloc.3
ln -sf keyctl_dh_compute.3 /home/builder/build/pkg/keyutils/usr/share/man/man3/keyctl_dh_compute_kdf.3
install -D -m 0644 keyutils.h /home/builder/build/pkg/keyutils/usr/include/keyutils.h
==> Tidying install...
  -> Removing libtool files...
  -> Removing static library files...
libfakeroot internal error: payload not recognized!
  -> Purging unwanted files...
  -> Stripping unneeded symbols from binaries and libraries...
==> Checking for packaging issues...
==> Creating package "keyutils"...
  -> Generating .PKGINFO file...
warning: Public keyring not found; have you run 'pacman-key --init'?
error: kashira-v3: key "E4DF524F75FE51DD5FB0C7BA1925D86CD662878E" is unknown
error: keyring is not writable
warning: base: unknown key '%INSTALLED_DB%' in local database
warning: base-devel: unknown key '%INSTALLED_DB%' in local database
warning: Public keyring not found; have you run 'pacman-key --init'?
error: kashira-v3: key "E4DF524F75FE51DD5FB0C7BA1925D86CD662878E" is unknown
error: keyring is not writable
warning: base: unknown key '%INSTALLED_DB%' in local database
warning: base-devel: unknown key '%INSTALLED_DB%' in local database
warning: Public keyring not found; have you run 'pacman-key --init'?
error: kashira-v3: key "E4DF524F75FE51DD5FB0C7BA1925D86CD662878E" is unknown
error: keyring is not writable
warning: base: unknown key '%INSTALLED_DB%' in local database
warning: base-devel: unknown key '%INSTALLED_DB%' in local database
warning: Public keyring not found; have you run 'pacman-key --init'?
error: kashira-v3: key "E4DF524F75FE51DD5FB0C7BA1925D86CD662878E" is unknown
error: keyring is not writable
warning: base: unknown key '%INSTALLED_DB%' in local database
warning: base-devel: unknown key '%INSTALLED_DB%' in local database
warning: Public keyring not found; have you run 'pacman-key --init'?
error: kashira-v3: key "E4DF524F75FE51DD5FB0C7BA1925D86CD662878E" is unknown
error: keyring is not writable
warning: base: unknown key '%INSTALLED_DB%' in local database
warning: base-devel: unknown key '%INSTALLED_DB%' in local database
  -> Generating .BUILDINFO file...
warning: Public keyring not found; have you run 'pacman-key --init'?
error: kashira-v3: key "E4DF524F75FE51DD5FB0C7BA1925D86CD662878E" is unknown
error: keyring is not writable
warning: base: unknown key '%INSTALLED_DB%' in local database
warning: base-devel: unknown key '%INSTALLED_DB%' in local database
  -> Generating .MTREE file...
  -> Compressing package...
==> Leaving fakeroot environment.
==> Finished making: keyutils 1.6.3-4 (Sat Sep 19 23:30:30 2026)
