== build libcap-ng (deps: bash-completion glibc libcap-ng.so python swig )
resolving dependencies...
warning: glibc-2.44-2 is up to date -- skipping
warning: libcap-ng-0.9.6-1 is up to date -- skipping
warning: python-3.14.7-1 is up to date -- skipping
warning: base: unknown key '%INSTALLED_DB%' in local database
warning: base-devel: unknown key '%INSTALLED_DB%' in local database
looking for conflicting packages...

Packages (2) bash-completion-2.18.0-1  swig-4.5.1-1

Total Download Size:   1.33 MiB
Total Installed Size:  5.91 MiB

:: Proceed with installation? [Y/n] 
:: Retrieving packages...
 swig-4.5.1-1-x86_64 downloading...
 bash-completion-2.18.0-1-any downloading...
checking keyring...
checking package integrity...
loading package files...
checking for file conflicts...
:: Processing package changes...
installing bash-completion...
installing swig...
:: Running post-transaction hooks...
(1/1) Arming ConditionNeedsUpdate...
==> Making package: libcap-ng 0.9.6-1 (Sat Sep 19 23:38:30 2026)
==> WARNING: Skipping dependency checks.
==> Retrieving sources...
  -> Found libcap-ng-0.9.6.tar.gz
==> WARNING: Skipping verification of source file PGP signatures.
==> Validating source files with sha512sums...
    libcap-ng-0.9.6.tar.gz ... Passed
==> Validating source files with b2sums...
    libcap-ng-0.9.6.tar.gz ... Passed
==> Extracting sources...
  -> Extracting libcap-ng-0.9.6.tar.gz with bsdtar
==> Starting prepare()...
autoreconf: export WARNINGS=
autoreconf: Entering directory '.'
autoreconf: configure.ac: no obvious need to run autopoint
autoreconf: running: aclocal --force -I m4
autoreconf: configure.ac: tracing
autoreconf: running: libtoolize --copy --force
libtoolize: putting auxiliary files in '.'.
libtoolize: copying file './ltmain.sh'
libtoolize: putting macros in AC_CONFIG_MACRO_DIRS, 'm4'.
libtoolize: copying file 'm4/libtool.m4'
libtoolize: copying file 'm4/ltoptions.m4'
libtoolize: copying file 'm4/ltsugar.m4'
libtoolize: copying file 'm4/ltversion.m4'
libtoolize: copying file 'm4/lt~obsolete.m4'
autoreconf: configure.ac: not using Intltool
autoreconf: configure.ac: not using Gtkdoc
autoreconf: configure.ac: no need to run autopoint (confirmed)
autoreconf: running: aclocal --force -I m4
autoreconf: running: /usr/bin/autoconf --force
autoreconf: running: /usr/bin/autoheader --force
autoreconf: running: automake --add-missing --copy --force-missing
configure.ac:41: installing './compile'
configure.ac:39: installing './config.guess'
configure.ac:39: installing './config.sub'
configure.ac:40: installing './install-sh'
configure.ac:40: installing './missing'
bindings/python3/Makefile.am: installing './depcomp'
bindings/python3/Makefile.am:30: installing './py-compile'
parallel-tests: installing './test-driver'
utils/cap-audit/test/Makefile.am:24: warning: source file '${top_srcdir}/utils/cap-audit/cap_audit_event.c' is in a subdirectory,
utils/cap-audit/test/Makefile.am:24: but option 'subdir-objects' is disabled
automake: warning: possible forward-incompatibility.
automake: At least one source file is in a subdirectory, but the 'subdir-objects'
automake: automake option hasn't been enabled.  For now, the corresponding output
automake: object file(s) will be placed in the top-level directory.  However, this
automake: behavior may change in a future Automake major version, with object
automake: files being placed in the same subdirectory as the corresponding sources.
automake: You are advised to start using 'subdir-objects' option throughout your
automake: project, to avoid future incompatibility.
utils/cap-audit/test/Makefile.am:24: warning: source file '${top_srcdir}/utils/cap-audit/cap_audit_analyze.c' is in a subdirectory,
utils/cap-audit/test/Makefile.am:24: but option 'subdir-objects' is disabled
utils/cap-audit/test/Makefile.am:24: warning: source file '${top_srcdir}/utils/cap-audit/cap_audit_capset.c' is in a subdirectory,
utils/cap-audit/test/Makefile.am:24: but option 'subdir-objects' is disabled
utils/cap-audit/test/Makefile.am:24: warning: source file '${top_srcdir}/utils/cap-audit/cap_audit_outcome.c' is in a subdirectory,
utils/cap-audit/test/Makefile.am:24: but option 'subdir-objects' is disabled
utils/cap-audit/test/Makefile.am:29: warning: source file '${top_srcdir}/utils/cap-audit/cap_audit_event.c' is in a subdirectory,
utils/cap-audit/test/Makefile.am:29: but option 'subdir-objects' is disabled
utils/cap-audit/test/Makefile.am:29: warning: source file '${top_srcdir}/utils/cap-audit/cap_audit_analyze.c' is in a subdirectory,
utils/cap-audit/test/Makefile.am:29: but option 'subdir-objects' is disabled
utils/cap-audit/test/Makefile.am:29: warning: source file '${top_srcdir}/utils/cap-audit/cap_audit_capset.c' is in a subdirectory,
utils/cap-audit/test/Makefile.am:29: but option 'subdir-objects' is disabled
utils/cap-audit/test/Makefile.am:29: warning: source file '${top_srcdir}/utils/cap-audit/cap_audit_json.c' is in a subdirectory,
utils/cap-audit/test/Makefile.am:29: but option 'subdir-objects' is disabled
utils/cap-audit/test/Makefile.am:29: warning: source file '${top_srcdir}/utils/cap-audit/cap_audit_outcome.c' is in a subdirectory,
utils/cap-audit/test/Makefile.am:29: but option 'subdir-objects' is disabled
utils/cap-audit/test/Makefile.am:29: warning: source file '${top_srcdir}/utils/cap-audit/cap_audit_yaml.c' is in a subdirectory,
utils/cap-audit/test/Makefile.am:29: but option 'subdir-objects' is disabled
utils/cap-audit/test/Makefile.am:18: warning: source file '${top_srcdir}/utils/cap-audit/cap_audit_path.c' is in a subdirectory,
utils/cap-audit/test/Makefile.am:18: but option 'subdir-objects' is disabled
utils/cap-audit/test/Makefile.am:37: warning: source file '${top_srcdir}/utils/cap-audit/cap_audit_analyze.c' is in a subdirectory,
utils/cap-audit/test/Makefile.am:37: but option 'subdir-objects' is disabled
utils/cap-audit/test/Makefile.am:37: warning: source file '${top_srcdir}/utils/cap-audit/cap_audit_capset.c' is in a subdirectory,
utils/cap-audit/test/Makefile.am:37: but option 'subdir-objects' is disabled
utils/cap-audit/test/Makefile.am:37: warning: source file '${top_srcdir}/utils/cap-audit/cap_audit_outcome.c' is in a subdirectory,
utils/cap-audit/test/Makefile.am:37: but option 'subdir-objects' is disabled
utils/cap-audit/test/Makefile.am:41: warning: source file '${top_srcdir}/utils/cap-audit/cap_audit_service.c' is in a subdirectory,
utils/cap-audit/test/Makefile.am:41: but option 'subdir-objects' is disabled
utils/cap-audit/test/Makefile.am:15: warning: source file '${top_srcdir}/utils/cap-audit/classify_app.c' is in a subdirectory,
utils/cap-audit/test/Makefile.am:15: but option 'subdir-objects' is disabled
utils/test/Makefile.am:37: warning: source file '${top_srcdir}/utils/proc-output.c' is in a subdirectory,
utils/test/Makefile.am:37: but option 'subdir-objects' is disabled
utils/test/Makefile.am:37: warning: source file '${top_srcdir}/utils/proc-sanitize.c' is in a subdirectory,
utils/test/Makefile.am:37: but option 'subdir-objects' is disabled
utils/test/Makefile.am:37: warning: source file '${top_srcdir}/utils/proc-status.c' is in a subdirectory,
utils/test/Makefile.am:37: but option 'subdir-objects' is disabled
utils/test/Makefile.am:27: warning: source file '${top_srcdir}/utils/proc-account.c' is in a subdirectory,
utils/test/Makefile.am:27: but option 'subdir-objects' is disabled
utils/test/Makefile.am:27: warning: source file '${top_srcdir}/utils/proc-output.c' is in a subdirectory,
utils/test/Makefile.am:27: but option 'subdir-objects' is disabled
utils/test/Makefile.am:27: warning: source file '${top_srcdir}/utils/proc-sanitize.c' is in a subdirectory,
utils/test/Makefile.am:27: but option 'subdir-objects' is disabled
utils/test/Makefile.am:27: warning: source file '${top_srcdir}/utils/proc-status.c' is in a subdirectory,
utils/test/Makefile.am:27: but option 'subdir-objects' is disabled
utils/test/Makefile.am:18: warning: source file '${top_srcdir}/utils/netcap.c' is in a subdirectory,
utils/test/Makefile.am:18: but option 'subdir-objects' is disabled
utils/test/Makefile.am:18: warning: source file '${top_srcdir}/utils/proc-account.c' is in a subdirectory,
utils/test/Makefile.am:18: but option 'subdir-objects' is disabled
utils/test/Makefile.am:18: warning: source file '${top_srcdir}/utils/proc-llist.c' is in a subdirectory,
utils/test/Makefile.am:18: but option 'subdir-objects' is disabled
utils/test/Makefile.am:18: warning: source file '${top_srcdir}/utils/proc-output.c' is in a subdirectory,
utils/test/Makefile.am:18: but option 'subdir-objects' is disabled
utils/test/Makefile.am:18: warning: source file '${top_srcdir}/utils/proc-sanitize.c' is in a subdirectory,
utils/test/Makefile.am:18: but option 'subdir-objects' is disabled
utils/test/Makefile.am:13: warning: source file '${top_srcdir}/utils/filecap-path.c' is in a subdirectory,
utils/test/Makefile.am:13: but option 'subdir-objects' is disabled
utils/test/Makefile.am:13: warning: source file '${top_srcdir}/utils/proc-account.c' is in a subdirectory,
utils/test/Makefile.am:13: but option 'subdir-objects' is disabled
utils/test/Makefile.am:13: warning: source file '${top_srcdir}/utils/proc-status.c' is in a subdirectory,
utils/test/Makefile.am:13: but option 'subdir-objects' is disabled
autoreconf: './config.sub' is updated
autoreconf: './config.guess' is updated
autoreconf: configure.ac: not running make: --make not given
autoreconf: Leaving directory '.'
==> Starting build()...
Configuring libcap-ng
checking build system type... x86_64-pc-linux-gnu
checking host system type... x86_64-pc-linux-gnu
checking target system type... x86_64-pc-linux-gnu
checking for a BSD-compatible install... /usr/bin/install -c
checking whether sleep supports fractional seconds... yes
checking filesystem timestamp resolution... 0.01
checking whether build environment is sane... yes
checking for a race-free mkdir -p... /usr/sbin/mkdir -p
checking for gawk... gawk
checking whether make sets $(MAKE)... yes
checking whether make supports nested variables... yes
checking xargs -n works... yes
checking whether UID '1000' is supported by ustar format... yes
checking whether GID '1000' is supported by ustar format... yes
checking how to create a ustar tar archive... gnutar
checking how to print strings... printf
checking whether make supports the include directive... yes (GNU style)
checking for gcc... clang
checking whether the C compiler works... yes
checking for C compiler default output file name... a.out
checking for suffix of executables... 
checking whether we are cross compiling... no
checking for suffix of object files... o
checking whether the compiler supports GNU C... yes
checking whether clang accepts -g... yes
checking for clang option to enable C23 features... -std=gnu23
checking whether clang -std=gnu23 understands -c and -o together... yes
checking dependency style of clang -std=gnu23... gcc3
checking for a sed that does not truncate output... /usr/sbin/sed
checking for grep that handles long lines and -e... /usr/sbin/grep
checking for egrep... /usr/sbin/grep -E
checking for fgrep... /usr/sbin/grep -F
checking for ld used by clang -std=gnu23... ld.lld
checking if the linker (ld.lld) is GNU ld... yes
checking for BSD- or MS-compatible name lister (nm)... llvm-nm
checking the name lister (llvm-nm) interface... BSD nm
checking whether ln -s works... yes
checking the maximum length of command line arguments... 1572864
checking how to convert x86_64-pc-linux-gnu file names to x86_64-pc-linux-gnu format... func_convert_file_noop
checking how to convert x86_64-pc-linux-gnu file names to toolchain format... func_convert_file_noop
checking for ld.lld option to reload object files... -r
checking for file... file
checking for objdump... llvm-objdump
checking how to recognize dependent libraries... pass_all
checking for dlltool... dlltool
checking how to associate runtime and link libraries... printf %s\n
checking for ranlib... llvm-ranlib
checking for archiver @FILE support... @
checking for strip... llvm-strip
checking command to parse llvm-nm output from clang -std=gnu23 object... ok
checking for sysroot... no
checking for a working dd... /usr/sbin/dd
checking how to truncate binary pipes... /usr/sbin/dd bs=4096 count=1
checking for mt... no
checking if : is a manifest tool... no
checking for stdio.h... yes
checking for stdlib.h... yes
checking for string.h... yes
checking for inttypes.h... yes
checking for stdint.h... yes
checking for strings.h... yes
checking for sys/stat.h... yes
checking for sys/types.h... yes
checking for unistd.h... yes
checking for dlfcn.h... yes
checking which variant of shared library versioning to provide... (default) aix
checking for objdir... .libs
checking if clang -std=gnu23 supports -fno-rtti -fno-exceptions... yes
checking for clang -std=gnu23 option to produce PIC... -fPIC -DPIC
checking if clang -std=gnu23 PIC flag -fPIC -DPIC works... yes
checking if clang -std=gnu23 static flag -static works... yes
checking if clang -std=gnu23 supports -c -o file.o... yes
checking if clang -std=gnu23 supports -c -o file.o... (cached) yes
checking whether the clang -std=gnu23 linker (ld.lld -m elf_x86_64) supports shared libraries... yes
checking whether -lc should be explicitly linked in... no
checking dynamic linker characteristics... GNU/Linux ld.so
checking how to hardcode library paths into programs... immediate
checking whether stripping libraries is possible... yes
checking if libtool supports shared libraries... yes
checking whether to build shared libraries... yes
checking whether to build static libraries... no
checking for pkg-config... /usr/sbin/pkg-config
checking pkg-config is at least version 0.9.0... yes
.
Checking for programs
checking for gcc... (cached) clang
checking whether the compiler supports GNU C... (cached) yes
checking whether clang accepts -g... (cached) yes
checking for clang option to enable C23 features... (cached) -std=gnu23
checking whether clang -std=gnu23 understands -c and -o together... (cached) yes
checking dependency style of clang -std=gnu23... (cached) gcc3
checking for gawk... (cached) gawk
checking for __atomic_load_n... yes
checking enable-deprecated... no
.
Checking for header files
checking for linux/capability.h... yes
checking for sys/xattr.h... yes
checking for linux/securebits.h... yes
checking for bluetooth/bluetooth.h... no
checking for bluetooth/hci.h... no
checking for linux/inet_diag.h... yes
checking for linux/netlink.h... yes
checking for linux/sock_diag.h... yes
checking for sys/socket.h... yes
checking for linux/vm_sockets.h... yes
checking for linux/vm_sockets_diag.h... yes
checking for pthread.h... yes
checking for library containing pthread_atfork... none required
checking for sys/vfs.h... yes
checking for linux/magic.h... yes
configure: netcap advanced mode enabled
checking __attr_dealloc_free support... yes
checking for -Wformat-truncation... yes
checking for sys/syscall.h... yes
checking for clang -std=gnu23 options to detect undeclared functions... none needed
checking for clang -std=gnu23 options to ignore future-version functions... none needed
checking whether PR_CAP_AMBIENT is declared... yes
checking whether VFS_CAP_REVISION_2 is declared... yes
checking whether VFS_CAP_REVISION_3 is declared... yes
checking whether CAP_EPOLLWAKEUP is declared... no
checking whether CAP_WAKE_ALARM is declared... yes
checking whether CAP_BLOCK_SUSPEND is declared... yes
checking whether CAP_AUDIT_READ is declared... yes
checking whether CAP_PERFMON is declared... yes
checking whether CAP_BPF is declared... yes
checking whether CAP_CHECKPOINT_RESTORE is declared... yes
checking whether to create python3 bindings... investigating
checking for swig... yes
checking for a Python interpreter with version >= 3.1... python
checking for python... /usr/sbin/python
checking for python version... 3.14
checking for python platform... linux
checking for GNU default python prefix... ${prefix}
checking for GNU default python exec_prefix... ${exec_prefix}
checking for python script directory (pythondir)... ${PYTHON_PREFIX}/lib/python3.14/site-packages
checking for python extension module directory (pyexecdir)... ${PYTHON_EXEC_PREFIX}/lib/python3.14/site-packages
checking for a Python 3 configuration helper... /usr/sbin/python-config
checking whether /usr/sbin/python-config provides build flags... yes
checking whether Python.h matches /usr/sbin/python... yes
configure: Python 3 bindings will be built
checking that generated files are newer than configure... done
configure: creating ./config.status
config.status: creating Makefile
config.status: creating src/Makefile
config.status: creating src/libcap-ng.pc
config.status: creating src/test/Makefile
config.status: creating bindings/Makefile
config.status: creating bindings/python3/Makefile
config.status: creating bindings/src/Makefile
config.status: creating bindings/python3/test/Makefile
config.status: creating bindings/test/Makefile
config.status: creating utils/Makefile
config.status: creating utils/test/Makefile
config.status: creating utils/cap-audit/Makefile
config.status: creating utils/cap-audit/test/Makefile
config.status: creating m4/Makefile
config.status: creating docs/Makefile
config.status: creating config.h
config.status: executing depfiles commands
config.status: executing libtool commands
config.status: executing utils/netcap.8 commands
.


  libcap-ng Version:      0.9.6
  Target:                 x86_64-pc-linux-gnu
  Installation prefix:    /usr
  Build Kernel:           7.2.6-1-cachyos
  Compiler:               clang -std=gnu23
  Compiler flags:
                          -march=x86-64-v3 -O2 -pipe -fno-plt -fexceptions
                          -Wp,-D_FORTIFY_SOURCE=3 -fstack-clash-protection
                          -fcf-protection
  __attr_dealloc_free support:  yes
  netcap advanced mode:  enabled
  netcap VSOCK support:  enabled
  cap-audit vmlinux.h:   n/a (cap-audit disabled)
  
make  all-recursive
make[1]: Entering directory '/home/builder/build/src/libcap-ng-0.9.6'
Making all in src
make[2]: Entering directory '/home/builder/build/src/libcap-ng-0.9.6/src'
Making all in test
make[3]: Entering directory '/home/builder/build/src/libcap-ng-0.9.6/src/test'
make[3]: Nothing to be done for 'all'.
make[3]: Leaving directory '/home/builder/build/src/libcap-ng-0.9.6/src/test'
make[3]: Entering directory '/home/builder/build/src/libcap-ng-0.9.6/src'
/bin/sh ../libtool  --tag=CC   --mode=compile clang -std=gnu23 -DHAVE_CONFIG_H -I. -I..  -I. -I..  -fPIC -DPIC -W -Wall -Wshadow -Wno-format-truncation -Wundef -D_GNU_SOURCE -march=x86-64-v3 -O2 -pipe -fno-plt -fexceptions         -Wp,-D_FORTIFY_SOURCE=3 -fstack-clash-protection -fcf-protection -MT cap-ng.lo -MD -MP -MF .deps/cap-ng.Tpo -c -o cap-ng.lo cap-ng.c
/bin/sh ../libtool  --tag=CC   --mode=compile clang -std=gnu23 -DHAVE_CONFIG_H -I. -I..  -I. -I..  -fPIC -DPIC -W -Wall -Wshadow -Wno-format-truncation -Wundef -D_GNU_SOURCE -march=x86-64-v3 -O2 -pipe -fno-plt -fexceptions         -Wp,-D_FORTIFY_SOURCE=3 -fstack-clash-protection -fcf-protection -MT lookup_table.lo -MD -MP -MF .deps/lookup_table.Tpo -c -o lookup_table.lo lookup_table.c
/bin/sh ../libtool  --tag=CC   --mode=compile clang -std=gnu23 -DHAVE_CONFIG_H -I. -I..  -I. -I..  -fPIC -DPIC -W -Wall -Wshadow -Wno-format-truncation -Wundef -D_GNU_SOURCE -march=x86-64-v3 -O2 -pipe -fno-plt -fexceptions         -Wp,-D_FORTIFY_SOURCE=3 -fstack-clash-protection -fcf-protection -MT libdrop_ambient.lo -MD -MP -MF .deps/libdrop_ambient.Tpo -c -o libdrop_ambient.lo libdrop_ambient.c
libtool: compile:  clang -std=gnu23 -DHAVE_CONFIG_H -I. -I.. -I. -I.. -fPIC -DPIC -W -Wall -Wshadow -Wno-format-truncation -Wundef -D_GNU_SOURCE -march=x86-64-v3 -O2 -pipe -fno-plt -fexceptions -Wp,-D_FORTIFY_SOURCE=3 -fstack-clash-protection -fcf-protection -MT cap-ng.lo -MD -MP -MF .deps/cap-ng.Tpo -c cap-ng.c  -fPIC -DPIC -o .libs/cap-ng.o
libtool: compile:  clang -std=gnu23 -DHAVE_CONFIG_H -I. -I.. -I. -I.. -fPIC -DPIC -W -Wall -Wshadow -Wno-format-truncation -Wundef -D_GNU_SOURCE -march=x86-64-v3 -O2 -pipe -fno-plt -fexceptions -Wp,-D_FORTIFY_SOURCE=3 -fstack-clash-protection -fcf-protection -MT lookup_table.lo -MD -MP -MF .deps/lookup_table.Tpo -c lookup_table.c  -fPIC -DPIC -o .libs/lookup_table.o
libtool: compile:  clang -std=gnu23 -DHAVE_CONFIG_H -I. -I.. -I. -I.. -fPIC -DPIC -W -Wall -Wshadow -Wno-format-truncation -Wundef -D_GNU_SOURCE -march=x86-64-v3 -O2 -pipe -fno-plt -fexceptions -Wp,-D_FORTIFY_SOURCE=3 -fstack-clash-protection -fcf-protection -MT libdrop_ambient.lo -MD -MP -MF .deps/libdrop_ambient.Tpo -c libdrop_ambient.c  -fPIC -DPIC -o .libs/libdrop_ambient.o
lookup_table.c:32:13: warning: unknown pragma ignored [-Wunknown-pragmas]
   32 | #pragma GCC optimize("O3")
      |             ^
mv -f .deps/libdrop_ambient.Tpo .deps/libdrop_ambient.Plo
/bin/sh ../libtool  --tag=CC   --mode=link clang -std=gnu23 -fPIC -DPIC -W -Wall -Wshadow -Wno-format-truncation -Wundef -D_GNU_SOURCE -march=x86-64-v3 -O2 -pipe -fno-plt -fexceptions         -Wp,-D_FORTIFY_SOURCE=3 -fstack-clash-protection -fcf-protection  -Wl,-O1 -Wl,--sort-common -Wl,--as-needed -Wl,-z,relro -Wl,-z,now -Wl,--undefined-version -Wl,--hash-style=gnu -Wl,--compress-debug-sections=zstd -o libdrop_ambient.la -rpath /usr/lib libdrop_ambient.lo  
1 warning generated.
mv -f .deps/lookup_table.Tpo .deps/lookup_table.Plo
libtool: link: clang -std=gnu23 -shared  -fPIC -DPIC  .libs/libdrop_ambient.o   -Wl,--as-needed  -W -Wall -Wshadow -Wno-format-truncation -Wundef -march=x86-64-v3 -O2 -Wp,-D_FORTIFY_SOURCE=3 -Wl,-O1 -Wl,--sort-common -Wl,-z -Wl,relro -Wl,-z -Wl,now -Wl,--undefined-version -Wl,--hash-style=gnu -Wl,--compress-debug-sections=zstd   -Wl,-soname -Wl,libdrop_ambient.so.0 -o .libs/libdrop_ambient.so.0.0.0
libtool: link: (cd ".libs" && rm -f "libdrop_ambient.so.0" && ln -s "libdrop_ambient.so.0.0.0" "libdrop_ambient.so.0")
libtool: link: (cd ".libs" && rm -f "libdrop_ambient.so" && ln -s "libdrop_ambient.so.0.0.0" "libdrop_ambient.so")
libtool: link: ( cd ".libs" && rm -f "libdrop_ambient.la" && ln -s "../libdrop_ambient.la" "libdrop_ambient.la" )
mv -f .deps/cap-ng.Tpo .deps/cap-ng.Plo
/bin/sh ../libtool  --tag=CC   --mode=link clang -std=gnu23 -fPIC -DPIC -W -Wall -Wshadow -Wno-format-truncation -Wundef -D_GNU_SOURCE -march=x86-64-v3 -O2 -pipe -fno-plt -fexceptions         -Wp,-D_FORTIFY_SOURCE=3 -fstack-clash-protection -fcf-protection -Wl,-z,relro -Wl,-z,nodelete -Wl,-O1 -Wl,--sort-common -Wl,--as-needed -Wl,-z,relro -Wl,-z,now -Wl,--undefined-version -Wl,--hash-style=gnu -Wl,--compress-debug-sections=zstd -o libcap-ng.la -rpath /usr/lib cap-ng.lo lookup_table.lo  
libtool: link: clang -std=gnu23 -shared  -fPIC -DPIC  .libs/cap-ng.o .libs/lookup_table.o   -Wl,--as-needed  -W -Wall -Wshadow -Wno-format-truncation -Wundef -march=x86-64-v3 -O2 -Wp,-D_FORTIFY_SOURCE=3 -Wl,-z -Wl,relro -Wl,-z -Wl,nodelete -Wl,-O1 -Wl,--sort-common -Wl,-z -Wl,relro -Wl,-z -Wl,now -Wl,--undefined-version -Wl,--hash-style=gnu -Wl,--compress-debug-sections=zstd   -Wl,-soname -Wl,libcap-ng.so.0 -o .libs/libcap-ng.so.0.0.0
libtool: link: (cd ".libs" && rm -f "libcap-ng.so.0" && ln -s "libcap-ng.so.0.0.0" "libcap-ng.so.0")
libtool: link: (cd ".libs" && rm -f "libcap-ng.so" && ln -s "libcap-ng.so.0.0.0" "libcap-ng.so")
libtool: link: ( cd ".libs" && rm -f "libcap-ng.la" && ln -s "../libcap-ng.la" "libcap-ng.la" )
make[3]: Leaving directory '/home/builder/build/src/libcap-ng-0.9.6/src'
make[2]: Leaving directory '/home/builder/build/src/libcap-ng-0.9.6/src'
Making all in utils
make[2]: Entering directory '/home/builder/build/src/libcap-ng-0.9.6/utils'
Making all in test
make[3]: Entering directory '/home/builder/build/src/libcap-ng-0.9.6/utils/test'
make[3]: Nothing to be done for 'all'.
make[3]: Leaving directory '/home/builder/build/src/libcap-ng-0.9.6/utils/test'
Making all in cap-audit
make[3]: Entering directory '/home/builder/build/src/libcap-ng-0.9.6/utils/cap-audit'
make  all-recursive
make[4]: Entering directory '/home/builder/build/src/libcap-ng-0.9.6/utils/cap-audit'
Making all in test
make[5]: Entering directory '/home/builder/build/src/libcap-ng-0.9.6/utils/cap-audit/test'
make[5]: Nothing to be done for 'all'.
make[5]: Leaving directory '/home/builder/build/src/libcap-ng-0.9.6/utils/cap-audit/test'
make[5]: Entering directory '/home/builder/build/src/libcap-ng-0.9.6/utils/cap-audit'
make[5]: Nothing to be done for 'all-am'.
make[5]: Leaving directory '/home/builder/build/src/libcap-ng-0.9.6/utils/cap-audit'
make[4]: Leaving directory '/home/builder/build/src/libcap-ng-0.9.6/utils/cap-audit'
make[3]: Leaving directory '/home/builder/build/src/libcap-ng-0.9.6/utils/cap-audit'
make[3]: Entering directory '/home/builder/build/src/libcap-ng-0.9.6/utils'
clang -std=gnu23 -DHAVE_CONFIG_H -I. -I..  -I.. -I../src  -W -Wall -Wshadow -Wno-format-truncation -Wundef -D_GNU_SOURCE -march=x86-64-v3 -O2 -pipe -fno-plt -fexceptions         -Wp,-D_FORTIFY_SOURCE=3 -fstack-clash-protection -fcf-protection -MT pscap.o -MD -MP -MF .deps/pscap.Tpo -c -o pscap.o pscap.c
clang -std=gnu23 -DHAVE_CONFIG_H -I. -I..  -I.. -I../src  -W -Wall -Wshadow -Wno-format-truncation -Wundef -D_GNU_SOURCE -march=x86-64-v3 -O2 -pipe -fno-plt -fexceptions         -Wp,-D_FORTIFY_SOURCE=3 -fstack-clash-protection -fcf-protection -MT proc-account.o -MD -MP -MF .deps/proc-account.Tpo -c -o proc-account.o proc-account.c
clang -std=gnu23 -DHAVE_CONFIG_H -I. -I..  -I.. -I../src  -W -Wall -Wshadow -Wno-format-truncation -Wundef -D_GNU_SOURCE -march=x86-64-v3 -O2 -pipe -fno-plt -fexceptions         -Wp,-D_FORTIFY_SOURCE=3 -fstack-clash-protection -fcf-protection -MT proc-output.o -MD -MP -MF .deps/proc-output.Tpo -c -o proc-output.o proc-output.c
clang -std=gnu23 -DHAVE_CONFIG_H -I. -I..  -I.. -I../src  -W -Wall -Wshadow -Wno-format-truncation -Wundef -D_GNU_SOURCE -march=x86-64-v3 -O2 -pipe -fno-plt -fexceptions         -Wp,-D_FORTIFY_SOURCE=3 -fstack-clash-protection -fcf-protection -MT proc-sanitize.o -MD -MP -MF .deps/proc-sanitize.Tpo -c -o proc-sanitize.o proc-sanitize.c
clang -std=gnu23 -DHAVE_CONFIG_H -I. -I..  -I.. -I../src  -W -Wall -Wshadow -Wno-format-truncation -Wundef -D_GNU_SOURCE -march=x86-64-v3 -O2 -pipe -fno-plt -fexceptions         -Wp,-D_FORTIFY_SOURCE=3 -fstack-clash-protection -fcf-protection -MT proc-status.o -MD -MP -MF .deps/proc-status.Tpo -c -o proc-status.o proc-status.c
clang -std=gnu23 -DHAVE_CONFIG_H -I. -I..  -I.. -I../src  -W -Wall -Wshadow -Wno-format-truncation -Wundef -D_GNU_SOURCE -march=x86-64-v3 -O2 -pipe -fno-plt -fexceptions         -Wp,-D_FORTIFY_SOURCE=3 -fstack-clash-protection -fcf-protection -MT netcap.o -MD -MP -MF .deps/netcap.Tpo -c -o netcap.o netcap.c
clang -std=gnu23 -DHAVE_CONFIG_H -I. -I..  -I.. -I../src  -W -Wall -Wshadow -Wno-format-truncation -Wundef -D_GNU_SOURCE -march=x86-64-v3 -O2 -pipe -fno-plt -fexceptions         -Wp,-D_FORTIFY_SOURCE=3 -fstack-clash-protection -fcf-protection -MT proc-llist.o -MD -MP -MF .deps/proc-llist.Tpo -c -o proc-llist.o proc-llist.c
clang -std=gnu23 -DHAVE_CONFIG_H -I. -I..  -I.. -I../src  -W -Wall -Wshadow -Wno-format-truncation -Wundef -D_GNU_SOURCE -march=x86-64-v3 -O2 -pipe -fno-plt -fexceptions         -Wp,-D_FORTIFY_SOURCE=3 -fstack-clash-protection -fcf-protection -MT netcap-advanced.o -MD -MP -MF .deps/netcap-advanced.Tpo -c -o netcap-advanced.o netcap-advanced.c
clang -std=gnu23 -DHAVE_CONFIG_H -I. -I..  -I.. -I../src  -W -Wall -Wshadow -Wno-format-truncation -Wundef -D_GNU_SOURCE -march=x86-64-v3 -O2 -pipe -fno-plt -fexceptions         -Wp,-D_FORTIFY_SOURCE=3 -fstack-clash-protection -fcf-protection -MT filecap.o -MD -MP -MF .deps/filecap.Tpo -c -o filecap.o filecap.c
clang -std=gnu23 -DHAVE_CONFIG_H -I. -I..  -I.. -I../src  -W -Wall -Wshadow -Wno-format-truncation -Wundef -D_GNU_SOURCE -march=x86-64-v3 -O2 -pipe -fno-plt -fexceptions         -Wp,-D_FORTIFY_SOURCE=3 -fstack-clash-protection -fcf-protection -MT filecap-path.o -MD -MP -MF .deps/filecap-path.Tpo -c -o filecap-path.o filecap-path.c
mv -f .deps/filecap-path.Tpo .deps/filecap-path.Po
mv -f .deps/proc-account.Tpo .deps/proc-account.Po
mv -f .deps/proc-status.Tpo .deps/proc-status.Po
mv -f .deps/proc-llist.Tpo .deps/proc-llist.Po
filecap.c:41:56: warning: variable 'cremove' set but not used [-Wunused-but-set-global]
   41 | static int show_all = 0, header = 0, capabilities = 0, cremove = 0;
      |                                                        ^
mv -f .deps/proc-sanitize.Tpo .deps/proc-sanitize.Po
mv -f .deps/proc-output.Tpo .deps/proc-output.Po
1 warning generated.
mv -f .deps/filecap.Tpo .deps/filecap.Po
/bin/sh ../libtool  --tag=CC   --mode=link clang -std=gnu23 -W -Wall -Wshadow -Wno-format-truncation -Wundef -D_GNU_SOURCE -march=x86-64-v3 -O2 -pipe -fno-plt -fexceptions         -Wp,-D_FORTIFY_SOURCE=3 -fstack-clash-protection -fcf-protection  -Wl,-O1 -Wl,--sort-common -Wl,--as-needed -Wl,-z,relro -Wl,-z,now -Wl,--undefined-version -Wl,--hash-style=gnu -Wl,--compress-debug-sections=zstd -o filecap filecap.o filecap-path.o ../src/libcap-ng.la 
mv -f .deps/pscap.Tpo .deps/pscap.Po
/bin/sh ../libtool  --tag=CC   --mode=link clang -std=gnu23 -W -Wall -Wshadow -Wno-format-truncation -Wundef -D_GNU_SOURCE -march=x86-64-v3 -O2 -pipe -fno-plt -fexceptions         -Wp,-D_FORTIFY_SOURCE=3 -fstack-clash-protection -fcf-protection  -Wl,-O1 -Wl,--sort-common -Wl,--as-needed -Wl,-z,relro -Wl,-z,now -Wl,--undefined-version -Wl,--hash-style=gnu -Wl,--compress-debug-sections=zstd -o pscap pscap.o proc-account.o proc-output.o proc-sanitize.o proc-status.o ../src/libcap-ng.la 
libtool: link: clang -std=gnu23 -W -Wall -Wshadow -Wno-format-truncation -Wundef -D_GNU_SOURCE -march=x86-64-v3 -O2 -pipe -fno-plt -fexceptions -Wp,-D_FORTIFY_SOURCE=3 -fstack-clash-protection -fcf-protection -Wl,-O1 -Wl,--sort-common -Wl,-z -Wl,relro -Wl,-z -Wl,now -Wl,--undefined-version -Wl,--hash-style=gnu -Wl,--compress-debug-sections=zstd -o .libs/filecap filecap.o filecap-path.o  -Wl,--as-needed ../src/.libs/libcap-ng.so
mv -f .deps/netcap.Tpo .deps/netcap.Po
libtool: link: clang -std=gnu23 -W -Wall -Wshadow -Wno-format-truncation -Wundef -D_GNU_SOURCE -march=x86-64-v3 -O2 -pipe -fno-plt -fexceptions -Wp,-D_FORTIFY_SOURCE=3 -fstack-clash-protection -fcf-protection -Wl,-O1 -Wl,--sort-common -Wl,-z -Wl,relro -Wl,-z -Wl,now -Wl,--undefined-version -Wl,--hash-style=gnu -Wl,--compress-debug-sections=zstd -o .libs/pscap pscap.o proc-account.o proc-output.o proc-sanitize.o proc-status.o  -Wl,--as-needed ../src/.libs/libcap-ng.so
mv -f .deps/netcap-advanced.Tpo .deps/netcap-advanced.Po
/bin/sh ../libtool  --tag=CC   --mode=link clang -std=gnu23 -W -Wall -Wshadow -Wno-format-truncation -Wundef -D_GNU_SOURCE -march=x86-64-v3 -O2 -pipe -fno-plt -fexceptions         -Wp,-D_FORTIFY_SOURCE=3 -fstack-clash-protection -fcf-protection  -Wl,-O1 -Wl,--sort-common -Wl,--as-needed -Wl,-z,relro -Wl,-z,now -Wl,--undefined-version -Wl,--hash-style=gnu -Wl,--compress-debug-sections=zstd -o netcap netcap.o proc-llist.o proc-account.o proc-sanitize.o netcap-advanced.o proc-output.o proc-status.o ../src/libcap-ng.la 
libtool: link: clang -std=gnu23 -W -Wall -Wshadow -Wno-format-truncation -Wundef -D_GNU_SOURCE -march=x86-64-v3 -O2 -pipe -fno-plt -fexceptions -Wp,-D_FORTIFY_SOURCE=3 -fstack-clash-protection -fcf-protection -Wl,-O1 -Wl,--sort-common -Wl,-z -Wl,relro -Wl,-z -Wl,now -Wl,--undefined-version -Wl,--hash-style=gnu -Wl,--compress-debug-sections=zstd -o .libs/netcap netcap.o proc-llist.o proc-account.o proc-sanitize.o netcap-advanced.o proc-output.o proc-status.o  -Wl,--as-needed ../src/.libs/libcap-ng.so
make[3]: Leaving directory '/home/builder/build/src/libcap-ng-0.9.6/utils'
make[2]: Leaving directory '/home/builder/build/src/libcap-ng-0.9.6/utils'
Making all in m4
make[2]: Entering directory '/home/builder/build/src/libcap-ng-0.9.6/m4'
make[2]: Nothing to be done for 'all'.
make[2]: Leaving directory '/home/builder/build/src/libcap-ng-0.9.6/m4'
Making all in docs
make[2]: Entering directory '/home/builder/build/src/libcap-ng-0.9.6/docs'
make[2]: Nothing to be done for 'all'.
make[2]: Leaving directory '/home/builder/build/src/libcap-ng-0.9.6/docs'
Making all in bindings
make[2]: Entering directory '/home/builder/build/src/libcap-ng-0.9.6/bindings'
Making all in src
make[3]: Entering directory '/home/builder/build/src/libcap-ng-0.9.6/bindings/src'
make[3]: Nothing to be done for 'all'.
make[3]: Leaving directory '/home/builder/build/src/libcap-ng-0.9.6/bindings/src'
Making all in python3
make[3]: Entering directory '/home/builder/build/src/libcap-ng-0.9.6/bindings/python3'
Making all in test
make[4]: Entering directory '/home/builder/build/src/libcap-ng-0.9.6/bindings/python3/test'
make[4]: Nothing to be done for 'all'.
make[4]: Leaving directory '/home/builder/build/src/libcap-ng-0.9.6/bindings/python3/test'
make[4]: Entering directory '/home/builder/build/src/libcap-ng-0.9.6/bindings/python3'
cat /usr/include/linux/capability.h | grep '^#define CAP'  | grep -v '[()]' > caps.h
cat ../../src/cap-ng.h | grep -v '_state' > capng.h
swig -o capng_wrap.c -python -I. -I../.. -I/usr/include/python3.14 -I/usr/include/python3.14 ./../src/capng_swig.i
/bin/sh ../../libtool  --tag=CC   --mode=compile clang -std=gnu23 -DHAVE_CONFIG_H -I. -I../..  -I. -I../.. -I/usr/include/python3.14 -I/usr/include/python3.14  -shared -march=x86-64-v3 -O2 -pipe -fno-plt -fexceptions         -Wp,-D_FORTIFY_SOURCE=3 -fstack-clash-protection -fcf-protection -MT _capng_la-capng_wrap.lo -MD -MP -MF .deps/_capng_la-capng_wrap.Tpo -c -o _capng_la-capng_wrap.lo `test -f 'capng_wrap.c' || echo './'`capng_wrap.c
libtool: compile:  clang -std=gnu23 -DHAVE_CONFIG_H -I. -I../.. -I. -I../.. -I/usr/include/python3.14 -I/usr/include/python3.14 -march=x86-64-v3 -O2 -pipe -fno-plt -fexceptions -Wp,-D_FORTIFY_SOURCE=3 -fstack-clash-protection -fcf-protection -MT _capng_la-capng_wrap.lo -MD -MP -MF .deps/_capng_la-capng_wrap.Tpo -c capng_wrap.c  -fPIC -DPIC -o .libs/_capng_la-capng_wrap.o
mv -f .deps/_capng_la-capng_wrap.Tpo .deps/_capng_la-capng_wrap.Plo
/bin/sh ../../libtool  --tag=CC   --mode=link clang -std=gnu23 -shared -march=x86-64-v3 -O2 -pipe -fno-plt -fexceptions         -Wp,-D_FORTIFY_SOURCE=3 -fstack-clash-protection -fcf-protection -module -avoid-version -Wl,-z,relro -Wl,-O1 -Wl,--sort-common -Wl,--as-needed -Wl,-z,relro -Wl,-z,now -Wl,--undefined-version -Wl,--hash-style=gnu -Wl,--compress-debug-sections=zstd -o _capng.la -rpath /usr/lib/python3.14/site-packages _capng_la-capng_wrap.lo ../../src/libcap-ng.la -ldl  -lm  ../../src/libcap-ng.la
libtool: link: clang -std=gnu23 -shared  -fPIC -DPIC  .libs/_capng_la-capng_wrap.o   -Wl,-rpath -Wl,/home/builder/build/src/libcap-ng-0.9.6/src/.libs -Wl,--as-needed -ldl -lm ../../src/.libs/libcap-ng.so  -march=x86-64-v3 -O2 -Wp,-D_FORTIFY_SOURCE=3 -Wl,-z -Wl,relro -Wl,-O1 -Wl,--sort-common -Wl,-z -Wl,relro -Wl,-z -Wl,now -Wl,--undefined-version -Wl,--hash-style=gnu -Wl,--compress-debug-sections=zstd   -Wl,-soname -Wl,_capng.so -o .libs/_capng.so
libtool: link: ( cd ".libs" && rm -f "_capng.la" && ln -s "../_capng.la" "_capng.la" )
make[4]: Leaving directory '/home/builder/build/src/libcap-ng-0.9.6/bindings/python3'
make[3]: Leaving directory '/home/builder/build/src/libcap-ng-0.9.6/bindings/python3'
Making all in test
make[3]: Entering directory '/home/builder/build/src/libcap-ng-0.9.6/bindings/test'
make[3]: Nothing to be done for 'all'.
make[3]: Leaving directory '/home/builder/build/src/libcap-ng-0.9.6/bindings/test'
make[3]: Entering directory '/home/builder/build/src/libcap-ng-0.9.6/bindings'
make[3]: Nothing to be done for 'all-am'.
make[3]: Leaving directory '/home/builder/build/src/libcap-ng-0.9.6/bindings'
make[2]: Leaving directory '/home/builder/build/src/libcap-ng-0.9.6/bindings'
make[2]: Entering directory '/home/builder/build/src/libcap-ng-0.9.6'
make[2]: Leaving directory '/home/builder/build/src/libcap-ng-0.9.6'
make[1]: Leaving directory '/home/builder/build/src/libcap-ng-0.9.6'
==> Entering fakeroot environment...
==> Starting package_libcap-ng()...
make: Entering directory '/home/builder/build/src/libcap-ng-0.9.6'
Making install in src
make[1]: Entering directory '/home/builder/build/src/libcap-ng-0.9.6/src'
Making install in test
make[2]: Entering directory '/home/builder/build/src/libcap-ng-0.9.6/src/test'
make[3]: Entering directory '/home/builder/build/src/libcap-ng-0.9.6/src/test'
make[3]: Nothing to be done for 'install-exec-am'.
make[3]: Nothing to be done for 'install-data-am'.
make[3]: Leaving directory '/home/builder/build/src/libcap-ng-0.9.6/src/test'
make[2]: Leaving directory '/home/builder/build/src/libcap-ng-0.9.6/src/test'
make[2]: Entering directory '/home/builder/build/src/libcap-ng-0.9.6/src'
make[3]: Entering directory '/home/builder/build/src/libcap-ng-0.9.6/src'
 /usr/sbin/mkdir -p '/home/builder/build/pkg/libcap-ng/usr/include'
 /usr/sbin/mkdir -p '/home/builder/build/pkg/libcap-ng/usr/lib/pkgconfig'
 /usr/sbin/mkdir -p '/home/builder/build/pkg/libcap-ng/usr/lib'
 /bin/sh ../libtool   --mode=install /usr/bin/install -c   libcap-ng.la libdrop_ambient.la '/home/builder/build/pkg/libcap-ng/usr/lib'
 /usr/bin/install -c -m 644 cap-ng.h '/home/builder/build/pkg/libcap-ng/usr/include'
 /usr/bin/install -c -m 644 libcap-ng.pc '/home/builder/build/pkg/libcap-ng/usr/lib/pkgconfig'
libtool: install: /usr/bin/install -c .libs/libcap-ng.so.0.0.0 /home/builder/build/pkg/libcap-ng/usr/lib/libcap-ng.so.0.0.0
libtool: install: (cd /home/builder/build/pkg/libcap-ng/usr/lib && { ln -s -f libcap-ng.so.0.0.0 libcap-ng.so.0 || { rm -f libcap-ng.so.0 && ln -s libcap-ng.so.0.0.0 libcap-ng.so.0; }; })
libtool: install: (cd /home/builder/build/pkg/libcap-ng/usr/lib && { ln -s -f libcap-ng.so.0.0.0 libcap-ng.so || { rm -f libcap-ng.so && ln -s libcap-ng.so.0.0.0 libcap-ng.so; }; })
libtool: install: /usr/bin/install -c .libs/libcap-ng.lai /home/builder/build/pkg/libcap-ng/usr/lib/libcap-ng.la
libtool: install: /usr/bin/install -c .libs/libdrop_ambient.so.0.0.0 /home/builder/build/pkg/libcap-ng/usr/lib/libdrop_ambient.so.0.0.0
libtool: install: (cd /home/builder/build/pkg/libcap-ng/usr/lib && { ln -s -f libdrop_ambient.so.0.0.0 libdrop_ambient.so.0 || { rm -f libdrop_ambient.so.0 && ln -s libdrop_ambient.so.0.0.0 libdrop_ambient.so.0; }; })
libtool: install: (cd /home/builder/build/pkg/libcap-ng/usr/lib && { ln -s -f libdrop_ambient.so.0.0.0 libdrop_ambient.so || { rm -f libdrop_ambient.so && ln -s libdrop_ambient.so.0.0.0 libdrop_ambient.so; }; })
libtool: install: /usr/bin/install -c .libs/libdrop_ambient.lai /home/builder/build/pkg/libcap-ng/usr/lib/libdrop_ambient.la
libtool: warning: remember to run 'libtool --finish /usr/lib'
make[3]: Leaving directory '/home/builder/build/src/libcap-ng-0.9.6/src'
make[2]: Leaving directory '/home/builder/build/src/libcap-ng-0.9.6/src'
make[1]: Leaving directory '/home/builder/build/src/libcap-ng-0.9.6/src'
Making install in utils
make[1]: Entering directory '/home/builder/build/src/libcap-ng-0.9.6/utils'
Making install in test
make[2]: Entering directory '/home/builder/build/src/libcap-ng-0.9.6/utils/test'
make[3]: Entering directory '/home/builder/build/src/libcap-ng-0.9.6/utils/test'
make[3]: Nothing to be done for 'install-exec-am'.
make[3]: Nothing to be done for 'install-data-am'.
make[3]: Leaving directory '/home/builder/build/src/libcap-ng-0.9.6/utils/test'
make[2]: Leaving directory '/home/builder/build/src/libcap-ng-0.9.6/utils/test'
Making install in cap-audit
make[2]: Entering directory '/home/builder/build/src/libcap-ng-0.9.6/utils/cap-audit'
make  install-recursive
make[3]: Entering directory '/home/builder/build/src/libcap-ng-0.9.6/utils/cap-audit'
Making install in test
make[4]: Entering directory '/home/builder/build/src/libcap-ng-0.9.6/utils/cap-audit/test'
make[5]: Entering directory '/home/builder/build/src/libcap-ng-0.9.6/utils/cap-audit/test'
make[5]: Nothing to be done for 'install-exec-am'.
make[5]: Nothing to be done for 'install-data-am'.
make[5]: Leaving directory '/home/builder/build/src/libcap-ng-0.9.6/utils/cap-audit/test'
make[4]: Leaving directory '/home/builder/build/src/libcap-ng-0.9.6/utils/cap-audit/test'
make[4]: Entering directory '/home/builder/build/src/libcap-ng-0.9.6/utils/cap-audit'
make[5]: Entering directory '/home/builder/build/src/libcap-ng-0.9.6/utils/cap-audit'
make[5]: Leaving directory '/home/builder/build/src/libcap-ng-0.9.6/utils/cap-audit'
make[4]: Leaving directory '/home/builder/build/src/libcap-ng-0.9.6/utils/cap-audit'
make[3]: Leaving directory '/home/builder/build/src/libcap-ng-0.9.6/utils/cap-audit'
make[2]: Leaving directory '/home/builder/build/src/libcap-ng-0.9.6/utils/cap-audit'
make[2]: Entering directory '/home/builder/build/src/libcap-ng-0.9.6/utils'
make[3]: Entering directory '/home/builder/build/src/libcap-ng-0.9.6/utils'
 /usr/sbin/mkdir -p '/home/builder/build/pkg/libcap-ng/usr/bin'
 /usr/sbin/mkdir -p '/home/builder/build/pkg/libcap-ng/usr/share/man/man8'
  /bin/sh ../libtool   --mode=install /usr/bin/install -c pscap netcap filecap '/home/builder/build/pkg/libcap-ng/usr/bin'
 /usr/bin/install -c -m 644 pscap.8 netcap.8 filecap.8 '/home/builder/build/pkg/libcap-ng/usr/share/man/man8'
libtool: warning: '../src/libcap-ng.la' has not been installed in '/usr/lib'
libtool: install: /usr/bin/install -c .libs/pscap /home/builder/build/pkg/libcap-ng/usr/bin/pscap
libtool: warning: '../src/libcap-ng.la' has not been installed in '/usr/lib'
libtool: install: /usr/bin/install -c .libs/netcap /home/builder/build/pkg/libcap-ng/usr/bin/netcap
libtool: warning: '../src/libcap-ng.la' has not been installed in '/usr/lib'
libtool: install: /usr/bin/install -c .libs/filecap /home/builder/build/pkg/libcap-ng/usr/bin/filecap
make  install-exec-hook
make[4]: Entering directory '/home/builder/build/src/libcap-ng-0.9.6/utils'
/usr/sbin/mkdir -p /home/builder/build/pkg/libcap-ng/usr/share/bash-completion/completions
/usr/bin/install -c -m 644 ./libcap-ng.bash_completion \
	/home/builder/build/pkg/libcap-ng/usr/share/bash-completion/completions/libcap-ng.bash_completion
cd /home/builder/build/pkg/libcap-ng/usr/share/bash-completion/completions && \
for command in cap-audit filecap netcap pscap; do \
	ln -s -f libcap-ng.bash_completion $command || exit 1; \
done
make[4]: Leaving directory '/home/builder/build/src/libcap-ng-0.9.6/utils'
make[3]: Leaving directory '/home/builder/build/src/libcap-ng-0.9.6/utils'
make[2]: Leaving directory '/home/builder/build/src/libcap-ng-0.9.6/utils'
make[1]: Leaving directory '/home/builder/build/src/libcap-ng-0.9.6/utils'
Making install in m4
make[1]: Entering directory '/home/builder/build/src/libcap-ng-0.9.6/m4'
make[2]: Entering directory '/home/builder/build/src/libcap-ng-0.9.6/m4'
make[2]: Nothing to be done for 'install-exec-am'.
 /usr/sbin/mkdir -p '/home/builder/build/pkg/libcap-ng/usr/share/aclocal'
 /usr/bin/install -c -m 644 cap-ng.m4 '/home/builder/build/pkg/libcap-ng/usr/share/aclocal'
make[2]: Leaving directory '/home/builder/build/src/libcap-ng-0.9.6/m4'
make[1]: Leaving directory '/home/builder/build/src/libcap-ng-0.9.6/m4'
Making install in docs
make[1]: Entering directory '/home/builder/build/src/libcap-ng-0.9.6/docs'
make[2]: Entering directory '/home/builder/build/src/libcap-ng-0.9.6/docs'
make[2]: Nothing to be done for 'install-exec-am'.
 /usr/sbin/mkdir -p '/home/builder/build/pkg/libcap-ng/usr/share/man/man3'
 /usr/sbin/mkdir -p '/home/builder/build/pkg/libcap-ng/usr/share/man/man7'
 /usr/bin/install -c -m 644 libdrop_ambient.7 '/home/builder/build/pkg/libcap-ng/usr/share/man/man7'
 /usr/bin/install -c -m 644 capng_clear.3 capng_fill.3 capng_setpid.3 capng_get_caps_process.3 capng_update.3 capng_updatev.3 capng_apply.3 capng_lock.3 capng_change_id.3 capng_get_caps_fd.3 capng_stage_additional_groups.3 capng_apply_caps_fd.3 capng_have_capabilities.3 capng_get_rootid.3 capng_set_rootid.3 capng_have_capability.3 capng_print_caps_numeric.3 capng_print_caps_text.3 capng_name_to_capability.3 capng_capability_to_name.3 capng_save_state.3 capng_restore_state.3 '/home/builder/build/pkg/libcap-ng/usr/share/man/man3'
make[2]: Leaving directory '/home/builder/build/src/libcap-ng-0.9.6/docs'
make[1]: Leaving directory '/home/builder/build/src/libcap-ng-0.9.6/docs'
Making install in bindings
make[1]: Entering directory '/home/builder/build/src/libcap-ng-0.9.6/bindings'
Making install in src
make[2]: Entering directory '/home/builder/build/src/libcap-ng-0.9.6/bindings/src'
make[3]: Entering directory '/home/builder/build/src/libcap-ng-0.9.6/bindings/src'
make[3]: Nothing to be done for 'install-exec-am'.
make[3]: Nothing to be done for 'install-data-am'.
make[3]: Leaving directory '/home/builder/build/src/libcap-ng-0.9.6/bindings/src'
make[2]: Leaving directory '/home/builder/build/src/libcap-ng-0.9.6/bindings/src'
Making install in python3
make[2]: Entering directory '/home/builder/build/src/libcap-ng-0.9.6/bindings/python3'
Making install in test
make[3]: Entering directory '/home/builder/build/src/libcap-ng-0.9.6/bindings/python3/test'
make[4]: Entering directory '/home/builder/build/src/libcap-ng-0.9.6/bindings/python3/test'
make[4]: Nothing to be done for 'install-exec-am'.
make[4]: Nothing to be done for 'install-data-am'.
make[4]: Leaving directory '/home/builder/build/src/libcap-ng-0.9.6/bindings/python3/test'
make[3]: Leaving directory '/home/builder/build/src/libcap-ng-0.9.6/bindings/python3/test'
make[3]: Entering directory '/home/builder/build/src/libcap-ng-0.9.6/bindings/python3'
make[4]: Entering directory '/home/builder/build/src/libcap-ng-0.9.6/bindings/python3'
make[4]: Nothing to be done for 'install-data-am'.
 /usr/sbin/mkdir -p '/home/builder/build/pkg/libcap-ng/usr/lib/python3.14/site-packages'
 /usr/sbin/mkdir -p '/home/builder/build/pkg/libcap-ng/usr/lib/python3.14/site-packages'
 /bin/sh ../../libtool   --mode=install /usr/bin/install -c   _capng.la '/home/builder/build/pkg/libcap-ng/usr/lib/python3.14/site-packages'
 /usr/bin/install -c -m 644 capng.py '/home/builder/build/pkg/libcap-ng/usr/lib/python3.14/site-packages'
libtool: warning: relinking '_capng.la'
libtool: install: (cd /home/builder/build/src/libcap-ng-0.9.6/bindings/python3; /bin/sh "/home/builder/build/src/libcap-ng-0.9.6/libtool"  --tag CC --mode=relink clang -std=gnu23 -shared -march=x86-64-v3 -O2 -pipe -fno-plt -fexceptions -Wp,-D_FORTIFY_SOURCE=3 -fstack-clash-protection -fcf-protection -module -avoid-version -Wl,-z,relro -Wl,-O1 -Wl,--sort-common -Wl,--as-needed -Wl,-z,relro -Wl,-z,now -Wl,--undefined-version -Wl,--hash-style=gnu -Wl,--compress-debug-sections=zstd -o _capng.la -rpath /usr/lib/python3.14/site-packages _capng_la-capng_wrap.lo ../../src/libcap-ng.la -ldl -lm ../../src/libcap-ng.la -inst-prefix-dir /home/builder/build/pkg/libcap-ng)
Byte-compiling python modules...
capng.py 
libtool: relink: clang -std=gnu23 -shared  -fPIC -DPIC  .libs/_capng_la-capng_wrap.o   -Wl,--as-needed -ldl -lm -L/home/builder/build/pkg/libcap-ng/usr/lib -L/usr/lib -lcap-ng  -march=x86-64-v3 -O2 -Wp,-D_FORTIFY_SOURCE=3 -Wl,-z -Wl,relro -Wl,-O1 -Wl,--sort-common -Wl,-z -Wl,relro -Wl,-z -Wl,now -Wl,--undefined-version -Wl,--hash-style=gnu -Wl,--compress-debug-sections=zstd   -Wl,-soname -Wl,_capng.so -o .libs/_capng.so
Byte-compiling python modules (optimized versions) ...
capng.py 
libtool: install: /usr/bin/install -c .libs/_capng.soT /home/builder/build/pkg/libcap-ng/usr/lib/python3.14/site-packages/_capng.so
libtool: install: /usr/bin/install -c .libs/_capng.lai /home/builder/build/pkg/libcap-ng/usr/lib/python3.14/site-packages/_capng.la
libtool: warning: remember to run 'libtool --finish /usr/lib/python3.14/site-packages'
Byte-compiling python modules (more optimized versions) ...
capng.py 
make[4]: Leaving directory '/home/builder/build/src/libcap-ng-0.9.6/bindings/python3'
make[3]: Leaving directory '/home/builder/build/src/libcap-ng-0.9.6/bindings/python3'
make[2]: Leaving directory '/home/builder/build/src/libcap-ng-0.9.6/bindings/python3'
Making install in test
make[2]: Entering directory '/home/builder/build/src/libcap-ng-0.9.6/bindings/test'
make[3]: Entering directory '/home/builder/build/src/libcap-ng-0.9.6/bindings/test'
make[3]: Nothing to be done for 'install-exec-am'.
make[3]: Nothing to be done for 'install-data-am'.
make[3]: Leaving directory '/home/builder/build/src/libcap-ng-0.9.6/bindings/test'
make[2]: Leaving directory '/home/builder/build/src/libcap-ng-0.9.6/bindings/test'
make[2]: Entering directory '/home/builder/build/src/libcap-ng-0.9.6/bindings'
make[3]: Entering directory '/home/builder/build/src/libcap-ng-0.9.6/bindings'
make[3]: Nothing to be done for 'install-exec-am'.
make[3]: Nothing to be done for 'install-data-am'.
make[3]: Leaving directory '/home/builder/build/src/libcap-ng-0.9.6/bindings'
make[2]: Leaving directory '/home/builder/build/src/libcap-ng-0.9.6/bindings'
make[1]: Leaving directory '/home/builder/build/src/libcap-ng-0.9.6/bindings'
make[1]: Entering directory '/home/builder/build/src/libcap-ng-0.9.6'
make[2]: Entering directory '/home/builder/build/src/libcap-ng-0.9.6'
make[2]: Nothing to be done for 'install-exec-am'.
make[2]: Nothing to be done for 'install-data-am'.
make[2]: Leaving directory '/home/builder/build/src/libcap-ng-0.9.6'
make[1]: Leaving directory '/home/builder/build/src/libcap-ng-0.9.6'
make: Leaving directory '/home/builder/build/src/libcap-ng-0.9.6'
==> Tidying install...
  -> Removing libtool files...
  -> Removing static library files...
  -> Purging unwanted files...
  -> Stripping unneeded symbols from binaries and libraries...
==> Checking for packaging issues...
==> Creating package "libcap-ng"...
  -> Generating .PKGINFO file...
warning: Public keyring not found; have you run 'pacman-key --init'?
error: kashira-v3: key "E4DF524F75FE51DD5FB0C7BA1925D86CD662878E" is unknown
error: keyring is not writable
warning: base: unknown key '%INSTALLED_DB%' in local database
warning: base-devel: unknown key '%INSTALLED_DB%' in local database
warning: Public keyring not found; have you run 'pacman-key --init'?
error: kashira-v3: key "E4DF524F75FE51DD5FB0C7BA1925D86CD662878E" is unknown
error: keyring is not writable
warning: base: unknown key '%INSTALLED_DB%' in local database
warning: base-devel: unknown key '%INSTALLED_DB%' in local database
warning: Public keyring not found; have you run 'pacman-key --init'?
error: kashira-v3: key "E4DF524F75FE51DD5FB0C7BA1925D86CD662878E" is unknown
error: keyring is not writable
warning: base: unknown key '%INSTALLED_DB%' in local database
warning: base-devel: unknown key '%INSTALLED_DB%' in local database
warning: Public keyring not found; have you run 'pacman-key --init'?
error: kashira-v3: key "E4DF524F75FE51DD5FB0C7BA1925D86CD662878E" is unknown
error: keyring is not writable
warning: base: unknown key '%INSTALLED_DB%' in local database
warning: base-devel: unknown key '%INSTALLED_DB%' in local database
warning: Public keyring not found; have you run 'pacman-key --init'?
error: kashira-v3: key "E4DF524F75FE51DD5FB0C7BA1925D86CD662878E" is unknown
error: keyring is not writable
warning: base: unknown key '%INSTALLED_DB%' in local database
warning: base-devel: unknown key '%INSTALLED_DB%' in local database
  -> Generating .BUILDINFO file...
warning: Public keyring not found; have you run 'pacman-key --init'?
error: kashira-v3: key "E4DF524F75FE51DD5FB0C7BA1925D86CD662878E" is unknown
error: keyring is not writable
warning: base: unknown key '%INSTALLED_DB%' in local database
warning: base-devel: unknown key '%INSTALLED_DB%' in local database
  -> Generating .MTREE file...
  -> Compressing package...
==> Starting package_python-capng()...
renamed 'python-capng/usr' -> '/home/builder/build/pkg/python-capng/usr'
==> Tidying install...
  -> Removing libtool files...
  -> Removing static library files...
  -> Purging unwanted files...
  -> Stripping unneeded symbols from binaries and libraries...
==> Checking for packaging issues...
==> Creating package "python-capng"...
  -> Generating .PKGINFO file...
warning: Public keyring not found; have you run 'pacman-key --init'?
error: kashira-v3: key "E4DF524F75FE51DD5FB0C7BA1925D86CD662878E" is unknown
error: keyring is not writable
warning: base: unknown key '%INSTALLED_DB%' in local database
warning: base-devel: unknown key '%INSTALLED_DB%' in local database
warning: Public keyring not found; have you run 'pacman-key --init'?
error: kashira-v3: key "E4DF524F75FE51DD5FB0C7BA1925D86CD662878E" is unknown
error: keyring is not writable
warning: base: unknown key '%INSTALLED_DB%' in local database
warning: base-devel: unknown key '%INSTALLED_DB%' in local database
  -> Generating .BUILDINFO file...
warning: Public keyring not found; have you run 'pacman-key --init'?
error: kashira-v3: key "E4DF524F75FE51DD5FB0C7BA1925D86CD662878E" is unknown
error: keyring is not writable
warning: base: unknown key '%INSTALLED_DB%' in local database
warning: base-devel: unknown key '%INSTALLED_DB%' in local database
  -> Generating .MTREE file...
  -> Compressing package...
==> Leaving fakeroot environment.
==> Finished making: libcap-ng 0.9.6-1 (Sat Sep 19 23:39:09 2026)
