== build libdatrie (deps: doxygen git glibc )
warning: glibc-2.44-2 is up to date -- skipping
resolving dependencies...
warning: base: unknown key '%INSTALLED_DB%' in local database
warning: base-devel: unknown key '%INSTALLED_DB%' in local database
looking for conflicting packages...

Packages (8) fmt-12.2.0-1  perl-error-0.17030-1  perl-mailtools-2.22-1  perl-timedate-2.35-1  spdlog-1.17.0-2  sqlite-3.53.4-1  doxygen-1.18.0-2  git-2.55.0-1

Total Download Size:   15.72 MiB
Total Installed Size:  94.41 MiB
Net Upgrade Size:      90.03 MiB

:: Proceed with installation? [Y/n] 
:: Retrieving packages...
 git-2.55.0-1-x86_64 downloading...
 doxygen-1.18.0-2-x86_64 downloading...
 sqlite-3.53.4-1-x86_64 downloading...
 fmt-12.2.0-1-x86_64 downloading...
 spdlog-1.17.0-2-x86_64 downloading...
 perl-mailtools-2.22-1-any downloading...
 perl-timedate-2.35-1-any downloading...
 perl-error-0.17030-1-any downloading...
checking keyring...
checking package integrity...
loading package files...
checking for file conflicts...
:: Processing package changes...
installing fmt...
installing spdlog...
reinstalling sqlite...
installing doxygen...
Optional dependencies for doxygen
    texlive-fontsrecommended: for generating LaTeX, Postscript and PDF output
    texlive-fontutils: for generating LaTeX, Postscript and PDF output
    texlive-latexextra: for generating LaTeX, Postscript and PDF output
    texlive-plaingeneric: for generating LaTeX, Postscript and PDF output
installing perl-error...
installing perl-timedate...
installing perl-mailtools...
installing git...
Optional dependencies for git
    libsecret: git-credential-libsecret credential helper [installed]
:: Running post-transaction hooks...
(1/1) Arming ConditionNeedsUpdate...
==> Making package: libdatrie 0.2.14-1 (Sun Sep 20 01:16:02 2026)
==> WARNING: Skipping dependency checks.
==> Retrieving sources...
  -> Cloning libdatrie git repo...
Cloning into bare repository '/sources/libdatrie'...
==> WARNING: Skipping verification of source file PGP signatures.
==> Validating source files with b2sums...
    libdatrie ... Passed
==> Extracting sources...
  -> Creating working copy of libdatrie git repo...
Cloning into 'libdatrie'...
done.
Switched to a new branch 'makepkg'
==> Starting prepare()...
autoreconf: export WARNINGS=
autoreconf: Entering directory '.'
autoreconf: configure.ac: no obvious need to run autopoint
autoreconf: running: aclocal --force -I m4
aclocal: warning: couldn't open directory 'm4': No such file or directory
autoreconf: configure.ac: tracing
autoreconf: running: libtoolize --copy --force
libtoolize: putting auxiliary files in AC_CONFIG_AUX_DIR, 'build-aux'.
libtoolize: copying file 'build-aux/ltmain.sh'
libtoolize: putting macros in AC_CONFIG_MACRO_DIRS, 'm4'.
libtoolize: copying file 'm4/libtool.m4'
libtoolize: copying file 'm4/ltoptions.m4'
libtoolize: copying file 'm4/ltsugar.m4'
libtoolize: copying file 'm4/ltversion.m4'
libtoolize: copying file 'm4/lt~obsolete.m4'
autoreconf: configure.ac: not using Intltool
autoreconf: configure.ac: not using Gtkdoc
autoreconf: configure.ac: no need to run autopoint (confirmed)
autoreconf: running: aclocal --force -I m4
autoreconf: running: /usr/bin/autoconf --force
autoreconf: running: /usr/bin/autoheader --force
autoreconf: running: automake --add-missing --copy --force-missing
configure.ac:29: installing 'build-aux/compile'
configure.ac:33: installing 'build-aux/config.guess'
configure.ac:33: installing 'build-aux/config.sub'
configure.ac:13: installing 'build-aux/install-sh'
configure.ac:13: installing 'build-aux/missing'
datrie/Makefile.am: installing 'build-aux/depcomp'
parallel-tests: installing 'build-aux/test-driver'
autoreconf: 'build-aux/config.sub' is updated
autoreconf: 'build-aux/config.guess' is updated
autoreconf: configure.ac: not running make: --make not given
autoreconf: Leaving directory '.'
==> Starting build()...
checking for a BSD-compatible install... /usr/bin/install -c
checking whether sleep supports fractional seconds... yes
checking filesystem timestamp resolution... 0.01
checking whether build environment is sane... yes
checking for a race-free mkdir -p... /usr/sbin/mkdir -p
checking for gawk... gawk
checking whether make sets $(MAKE)... yes
checking whether make supports nested variables... yes
checking xargs -n works... yes
checking whether UID '1000' is supported by ustar format... yes
checking whether GID '1000' is supported by ustar format... yes
checking how to create a ustar tar archive... gnutar
checking for gcc... clang
checking whether the C compiler works... yes
checking for C compiler default output file name... a.out
checking for suffix of executables... 
checking whether we are cross compiling... no
checking for suffix of object files... o
checking whether the compiler supports GNU C... yes
checking whether clang accepts -g... yes
checking for clang option to enable C23 features... -std=gnu23
checking whether clang -std=gnu23 understands -c and -o together... yes
checking whether make supports the include directive... yes (GNU style)
checking dependency style of clang -std=gnu23... gcc3
checking whether ln -s works... yes
checking whether make sets $(MAKE)... (cached) yes
checking build system type... x86_64-pc-linux-gnu
checking host system type... x86_64-pc-linux-gnu
checking how to print strings... printf
checking for a sed that does not truncate output... /usr/sbin/sed
checking for grep that handles long lines and -e... /usr/sbin/grep
checking for egrep... /usr/sbin/grep -E
checking for fgrep... /usr/sbin/grep -F
checking for ld used by clang -std=gnu23... ld.lld
checking if the linker (ld.lld) is GNU ld... yes
checking for BSD- or MS-compatible name lister (nm)... llvm-nm
checking the name lister (llvm-nm) interface... BSD nm
checking the maximum length of command line arguments... 1572864
checking how to convert x86_64-pc-linux-gnu file names to x86_64-pc-linux-gnu format... func_convert_file_noop
checking how to convert x86_64-pc-linux-gnu file names to toolchain format... func_convert_file_noop
checking for ld.lld option to reload object files... -r
checking for file... file
checking for objdump... llvm-objdump
checking how to recognize dependent libraries... pass_all
checking for dlltool... dlltool
checking how to associate runtime and link libraries... printf %s\n
checking for ranlib... llvm-ranlib
checking for archiver @FILE support... @
checking for strip... llvm-strip
checking command to parse llvm-nm output from clang -std=gnu23 object... ok
checking for sysroot... no
checking for a working dd... /usr/sbin/dd
checking how to truncate binary pipes... /usr/sbin/dd bs=4096 count=1
checking for mt... no
checking if : is a manifest tool... no
checking for stdio.h... yes
checking for stdlib.h... yes
checking for string.h... yes
checking for inttypes.h... yes
checking for stdint.h... yes
checking for strings.h... yes
checking for sys/stat.h... yes
checking for sys/types.h... yes
checking for unistd.h... yes
checking for dlfcn.h... yes
checking which variant of shared library versioning to provide... (default) aix
checking for objdir... .libs
checking if clang -std=gnu23 supports -fno-rtti -fno-exceptions... yes
checking for clang -std=gnu23 option to produce PIC... -fPIC -DPIC
checking if clang -std=gnu23 PIC flag -fPIC -DPIC works... yes
checking if clang -std=gnu23 static flag -static works... yes
checking if clang -std=gnu23 supports -c -o file.o... yes
checking if clang -std=gnu23 supports -c -o file.o... (cached) yes
checking whether the clang -std=gnu23 linker (ld.lld -m elf_x86_64) supports shared libraries... yes
checking whether -lc should be explicitly linked in... no
checking dynamic linker characteristics... GNU/Linux ld.so
checking how to hardcode library paths into programs... immediate
checking whether stripping libraries is possible... yes
checking if libtool supports shared libraries... yes
checking whether to build shared libraries... yes
checking whether to build static libraries... yes
checking whether linker supports -version-script... yes
checking for iconv_open... yes
checking for locale_charset in -liconv... no
checking for nl_langinfo (CODESET)... yes
checking for limits.h... yes
checking for stdlib.h... (cached) yes
checking for stdio.h... (cached) yes
checking for string.h... (cached) yes
checking for an ANSI C-conforming const... yes
checking for size_t... yes
checking for doxygen... doxygen
checking doxygen >= 1.9.8... 1.18.0, yes
checking for malloc... yes
checking that generated files are newer than configure... done
configure: creating ./config.status
config.status: creating Makefile
config.status: creating datrie-0.2.pc
config.status: creating datrie/Makefile
config.status: creating tools/Makefile
config.status: creating man/Makefile
config.status: creating doc/Makefile
config.status: creating doc/Doxyfile
config.status: creating tests/Makefile
config.status: creating config.h
config.status: executing depfiles commands
config.status: executing libtool commands
make  all-recursive
make[1]: Entering directory '/home/builder/build/src/libdatrie'
Making all in datrie
make[2]: Entering directory '/home/builder/build/src/libdatrie/datrie'
/bin/sh ../libtool  --tag=CC   --mode=compile clang -std=gnu23 -DHAVE_CONFIG_H -I. -I..  -I..   -march=x86-64-v3 -O2 -pipe -fno-plt -fexceptions         -Wp,-D_FORTIFY_SOURCE=3 -fstack-clash-protection -fcf-protection -MT dstring.lo -MD -MP -MF .deps/dstring.Tpo -c -o dstring.lo dstring.c
/bin/sh ../libtool  --tag=CC   --mode=compile clang -std=gnu23 -DHAVE_CONFIG_H -I. -I..  -I..   -march=x86-64-v3 -O2 -pipe -fno-plt -fexceptions         -Wp,-D_FORTIFY_SOURCE=3 -fstack-clash-protection -fcf-protection -MT trie-string.lo -MD -MP -MF .deps/trie-string.Tpo -c -o trie-string.lo trie-string.c
/bin/sh ../libtool  --tag=CC   --mode=compile clang -std=gnu23 -DHAVE_CONFIG_H -I. -I..  -I..   -march=x86-64-v3 -O2 -pipe -fno-plt -fexceptions         -Wp,-D_FORTIFY_SOURCE=3 -fstack-clash-protection -fcf-protection -MT fileutils.lo -MD -MP -MF .deps/fileutils.Tpo -c -o fileutils.lo fileutils.c
/bin/sh ../libtool  --tag=CC   --mode=compile clang -std=gnu23 -DHAVE_CONFIG_H -I. -I..  -I..   -march=x86-64-v3 -O2 -pipe -fno-plt -fexceptions         -Wp,-D_FORTIFY_SOURCE=3 -fstack-clash-protection -fcf-protection -MT darray.lo -MD -MP -MF .deps/darray.Tpo -c -o darray.lo darray.c
/bin/sh ../libtool  --tag=CC   --mode=compile clang -std=gnu23 -DHAVE_CONFIG_H -I. -I..  -I..   -march=x86-64-v3 -O2 -pipe -fno-plt -fexceptions         -Wp,-D_FORTIFY_SOURCE=3 -fstack-clash-protection -fcf-protection -MT tail.lo -MD -MP -MF .deps/tail.Tpo -c -o tail.lo tail.c
/bin/sh ../libtool  --tag=CC   --mode=compile clang -std=gnu23 -DHAVE_CONFIG_H -I. -I..  -I..   -march=x86-64-v3 -O2 -pipe -fno-plt -fexceptions         -Wp,-D_FORTIFY_SOURCE=3 -fstack-clash-protection -fcf-protection -MT trie.lo -MD -MP -MF .deps/trie.Tpo -c -o trie.lo trie.c
/bin/sh ../libtool  --tag=CC   --mode=compile clang -std=gnu23 -DHAVE_CONFIG_H -I. -I..  -I..   -march=x86-64-v3 -O2 -pipe -fno-plt -fexceptions         -Wp,-D_FORTIFY_SOURCE=3 -fstack-clash-protection -fcf-protection -MT alpha-map.lo -MD -MP -MF .deps/alpha-map.Tpo -c -o alpha-map.lo alpha-map.c
libtool: compile:  clang -std=gnu23 -DHAVE_CONFIG_H -I. -I.. -I.. -march=x86-64-v3 -O2 -pipe -fno-plt -fexceptions -Wp,-D_FORTIFY_SOURCE=3 -fstack-clash-protection -fcf-protection -MT dstring.lo -MD -MP -MF .deps/dstring.Tpo -c dstring.c  -fPIC -DPIC -o .libs/dstring.o
libtool: compile:  clang -std=gnu23 -DHAVE_CONFIG_H -I. -I.. -I.. -march=x86-64-v3 -O2 -pipe -fno-plt -fexceptions -Wp,-D_FORTIFY_SOURCE=3 -fstack-clash-protection -fcf-protection -MT trie-string.lo -MD -MP -MF .deps/trie-string.Tpo -c trie-string.c  -fPIC -DPIC -o .libs/trie-string.o
libtool: compile:  clang -std=gnu23 -DHAVE_CONFIG_H -I. -I.. -I.. -march=x86-64-v3 -O2 -pipe -fno-plt -fexceptions -Wp,-D_FORTIFY_SOURCE=3 -fstack-clash-protection -fcf-protection -MT fileutils.lo -MD -MP -MF .deps/fileutils.Tpo -c fileutils.c  -fPIC -DPIC -o .libs/fileutils.o
libtool: compile:  clang -std=gnu23 -DHAVE_CONFIG_H -I. -I.. -I.. -march=x86-64-v3 -O2 -pipe -fno-plt -fexceptions -Wp,-D_FORTIFY_SOURCE=3 -fstack-clash-protection -fcf-protection -MT tail.lo -MD -MP -MF .deps/tail.Tpo -c tail.c  -fPIC -DPIC -o .libs/tail.o
libtool: compile:  clang -std=gnu23 -DHAVE_CONFIG_H -I. -I.. -I.. -march=x86-64-v3 -O2 -pipe -fno-plt -fexceptions -Wp,-D_FORTIFY_SOURCE=3 -fstack-clash-protection -fcf-protection -MT darray.lo -MD -MP -MF .deps/darray.Tpo -c darray.c  -fPIC -DPIC -o .libs/darray.o
libtool: compile:  clang -std=gnu23 -DHAVE_CONFIG_H -I. -I.. -I.. -march=x86-64-v3 -O2 -pipe -fno-plt -fexceptions -Wp,-D_FORTIFY_SOURCE=3 -fstack-clash-protection -fcf-protection -MT trie.lo -MD -MP -MF .deps/trie.Tpo -c trie.c  -fPIC -DPIC -o .libs/trie.o
libtool: compile:  clang -std=gnu23 -DHAVE_CONFIG_H -I. -I.. -I.. -march=x86-64-v3 -O2 -pipe -fno-plt -fexceptions -Wp,-D_FORTIFY_SOURCE=3 -fstack-clash-protection -fcf-protection -MT alpha-map.lo -MD -MP -MF .deps/alpha-map.Tpo -c alpha-map.c  -fPIC -DPIC -o .libs/alpha-map.o
libtool: compile:  clang -std=gnu23 -DHAVE_CONFIG_H -I. -I.. -I.. -march=x86-64-v3 -O2 -pipe -fno-plt -fexceptions -Wp,-D_FORTIFY_SOURCE=3 -fstack-clash-protection -fcf-protection -MT trie-string.lo -MD -MP -MF .deps/trie-string.Tpo -c trie-string.c -o trie-string.o >/dev/null 2>&1
libtool: compile:  clang -std=gnu23 -DHAVE_CONFIG_H -I. -I.. -I.. -march=x86-64-v3 -O2 -pipe -fno-plt -fexceptions -Wp,-D_FORTIFY_SOURCE=3 -fstack-clash-protection -fcf-protection -MT fileutils.lo -MD -MP -MF .deps/fileutils.Tpo -c fileutils.c -o fileutils.o >/dev/null 2>&1
libtool: compile:  clang -std=gnu23 -DHAVE_CONFIG_H -I. -I.. -I.. -march=x86-64-v3 -O2 -pipe -fno-plt -fexceptions -Wp,-D_FORTIFY_SOURCE=3 -fstack-clash-protection -fcf-protection -MT dstring.lo -MD -MP -MF .deps/dstring.Tpo -c dstring.c -o dstring.o >/dev/null 2>&1
mv -f .deps/trie-string.Tpo .deps/trie-string.Plo
mv -f .deps/fileutils.Tpo .deps/fileutils.Plo
libtool: compile:  clang -std=gnu23 -DHAVE_CONFIG_H -I. -I.. -I.. -march=x86-64-v3 -O2 -pipe -fno-plt -fexceptions -Wp,-D_FORTIFY_SOURCE=3 -fstack-clash-protection -fcf-protection -MT tail.lo -MD -MP -MF .deps/tail.Tpo -c tail.c -o tail.o >/dev/null 2>&1
libtool: compile:  clang -std=gnu23 -DHAVE_CONFIG_H -I. -I.. -I.. -march=x86-64-v3 -O2 -pipe -fno-plt -fexceptions -Wp,-D_FORTIFY_SOURCE=3 -fstack-clash-protection -fcf-protection -MT trie.lo -MD -MP -MF .deps/trie.Tpo -c trie.c -o trie.o >/dev/null 2>&1
mv -f .deps/dstring.Tpo .deps/dstring.Plo
libtool: compile:  clang -std=gnu23 -DHAVE_CONFIG_H -I. -I.. -I.. -march=x86-64-v3 -O2 -pipe -fno-plt -fexceptions -Wp,-D_FORTIFY_SOURCE=3 -fstack-clash-protection -fcf-protection -MT alpha-map.lo -MD -MP -MF .deps/alpha-map.Tpo -c alpha-map.c -o alpha-map.o >/dev/null 2>&1
mv -f .deps/tail.Tpo .deps/tail.Plo
libtool: compile:  clang -std=gnu23 -DHAVE_CONFIG_H -I. -I.. -I.. -march=x86-64-v3 -O2 -pipe -fno-plt -fexceptions -Wp,-D_FORTIFY_SOURCE=3 -fstack-clash-protection -fcf-protection -MT darray.lo -MD -MP -MF .deps/darray.Tpo -c darray.c -o darray.o >/dev/null 2>&1
mv -f .deps/trie.Tpo .deps/trie.Plo
mv -f .deps/alpha-map.Tpo .deps/alpha-map.Plo
mv -f .deps/darray.Tpo .deps/darray.Plo
/bin/sh ../libtool  --tag=CC   --mode=link clang -std=gnu23  -march=x86-64-v3 -O2 -pipe -fno-plt -fexceptions         -Wp,-D_FORTIFY_SOURCE=3 -fstack-clash-protection -fcf-protection -no-undefined -version-info 5:1:4 -Wl,-version-script -Wl,./libdatrie.map -Wl,-O1 -Wl,--sort-common -Wl,--as-needed -Wl,-z,relro -Wl,-z,now -Wl,--undefined-version -Wl,--hash-style=gnu -Wl,--compress-debug-sections=zstd -o libdatrie.la -rpath /usr/lib dstring.lo trie-string.lo fileutils.lo darray.lo tail.lo trie.lo alpha-map.lo  
libtool: link: clang -std=gnu23 -shared  -fPIC -DPIC  .libs/dstring.o .libs/trie-string.o .libs/fileutils.o .libs/darray.o .libs/tail.o .libs/trie.o .libs/alpha-map.o   -Wl,--as-needed  -march=x86-64-v3 -O2 -Wp,-D_FORTIFY_SOURCE=3 -Wl,-version-script -Wl,./libdatrie.map -Wl,-O1 -Wl,--sort-common -Wl,-z -Wl,relro -Wl,-z -Wl,now -Wl,--undefined-version -Wl,--hash-style=gnu -Wl,--compress-debug-sections=zstd   -Wl,-soname -Wl,libdatrie.so.1 -o .libs/libdatrie.so.1.4.1
libtool: link: (cd ".libs" && rm -f "libdatrie.so.1" && ln -s "libdatrie.so.1.4.1" "libdatrie.so.1")
libtool: link: (cd ".libs" && rm -f "libdatrie.so" && ln -s "libdatrie.so.1.4.1" "libdatrie.so")
libtool: link: llvm-ar cr .libs/libdatrie.a dstring.o trie-string.o fileutils.o darray.o tail.o trie.o alpha-map.o
libtool: link: llvm-ranlib .libs/libdatrie.a
libtool: link: ( cd ".libs" && rm -f "libdatrie.la" && ln -s "../libdatrie.la" "libdatrie.la" )
make[2]: Leaving directory '/home/builder/build/src/libdatrie/datrie'
Making all in tools
make[2]: Entering directory '/home/builder/build/src/libdatrie/tools'
clang -std=gnu23 -DHAVE_CONFIG_H -I. -I..  -I..   -march=x86-64-v3 -O2 -pipe -fno-plt -fexceptions         -Wp,-D_FORTIFY_SOURCE=3 -fstack-clash-protection -fcf-protection -MT trietool.o -MD -MP -MF .deps/trietool.Tpo -c -o trietool.o trietool.c
mv -f .deps/trietool.Tpo .deps/trietool.Po
/bin/sh ../libtool  --tag=CC   --mode=link clang -std=gnu23  -march=x86-64-v3 -O2 -pipe -fno-plt -fexceptions         -Wp,-D_FORTIFY_SOURCE=3 -fstack-clash-protection -fcf-protection  -Wl,-O1 -Wl,--sort-common -Wl,--as-needed -Wl,-z,relro -Wl,-z,now -Wl,--undefined-version -Wl,--hash-style=gnu -Wl,--compress-debug-sections=zstd -o trietool trietool.o ../datrie/libdatrie.la  
libtool: link: clang -std=gnu23 -march=x86-64-v3 -O2 -pipe -fno-plt -fexceptions -Wp,-D_FORTIFY_SOURCE=3 -fstack-clash-protection -fcf-protection -Wl,-O1 -Wl,--sort-common -Wl,-z -Wl,relro -Wl,-z -Wl,now -Wl,--undefined-version -Wl,--hash-style=gnu -Wl,--compress-debug-sections=zstd -o .libs/trietool trietool.o  -Wl,--as-needed ../datrie/.libs/libdatrie.so
make[2]: Leaving directory '/home/builder/build/src/libdatrie/tools'
Making all in man
make[2]: Entering directory '/home/builder/build/src/libdatrie/man'
make[2]: Nothing to be done for 'all'.
make[2]: Leaving directory '/home/builder/build/src/libdatrie/man'
Making all in doc
make[2]: Entering directory '/home/builder/build/src/libdatrie/doc'
doxygen
warning: Tag 'DOT_MULTI_TARGETS' at line 2784 of file 'Doxyfile' has become obsolete.
         To avoid this warning please remove this line from your configuration file or upgrade it using "doxygen -u"
Doxygen version used: 1.18.0
Searching for include files...
Searching for example files...
Searching for images...
Searching for dot files...
Searching for msc files...
Searching for dia files...
Searching for plantuml files...
Searching for mermaid files...
Searching for files to exclude
Searching INPUT for files to process...
Reading and parsing tag files
Parsing files
Preprocessing /home/builder/build/src/libdatrie/datrie/alpha-map.h...
Parsing file /home/builder/build/src/libdatrie/datrie/alpha-map.h...
Preprocessing /home/builder/build/src/libdatrie/datrie/alpha-map.c...
Parsing file /home/builder/build/src/libdatrie/datrie/alpha-map.c...
Preprocessing /home/builder/build/src/libdatrie/datrie/trie.h...
Parsing file /home/builder/build/src/libdatrie/datrie/trie.h...
Preprocessing /home/builder/build/src/libdatrie/datrie/trie.c...
Parsing file /home/builder/build/src/libdatrie/datrie/trie.c...
Preprocessing /home/builder/build/src/libdatrie/datrie/triedefs.h...
Parsing file /home/builder/build/src/libdatrie/datrie/triedefs.h...
Preprocessing /home/builder/build/src/libdatrie/datrie/typedefs.h...
Parsing file /home/builder/build/src/libdatrie/datrie/typedefs.h...
Building macro definition list...
Building group list...
Building directory list...
Building namespace list...
Building file list...
Building class list...
Building concept list...
Computing nesting relations for classes...
Associating documentation with classes...
Associating documentation with concepts...
Associating documentation with modules...
Building example list...
Searching for enumerations...
Searching for documented typedefs...
Searching for members imported via using declarations...
Searching for included using directives...
Searching for documented variables...
Building interface member list...
Building member list...
Searching for friends...
Searching for documented defines...
Computing class inheritance relations...
Computing class usage relations...
Flushing cached template relations that have become invalid...
Warn for undocumented namespaces...
Computing class relations...
Add enum values to enums...
Searching for member function documentation...
Creating members for template instances...
Searching for tag less structs...
Building page list...
Building requirements list...
Search for main page...
Computing page relations...
Determining the scope of groups...
Computing module relations...
Sorting lists...
Determining which enums are documented
Computing member relations...
Building full member lists recursively...
Adding members to member groups.
Computing member references...
Inheriting documentation...
Generating disk names...
Adding source references...
Adding xrefitems...
Adding requirements...
Sorting member lists...
Setting anonymous enum type...
Computing dependencies between directories...
Generating citations page...
Counting data structures...
Resolving user defined references...
Finding anchors and sections in the documentation...
Transferring function references...
Combining using relations...
Adding members to index pages...
Correcting members for VHDL...
Computing tooltip texts...
Generating style sheet...
Generating search indices...
Generating example documentation...
Generating file sources...
Counting members...
Generating file documentation...
Generating docs for file datrie/alpha-map.h...
Generating docs for file datrie/trie.h...
Generating docs for file datrie/triedefs.h...
Generating page documentation...
Generating group documentation...
Generating class documentation...
Generating docs for compound _Trie...
Generating docs for compound _TrieIterator...
Generating docs for compound _TrieState...
Generating concept documentation...
Generating module documentation...
Generating namespace documentation...
Generating graph info page...
Generating directory documentation...
Generating index page...
Generating page index...
Generating topic index...
Generating module index...
Generating module member index...
Generating namespace index...
Generating namespace member index...
Generating concept index...
Generating annotated compound index...
Generating alphabetical compound index...
Generating hierarchical class index...
Generating member index...
Generating file index...
Generating file member index...
Generating example index...
finalizing index lists...
writing tag file...
type lookup cache used 70/65536 hits=408 misses=87
symbol lookup cache used 159/65536 hits=141 misses=159
finished...
touch doxygen.stamp
make[2]: Leaving directory '/home/builder/build/src/libdatrie/doc'
Making all in tests
make[2]: Entering directory '/home/builder/build/src/libdatrie/tests'
make[2]: Nothing to be done for 'all'.
make[2]: Leaving directory '/home/builder/build/src/libdatrie/tests'
make[2]: Entering directory '/home/builder/build/src/libdatrie'
make[2]: Leaving directory '/home/builder/build/src/libdatrie'
make[1]: Leaving directory '/home/builder/build/src/libdatrie'
==> Entering fakeroot environment...
==> Starting package()...
Making install in datrie
make[1]: Entering directory '/home/builder/build/src/libdatrie/datrie'
make[2]: Entering directory '/home/builder/build/src/libdatrie/datrie'
 /usr/sbin/mkdir -p '/home/builder/build/pkg/libdatrie/usr/lib'
 /usr/sbin/mkdir -p '/home/builder/build/pkg/libdatrie/usr/include/datrie'
 /bin/sh ../libtool   --mode=install /usr/bin/install -c   libdatrie.la '/home/builder/build/pkg/libdatrie/usr/lib'
 /usr/bin/install -c -m 644 typedefs.h triedefs.h alpha-map.h trie.h '/home/builder/build/pkg/libdatrie/usr/include/datrie'
libtool: install: /usr/bin/install -c .libs/libdatrie.so.1.4.1 /home/builder/build/pkg/libdatrie/usr/lib/libdatrie.so.1.4.1
libtool: install: (cd /home/builder/build/pkg/libdatrie/usr/lib && { ln -s -f libdatrie.so.1.4.1 libdatrie.so.1 || { rm -f libdatrie.so.1 && ln -s libdatrie.so.1.4.1 libdatrie.so.1; }; })
libtool: install: (cd /home/builder/build/pkg/libdatrie/usr/lib && { ln -s -f libdatrie.so.1.4.1 libdatrie.so || { rm -f libdatrie.so && ln -s libdatrie.so.1.4.1 libdatrie.so; }; })
libtool: install: /usr/bin/install -c .libs/libdatrie.lai /home/builder/build/pkg/libdatrie/usr/lib/libdatrie.la
libtool: install: /usr/bin/install -c .libs/libdatrie.a /home/builder/build/pkg/libdatrie/usr/lib/libdatrie.a
libtool: install: chmod 644 /home/builder/build/pkg/libdatrie/usr/lib/libdatrie.a
libtool: install: llvm-ranlib /home/builder/build/pkg/libdatrie/usr/lib/libdatrie.a
libtool: warning: remember to run 'libtool --finish /usr/lib'
make[2]: Leaving directory '/home/builder/build/src/libdatrie/datrie'
make[1]: Leaving directory '/home/builder/build/src/libdatrie/datrie'
Making install in tools
make[1]: Entering directory '/home/builder/build/src/libdatrie/tools'
make[2]: Entering directory '/home/builder/build/src/libdatrie/tools'
make  install-data-hook
 /usr/sbin/mkdir -p '/home/builder/build/pkg/libdatrie/usr/bin'
make[3]: Entering directory '/home/builder/build/src/libdatrie/tools'
/usr/sbin/mkdir -p /home/builder/build/pkg/libdatrie/usr/bin
rm -f /home/builder/build/pkg/libdatrie/usr/bin/trietool-0.2
  /bin/sh ../libtool   --mode=install /usr/bin/install -c trietool '/home/builder/build/pkg/libdatrie/usr/bin'
ln -s trietool /home/builder/build/pkg/libdatrie/usr/bin/trietool-0.2
make[3]: Leaving directory '/home/builder/build/src/libdatrie/tools'
libtool: warning: '../datrie/libdatrie.la' has not been installed in '/usr/lib'
libtool: install: /usr/bin/install -c .libs/trietool /home/builder/build/pkg/libdatrie/usr/bin/trietool
make[2]: Leaving directory '/home/builder/build/src/libdatrie/tools'
make[1]: Leaving directory '/home/builder/build/src/libdatrie/tools'
Making install in man
make[1]: Entering directory '/home/builder/build/src/libdatrie/man'
make[2]: Entering directory '/home/builder/build/src/libdatrie/man'
make[2]: Nothing to be done for 'install-exec-am'.
 /usr/sbin/mkdir -p '/home/builder/build/pkg/libdatrie/usr/share/man/man1'
 /usr/bin/install -c -m 644 trietool.1 '/home/builder/build/pkg/libdatrie/usr/share/man/man1'
make  install-data-hook
make[3]: Entering directory '/home/builder/build/src/libdatrie/man'
rm -f /home/builder/build/pkg/libdatrie/usr/share/man/man1/trietool-0.2.1
ln -s trietool.1 /home/builder/build/pkg/libdatrie/usr/share/man/man1/trietool-0.2.1
make[3]: Leaving directory '/home/builder/build/src/libdatrie/man'
make[2]: Leaving directory '/home/builder/build/src/libdatrie/man'
make[1]: Leaving directory '/home/builder/build/src/libdatrie/man'
Making install in doc
make[1]: Entering directory '/home/builder/build/src/libdatrie/doc'
make[2]: Entering directory '/home/builder/build/src/libdatrie/doc'
make[2]: Nothing to be done for 'install-exec-am'.
/usr/bin/install -c -d /home/builder/build/pkg/libdatrie/usr/share/doc/datrie/html
/usr/bin/install -c -m 644 html/* /home/builder/build/pkg/libdatrie/usr/share/doc/datrie/html
make[2]: Leaving directory '/home/builder/build/src/libdatrie/doc'
make[1]: Leaving directory '/home/builder/build/src/libdatrie/doc'
Making install in tests
make[1]: Entering directory '/home/builder/build/src/libdatrie/tests'
make[2]: Entering directory '/home/builder/build/src/libdatrie/tests'
make[2]: Nothing to be done for 'install-exec-am'.
make[2]: Nothing to be done for 'install-data-am'.
make[2]: Leaving directory '/home/builder/build/src/libdatrie/tests'
make[1]: Leaving directory '/home/builder/build/src/libdatrie/tests'
make[1]: Entering directory '/home/builder/build/src/libdatrie'
make[2]: Entering directory '/home/builder/build/src/libdatrie'
make[2]: Nothing to be done for 'install-exec-am'.
 /usr/sbin/mkdir -p '/home/builder/build/pkg/libdatrie/usr/lib/pkgconfig'
 /usr/bin/install -c -m 644 datrie-0.2.pc '/home/builder/build/pkg/libdatrie/usr/lib/pkgconfig'
make[2]: Leaving directory '/home/builder/build/src/libdatrie'
make[1]: Leaving directory '/home/builder/build/src/libdatrie'
==> Tidying install...
  -> Removing libtool files...
  -> Removing static library files...
  -> Purging unwanted files...
  -> Stripping unneeded symbols from binaries and libraries...
==> Checking for packaging issues...
==> Creating package "libdatrie"...
  -> Generating .PKGINFO file...
warning: Public keyring not found; have you run 'pacman-key --init'?
error: kashira-v3: key "E4DF524F75FE51DD5FB0C7BA1925D86CD662878E" is unknown
error: keyring is not writable
warning: base: unknown key '%INSTALLED_DB%' in local database
warning: base-devel: unknown key '%INSTALLED_DB%' in local database
warning: Public keyring not found; have you run 'pacman-key --init'?
error: kashira-v3: key "E4DF524F75FE51DD5FB0C7BA1925D86CD662878E" is unknown
error: keyring is not writable
warning: base: unknown key '%INSTALLED_DB%' in local database
warning: base-devel: unknown key '%INSTALLED_DB%' in local database
  -> Generating .BUILDINFO file...
warning: Public keyring not found; have you run 'pacman-key --init'?
error: kashira-v3: key "E4DF524F75FE51DD5FB0C7BA1925D86CD662878E" is unknown
error: keyring is not writable
warning: base: unknown key '%INSTALLED_DB%' in local database
warning: base-devel: unknown key '%INSTALLED_DB%' in local database
  -> Generating .MTREE file...
  -> Compressing package...
==> Leaving fakeroot environment.
==> Finished making: libdatrie 0.2.14-1 (Sun Sep 20 01:16:32 2026)
