== build libpwquality (deps: cracklib git glibc pam python-setuptools )
warning: glibc-2.44-2 is up to date -- skipping
warning: pam-1.7.2-1 is up to date -- skipping
resolving dependencies...
warning: base: unknown key '%INSTALLED_DB%' in local database
warning: base-devel: unknown key '%INSTALLED_DB%' in local database
looking for conflicting packages...

Packages (6) perl-error-0.17030-1  perl-mailtools-2.22-1  perl-timedate-2.35-1  cracklib-2.10.3-1  git-2.55.0-1  python-setuptools-84.0.0-1

Total Download Size:    7.70 MiB
Total Installed Size:  49.58 MiB

:: Proceed with installation? [Y/n] 
:: Retrieving packages...
 git-2.55.0-1-x86_64 downloading...
 python-setuptools-84.0.0-1-any downloading...
 cracklib-2.10.3-1-x86_64 downloading...
 perl-mailtools-2.22-1-any downloading...
 perl-timedate-2.35-1-any downloading...
 perl-error-0.17030-1-any downloading...
checking keyring...
checking package integrity...
loading package files...
checking for file conflicts...
:: Processing package changes...
installing cracklib...
installing perl-error...
installing perl-timedate...
installing perl-mailtools...
installing git...
Optional dependencies for git
    libsecret: git-credential-libsecret credential helper [installed]
installing python-setuptools...
:: Running post-transaction hooks...
(1/1) Arming ConditionNeedsUpdate...
==> Making package: libpwquality 1.4.5-7 (Sun Sep 20 04:48:10 2026)
==> WARNING: Skipping dependency checks.
==> Retrieving sources...
  -> Cloning libpwquality git repo...
Cloning into bare repository '/sources/libpwquality'...
==> WARNING: Skipping verification of source file PGP signatures.
==> Validating source files with b2sums...
    libpwquality ... Passed
==> Extracting sources...
  -> Creating working copy of libpwquality git repo...
Cloning into 'libpwquality'...
done.
Switched to a new branch 'makepkg'
==> Starting prepare()...
autoreconf: export WARNINGS=
autoreconf: Entering directory '.'
autoreconf: running: autopoint --force
Copying file ABOUT-NLS
Copying file config.rpath
Creating directory m4
Copying file m4/codeset.m4
Copying file m4/fcntl-o.m4
Copying file m4/gettext.m4
Copying file m4/glibc2.m4
Copying file m4/glibc21.m4
Copying file m4/iconv.m4
Copying file m4/intdiv0.m4
Copying file m4/intl.m4
Copying file m4/intldir.m4
Copying file m4/intlmacosx.m4
Copying file m4/intmax.m4
Copying file m4/inttypes-pri.m4
Copying file m4/inttypes_h.m4
Copying file m4/lcmessage.m4
Copying file m4/lib-ld.m4
Copying file m4/lib-link.m4
Copying file m4/lib-prefix.m4
Copying file m4/lock.m4
Copying file m4/longlong.m4
Copying file m4/nls.m4
Copying file m4/po.m4
Copying file m4/printf-posix.m4
Copying file m4/progtest.m4
Copying file m4/size_max.m4
Copying file m4/stdint_h.m4
Copying file m4/threadlib.m4
Copying file m4/uintmax_t.m4
Copying file m4/visibility.m4
Copying file m4/wchar_t.m4
Copying file m4/wint_t.m4
Copying file m4/xsize.m4
Copying file po/Makefile.in.in
Copying file po/Makevars.template
Copying file po/Rules-quot
Copying file po/boldquot.sed
Copying file po/en@boldquot.header
Copying file po/en@quot.header
Copying file po/insert-header.sin
Copying file po/quot.sed
Copying file po/remove-potcdate.sin
autoreconf: running: aclocal --force -I m4
autoreconf: configure.ac: tracing
autoreconf: running: libtoolize --copy --force
libtoolize: putting auxiliary files in '.'.
libtoolize: copying file './ltmain.sh'
libtoolize: putting macros in AC_CONFIG_MACRO_DIRS, 'm4'.
libtoolize: copying file 'm4/libtool.m4'
libtoolize: copying file 'm4/ltoptions.m4'
libtoolize: copying file 'm4/ltsugar.m4'
libtoolize: copying file 'm4/ltversion.m4'
libtoolize: copying file 'm4/lt~obsolete.m4'
autoreconf: configure.ac: not using Intltool
autoreconf: configure.ac: not using Gtkdoc
autoreconf: configure.ac: not running autopoint a second time
autoreconf: running: aclocal --force -I m4
autoreconf: running: /usr/bin/autoconf --force
configure.ac:33: warning: The macro 'AC_PROG_LIBTOOL' is obsolete.
configure.ac:33: You should run autoupdate.
m4/libtool.m4:100: AC_PROG_LIBTOOL is expanded from...
configure.ac:33: the top level
configure.ac:78: warning: The macro 'AC_HELP_STRING' is obsolete.
configure.ac:78: You should run autoupdate.
./lib/autoconf/general.m4:205: AC_HELP_STRING is expanded from...
configure.ac:78: the top level
configure.ac:125: warning: The macro 'AC_HELP_STRING' is obsolete.
configure.ac:125: You should run autoupdate.
./lib/autoconf/general.m4:205: AC_HELP_STRING is expanded from...
configure.ac:125: the top level
autoreconf: running: /usr/bin/autoheader --force
autoreconf: running: automake --add-missing --copy --force-missing
configure.ac:29: installing './ar-lib'
configure.ac:28: installing './compile'
configure.ac:7: installing './config.guess'
configure.ac:7: installing './config.sub'
configure.ac:4: installing './install-sh'
configure.ac:4: installing './missing'
Makefile.am: installing './INSTALL'
doc/man/Makefile.am:9: warning: '%'-style pattern rules are a GNU make extension
doc/man/Makefile.am:12: warning: '%'-style pattern rules are a GNU make extension
doc/man/Makefile.am:15: warning: '%'-style pattern rules are a GNU make extension
doc/man/Makefile.am:18: warning: '%'-style pattern rules are a GNU make extension
src/Makefile.am: installing './depcomp'
autoreconf: './config.sub' is updated
autoreconf: './config.guess' is updated
autoreconf: configure.ac: not running make: --make not given
autoreconf: Leaving directory '.'
==> Starting build()...
checking for a BSD-compatible install... /usr/bin/install -c
checking whether sleep supports fractional seconds... yes
checking filesystem timestamp resolution... 0.01
checking whether build environment is sane... yes
checking for a race-free mkdir -p... /usr/sbin/mkdir -p
checking for gawk... gawk
checking whether make sets $(MAKE)... yes
checking whether make supports nested variables... yes
checking xargs -n works... yes
checking whether UID '1000' is supported by ustar format... yes
checking whether GID '1000' is supported by ustar format... yes
checking how to create a ustar tar archive... gnutar
checking build system type... x86_64-pc-linux-gnu
checking host system type... x86_64-pc-linux-gnu
checking whether make supports the include directive... yes (GNU style)
checking for gcc... clang
checking whether the C compiler works... yes
checking for C compiler default output file name... a.out
checking for suffix of executables... 
checking whether we are cross compiling... no
checking for suffix of object files... o
checking whether the compiler supports GNU C... yes
checking whether clang accepts -g... yes
checking for clang option to enable C23 features... -std=gnu23
checking whether clang -std=gnu23 understands -c and -o together... yes
checking dependency style of clang -std=gnu23... gcc3
checking for stdio.h... yes
checking for stdlib.h... yes
checking for string.h... yes
checking for inttypes.h... yes
checking for stdint.h... yes
checking for strings.h... yes
checking for sys/stat.h... yes
checking for sys/types.h... yes
checking for unistd.h... yes
checking for wchar.h... yes
checking for minix/config.h... no
checking whether it is safe to define __EXTENSIONS__... yes
checking whether _XOPEN_SOURCE should be defined... no
checking the archiver (llvm-ar) interface... ar
checking for gcc... (cached) clang
checking whether the compiler supports GNU C... (cached) yes
checking whether clang accepts -g... (cached) yes
checking for clang option to enable C23 features... (cached) -std=gnu23
checking whether clang -std=gnu23 understands -c and -o together... (cached) yes
checking dependency style of clang -std=gnu23... (cached) gcc3
checking whether ln -s works... yes
checking how to print strings... printf
checking for a sed that does not truncate output... /usr/sbin/sed
checking for grep that handles long lines and -e... /usr/sbin/grep
checking for egrep... /usr/sbin/grep -E
checking for fgrep... /usr/sbin/grep -F
checking for ld used by clang -std=gnu23... ld.lld
checking if the linker (ld.lld) is GNU ld... yes
checking for BSD- or MS-compatible name lister (nm)... llvm-nm
checking the name lister (llvm-nm) interface... BSD nm
checking the maximum length of command line arguments... 1572864
checking how to convert x86_64-pc-linux-gnu file names to x86_64-pc-linux-gnu format... func_convert_file_noop
checking how to convert x86_64-pc-linux-gnu file names to toolchain format... func_convert_file_noop
checking for ld.lld option to reload object files... -r
checking for file... file
checking for objdump... llvm-objdump
checking how to recognize dependent libraries... pass_all
checking for dlltool... dlltool
checking how to associate runtime and link libraries... printf %s\n
checking for ranlib... llvm-ranlib
checking for archiver @FILE support... @
checking for strip... llvm-strip
checking command to parse llvm-nm output from clang -std=gnu23 object... ok
checking for sysroot... no
checking for a working dd... /usr/sbin/dd
checking how to truncate binary pipes... /usr/sbin/dd bs=4096 count=1
checking for mt... no
checking if : is a manifest tool... no
checking for dlfcn.h... yes
checking which variant of shared library versioning to provide... (default) aix
checking for objdir... .libs
checking if clang -std=gnu23 supports -fno-rtti -fno-exceptions... yes
checking for clang -std=gnu23 option to produce PIC... -fPIC -DPIC
checking if clang -std=gnu23 PIC flag -fPIC -DPIC works... yes
checking if clang -std=gnu23 static flag -static works... yes
checking if clang -std=gnu23 supports -c -o file.o... yes
checking if clang -std=gnu23 supports -c -o file.o... (cached) yes
checking whether the clang -std=gnu23 linker (ld.lld -m elf_x86_64) supports shared libraries... yes
checking whether -lc should be explicitly linked in... no
checking dynamic linker characteristics... GNU/Linux ld.so
checking how to hardcode library paths into programs... immediate
checking whether stripping libraries is possible... yes
checking if libtool supports shared libraries... yes
checking whether to build shared libraries... yes
checking whether to build static libraries... yes
checking whether NLS is requested... yes
checking for msgfmt... /usr/sbin/msgfmt
checking for gmsgfmt... /usr/sbin/msgfmt
checking for xgettext... /usr/sbin/xgettext
checking for msgmerge... /usr/sbin/msgmerge
checking for ld used by clang -std=gnu23... ld.lld -m elf_x86_64
checking if the linker (ld.lld -m elf_x86_64) is GNU ld... yes
checking for shared library run path origin... done
checking how to run the C preprocessor... clang-cpp
checking for egrep -e... (cached) /usr/sbin/grep -E
checking for CFPreferencesCopyAppValue... no
checking for CFLocaleCopyCurrent... no
checking for GNU gettext in libc... yes
checking whether to use NLS... yes
checking where the gettext function comes from... libc
checking for pam_start in -lpam... yes
checking for pam_modutil_check_user_in_passwd... no
checking python version... 3.14
checking python site directory... ${exec_prefix}/lib/python3.14/site-packages
checking for crack.h... yes
checking for FascistCheck in -lcrack... yes
checking whether byte ordering is bigendian... no
checking that generated files are newer than configure... done
configure: creating ./config.status
config.status: creating Makefile
config.status: creating libpwquality.spec
config.status: creating src/Makefile
config.status: creating src/pwquality.pc
config.status: creating po/Makefile.in
config.status: creating python/Makefile
config.status: creating doc/Makefile
config.status: creating doc/man/Makefile
config.status: creating python/setup.py
config.status: creating config.h
config.status: executing depfiles commands
config.status: executing libtool commands
config.status: executing po-directories commands
config.status: creating po/POTFILES
config.status: creating po/Makefile
make  all-recursive
make[1]: Entering directory '/home/builder/build/src/libpwquality'
Making all in po
make[2]: Entering directory '/home/builder/build/src/libpwquality/po'
test ! -f ./libpwquality.pot || \
  test -z "ar.gmo as.gmo bg.gmo bn_IN.gmo ca.gmo cs.gmo da.gmo de.gmo es.gmo eu.gmo fi.gmo fr.gmo fur.gmo gu.gmo he.gmo hi.gmo hu.gmo id.gmo it.gmo ja.gmo kk.gmo km.gmo kn.gmo ko.gmo ml.gmo mr.gmo nb.gmo nl.gmo or.gmo pa.gmo pl.gmo pt.gmo pt_BR.gmo ru.gmo si.gmo sk.gmo sq.gmo sr.gmo sr@latin.gmo sv.gmo ta.gmo te.gmo tr.gmo uk.gmo ur.gmo vi.gmo zh_CN.gmo zh_TW.gmo zu.gmo fa.gmo az.gmo ka.gmo" || make ar.gmo as.gmo bg.gmo bn_IN.gmo ca.gmo cs.gmo da.gmo de.gmo es.gmo eu.gmo fi.gmo fr.gmo fur.gmo gu.gmo he.gmo hi.gmo hu.gmo id.gmo it.gmo ja.gmo kk.gmo km.gmo kn.gmo ko.gmo ml.gmo mr.gmo nb.gmo nl.gmo or.gmo pa.gmo pl.gmo pt.gmo pt_BR.gmo ru.gmo si.gmo sk.gmo sq.gmo sr.gmo sr@latin.gmo sv.gmo ta.gmo te.gmo tr.gmo uk.gmo ur.gmo vi.gmo zh_CN.gmo zh_TW.gmo zu.gmo fa.gmo az.gmo ka.gmo
make[3]: Entering directory '/home/builder/build/src/libpwquality/po'
/usr/sbin/msgmerge --update  --lang=as as.po libpwquality.pot
/usr/sbin/msgmerge --update  --lang=bn_IN bn_IN.po libpwquality.pot
/usr/sbin/msgmerge --update  --lang=ar ar.po libpwquality.pot
rm -f ca.gmo && /usr/sbin/msgfmt -c --statistics --verbose -o ca.gmo ca.po
/usr/sbin/msgmerge --update  --lang=eu eu.po libpwquality.pot
/usr/sbin/msgmerge --update  --lang=fr fr.po libpwquality.pot
/usr/sbin/msgmerge --update  --lang=fi fi.po libpwquality.pot
/usr/sbin/msgmerge --update  --lang=bg bg.po libpwquality.pot
/usr/sbin/msgmerge --update  --lang=de de.po libpwquality.pot
/usr/sbin/msgmerge --update  --lang=cs cs.po libpwquality.pot
/usr/sbin/msgmerge --update  --lang=da da.po libpwquality.pot
/usr/sbin/msgmerge --update  --lang=es es.po libpwquality.pot
/usr/sbin/msgmerge --update  --lang=fur fur.po libpwquality.pot
/usr/sbin/msgmerge --update  --lang=gu gu.po libpwquality.pot
/usr/sbin/msgmerge --update  --lang=he he.po libpwquality.pot
/usr/sbin/msgmerge --update  --lang=hi hi.po libpwquality.pot
...... done.
...... done.
...... done.
.ca.po: 50 translated messages, 1 untranslated message.
...... done.
..... done.
........ done.
.... done.
............ done.
 done.
...... done.
...... done.
...... done.
/usr/sbin/msgmerge --update  --lang=id id.po libpwquality.pot
/usr/sbin/msgmerge --update  --lang=hu hu.po libpwquality.pot
...... done.
...... done.
rm -f it.gmo && /usr/sbin/msgfmt -c --statistics --verbose -o it.gmo it.po
rm -f kk.gmo && /usr/sbin/msgfmt -c --statistics --verbose -o kk.gmo kk.po
...... done.
/usr/sbin/msgmerge --update  --lang=ja ja.po libpwquality.pot
/usr/sbin/msgmerge --update  --lang=km km.po libpwquality.pot
rm -f ml.gmo && /usr/sbin/msgfmt -c --statistics --verbose -o ml.gmo ml.po
rm -f ko.gmo && /usr/sbin/msgfmt -c --statistics --verbose -o ko.gmo ko.po
/usr/sbin/msgmerge --update  --lang=kn kn.po libpwquality.pot
rm -f nb.gmo && /usr/sbin/msgfmt -c --statistics --verbose -o nb.gmo nb.po
rm -f mr.gmo && /usr/sbin/msgfmt -c --statistics --verbose -o mr.gmo mr.po
rm -f or.gmo && /usr/sbin/msgfmt -c --statistics --verbose -o or.gmo or.po
rm -f nl.gmo && /usr/sbin/msgfmt -c --statistics --verbose -o nl.gmo nl.po
rm -f pa.gmo && /usr/sbin/msgfmt -c --statistics --verbose -o pa.gmo pa.po
rm -f pl.gmo && /usr/sbin/msgfmt -c --statistics --verbose -o pl.gmo pl.po
it.po:14: warning: header field 'Project-Id-Version' still has the initial default value
it.po: 50 translated messages, 1 untranslated message.
rm -f pt.gmo && /usr/sbin/msgfmt -c --statistics --verbose -o pt.gmo pt.po
...... done.
...... done.
kk.po: 26 translated messages, 25 untranslated messages.
............ done.
 done.
or.po: 50 translated messages, 1 untranslated message.
nl.po: 51 translated messages.
pa.po:11: warning: ko.po: 51 translated messages.
ml.po: 50 translated messages, 1 untranslated message.
mr.po:10: warning: header field 'Project-Id-Version' still has the initial default value
header field 'Project-Id-Version' still has the initial default value
rm -f ru.gmo && /usr/sbin/msgfmt -c --statistics --verbose -o ru.gmo ru.po
mr.po: 50 translated messages, 1 untranslated message.
pa.po: rm -f pt_BR.gmo && /usr/sbin/msgfmt -c --statistics --verbose -o pt_BR.gmo pt_BR.po
50 translated messages, 1 untranslated message.
nb.po: 50 translated messages, 1 untranslated message.
pl.po: ......51 translated messages.
 done.
rm -f sk.gmo && /usr/sbin/msgfmt -c --statistics --verbose -o sk.gmo sk.po
rm -f si.gmo && /usr/sbin/msgfmt -c --statistics --verbose -o si.gmo si.po
pt.po: rm -f sq.gmo && /usr/sbin/msgfmt -c --statistics --verbose -o sq.gmo sq.po
51 translated messages.
rm -f sv.gmo && /usr/sbin/msgfmt -c --statistics --verbose -o sv.gmo sv.po
rm -f sr.gmo && /usr/sbin/msgfmt -c --statistics --verbose -o sr.gmo sr.po
rm -f sr@latin.gmo && /usr/sbin/msgfmt -c --statistics --verbose -o sr@latin.gmo sr@latin.po
ru.po:13: warning: header field 'Project-Id-Version' still has the initial default value
pt_BR.po: 51 translated messages.
ru.po: 50 translated messages, 1 untranslated message.
rm -f ta.gmo && /usr/sbin/msgfmt -c --statistics --verbose -o ta.gmo ta.po
rm -f te.gmo && /usr/sbin/msgfmt -c --statistics --verbose -o te.gmo te.po
rm -f tr.gmo && /usr/sbin/msgfmt -c --statistics --verbose -o tr.gmo tr.po
rm -f uk.gmo && /usr/sbin/msgfmt -c --statistics --verbose -o uk.gmo uk.po
rm -f vi.gmo && /usr/sbin/msgfmt -c --statistics --verbose -o vi.gmo vi.po
sk.po: 50 translated messages, 1 untranslated message.
rm -f ur.gmo && /usr/sbin/msgfmt -c --statistics --verbose -o ur.gmo ur.po
rm -f zh_CN.gmo && /usr/sbin/msgfmt -c --statistics --verbose -o zh_CN.gmo zh_CN.po
sq.po: 8 translated messages, 43 untranslated messages.
sv.po: 51 translated messages.
si.po: 3 translated messages, 48 untranslated messages.
sr.po: 50 translated messages, 1 untranslated message.
rm -f zh_TW.gmo && /usr/sbin/msgfmt -c --statistics --verbose -o zh_TW.gmo zh_TW.po
rm -f zu.gmo && /usr/sbin/msgfmt -c --statistics --verbose -o zu.gmo zu.po
tr.po: 51 translated messages.
ta.po:12: warning: header field 'Project-Id-Version' still has the initial default value
sr@latin.po: 3 translated messages, 48 untranslated messages.
/usr/sbin/msgmerge --update  --lang=az az.po libpwquality.pot
ta.po: vi.po: 50 translated messages, 1 untranslated message.
ur.po: 6 translated messages, 45 untranslated messages.
3 translated messages, 48 untranslated messages.
/usr/sbin/msgmerge --update  --lang=fa fa.po libpwquality.pot
uk.po: 51 translated messages.
zh_CN.po:16: warning: header field 'Project-Id-Version' still has the initial default value
zh_CN.po: 51 translated messages.
te.po:10: warning: header field 'Project-Id-Version' still has the initial default value
te.po: 50 translated messages, 1 untranslated message.
zh_TW.po:10: warning: header field 'Project-Id-Version' still has the initial default value
zh_TW.po:10: warning: header field 'Language-Team' still has the initial default value
zu.po: 3 translated messages, 48 untranslated messages.
zh_TW.po: 50 translated messages, 1 untranslated message.
rm -f as.gmo && /usr/sbin/msgfmt -c --statistics --verbose -o as.gmo as.po
rm -f ar.gmo && /usr/sbin/msgfmt -c --statistics --verbose -o ar.gmo ar.po
/usr/sbin/msgmerge --update  --lang=ka ka.po libpwquality.pot
rm -f bg.gmo && /usr/sbin/msgfmt -c --statistics --verbose -o bg.gmo bg.po
rm -f bn_IN.gmo && /usr/sbin/msgfmt -c --statistics --verbose -o bn_IN.gmo bn_IN.po
rm -f da.gmo && /usr/sbin/msgfmt -c --statistics --verbose -o da.gmo da.po
rm -f es.gmo && /usr/sbin/msgfmt -c --statistics --verbose -o es.gmo es.po
rm -f cs.gmo && /usr/sbin/msgfmt -c --statistics --verbose -o cs.gmo cs.po
...... done.
......rm -f de.gmo && /usr/sbin/msgfmt -c --statistics --verbose -o de.gmo de.po
 done.
rm -f fi.gmo && /usr/sbin/msgfmt -c --statistics --verbose -o fi.gmo fi.po
ar.po: 3 translated messages, 48 untranslated messages.
as.po:11: warning: header field 'Project-Id-Version' still has the initial default value
rm -f eu.gmo && /usr/sbin/msgfmt -c --statistics --verbose -o eu.gmo eu.po
as.po: 50 translated messages, 1 untranslated message.
rm -f fr.gmo && /usr/sbin/msgfmt -c --statistics --verbose -o fr.gmo fr.po
rm -f gu.gmo && /usr/sbin/msgfmt -c --statistics --verbose -o gu.gmo gu.po
rm -f fur.gmo && /usr/sbin/msgfmt -c --statistics --verbose -o fur.gmo fur.po
...... done.
rm -f hi.gmo && /usr/sbin/msgfmt -c --statistics --verbose -o hi.gmo hi.po
bn_IN.po: 50 translated messages, 1 untranslated message.
bg.po: 51 translated messages.
rm -f he.gmo && /usr/sbin/msgfmt -c --statistics --verbose -o he.gmo he.po
de.po:12: warning: header field 'Project-Id-Version' still has the initial default value
de.po: 51 translated messages.
da.po: 51 translated messages.
es.po: 51 translated messages.
cs.po: 51 translated messages.
eu.po: 20 translated messages, 31 untranslated messages.
rm -f id.gmo && /usr/sbin/msgfmt -c --statistics --verbose -o id.gmo id.po
fr.po:15: warning: header field 'Project-Id-Version' still has the initial default value
fr.po: 51 translated messages.
fi.po: 51 translated messages.
gu.po:10: warning: header field 'Project-Id-Version' still has the initial default value
gu.po:10: warning: header field 'Language-Team' still has the initial default value
gu.po: 50 translated messages, 1 untranslated message.
rm -f hu.gmo && /usr/sbin/msgfmt -c --statistics --verbose -o hu.gmo hu.po
fur.po: 51 translated messages.
rm -f ja.gmo && /usr/sbin/msgfmt -c --statistics --verbose -o ja.gmo ja.po
he.po: 51 translated messages.
hi.po: 50 translated messages, 1 untranslated message.
rm -f kn.gmo && /usr/sbin/msgfmt -c --statistics --verbose -o kn.gmo kn.po
rm -f fa.gmo && /usr/sbin/msgfmt -c --statistics --verbose -o fa.gmo fa.po
rm -f km.gmo && /usr/sbin/msgfmt -c --statistics --verbose -o km.gmo km.po
id.po: 51 translated messages.
rm -f az.gmo && /usr/sbin/msgfmt -c --statistics --verbose -o az.gmo az.po
hu.po: 51 translated messages.
rm -f ka.gmo && /usr/sbin/msgfmt -c --statistics --verbose -o ka.gmo ka.po
ja.po:14: warning: header field 'Project-Id-Version' still has the initial default value
ja.po: 51 translated messages.
kn.po: 50 translated messages, 1 untranslated message.
fa.po:6: warning: header field 'PO-Revision-Date' still has the initial default value
fa.po: 0 translated messages, 51 untranslated messages.
az.po:6: warning: header field 'PO-Revision-Date' still has the initial default value
az.po: 0 translated messages, 51 untranslated messages.
km.po: 50 translated messages, 1 untranslated message.
ka.po: 51 translated messages.
make[3]: Leaving directory '/home/builder/build/src/libpwquality/po'
touch stamp-po
make[2]: Leaving directory '/home/builder/build/src/libpwquality/po'
Making all in src
make[2]: Entering directory '/home/builder/build/src/libpwquality/src'
clang -std=gnu23 -DHAVE_CONFIG_H -I. -I..     -march=x86-64-v3 -O2 -pipe -fno-plt -fexceptions         -Wp,-D_FORTIFY_SOURCE=3 -fstack-clash-protection -fcf-protection -MT pwscore.o -MD -MP -MF .deps/pwscore.Tpo -c -o pwscore.o pwscore.c
/bin/sh ../libtool  --tag=CC   --mode=compile clang -std=gnu23 -DHAVE_CONFIG_H -I. -I..     -march=x86-64-v3 -O2 -pipe -fno-plt -fexceptions         -Wp,-D_FORTIFY_SOURCE=3 -fstack-clash-protection -fcf-protection -MT generate.lo -MD -MP -MF .deps/generate.Tpo -c -o generate.lo generate.c
/bin/sh ../libtool  --tag=CC   --mode=compile clang -std=gnu23 -DHAVE_CONFIG_H -I. -I..     -march=x86-64-v3 -O2 -pipe -fno-plt -fexceptions         -Wp,-D_FORTIFY_SOURCE=3 -fstack-clash-protection -fcf-protection -MT check.lo -MD -MP -MF .deps/check.Tpo -c -o check.lo check.c
/bin/sh ../libtool  --tag=CC   --mode=compile clang -std=gnu23 -DHAVE_CONFIG_H -I. -I..     -march=x86-64-v3 -O2 -pipe -fno-plt -fexceptions         -Wp,-D_FORTIFY_SOURCE=3 -fstack-clash-protection -fcf-protection -MT settings.lo -MD -MP -MF .deps/settings.Tpo -c -o settings.lo settings.c
/bin/sh ../libtool  --tag=CC   --mode=compile clang -std=gnu23 -DHAVE_CONFIG_H -I. -I..     -march=x86-64-v3 -O2 -pipe -fno-plt -fexceptions         -Wp,-D_FORTIFY_SOURCE=3 -fstack-clash-protection -fcf-protection -MT error.lo -MD -MP -MF .deps/error.Tpo -c -o error.lo error.c
clang -std=gnu23 -DHAVE_CONFIG_H -I. -I..     -march=x86-64-v3 -O2 -pipe -fno-plt -fexceptions         -Wp,-D_FORTIFY_SOURCE=3 -fstack-clash-protection -fcf-protection -MT pwmake.o -MD -MP -MF .deps/pwmake.Tpo -c -o pwmake.o pwmake.c
/bin/sh ../libtool  --tag=CC   --mode=compile clang -std=gnu23 -DHAVE_CONFIG_H -I. -I..     -march=x86-64-v3 -O2 -pipe -fno-plt -fexceptions         -Wp,-D_FORTIFY_SOURCE=3 -fstack-clash-protection -fcf-protection -MT pam_pwquality.lo -MD -MP -MF .deps/pam_pwquality.Tpo -c -o pam_pwquality.lo pam_pwquality.c
libtool: compile:  clang -std=gnu23 -DHAVE_CONFIG_H -I. -I.. -march=x86-64-v3 -O2 -pipe -fno-plt -fexceptions -Wp,-D_FORTIFY_SOURCE=3 -fstack-clash-protection -fcf-protection -MT generate.lo -MD -MP -MF .deps/generate.Tpo -c generate.c  -fPIC -DPIC -o .libs/generate.o
libtool: compile:  clang -std=gnu23 -DHAVE_CONFIG_H -I. -I.. -march=x86-64-v3 -O2 -pipe -fno-plt -fexceptions -Wp,-D_FORTIFY_SOURCE=3 -fstack-clash-protection -fcf-protection -MT pam_pwquality.lo -MD -MP -MF .deps/pam_pwquality.Tpo -c pam_pwquality.c  -fPIC -DPIC -o .libs/pam_pwquality.o
libtool: compile:  clang -std=gnu23 -DHAVE_CONFIG_H -I. -I.. -march=x86-64-v3 -O2 -pipe -fno-plt -fexceptions -Wp,-D_FORTIFY_SOURCE=3 -fstack-clash-protection -fcf-protection -MT settings.lo -MD -MP -MF .deps/settings.Tpo -c settings.c  -fPIC -DPIC -o .libs/settings.o
libtool: compile:  clang -std=gnu23 -DHAVE_CONFIG_H -I. -I.. -march=x86-64-v3 -O2 -pipe -fno-plt -fexceptions -Wp,-D_FORTIFY_SOURCE=3 -fstack-clash-protection -fcf-protection -MT error.lo -MD -MP -MF .deps/error.Tpo -c error.c  -fPIC -DPIC -o .libs/error.o
libtool: compile:  clang -std=gnu23 -DHAVE_CONFIG_H -I. -I.. -march=x86-64-v3 -O2 -pipe -fno-plt -fexceptions -Wp,-D_FORTIFY_SOURCE=3 -fstack-clash-protection -fcf-protection -MT check.lo -MD -MP -MF .deps/check.Tpo -c check.c  -fPIC -DPIC -o .libs/check.o
mv -f .deps/pwmake.Tpo .deps/pwmake.Po
mv -f .deps/pwscore.Tpo .deps/pwscore.Po
libtool: compile:  clang -std=gnu23 -DHAVE_CONFIG_H -I. -I.. -march=x86-64-v3 -O2 -pipe -fno-plt -fexceptions -Wp,-D_FORTIFY_SOURCE=3 -fstack-clash-protection -fcf-protection -MT error.lo -MD -MP -MF .deps/error.Tpo -c error.c -o error.o >/dev/null 2>&1
libtool: compile:  clang -std=gnu23 -DHAVE_CONFIG_H -I. -I.. -march=x86-64-v3 -O2 -pipe -fno-plt -fexceptions -Wp,-D_FORTIFY_SOURCE=3 -fstack-clash-protection -fcf-protection -MT generate.lo -MD -MP -MF .deps/generate.Tpo -c generate.c -o generate.o >/dev/null 2>&1
libtool: compile:  clang -std=gnu23 -DHAVE_CONFIG_H -I. -I.. -march=x86-64-v3 -O2 -pipe -fno-plt -fexceptions -Wp,-D_FORTIFY_SOURCE=3 -fstack-clash-protection -fcf-protection -MT pam_pwquality.lo -MD -MP -MF .deps/pam_pwquality.Tpo -c pam_pwquality.c -o pam_pwquality.o >/dev/null 2>&1
libtool: compile:  clang -std=gnu23 -DHAVE_CONFIG_H -I. -I.. -march=x86-64-v3 -O2 -pipe -fno-plt -fexceptions -Wp,-D_FORTIFY_SOURCE=3 -fstack-clash-protection -fcf-protection -MT settings.lo -MD -MP -MF .deps/settings.Tpo -c settings.c -o settings.o >/dev/null 2>&1
mv -f .deps/error.Tpo .deps/error.Plo
mv -f .deps/generate.Tpo .deps/generate.Plo
mv -f .deps/pam_pwquality.Tpo .deps/pam_pwquality.Plo
mv -f .deps/settings.Tpo .deps/settings.Plo
libtool: compile:  clang -std=gnu23 -DHAVE_CONFIG_H -I. -I.. -march=x86-64-v3 -O2 -pipe -fno-plt -fexceptions -Wp,-D_FORTIFY_SOURCE=3 -fstack-clash-protection -fcf-protection -MT check.lo -MD -MP -MF .deps/check.Tpo -c check.c -o check.o >/dev/null 2>&1
mv -f .deps/check.Tpo .deps/check.Plo
/bin/sh ../libtool  --tag=CC   --mode=link clang -std=gnu23  -march=x86-64-v3 -O2 -pipe -fno-plt -fexceptions         -Wp,-D_FORTIFY_SOURCE=3 -fstack-clash-protection -fcf-protection -no-undefined -Wl,--version-script=./libpwquality.map -version-info 1:2:0 -Wl,-O1 -Wl,--sort-common -Wl,--as-needed -Wl,-z,relro -Wl,-z,now -Wl,--undefined-version -Wl,--hash-style=gnu -Wl,--compress-debug-sections=zstd -o libpwquality.la -rpath /usr/lib generate.lo check.lo settings.lo error.lo -lcrack  
libtool: link: clang -std=gnu23 -Wl,-O1,--as-needed -shared  -fPIC -DPIC  .libs/generate.o .libs/check.o .libs/settings.o .libs/error.o   -Wl,--as-needed -lcrack  -march=x86-64-v3 -O2 -Wp,-D_FORTIFY_SOURCE=3 -Wl,--version-script=./libpwquality.map -Wl,-O1 -Wl,--sort-common -Wl,-z -Wl,relro -Wl,-z -Wl,now -Wl,--undefined-version -Wl,--hash-style=gnu -Wl,--compress-debug-sections=zstd   -Wl,-soname -Wl,libpwquality.so.1 -o .libs/libpwquality.so.1.0.2
libtool: link: (cd ".libs" && rm -f "libpwquality.so.1" && ln -s "libpwquality.so.1.0.2" "libpwquality.so.1")
libtool: link: (cd ".libs" && rm -f "libpwquality.so" && ln -s "libpwquality.so.1.0.2" "libpwquality.so")
libtool: link: llvm-ar cr .libs/libpwquality.a generate.o check.o settings.o error.o
libtool: link: llvm-ranlib .libs/libpwquality.a
libtool: link: ( cd ".libs" && rm -f "libpwquality.la" && ln -s "../libpwquality.la" "libpwquality.la" )
/bin/sh ../libtool  --tag=CC   --mode=link clang -std=gnu23  -march=x86-64-v3 -O2 -pipe -fno-plt -fexceptions         -Wp,-D_FORTIFY_SOURCE=3 -fstack-clash-protection -fcf-protection -no-undefined -avoid-version -module -Wl,-O1 -Wl,--sort-common -Wl,--as-needed -Wl,-z,relro -Wl,-z,now -Wl,--undefined-version -Wl,--hash-style=gnu -Wl,--compress-debug-sections=zstd -o pam_pwquality.la -rpath /usr/lib/security pam_pwquality.lo libpwquality.la -lpam  
/bin/sh ../libtool  --tag=CC   --mode=link clang -std=gnu23  -march=x86-64-v3 -O2 -pipe -fno-plt -fexceptions         -Wp,-D_FORTIFY_SOURCE=3 -fstack-clash-protection -fcf-protection  -Wl,-O1 -Wl,--sort-common -Wl,--as-needed -Wl,-z,relro -Wl,-z,now -Wl,--undefined-version -Wl,--hash-style=gnu -Wl,--compress-debug-sections=zstd -o pwmake pwmake.o libpwquality.la  
/bin/sh ../libtool  --tag=CC   --mode=link clang -std=gnu23  -march=x86-64-v3 -O2 -pipe -fno-plt -fexceptions         -Wp,-D_FORTIFY_SOURCE=3 -fstack-clash-protection -fcf-protection  -Wl,-O1 -Wl,--sort-common -Wl,--as-needed -Wl,-z,relro -Wl,-z,now -Wl,--undefined-version -Wl,--hash-style=gnu -Wl,--compress-debug-sections=zstd -o pwscore pwscore.o libpwquality.la  
libtool: link: clang -std=gnu23 -march=x86-64-v3 -O2 -pipe -fno-plt -fexceptions -Wp,-D_FORTIFY_SOURCE=3 -fstack-clash-protection -fcf-protection -Wl,-O1 -Wl,--sort-common -Wl,-z -Wl,relro -Wl,-z -Wl,now -Wl,--undefined-version -Wl,--hash-style=gnu -Wl,--compress-debug-sections=zstd -o .libs/pwscore pwscore.o  -Wl,--as-needed ./.libs/libpwquality.so -lcrack
libtool: link: clang -std=gnu23 -march=x86-64-v3 -O2 -pipe -fno-plt -fexceptions -Wp,-D_FORTIFY_SOURCE=3 -fstack-clash-protection -fcf-protection -Wl,-O1 -Wl,--sort-common -Wl,-z -Wl,relro -Wl,-z -Wl,now -Wl,--undefined-version -Wl,--hash-style=gnu -Wl,--compress-debug-sections=zstd -o .libs/pwmake pwmake.o  -Wl,--as-needed ./.libs/libpwquality.so -lcrack
libtool: link: clang -std=gnu23 -Wl,-O1,--as-needed -shared  -fPIC -DPIC  .libs/pam_pwquality.o   -Wl,-rpath -Wl,/home/builder/build/src/libpwquality/src/.libs -Wl,--as-needed ./.libs/libpwquality.so -lpam  -march=x86-64-v3 -O2 -Wp,-D_FORTIFY_SOURCE=3 -Wl,-O1 -Wl,--sort-common -Wl,-z -Wl,relro -Wl,-z -Wl,now -Wl,--undefined-version -Wl,--hash-style=gnu -Wl,--compress-debug-sections=zstd   -Wl,-soname -Wl,pam_pwquality.so -o .libs/pam_pwquality.so
libtool: link: llvm-ar cr .libs/pam_pwquality.a pam_pwquality.o
libtool: link: llvm-ranlib .libs/pam_pwquality.a
libtool: link: ( cd ".libs" && rm -f "pam_pwquality.la" && ln -s "../pam_pwquality.la" "pam_pwquality.la" )
make[2]: Leaving directory '/home/builder/build/src/libpwquality/src'
Making all in doc
make[2]: Entering directory '/home/builder/build/src/libpwquality/doc'
Making all in man
make[3]: Entering directory '/home/builder/build/src/libpwquality/doc/man'
bash -c 'declare -u ucname=pwmake; pod2man --utf8 --name="$ucname" --section=1 --center="General Commands Manual" --release="Red Hat, Inc." pwmake.1.pod pwmake.1'
bash -c 'declare -u ucname=pwscore; pod2man --utf8 --name="$ucname" --section=1 --center="General Commands Manual" --release="Red Hat, Inc." pwscore.1.pod pwscore.1'
bash -c 'declare -u ucname=pwquality.conf; pod2man --utf8 --name="$ucname" --section=5 --center="File Formats Manual" --release="Red Hat, Inc." pwquality.conf.5.pod pwquality.conf.5'
bash -c 'declare -u ucname=pwquality; pod2man --utf8 --name="$ucname" --section=3 --center="Libpwquality API Manual" --release="Red Hat, Inc." pwquality.3.pod pwquality.3'
bash -c 'declare -u ucname=pam_pwquality; pod2man --utf8 --name="$ucname" --section=8 --center="Linux-PAM Manual" --release="Red Hat, Inc." pam_pwquality.8.pod pam_pwquality.8'
make[3]: Leaving directory '/home/builder/build/src/libpwquality/doc/man'
make[3]: Entering directory '/home/builder/build/src/libpwquality/doc'
make[3]: Nothing to be done for 'all-am'.
make[3]: Leaving directory '/home/builder/build/src/libpwquality/doc'
make[2]: Leaving directory '/home/builder/build/src/libpwquality/doc'
Making all in python
make[2]: Entering directory '/home/builder/build/src/libpwquality/python'
CFLAGS="-march=x86-64-v3 -O2 -pipe -fno-plt -fexceptions         -Wp,-D_FORTIFY_SOURCE=3 -fstack-clash-protection -fcf-protection -fno-strict-aliasing" python setup.py build --build-base py3.14
running build
running build_ext
building 'pwquality' extension
clang -std=gnu23 -march=x86-64-v3 -O2 -pipe -fno-plt -fexceptions -Wp,-D_FORTIFY_SOURCE=3 -fstack-clash-protection -fcf-protection -fno-strict-aliasing -fPIC -I../src -I/usr/include/python3.14 -c pwquality.c -o py3.14/temp.linux-x86_64-cpython-314/pwquality.o
clang -std=gnu23 -shared -Wl,-O1 -Wl,--sort-common -Wl,--as-needed -Wl,-z,relro -Wl,-z,now -Wl,--undefined-version -Wl,--hash-style=gnu -Wl,--compress-debug-sections=zstd -Wl,-O1 -Wl,--sort-common -Wl,--as-needed -Wl,-z,relro -Wl,-z,now -Wl,--undefined-version -Wl,--hash-style=gnu -Wl,--compress-debug-sections=zstd -Wl,-O1 -Wl,--sort-common -Wl,--as-needed -Wl,-z,relro -Wl,-z,now -Wl,--undefined-version -Wl,--hash-style=gnu -Wl,--compress-debug-sections=zstd -march=x86-64-v3 -O2 -pipe -fno-plt -fexceptions -Wp,-D_FORTIFY_SOURCE=3 -fstack-clash-protection -fcf-protection -fno-strict-aliasing py3.14/temp.linux-x86_64-cpython-314/pwquality.o -L../src/.libs -L/usr/lib -lpwquality -o py3.14/lib.linux-x86_64-cpython-314/pwquality.cpython-314-x86_64-linux-gnu.so
make[2]: Leaving directory '/home/builder/build/src/libpwquality/python'
make[2]: Entering directory '/home/builder/build/src/libpwquality'
make[2]: Leaving directory '/home/builder/build/src/libpwquality'
make[1]: Leaving directory '/home/builder/build/src/libpwquality'
==> Entering fakeroot environment...
==> Starting package()...
Making install in po
make[1]: Entering directory '/home/builder/build/src/libpwquality/po'
installing ar.gmo as /home/builder/build/pkg/libpwquality/usr/share/locale/ar/LC_MESSAGES/libpwquality.mo
installing as.gmo as /home/builder/build/pkg/libpwquality/usr/share/locale/as/LC_MESSAGES/libpwquality.mo
installing bg.gmo as /home/builder/build/pkg/libpwquality/usr/share/locale/bg/LC_MESSAGES/libpwquality.mo
installing bn_IN.gmo as /home/builder/build/pkg/libpwquality/usr/share/locale/bn_IN/LC_MESSAGES/libpwquality.mo
installing ca.gmo as /home/builder/build/pkg/libpwquality/usr/share/locale/ca/LC_MESSAGES/libpwquality.mo
installing cs.gmo as /home/builder/build/pkg/libpwquality/usr/share/locale/cs/LC_MESSAGES/libpwquality.mo
installing da.gmo as /home/builder/build/pkg/libpwquality/usr/share/locale/da/LC_MESSAGES/libpwquality.mo
installing de.gmo as /home/builder/build/pkg/libpwquality/usr/share/locale/de/LC_MESSAGES/libpwquality.mo
installing es.gmo as /home/builder/build/pkg/libpwquality/usr/share/locale/es/LC_MESSAGES/libpwquality.mo
installing eu.gmo as /home/builder/build/pkg/libpwquality/usr/share/locale/eu/LC_MESSAGES/libpwquality.mo
installing fi.gmo as /home/builder/build/pkg/libpwquality/usr/share/locale/fi/LC_MESSAGES/libpwquality.mo
installing fr.gmo as /home/builder/build/pkg/libpwquality/usr/share/locale/fr/LC_MESSAGES/libpwquality.mo
installing fur.gmo as /home/builder/build/pkg/libpwquality/usr/share/locale/fur/LC_MESSAGES/libpwquality.mo
installing gu.gmo as /home/builder/build/pkg/libpwquality/usr/share/locale/gu/LC_MESSAGES/libpwquality.mo
installing he.gmo as /home/builder/build/pkg/libpwquality/usr/share/locale/he/LC_MESSAGES/libpwquality.mo
installing hi.gmo as /home/builder/build/pkg/libpwquality/usr/share/locale/hi/LC_MESSAGES/libpwquality.mo
installing hu.gmo as /home/builder/build/pkg/libpwquality/usr/share/locale/hu/LC_MESSAGES/libpwquality.mo
installing id.gmo as /home/builder/build/pkg/libpwquality/usr/share/locale/id/LC_MESSAGES/libpwquality.mo
installing it.gmo as /home/builder/build/pkg/libpwquality/usr/share/locale/it/LC_MESSAGES/libpwquality.mo
installing ja.gmo as /home/builder/build/pkg/libpwquality/usr/share/locale/ja/LC_MESSAGES/libpwquality.mo
installing kk.gmo as /home/builder/build/pkg/libpwquality/usr/share/locale/kk/LC_MESSAGES/libpwquality.mo
installing km.gmo as /home/builder/build/pkg/libpwquality/usr/share/locale/km/LC_MESSAGES/libpwquality.mo
installing kn.gmo as /home/builder/build/pkg/libpwquality/usr/share/locale/kn/LC_MESSAGES/libpwquality.mo
installing ko.gmo as /home/builder/build/pkg/libpwquality/usr/share/locale/ko/LC_MESSAGES/libpwquality.mo
installing ml.gmo as /home/builder/build/pkg/libpwquality/usr/share/locale/ml/LC_MESSAGES/libpwquality.mo
installing mr.gmo as /home/builder/build/pkg/libpwquality/usr/share/locale/mr/LC_MESSAGES/libpwquality.mo
installing nb.gmo as /home/builder/build/pkg/libpwquality/usr/share/locale/nb/LC_MESSAGES/libpwquality.mo
installing nl.gmo as /home/builder/build/pkg/libpwquality/usr/share/locale/nl/LC_MESSAGES/libpwquality.mo
installing or.gmo as /home/builder/build/pkg/libpwquality/usr/share/locale/or/LC_MESSAGES/libpwquality.mo
installing pa.gmo as /home/builder/build/pkg/libpwquality/usr/share/locale/pa/LC_MESSAGES/libpwquality.mo
installing pl.gmo as /home/builder/build/pkg/libpwquality/usr/share/locale/pl/LC_MESSAGES/libpwquality.mo
installing pt.gmo as /home/builder/build/pkg/libpwquality/usr/share/locale/pt/LC_MESSAGES/libpwquality.mo
installing pt_BR.gmo as /home/builder/build/pkg/libpwquality/usr/share/locale/pt_BR/LC_MESSAGES/libpwquality.mo
installing ru.gmo as /home/builder/build/pkg/libpwquality/usr/share/locale/ru/LC_MESSAGES/libpwquality.mo
installing si.gmo as /home/builder/build/pkg/libpwquality/usr/share/locale/si/LC_MESSAGES/libpwquality.mo
installing sk.gmo as /home/builder/build/pkg/libpwquality/usr/share/locale/sk/LC_MESSAGES/libpwquality.mo
installing sq.gmo as /home/builder/build/pkg/libpwquality/usr/share/locale/sq/LC_MESSAGES/libpwquality.mo
installing sr.gmo as /home/builder/build/pkg/libpwquality/usr/share/locale/sr/LC_MESSAGES/libpwquality.mo
installing sr@latin.gmo as /home/builder/build/pkg/libpwquality/usr/share/locale/sr@latin/LC_MESSAGES/libpwquality.mo
installing sv.gmo as /home/builder/build/pkg/libpwquality/usr/share/locale/sv/LC_MESSAGES/libpwquality.mo
installing ta.gmo as /home/builder/build/pkg/libpwquality/usr/share/locale/ta/LC_MESSAGES/libpwquality.mo
installing te.gmo as /home/builder/build/pkg/libpwquality/usr/share/locale/te/LC_MESSAGES/libpwquality.mo
installing tr.gmo as /home/builder/build/pkg/libpwquality/usr/share/locale/tr/LC_MESSAGES/libpwquality.mo
installing uk.gmo as /home/builder/build/pkg/libpwquality/usr/share/locale/uk/LC_MESSAGES/libpwquality.mo
installing ur.gmo as /home/builder/build/pkg/libpwquality/usr/share/locale/ur/LC_MESSAGES/libpwquality.mo
installing vi.gmo as /home/builder/build/pkg/libpwquality/usr/share/locale/vi/LC_MESSAGES/libpwquality.mo
installing zh_CN.gmo as /home/builder/build/pkg/libpwquality/usr/share/locale/zh_CN/LC_MESSAGES/libpwquality.mo
installing zh_TW.gmo as /home/builder/build/pkg/libpwquality/usr/share/locale/zh_TW/LC_MESSAGES/libpwquality.mo
installing zu.gmo as /home/builder/build/pkg/libpwquality/usr/share/locale/zu/LC_MESSAGES/libpwquality.mo
installing fa.gmo as /home/builder/build/pkg/libpwquality/usr/share/locale/fa/LC_MESSAGES/libpwquality.mo
installing az.gmo as /home/builder/build/pkg/libpwquality/usr/share/locale/az/LC_MESSAGES/libpwquality.mo
installing ka.gmo as /home/builder/build/pkg/libpwquality/usr/share/locale/ka/LC_MESSAGES/libpwquality.mo
if test "libpwquality" = "gettext-tools"; then \
  /usr/sbin/mkdir -p /home/builder/build/pkg/libpwquality/usr/share/gettext/po; \
  for file in Makefile.in.in remove-potcdate.sin quot.sed boldquot.sed en@quot.header en@boldquot.header insert-header.sin Rules-quot   Makevars.template; do \
    /usr/bin/install -c -m 644 ./$file \
		    /home/builder/build/pkg/libpwquality/usr/share/gettext/po/$file; \
  done; \
  for file in Makevars; do \
    rm -f /home/builder/build/pkg/libpwquality/usr/share/gettext/po/$file; \
  done; \
else \
  : ; \
fi
make[1]: Leaving directory '/home/builder/build/src/libpwquality/po'
Making install in src
make[1]: Entering directory '/home/builder/build/src/libpwquality/src'
make[2]: Entering directory '/home/builder/build/src/libpwquality/src'
 /usr/sbin/mkdir -p '/home/builder/build/pkg/libpwquality/usr/lib'
 /usr/sbin/mkdir -p '/home/builder/build/pkg/libpwquality/usr/include'
 /usr/sbin/mkdir -p '/home/builder/build/pkg/libpwquality/usr/lib/pkgconfig'
 /usr/sbin/mkdir -p '/home/builder/build/pkg/libpwquality/etc/security'
 /bin/sh ../libtool   --mode=install /usr/bin/install -c   libpwquality.la '/home/builder/build/pkg/libpwquality/usr/lib'
 /usr/bin/install -c -m 644 pwquality.h '/home/builder/build/pkg/libpwquality/usr/include'
 /usr/bin/install -c -m 644 pwquality.pc '/home/builder/build/pkg/libpwquality/usr/lib/pkgconfig'
 /usr/bin/install -c -m 644 pwquality.conf '/home/builder/build/pkg/libpwquality/etc/security'
libtool: install: /usr/bin/install -c .libs/libpwquality.so.1.0.2 /home/builder/build/pkg/libpwquality/usr/lib/libpwquality.so.1.0.2
libtool: install: (cd /home/builder/build/pkg/libpwquality/usr/lib && { ln -s -f libpwquality.so.1.0.2 libpwquality.so.1 || { rm -f libpwquality.so.1 && ln -s libpwquality.so.1.0.2 libpwquality.so.1; }; })
libtool: install: (cd /home/builder/build/pkg/libpwquality/usr/lib && { ln -s -f libpwquality.so.1.0.2 libpwquality.so || { rm -f libpwquality.so && ln -s libpwquality.so.1.0.2 libpwquality.so; }; })
libtool: install: /usr/bin/install -c .libs/libpwquality.lai /home/builder/build/pkg/libpwquality/usr/lib/libpwquality.la
libtool: install: /usr/bin/install -c .libs/libpwquality.a /home/builder/build/pkg/libpwquality/usr/lib/libpwquality.a
libtool: install: chmod 644 /home/builder/build/pkg/libpwquality/usr/lib/libpwquality.a
libtool: install: llvm-ranlib /home/builder/build/pkg/libpwquality/usr/lib/libpwquality.a
libtool: warning: remember to run 'libtool --finish /usr/lib'
 /usr/sbin/mkdir -p '/home/builder/build/pkg/libpwquality/usr/lib/security'
 /usr/sbin/mkdir -p '/home/builder/build/pkg/libpwquality/usr/bin'
 /bin/sh ../libtool   --mode=install /usr/bin/install -c   pam_pwquality.la '/home/builder/build/pkg/libpwquality/usr/lib/security'
  /bin/sh ../libtool   --mode=install /usr/bin/install -c pwscore pwmake '/home/builder/build/pkg/libpwquality/usr/bin'
libtool: warning: relinking 'pam_pwquality.la'
libtool: install: (cd /home/builder/build/src/libpwquality/src; /bin/sh "/home/builder/build/src/libpwquality/libtool"  --tag CC --mode=relink clang -std=gnu23 -march=x86-64-v3 -O2 -pipe -fno-plt -fexceptions -Wp,-D_FORTIFY_SOURCE=3 -fstack-clash-protection -fcf-protection -no-undefined -avoid-version -module -Wl,-O1 -Wl,--sort-common -Wl,--as-needed -Wl,-z,relro -Wl,-z,now -Wl,--undefined-version -Wl,--hash-style=gnu -Wl,--compress-debug-sections=zstd -o pam_pwquality.la -rpath /usr/lib/security pam_pwquality.lo libpwquality.la -lpam -inst-prefix-dir /home/builder/build/pkg/libpwquality)
libtool: warning: 'libpwquality.la' has not been installed in '/usr/lib'
libtool: install: /usr/bin/install -c .libs/pwscore /home/builder/build/pkg/libpwquality/usr/bin/pwscore
libtool: warning: 'libpwquality.la' has not been installed in '/usr/lib'
libtool: install: /usr/bin/install -c .libs/pwmake /home/builder/build/pkg/libpwquality/usr/bin/pwmake
libtool: relink: clang -std=gnu23 -Wl,-O1,--as-needed -shared  -fPIC -DPIC  .libs/pam_pwquality.o   -Wl,--as-needed -L/home/builder/build/pkg/libpwquality/usr/lib -L/usr/lib -lpwquality -lpam  -march=x86-64-v3 -O2 -Wp,-D_FORTIFY_SOURCE=3 -Wl,-O1 -Wl,--sort-common -Wl,-z -Wl,relro -Wl,-z -Wl,now -Wl,--undefined-version -Wl,--hash-style=gnu -Wl,--compress-debug-sections=zstd   -Wl,-soname -Wl,pam_pwquality.so -o .libs/pam_pwquality.so
libtool: install: /usr/bin/install -c .libs/pam_pwquality.soT /home/builder/build/pkg/libpwquality/usr/lib/security/pam_pwquality.so
libtool: install: /usr/bin/install -c .libs/pam_pwquality.lai /home/builder/build/pkg/libpwquality/usr/lib/security/pam_pwquality.la
libtool: install: /usr/bin/install -c .libs/pam_pwquality.a /home/builder/build/pkg/libpwquality/usr/lib/security/pam_pwquality.a
libtool: install: chmod 644 /home/builder/build/pkg/libpwquality/usr/lib/security/pam_pwquality.a
libtool: install: llvm-ranlib /home/builder/build/pkg/libpwquality/usr/lib/security/pam_pwquality.a
libtool: warning: remember to run 'libtool --finish /usr/lib/security'
make[2]: Leaving directory '/home/builder/build/src/libpwquality/src'
make[1]: Leaving directory '/home/builder/build/src/libpwquality/src'
Making install in doc
make[1]: Entering directory '/home/builder/build/src/libpwquality/doc'
Making install in man
make[2]: Entering directory '/home/builder/build/src/libpwquality/doc/man'
make[3]: Entering directory '/home/builder/build/src/libpwquality/doc/man'
make[3]: Nothing to be done for 'install-exec-am'.
 /usr/sbin/mkdir -p '/home/builder/build/pkg/libpwquality/usr/share/man/man5'
 /usr/sbin/mkdir -p '/home/builder/build/pkg/libpwquality/usr/share/man/man1'
 /usr/sbin/mkdir -p '/home/builder/build/pkg/libpwquality/usr/share/man/man3'
 /usr/sbin/mkdir -p '/home/builder/build/pkg/libpwquality/usr/share/man/man8'
 /usr/bin/install -c -m 644 pwquality.conf.5 '/home/builder/build/pkg/libpwquality/usr/share/man/man5'
 /usr/bin/install -c -m 644 pam_pwquality.8 '/home/builder/build/pkg/libpwquality/usr/share/man/man8'
 /usr/bin/install -c -m 644 pwquality.3 '/home/builder/build/pkg/libpwquality/usr/share/man/man3'
 /usr/bin/install -c -m 644 pwmake.1 pwscore.1 '/home/builder/build/pkg/libpwquality/usr/share/man/man1'
make[3]: Leaving directory '/home/builder/build/src/libpwquality/doc/man'
make[2]: Leaving directory '/home/builder/build/src/libpwquality/doc/man'
make[2]: Entering directory '/home/builder/build/src/libpwquality/doc'
make[3]: Entering directory '/home/builder/build/src/libpwquality/doc'
make[3]: Nothing to be done for 'install-exec-am'.
make[3]: Nothing to be done for 'install-data-am'.
make[3]: Leaving directory '/home/builder/build/src/libpwquality/doc'
make[2]: Leaving directory '/home/builder/build/src/libpwquality/doc'
make[1]: Leaving directory '/home/builder/build/src/libpwquality/doc'
Making install in python
make[1]: Entering directory '/home/builder/build/src/libpwquality/python'
CFLAGS="-march=x86-64-v3 -O2 -pipe -fno-plt -fexceptions         -Wp,-D_FORTIFY_SOURCE=3 -fstack-clash-protection -fcf-protection -fno-strict-aliasing" python setup.py build --build-base py3.14
running build
running build_ext
make[2]: Entering directory '/home/builder/build/src/libpwquality/python'
CFLAGS="-march=x86-64-v3 -O2 -pipe -fno-plt -fexceptions         -Wp,-D_FORTIFY_SOURCE=3 -fstack-clash-protection -fcf-protection -fno-strict-aliasing" python setup.py build --build-base py3.14 install --root /home/builder/build/pkg/libpwquality --prefix=/usr
make[2]: Nothing to be done for 'install-data-am'.
running build
running build_ext
running install
/usr/lib/python3.14/site-packages/setuptools/_distutils/cmd.py:90: SetuptoolsDeprecationWarning: setup.py install is deprecated.
!!

        ********************************************************************************
        Please avoid running ``setup.py`` directly.
        Instead, use pypa/build, pypa/installer or other
        standards-based tools.

        This deprecation is overdue, please update your project and remove deprecated
        calls to avoid build errors in the future.

        See https://blog.ganssle.io/articles/2021/10/setup-py-deprecated.html for details.
        ********************************************************************************

!!
  self.initialize_options()
running install_lib
creating /home/builder/build/pkg/libpwquality/usr/lib/python3.14/site-packages
copying py3.14/lib.linux-x86_64-cpython-314/pwquality.cpython-314-x86_64-linux-gnu.so -> /home/builder/build/pkg/libpwquality/usr/lib/python3.14/site-packages
running install_egg_info
running egg_info
creating pwquality.egg-info
writing pwquality.egg-info/PKG-INFO
writing dependency_links to pwquality.egg-info/dependency_links.txt
writing top-level names to pwquality.egg-info/top_level.txt
writing manifest file 'pwquality.egg-info/SOURCES.txt'
reading manifest file 'pwquality.egg-info/SOURCES.txt'
reading manifest template 'MANIFEST.in'
writing manifest file 'pwquality.egg-info/SOURCES.txt'
Copying pwquality.egg-info to /home/builder/build/pkg/libpwquality/usr/lib/python3.14/site-packages/pwquality-1.4.5-py3.14.egg-info
running install_scripts
make[2]: Leaving directory '/home/builder/build/src/libpwquality/python'
make[1]: Leaving directory '/home/builder/build/src/libpwquality/python'
make[1]: Entering directory '/home/builder/build/src/libpwquality'
make[2]: Entering directory '/home/builder/build/src/libpwquality'
make[2]: Nothing to be done for 'install-exec-am'.
make[2]: Nothing to be done for 'install-data-am'.
make[2]: Leaving directory '/home/builder/build/src/libpwquality'
make[1]: Leaving directory '/home/builder/build/src/libpwquality'
==> Tidying install...
  -> Removing libtool files...
  -> Removing static library files...
  -> Purging unwanted files...
  -> Stripping unneeded symbols from binaries and libraries...
==> Checking for packaging issues...
==> Creating package "libpwquality"...
  -> Generating .PKGINFO file...
warning: Public keyring not found; have you run 'pacman-key --init'?
error: kashira-v3: key "E4DF524F75FE51DD5FB0C7BA1925D86CD662878E" is unknown
error: keyring is not writable
warning: base: unknown key '%INSTALLED_DB%' in local database
warning: base-devel: unknown key '%INSTALLED_DB%' in local database
warning: Public keyring not found; have you run 'pacman-key --init'?
error: kashira-v3: key "E4DF524F75FE51DD5FB0C7BA1925D86CD662878E" is unknown
error: keyring is not writable
warning: base: unknown key '%INSTALLED_DB%' in local database
warning: base-devel: unknown key '%INSTALLED_DB%' in local database
warning: Public keyring not found; have you run 'pacman-key --init'?
error: kashira-v3: key "E4DF524F75FE51DD5FB0C7BA1925D86CD662878E" is unknown
error: keyring is not writable
warning: base: unknown key '%INSTALLED_DB%' in local database
warning: base-devel: unknown key '%INSTALLED_DB%' in local database
warning: Public keyring not found; have you run 'pacman-key --init'?
error: kashira-v3: key "E4DF524F75FE51DD5FB0C7BA1925D86CD662878E" is unknown
error: keyring is not writable
warning: base: unknown key '%INSTALLED_DB%' in local database
warning: base-devel: unknown key '%INSTALLED_DB%' in local database
warning: Public keyring not found; have you run 'pacman-key --init'?
error: kashira-v3: key "E4DF524F75FE51DD5FB0C7BA1925D86CD662878E" is unknown
error: keyring is not writable
warning: base: unknown key '%INSTALLED_DB%' in local database
warning: base-devel: unknown key '%INSTALLED_DB%' in local database
warning: Public keyring not found; have you run 'pacman-key --init'?
error: kashira-v3: key "E4DF524F75FE51DD5FB0C7BA1925D86CD662878E" is unknown
error: keyring is not writable
warning: base: unknown key '%INSTALLED_DB%' in local database
warning: base-devel: unknown key '%INSTALLED_DB%' in local database
warning: Public keyring not found; have you run 'pacman-key --init'?
error: kashira-v3: key "E4DF524F75FE51DD5FB0C7BA1925D86CD662878E" is unknown
error: keyring is not writable
warning: base: unknown key '%INSTALLED_DB%' in local database
warning: base-devel: unknown key '%INSTALLED_DB%' in local database
  -> Generating .BUILDINFO file...
warning: Public keyring not found; have you run 'pacman-key --init'?
error: kashira-v3: key "E4DF524F75FE51DD5FB0C7BA1925D86CD662878E" is unknown
error: keyring is not writable
warning: base: unknown key '%INSTALLED_DB%' in local database
warning: base-devel: unknown key '%INSTALLED_DB%' in local database
  -> Generating .MTREE file...
  -> Compressing package...
==> Leaving fakeroot environment.
==> Finished making: libpwquality 1.4.5-7 (Sun Sep 20 04:48:56 2026)
