== build libthai (deps: autoconf-archive doxygen git glibc libdatrie )
warning: glibc-2.44-2 is up to date -- skipping
resolving dependencies...
warning: base: unknown key '%INSTALLED_DB%' in local database
warning: base-devel: unknown key '%INSTALLED_DB%' in local database
looking for conflicting packages...

Packages (10) fmt-12.2.0-1  perl-error-0.17030-1  perl-mailtools-2.22-1  perl-timedate-2.35-1  spdlog-1.17.0-2  sqlite-3.53.4-1  autoconf-archive-1:2024.10.16-4  doxygen-1.18.0-2  git-2.55.0-1  libdatrie-0.2.14-1

Total Download Size:   16.20 MiB
Total Installed Size:  97.96 MiB
Net Upgrade Size:      93.57 MiB

:: Proceed with installation? [Y/n] 
:: Retrieving packages...
 git-2.55.0-1-x86_64 downloading...
 doxygen-1.18.0-2-x86_64 downloading...
 sqlite-3.53.4-1-x86_64 downloading...
 autoconf-archive-1:2024.10.16-4-any downloading...
 fmt-12.2.0-1-x86_64 downloading...
 spdlog-1.17.0-2-x86_64 downloading...
 libdatrie-0.2.14-1-x86_64 downloading...
 perl-mailtools-2.22-1-any downloading...
 perl-timedate-2.35-1-any downloading...
 perl-error-0.17030-1-any downloading...
checking keyring...
checking package integrity...
loading package files...
checking for file conflicts...
:: Processing package changes...
installing autoconf-archive...
Optional dependencies for autoconf-archive
    automake: macros for use with it [installed]
installing fmt...
installing spdlog...
reinstalling sqlite...
installing doxygen...
Optional dependencies for doxygen
    texlive-fontsrecommended: for generating LaTeX, Postscript and PDF output
    texlive-fontutils: for generating LaTeX, Postscript and PDF output
    texlive-latexextra: for generating LaTeX, Postscript and PDF output
    texlive-plaingeneric: for generating LaTeX, Postscript and PDF output
installing perl-error...
installing perl-timedate...
installing perl-mailtools...
installing git...
Optional dependencies for git
    libsecret: git-credential-libsecret credential helper [installed]
installing libdatrie...
:: Running post-transaction hooks...
(1/2) Arming ConditionNeedsUpdate...
(2/2) Updating the info directory file...
==> Making package: libthai 0.1.30-1 (Sun Sep 20 01:16:37 2026)
==> WARNING: Skipping dependency checks.
==> Retrieving sources...
  -> Cloning libthai git repo...
Cloning into bare repository '/sources/libthai'...
==> WARNING: Skipping verification of source file PGP signatures.
==> Validating source files with b2sums...
    libthai ... Passed
==> Extracting sources...
  -> Creating working copy of libthai git repo...
Cloning into 'libthai'...
done.
Switched to a new branch 'makepkg'
==> Starting prepare()...
autoreconf: export WARNINGS=
autoreconf: Entering directory '.'
autoreconf: configure.ac: no obvious need to run autopoint
autoreconf: running: aclocal --force -I m4
aclocal: warning: couldn't open directory 'm4': No such file or directory
autoreconf: configure.ac: tracing
autoreconf: running: libtoolize --copy --force
libtoolize: putting auxiliary files in AC_CONFIG_AUX_DIR, 'build-aux'.
libtoolize: copying file 'build-aux/ltmain.sh'
libtoolize: putting macros in AC_CONFIG_MACRO_DIRS, 'm4'.
libtoolize: copying file 'm4/libtool.m4'
libtoolize: copying file 'm4/ltoptions.m4'
libtoolize: copying file 'm4/ltsugar.m4'
libtoolize: copying file 'm4/ltversion.m4'
libtoolize: copying file 'm4/lt~obsolete.m4'
autoreconf: configure.ac: not using Intltool
autoreconf: configure.ac: not using Gtkdoc
autoreconf: configure.ac: no need to run autopoint (confirmed)
autoreconf: running: aclocal --force -I m4
autoreconf: running: /usr/bin/autoconf --force
autoreconf: configure.ac: not running autoheader: no config headers
autoreconf: running: automake --add-missing --copy --force-missing
configure.ac:28: installing 'build-aux/compile'
configure.ac:32: installing 'build-aux/config.guess'
configure.ac:32: installing 'build-aux/config.sub'
configure.ac:12: installing 'build-aux/install-sh'
configure.ac:12: installing 'build-aux/missing'
src/Makefile.am: installing 'build-aux/depcomp'
parallel-tests: installing 'build-aux/test-driver'
autoreconf: 'build-aux/config.sub' is updated
autoreconf: 'build-aux/config.guess' is updated
autoreconf: configure.ac: not running make: --make not given
autoreconf: Leaving directory '.'
==> Starting build()...
checking for a BSD-compatible install... /usr/bin/install -c
checking whether sleep supports fractional seconds... yes
checking filesystem timestamp resolution... 0.01
checking whether build environment is sane... yes
checking for a race-free mkdir -p... /usr/sbin/mkdir -p
checking for gawk... gawk
checking whether make sets $(MAKE)... yes
checking whether make supports nested variables... yes
checking xargs -n works... yes
checking whether UID '1000' is supported by ustar format... yes
checking whether GID '1000' is supported by ustar format... yes
checking how to create a ustar tar archive... gnutar
checking for gcc... clang
checking whether the C compiler works... yes
checking for C compiler default output file name... a.out
checking for suffix of executables... 
checking whether we are cross compiling... no
checking for suffix of object files... o
checking whether the compiler supports GNU C... yes
checking whether clang accepts -g... yes
checking for clang option to enable C23 features... -std=gnu23
checking whether clang -std=gnu23 understands -c and -o together... yes
checking whether make supports the include directive... yes (GNU style)
checking dependency style of clang -std=gnu23... gcc3
checking whether ln -s works... yes
checking whether make sets $(MAKE)... (cached) yes
checking build system type... x86_64-pc-linux-gnu
checking host system type... x86_64-pc-linux-gnu
checking how to print strings... printf
checking for a sed that does not truncate output... /usr/sbin/sed
checking for grep that handles long lines and -e... /usr/sbin/grep
checking for egrep... /usr/sbin/grep -E
checking for fgrep... /usr/sbin/grep -F
checking for ld used by clang -std=gnu23... ld.lld
checking if the linker (ld.lld) is GNU ld... yes
checking for BSD- or MS-compatible name lister (nm)... llvm-nm
checking the name lister (llvm-nm) interface... BSD nm
checking the maximum length of command line arguments... 1572864
checking how to convert x86_64-pc-linux-gnu file names to x86_64-pc-linux-gnu format... func_convert_file_noop
checking how to convert x86_64-pc-linux-gnu file names to toolchain format... func_convert_file_noop
checking for ld.lld option to reload object files... -r
checking for file... file
checking for objdump... llvm-objdump
checking how to recognize dependent libraries... pass_all
checking for dlltool... dlltool
checking how to associate runtime and link libraries... printf %s\n
checking for ranlib... llvm-ranlib
checking for archiver @FILE support... @
checking for strip... llvm-strip
checking command to parse llvm-nm output from clang -std=gnu23 object... ok
checking for sysroot... no
checking for a working dd... /usr/sbin/dd
checking how to truncate binary pipes... /usr/sbin/dd bs=4096 count=1
checking for mt... no
checking if : is a manifest tool... no
checking for stdio.h... yes
checking for stdlib.h... yes
checking for string.h... yes
checking for inttypes.h... yes
checking for stdint.h... yes
checking for strings.h... yes
checking for sys/stat.h... yes
checking for sys/types.h... yes
checking for unistd.h... yes
checking for dlfcn.h... yes
checking which variant of shared library versioning to provide... (default) aix
checking for objdir... .libs
checking if clang -std=gnu23 supports -fno-rtti -fno-exceptions... yes
checking for clang -std=gnu23 option to produce PIC... -fPIC -DPIC
checking if clang -std=gnu23 PIC flag -fPIC -DPIC works... yes
checking if clang -std=gnu23 static flag -static works... yes
checking if clang -std=gnu23 supports -c -o file.o... yes
checking if clang -std=gnu23 supports -c -o file.o... (cached) yes
checking whether the clang -std=gnu23 linker (ld.lld -m elf_x86_64) supports shared libraries... yes
checking whether -lc should be explicitly linked in... no
checking dynamic linker characteristics... GNU/Linux ld.so
checking how to hardcode library paths into programs... immediate
checking whether stripping libraries is possible... yes
checking if libtool supports shared libraries... yes
checking whether to build shared libraries... yes
checking whether to build static libraries... yes
checking whether linker supports -version-script... yes
checking for doxygen... doxygen
checking doxygen >= 1.15.0... 1.18.0, yes
checking for trietool-0.2... trietool-0.2
checking for pkg-config... /usr/sbin/pkg-config
checking pkg-config is at least version 0.9.0... yes
checking for datrie-0.2... yes
checking for stddef.h... yes
checking for stdlib.h... (cached) yes
checking for string.h... (cached) yes
checking for wchar.h... yes
checking for an ANSI C-conforming const... yes
checking for size_t... yes
checking that generated files are newer than configure... done
configure: creating ./config.status
config.status: creating libthai.pc
config.status: creating Makefile
config.status: creating include/Makefile
config.status: creating include/thai/Makefile
config.status: creating src/Makefile
config.status: creating src/thctype/Makefile
config.status: creating src/thstr/Makefile
config.status: creating src/thcell/Makefile
config.status: creating src/thinp/Makefile
config.status: creating src/thrend/Makefile
config.status: creating src/thcoll/Makefile
config.status: creating src/thbrk/Makefile
config.status: creating src/thwchar/Makefile
config.status: creating src/thwctype/Makefile
config.status: creating src/thwstr/Makefile
config.status: creating src/thwbrk/Makefile
config.status: creating src/utils/Makefile
config.status: creating data/Makefile
config.status: creating tests/Makefile
config.status: creating doc/Makefile
config.status: creating doc/Doxyfile
config.status: executing depfiles commands
config.status: executing libtool commands
Type make to build libthai.
Making all in include
make[1]: Entering directory '/home/builder/build/src/libthai/include'
Making all in thai
make[2]: Entering directory '/home/builder/build/src/libthai/include/thai'
make[2]: Nothing to be done for 'all'.
make[2]: Leaving directory '/home/builder/build/src/libthai/include/thai'
make[2]: Entering directory '/home/builder/build/src/libthai/include'
make[2]: Nothing to be done for 'all-am'.
make[2]: Leaving directory '/home/builder/build/src/libthai/include'
make[1]: Leaving directory '/home/builder/build/src/libthai/include'
Making all in src
make[1]: Entering directory '/home/builder/build/src/libthai/src'
Making all in thctype
make[2]: Entering directory '/home/builder/build/src/libthai/src/thctype'
/bin/sh ../../libtool  --tag=CC   --mode=compile clang -std=gnu23 -DPACKAGE_NAME=\"libthai\" -DPACKAGE_TARNAME=\"libthai\" -DPACKAGE_VERSION=\"0.1.30\" -DPACKAGE_STRING=\"libthai\ 0.1.30\" -DPACKAGE_BUGREPORT=\"https://github.com/tlwg/libthai/issues\" -DPACKAGE_URL=\"\" -DPACKAGE=\"libthai\" -DVERSION=\"0.1.30\" -DHAVE_STDIO_H=1 -DHAVE_STDLIB_H=1 -DHAVE_STRING_H=1 -DHAVE_INTTYPES_H=1 -DHAVE_STDINT_H=1 -DHAVE_STRINGS_H=1 -DHAVE_SYS_STAT_H=1 -DHAVE_SYS_TYPES_H=1 -DHAVE_UNISTD_H=1 -DSTDC_HEADERS=1 -DHAVE_DLFCN_H=1 -DLT_OBJDIR=\".libs/\" -DHAVE_STDDEF_H=1 -DHAVE_STDLIB_H=1 -DHAVE_STRING_H=1 -DHAVE_WCHAR_H=1 -I.  -I. -I../../src -I../../include   -march=x86-64-v3 -O2 -pipe -fno-plt -fexceptions         -Wp,-D_FORTIFY_SOURCE=3 -fstack-clash-protection -fcf-protection -Wall -DNDEBUG -MT thctype.lo -MD -MP -MF .deps/thctype.Tpo -c -o thctype.lo thctype.c
/bin/sh ../../libtool  --tag=CC   --mode=compile clang -std=gnu23 -DPACKAGE_NAME=\"libthai\" -DPACKAGE_TARNAME=\"libthai\" -DPACKAGE_VERSION=\"0.1.30\" -DPACKAGE_STRING=\"libthai\ 0.1.30\" -DPACKAGE_BUGREPORT=\"https://github.com/tlwg/libthai/issues\" -DPACKAGE_URL=\"\" -DPACKAGE=\"libthai\" -DVERSION=\"0.1.30\" -DHAVE_STDIO_H=1 -DHAVE_STDLIB_H=1 -DHAVE_STRING_H=1 -DHAVE_INTTYPES_H=1 -DHAVE_STDINT_H=1 -DHAVE_STRINGS_H=1 -DHAVE_SYS_STAT_H=1 -DHAVE_SYS_TYPES_H=1 -DHAVE_UNISTD_H=1 -DSTDC_HEADERS=1 -DHAVE_DLFCN_H=1 -DLT_OBJDIR=\".libs/\" -DHAVE_STDDEF_H=1 -DHAVE_STDLIB_H=1 -DHAVE_STRING_H=1 -DHAVE_WCHAR_H=1 -I.  -I. -I../../src -I../../include   -march=x86-64-v3 -O2 -pipe -fno-plt -fexceptions         -Wp,-D_FORTIFY_SOURCE=3 -fstack-clash-protection -fcf-protection -Wall -DNDEBUG -MT wtt.lo -MD -MP -MF .deps/wtt.Tpo -c -o wtt.lo wtt.c
libtool: compile:  clang -std=gnu23 -DPACKAGE_NAME=\"libthai\" -DPACKAGE_TARNAME=\"libthai\" -DPACKAGE_VERSION=\"0.1.30\" "-DPACKAGE_STRING=\"libthai 0.1.30\"" -DPACKAGE_BUGREPORT=\"https://github.com/tlwg/libthai/issues\" -DPACKAGE_URL=\"\" -DPACKAGE=\"libthai\" -DVERSION=\"0.1.30\" -DHAVE_STDIO_H=1 -DHAVE_STDLIB_H=1 -DHAVE_STRING_H=1 -DHAVE_INTTYPES_H=1 -DHAVE_STDINT_H=1 -DHAVE_STRINGS_H=1 -DHAVE_SYS_STAT_H=1 -DHAVE_SYS_TYPES_H=1 -DHAVE_UNISTD_H=1 -DSTDC_HEADERS=1 -DHAVE_DLFCN_H=1 -DLT_OBJDIR=\".libs/\" -DHAVE_STDDEF_H=1 -DHAVE_STDLIB_H=1 -DHAVE_STRING_H=1 -DHAVE_WCHAR_H=1 -I. -I. -I../../src -I../../include -march=x86-64-v3 -O2 -pipe -fno-plt -fexceptions -Wp,-D_FORTIFY_SOURCE=3 -fstack-clash-protection -fcf-protection -Wall -DNDEBUG -MT thctype.lo -MD -MP -MF .deps/thctype.Tpo -c thctype.c  -fPIC -DPIC -o .libs/thctype.o
libtool: compile:  clang -std=gnu23 -DPACKAGE_NAME=\"libthai\" -DPACKAGE_TARNAME=\"libthai\" -DPACKAGE_VERSION=\"0.1.30\" "-DPACKAGE_STRING=\"libthai 0.1.30\"" -DPACKAGE_BUGREPORT=\"https://github.com/tlwg/libthai/issues\" -DPACKAGE_URL=\"\" -DPACKAGE=\"libthai\" -DVERSION=\"0.1.30\" -DHAVE_STDIO_H=1 -DHAVE_STDLIB_H=1 -DHAVE_STRING_H=1 -DHAVE_INTTYPES_H=1 -DHAVE_STDINT_H=1 -DHAVE_STRINGS_H=1 -DHAVE_SYS_STAT_H=1 -DHAVE_SYS_TYPES_H=1 -DHAVE_UNISTD_H=1 -DSTDC_HEADERS=1 -DHAVE_DLFCN_H=1 -DLT_OBJDIR=\".libs/\" -DHAVE_STDDEF_H=1 -DHAVE_STDLIB_H=1 -DHAVE_STRING_H=1 -DHAVE_WCHAR_H=1 -I. -I. -I../../src -I../../include -march=x86-64-v3 -O2 -pipe -fno-plt -fexceptions -Wp,-D_FORTIFY_SOURCE=3 -fstack-clash-protection -fcf-protection -Wall -DNDEBUG -MT wtt.lo -MD -MP -MF .deps/wtt.Tpo -c wtt.c  -fPIC -DPIC -o .libs/wtt.o
libtool: compile:  clang -std=gnu23 -DPACKAGE_NAME=\"libthai\" -DPACKAGE_TARNAME=\"libthai\" -DPACKAGE_VERSION=\"0.1.30\" "-DPACKAGE_STRING=\"libthai 0.1.30\"" -DPACKAGE_BUGREPORT=\"https://github.com/tlwg/libthai/issues\" -DPACKAGE_URL=\"\" -DPACKAGE=\"libthai\" -DVERSION=\"0.1.30\" -DHAVE_STDIO_H=1 -DHAVE_STDLIB_H=1 -DHAVE_STRING_H=1 -DHAVE_INTTYPES_H=1 -DHAVE_STDINT_H=1 -DHAVE_STRINGS_H=1 -DHAVE_SYS_STAT_H=1 -DHAVE_SYS_TYPES_H=1 -DHAVE_UNISTD_H=1 -DSTDC_HEADERS=1 -DHAVE_DLFCN_H=1 -DLT_OBJDIR=\".libs/\" -DHAVE_STDDEF_H=1 -DHAVE_STDLIB_H=1 -DHAVE_STRING_H=1 -DHAVE_WCHAR_H=1 -I. -I. -I../../src -I../../include -march=x86-64-v3 -O2 -pipe -fno-plt -fexceptions -Wp,-D_FORTIFY_SOURCE=3 -fstack-clash-protection -fcf-protection -Wall -DNDEBUG -MT wtt.lo -MD -MP -MF .deps/wtt.Tpo -c wtt.c -o wtt.o >/dev/null 2>&1
libtool: compile:  clang -std=gnu23 -DPACKAGE_NAME=\"libthai\" -DPACKAGE_TARNAME=\"libthai\" -DPACKAGE_VERSION=\"0.1.30\" "-DPACKAGE_STRING=\"libthai 0.1.30\"" -DPACKAGE_BUGREPORT=\"https://github.com/tlwg/libthai/issues\" -DPACKAGE_URL=\"\" -DPACKAGE=\"libthai\" -DVERSION=\"0.1.30\" -DHAVE_STDIO_H=1 -DHAVE_STDLIB_H=1 -DHAVE_STRING_H=1 -DHAVE_INTTYPES_H=1 -DHAVE_STDINT_H=1 -DHAVE_STRINGS_H=1 -DHAVE_SYS_STAT_H=1 -DHAVE_SYS_TYPES_H=1 -DHAVE_UNISTD_H=1 -DSTDC_HEADERS=1 -DHAVE_DLFCN_H=1 -DLT_OBJDIR=\".libs/\" -DHAVE_STDDEF_H=1 -DHAVE_STDLIB_H=1 -DHAVE_STRING_H=1 -DHAVE_WCHAR_H=1 -I. -I. -I../../src -I../../include -march=x86-64-v3 -O2 -pipe -fno-plt -fexceptions -Wp,-D_FORTIFY_SOURCE=3 -fstack-clash-protection -fcf-protection -Wall -DNDEBUG -MT thctype.lo -MD -MP -MF .deps/thctype.Tpo -c thctype.c -o thctype.o >/dev/null 2>&1
mv -f .deps/wtt.Tpo .deps/wtt.Plo
mv -f .deps/thctype.Tpo .deps/thctype.Plo
/bin/sh ../../libtool  --tag=CC   --mode=link clang -std=gnu23  -march=x86-64-v3 -O2 -pipe -fno-plt -fexceptions         -Wp,-D_FORTIFY_SOURCE=3 -fstack-clash-protection -fcf-protection -Wall -DNDEBUG  -Wl,-O1 -Wl,--sort-common -Wl,--as-needed -Wl,-z,relro -Wl,-z,now -Wl,--undefined-version -Wl,--hash-style=gnu -Wl,--compress-debug-sections=zstd -o libthctype.la  thctype.lo wtt.lo  
libtool: link: llvm-ar cr .libs/libthctype.a .libs/thctype.o .libs/wtt.o 
libtool: link: llvm-ranlib .libs/libthctype.a
libtool: link: ( cd ".libs" && rm -f "libthctype.la" && ln -s "../libthctype.la" "libthctype.la" )
make[2]: Leaving directory '/home/builder/build/src/libthai/src/thctype'
Making all in thstr
make[2]: Entering directory '/home/builder/build/src/libthai/src/thstr'
/bin/sh ../../libtool  --tag=CC   --mode=compile clang -std=gnu23 -DPACKAGE_NAME=\"libthai\" -DPACKAGE_TARNAME=\"libthai\" -DPACKAGE_VERSION=\"0.1.30\" -DPACKAGE_STRING=\"libthai\ 0.1.30\" -DPACKAGE_BUGREPORT=\"https://github.com/tlwg/libthai/issues\" -DPACKAGE_URL=\"\" -DPACKAGE=\"libthai\" -DVERSION=\"0.1.30\" -DHAVE_STDIO_H=1 -DHAVE_STDLIB_H=1 -DHAVE_STRING_H=1 -DHAVE_INTTYPES_H=1 -DHAVE_STDINT_H=1 -DHAVE_STRINGS_H=1 -DHAVE_SYS_STAT_H=1 -DHAVE_SYS_TYPES_H=1 -DHAVE_UNISTD_H=1 -DSTDC_HEADERS=1 -DHAVE_DLFCN_H=1 -DLT_OBJDIR=\".libs/\" -DHAVE_STDDEF_H=1 -DHAVE_STDLIB_H=1 -DHAVE_STRING_H=1 -DHAVE_WCHAR_H=1 -I.  -I. -I../../src -I../../include   -march=x86-64-v3 -O2 -pipe -fno-plt -fexceptions         -Wp,-D_FORTIFY_SOURCE=3 -fstack-clash-protection -fcf-protection -Wall -DNDEBUG -MT thstr.lo -MD -MP -MF .deps/thstr.Tpo -c -o thstr.lo thstr.c
libtool: compile:  clang -std=gnu23 -DPACKAGE_NAME=\"libthai\" -DPACKAGE_TARNAME=\"libthai\" -DPACKAGE_VERSION=\"0.1.30\" "-DPACKAGE_STRING=\"libthai 0.1.30\"" -DPACKAGE_BUGREPORT=\"https://github.com/tlwg/libthai/issues\" -DPACKAGE_URL=\"\" -DPACKAGE=\"libthai\" -DVERSION=\"0.1.30\" -DHAVE_STDIO_H=1 -DHAVE_STDLIB_H=1 -DHAVE_STRING_H=1 -DHAVE_INTTYPES_H=1 -DHAVE_STDINT_H=1 -DHAVE_STRINGS_H=1 -DHAVE_SYS_STAT_H=1 -DHAVE_SYS_TYPES_H=1 -DHAVE_UNISTD_H=1 -DSTDC_HEADERS=1 -DHAVE_DLFCN_H=1 -DLT_OBJDIR=\".libs/\" -DHAVE_STDDEF_H=1 -DHAVE_STDLIB_H=1 -DHAVE_STRING_H=1 -DHAVE_WCHAR_H=1 -I. -I. -I../../src -I../../include -march=x86-64-v3 -O2 -pipe -fno-plt -fexceptions -Wp,-D_FORTIFY_SOURCE=3 -fstack-clash-protection -fcf-protection -Wall -DNDEBUG -MT thstr.lo -MD -MP -MF .deps/thstr.Tpo -c thstr.c  -fPIC -DPIC -o .libs/thstr.o
libtool: compile:  clang -std=gnu23 -DPACKAGE_NAME=\"libthai\" -DPACKAGE_TARNAME=\"libthai\" -DPACKAGE_VERSION=\"0.1.30\" "-DPACKAGE_STRING=\"libthai 0.1.30\"" -DPACKAGE_BUGREPORT=\"https://github.com/tlwg/libthai/issues\" -DPACKAGE_URL=\"\" -DPACKAGE=\"libthai\" -DVERSION=\"0.1.30\" -DHAVE_STDIO_H=1 -DHAVE_STDLIB_H=1 -DHAVE_STRING_H=1 -DHAVE_INTTYPES_H=1 -DHAVE_STDINT_H=1 -DHAVE_STRINGS_H=1 -DHAVE_SYS_STAT_H=1 -DHAVE_SYS_TYPES_H=1 -DHAVE_UNISTD_H=1 -DSTDC_HEADERS=1 -DHAVE_DLFCN_H=1 -DLT_OBJDIR=\".libs/\" -DHAVE_STDDEF_H=1 -DHAVE_STDLIB_H=1 -DHAVE_STRING_H=1 -DHAVE_WCHAR_H=1 -I. -I. -I../../src -I../../include -march=x86-64-v3 -O2 -pipe -fno-plt -fexceptions -Wp,-D_FORTIFY_SOURCE=3 -fstack-clash-protection -fcf-protection -Wall -DNDEBUG -MT thstr.lo -MD -MP -MF .deps/thstr.Tpo -c thstr.c -o thstr.o >/dev/null 2>&1
mv -f .deps/thstr.Tpo .deps/thstr.Plo
/bin/sh ../../libtool  --tag=CC   --mode=link clang -std=gnu23  -march=x86-64-v3 -O2 -pipe -fno-plt -fexceptions         -Wp,-D_FORTIFY_SOURCE=3 -fstack-clash-protection -fcf-protection -Wall -DNDEBUG  -Wl,-O1 -Wl,--sort-common -Wl,--as-needed -Wl,-z,relro -Wl,-z,now -Wl,--undefined-version -Wl,--hash-style=gnu -Wl,--compress-debug-sections=zstd -o libthstr.la  thstr.lo  
libtool: link: llvm-ar cr .libs/libthstr.a .libs/thstr.o 
libtool: link: llvm-ranlib .libs/libthstr.a
libtool: link: ( cd ".libs" && rm -f "libthstr.la" && ln -s "../libthstr.la" "libthstr.la" )
make[2]: Leaving directory '/home/builder/build/src/libthai/src/thstr'
Making all in thcell
make[2]: Entering directory '/home/builder/build/src/libthai/src/thcell'
/bin/sh ../../libtool  --tag=CC   --mode=compile clang -std=gnu23 -DPACKAGE_NAME=\"libthai\" -DPACKAGE_TARNAME=\"libthai\" -DPACKAGE_VERSION=\"0.1.30\" -DPACKAGE_STRING=\"libthai\ 0.1.30\" -DPACKAGE_BUGREPORT=\"https://github.com/tlwg/libthai/issues\" -DPACKAGE_URL=\"\" -DPACKAGE=\"libthai\" -DVERSION=\"0.1.30\" -DHAVE_STDIO_H=1 -DHAVE_STDLIB_H=1 -DHAVE_STRING_H=1 -DHAVE_INTTYPES_H=1 -DHAVE_STDINT_H=1 -DHAVE_STRINGS_H=1 -DHAVE_SYS_STAT_H=1 -DHAVE_SYS_TYPES_H=1 -DHAVE_UNISTD_H=1 -DSTDC_HEADERS=1 -DHAVE_DLFCN_H=1 -DLT_OBJDIR=\".libs/\" -DHAVE_STDDEF_H=1 -DHAVE_STDLIB_H=1 -DHAVE_STRING_H=1 -DHAVE_WCHAR_H=1 -I.  -I. -I../../src -I../../include   -march=x86-64-v3 -O2 -pipe -fno-plt -fexceptions         -Wp,-D_FORTIFY_SOURCE=3 -fstack-clash-protection -fcf-protection -Wall -DNDEBUG -MT thcell.lo -MD -MP -MF .deps/thcell.Tpo -c -o thcell.lo thcell.c
libtool: compile:  clang -std=gnu23 -DPACKAGE_NAME=\"libthai\" -DPACKAGE_TARNAME=\"libthai\" -DPACKAGE_VERSION=\"0.1.30\" "-DPACKAGE_STRING=\"libthai 0.1.30\"" -DPACKAGE_BUGREPORT=\"https://github.com/tlwg/libthai/issues\" -DPACKAGE_URL=\"\" -DPACKAGE=\"libthai\" -DVERSION=\"0.1.30\" -DHAVE_STDIO_H=1 -DHAVE_STDLIB_H=1 -DHAVE_STRING_H=1 -DHAVE_INTTYPES_H=1 -DHAVE_STDINT_H=1 -DHAVE_STRINGS_H=1 -DHAVE_SYS_STAT_H=1 -DHAVE_SYS_TYPES_H=1 -DHAVE_UNISTD_H=1 -DSTDC_HEADERS=1 -DHAVE_DLFCN_H=1 -DLT_OBJDIR=\".libs/\" -DHAVE_STDDEF_H=1 -DHAVE_STDLIB_H=1 -DHAVE_STRING_H=1 -DHAVE_WCHAR_H=1 -I. -I. -I../../src -I../../include -march=x86-64-v3 -O2 -pipe -fno-plt -fexceptions -Wp,-D_FORTIFY_SOURCE=3 -fstack-clash-protection -fcf-protection -Wall -DNDEBUG -MT thcell.lo -MD -MP -MF .deps/thcell.Tpo -c thcell.c  -fPIC -DPIC -o .libs/thcell.o
libtool: compile:  clang -std=gnu23 -DPACKAGE_NAME=\"libthai\" -DPACKAGE_TARNAME=\"libthai\" -DPACKAGE_VERSION=\"0.1.30\" "-DPACKAGE_STRING=\"libthai 0.1.30\"" -DPACKAGE_BUGREPORT=\"https://github.com/tlwg/libthai/issues\" -DPACKAGE_URL=\"\" -DPACKAGE=\"libthai\" -DVERSION=\"0.1.30\" -DHAVE_STDIO_H=1 -DHAVE_STDLIB_H=1 -DHAVE_STRING_H=1 -DHAVE_INTTYPES_H=1 -DHAVE_STDINT_H=1 -DHAVE_STRINGS_H=1 -DHAVE_SYS_STAT_H=1 -DHAVE_SYS_TYPES_H=1 -DHAVE_UNISTD_H=1 -DSTDC_HEADERS=1 -DHAVE_DLFCN_H=1 -DLT_OBJDIR=\".libs/\" -DHAVE_STDDEF_H=1 -DHAVE_STDLIB_H=1 -DHAVE_STRING_H=1 -DHAVE_WCHAR_H=1 -I. -I. -I../../src -I../../include -march=x86-64-v3 -O2 -pipe -fno-plt -fexceptions -Wp,-D_FORTIFY_SOURCE=3 -fstack-clash-protection -fcf-protection -Wall -DNDEBUG -MT thcell.lo -MD -MP -MF .deps/thcell.Tpo -c thcell.c -o thcell.o >/dev/null 2>&1
mv -f .deps/thcell.Tpo .deps/thcell.Plo
/bin/sh ../../libtool  --tag=CC   --mode=link clang -std=gnu23  -march=x86-64-v3 -O2 -pipe -fno-plt -fexceptions         -Wp,-D_FORTIFY_SOURCE=3 -fstack-clash-protection -fcf-protection -Wall -DNDEBUG  -Wl,-O1 -Wl,--sort-common -Wl,--as-needed -Wl,-z,relro -Wl,-z,now -Wl,--undefined-version -Wl,--hash-style=gnu -Wl,--compress-debug-sections=zstd -o libthcell.la  thcell.lo  
libtool: link: llvm-ar cr .libs/libthcell.a .libs/thcell.o 
libtool: link: llvm-ranlib .libs/libthcell.a
libtool: link: ( cd ".libs" && rm -f "libthcell.la" && ln -s "../libthcell.la" "libthcell.la" )
make[2]: Leaving directory '/home/builder/build/src/libthai/src/thcell'
Making all in thinp
make[2]: Entering directory '/home/builder/build/src/libthai/src/thinp'
/bin/sh ../../libtool  --tag=CC   --mode=compile clang -std=gnu23 -DPACKAGE_NAME=\"libthai\" -DPACKAGE_TARNAME=\"libthai\" -DPACKAGE_VERSION=\"0.1.30\" -DPACKAGE_STRING=\"libthai\ 0.1.30\" -DPACKAGE_BUGREPORT=\"https://github.com/tlwg/libthai/issues\" -DPACKAGE_URL=\"\" -DPACKAGE=\"libthai\" -DVERSION=\"0.1.30\" -DHAVE_STDIO_H=1 -DHAVE_STDLIB_H=1 -DHAVE_STRING_H=1 -DHAVE_INTTYPES_H=1 -DHAVE_STDINT_H=1 -DHAVE_STRINGS_H=1 -DHAVE_SYS_STAT_H=1 -DHAVE_SYS_TYPES_H=1 -DHAVE_UNISTD_H=1 -DSTDC_HEADERS=1 -DHAVE_DLFCN_H=1 -DLT_OBJDIR=\".libs/\" -DHAVE_STDDEF_H=1 -DHAVE_STDLIB_H=1 -DHAVE_STRING_H=1 -DHAVE_WCHAR_H=1 -I.  -I. -I../../src -I../../include   -march=x86-64-v3 -O2 -pipe -fno-plt -fexceptions         -Wp,-D_FORTIFY_SOURCE=3 -fstack-clash-protection -fcf-protection -Wall -DNDEBUG -MT thinp.lo -MD -MP -MF .deps/thinp.Tpo -c -o thinp.lo thinp.c
libtool: compile:  clang -std=gnu23 -DPACKAGE_NAME=\"libthai\" -DPACKAGE_TARNAME=\"libthai\" -DPACKAGE_VERSION=\"0.1.30\" "-DPACKAGE_STRING=\"libthai 0.1.30\"" -DPACKAGE_BUGREPORT=\"https://github.com/tlwg/libthai/issues\" -DPACKAGE_URL=\"\" -DPACKAGE=\"libthai\" -DVERSION=\"0.1.30\" -DHAVE_STDIO_H=1 -DHAVE_STDLIB_H=1 -DHAVE_STRING_H=1 -DHAVE_INTTYPES_H=1 -DHAVE_STDINT_H=1 -DHAVE_STRINGS_H=1 -DHAVE_SYS_STAT_H=1 -DHAVE_SYS_TYPES_H=1 -DHAVE_UNISTD_H=1 -DSTDC_HEADERS=1 -DHAVE_DLFCN_H=1 -DLT_OBJDIR=\".libs/\" -DHAVE_STDDEF_H=1 -DHAVE_STDLIB_H=1 -DHAVE_STRING_H=1 -DHAVE_WCHAR_H=1 -I. -I. -I../../src -I../../include -march=x86-64-v3 -O2 -pipe -fno-plt -fexceptions -Wp,-D_FORTIFY_SOURCE=3 -fstack-clash-protection -fcf-protection -Wall -DNDEBUG -MT thinp.lo -MD -MP -MF .deps/thinp.Tpo -c thinp.c  -fPIC -DPIC -o .libs/thinp.o
libtool: compile:  clang -std=gnu23 -DPACKAGE_NAME=\"libthai\" -DPACKAGE_TARNAME=\"libthai\" -DPACKAGE_VERSION=\"0.1.30\" "-DPACKAGE_STRING=\"libthai 0.1.30\"" -DPACKAGE_BUGREPORT=\"https://github.com/tlwg/libthai/issues\" -DPACKAGE_URL=\"\" -DPACKAGE=\"libthai\" -DVERSION=\"0.1.30\" -DHAVE_STDIO_H=1 -DHAVE_STDLIB_H=1 -DHAVE_STRING_H=1 -DHAVE_INTTYPES_H=1 -DHAVE_STDINT_H=1 -DHAVE_STRINGS_H=1 -DHAVE_SYS_STAT_H=1 -DHAVE_SYS_TYPES_H=1 -DHAVE_UNISTD_H=1 -DSTDC_HEADERS=1 -DHAVE_DLFCN_H=1 -DLT_OBJDIR=\".libs/\" -DHAVE_STDDEF_H=1 -DHAVE_STDLIB_H=1 -DHAVE_STRING_H=1 -DHAVE_WCHAR_H=1 -I. -I. -I../../src -I../../include -march=x86-64-v3 -O2 -pipe -fno-plt -fexceptions -Wp,-D_FORTIFY_SOURCE=3 -fstack-clash-protection -fcf-protection -Wall -DNDEBUG -MT thinp.lo -MD -MP -MF .deps/thinp.Tpo -c thinp.c -o thinp.o >/dev/null 2>&1
mv -f .deps/thinp.Tpo .deps/thinp.Plo
/bin/sh ../../libtool  --tag=CC   --mode=link clang -std=gnu23  -march=x86-64-v3 -O2 -pipe -fno-plt -fexceptions         -Wp,-D_FORTIFY_SOURCE=3 -fstack-clash-protection -fcf-protection -Wall -DNDEBUG  -Wl,-O1 -Wl,--sort-common -Wl,--as-needed -Wl,-z,relro -Wl,-z,now -Wl,--undefined-version -Wl,--hash-style=gnu -Wl,--compress-debug-sections=zstd -o libthinp.la  thinp.lo  
libtool: link: llvm-ar cr .libs/libthinp.a .libs/thinp.o 
libtool: link: llvm-ranlib .libs/libthinp.a
libtool: link: ( cd ".libs" && rm -f "libthinp.la" && ln -s "../libthinp.la" "libthinp.la" )
make[2]: Leaving directory '/home/builder/build/src/libthai/src/thinp'
Making all in thrend
make[2]: Entering directory '/home/builder/build/src/libthai/src/thrend'
/bin/sh ../../libtool  --tag=CC   --mode=compile clang -std=gnu23 -DPACKAGE_NAME=\"libthai\" -DPACKAGE_TARNAME=\"libthai\" -DPACKAGE_VERSION=\"0.1.30\" -DPACKAGE_STRING=\"libthai\ 0.1.30\" -DPACKAGE_BUGREPORT=\"https://github.com/tlwg/libthai/issues\" -DPACKAGE_URL=\"\" -DPACKAGE=\"libthai\" -DVERSION=\"0.1.30\" -DHAVE_STDIO_H=1 -DHAVE_STDLIB_H=1 -DHAVE_STRING_H=1 -DHAVE_INTTYPES_H=1 -DHAVE_STDINT_H=1 -DHAVE_STRINGS_H=1 -DHAVE_SYS_STAT_H=1 -DHAVE_SYS_TYPES_H=1 -DHAVE_UNISTD_H=1 -DSTDC_HEADERS=1 -DHAVE_DLFCN_H=1 -DLT_OBJDIR=\".libs/\" -DHAVE_STDDEF_H=1 -DHAVE_STDLIB_H=1 -DHAVE_STRING_H=1 -DHAVE_WCHAR_H=1 -I.  -I. -I../../src -I../../include   -march=x86-64-v3 -O2 -pipe -fno-plt -fexceptions         -Wp,-D_FORTIFY_SOURCE=3 -fstack-clash-protection -fcf-protection -Wall -DNDEBUG -MT thrend.lo -MD -MP -MF .deps/thrend.Tpo -c -o thrend.lo thrend.c
libtool: compile:  clang -std=gnu23 -DPACKAGE_NAME=\"libthai\" -DPACKAGE_TARNAME=\"libthai\" -DPACKAGE_VERSION=\"0.1.30\" "-DPACKAGE_STRING=\"libthai 0.1.30\"" -DPACKAGE_BUGREPORT=\"https://github.com/tlwg/libthai/issues\" -DPACKAGE_URL=\"\" -DPACKAGE=\"libthai\" -DVERSION=\"0.1.30\" -DHAVE_STDIO_H=1 -DHAVE_STDLIB_H=1 -DHAVE_STRING_H=1 -DHAVE_INTTYPES_H=1 -DHAVE_STDINT_H=1 -DHAVE_STRINGS_H=1 -DHAVE_SYS_STAT_H=1 -DHAVE_SYS_TYPES_H=1 -DHAVE_UNISTD_H=1 -DSTDC_HEADERS=1 -DHAVE_DLFCN_H=1 -DLT_OBJDIR=\".libs/\" -DHAVE_STDDEF_H=1 -DHAVE_STDLIB_H=1 -DHAVE_STRING_H=1 -DHAVE_WCHAR_H=1 -I. -I. -I../../src -I../../include -march=x86-64-v3 -O2 -pipe -fno-plt -fexceptions -Wp,-D_FORTIFY_SOURCE=3 -fstack-clash-protection -fcf-protection -Wall -DNDEBUG -MT thrend.lo -MD -MP -MF .deps/thrend.Tpo -c thrend.c  -fPIC -DPIC -o .libs/thrend.o
libtool: compile:  clang -std=gnu23 -DPACKAGE_NAME=\"libthai\" -DPACKAGE_TARNAME=\"libthai\" -DPACKAGE_VERSION=\"0.1.30\" "-DPACKAGE_STRING=\"libthai 0.1.30\"" -DPACKAGE_BUGREPORT=\"https://github.com/tlwg/libthai/issues\" -DPACKAGE_URL=\"\" -DPACKAGE=\"libthai\" -DVERSION=\"0.1.30\" -DHAVE_STDIO_H=1 -DHAVE_STDLIB_H=1 -DHAVE_STRING_H=1 -DHAVE_INTTYPES_H=1 -DHAVE_STDINT_H=1 -DHAVE_STRINGS_H=1 -DHAVE_SYS_STAT_H=1 -DHAVE_SYS_TYPES_H=1 -DHAVE_UNISTD_H=1 -DSTDC_HEADERS=1 -DHAVE_DLFCN_H=1 -DLT_OBJDIR=\".libs/\" -DHAVE_STDDEF_H=1 -DHAVE_STDLIB_H=1 -DHAVE_STRING_H=1 -DHAVE_WCHAR_H=1 -I. -I. -I../../src -I../../include -march=x86-64-v3 -O2 -pipe -fno-plt -fexceptions -Wp,-D_FORTIFY_SOURCE=3 -fstack-clash-protection -fcf-protection -Wall -DNDEBUG -MT thrend.lo -MD -MP -MF .deps/thrend.Tpo -c thrend.c -o thrend.o >/dev/null 2>&1
mv -f .deps/thrend.Tpo .deps/thrend.Plo
/bin/sh ../../libtool  --tag=CC   --mode=link clang -std=gnu23  -march=x86-64-v3 -O2 -pipe -fno-plt -fexceptions         -Wp,-D_FORTIFY_SOURCE=3 -fstack-clash-protection -fcf-protection -Wall -DNDEBUG  -Wl,-O1 -Wl,--sort-common -Wl,--as-needed -Wl,-z,relro -Wl,-z,now -Wl,--undefined-version -Wl,--hash-style=gnu -Wl,--compress-debug-sections=zstd -o libthrend.la  thrend.lo  
libtool: link: llvm-ar cr .libs/libthrend.a .libs/thrend.o 
libtool: link: llvm-ranlib .libs/libthrend.a
libtool: link: ( cd ".libs" && rm -f "libthrend.la" && ln -s "../libthrend.la" "libthrend.la" )
make[2]: Leaving directory '/home/builder/build/src/libthai/src/thrend'
Making all in thcoll
make[2]: Entering directory '/home/builder/build/src/libthai/src/thcoll'
/bin/sh ../../libtool  --tag=CC   --mode=compile clang -std=gnu23 -DPACKAGE_NAME=\"libthai\" -DPACKAGE_TARNAME=\"libthai\" -DPACKAGE_VERSION=\"0.1.30\" -DPACKAGE_STRING=\"libthai\ 0.1.30\" -DPACKAGE_BUGREPORT=\"https://github.com/tlwg/libthai/issues\" -DPACKAGE_URL=\"\" -DPACKAGE=\"libthai\" -DVERSION=\"0.1.30\" -DHAVE_STDIO_H=1 -DHAVE_STDLIB_H=1 -DHAVE_STRING_H=1 -DHAVE_INTTYPES_H=1 -DHAVE_STDINT_H=1 -DHAVE_STRINGS_H=1 -DHAVE_SYS_STAT_H=1 -DHAVE_SYS_TYPES_H=1 -DHAVE_UNISTD_H=1 -DSTDC_HEADERS=1 -DHAVE_DLFCN_H=1 -DLT_OBJDIR=\".libs/\" -DHAVE_STDDEF_H=1 -DHAVE_STDLIB_H=1 -DHAVE_STRING_H=1 -DHAVE_WCHAR_H=1 -I.  -I. -I../../src -I../../include   -march=x86-64-v3 -O2 -pipe -fno-plt -fexceptions         -Wp,-D_FORTIFY_SOURCE=3 -fstack-clash-protection -fcf-protection -Wall -DNDEBUG -MT cweight.lo -MD -MP -MF .deps/cweight.Tpo -c -o cweight.lo cweight.c
/bin/sh ../../libtool  --tag=CC   --mode=compile clang -std=gnu23 -DPACKAGE_NAME=\"libthai\" -DPACKAGE_TARNAME=\"libthai\" -DPACKAGE_VERSION=\"0.1.30\" -DPACKAGE_STRING=\"libthai\ 0.1.30\" -DPACKAGE_BUGREPORT=\"https://github.com/tlwg/libthai/issues\" -DPACKAGE_URL=\"\" -DPACKAGE=\"libthai\" -DVERSION=\"0.1.30\" -DHAVE_STDIO_H=1 -DHAVE_STDLIB_H=1 -DHAVE_STRING_H=1 -DHAVE_INTTYPES_H=1 -DHAVE_STDINT_H=1 -DHAVE_STRINGS_H=1 -DHAVE_SYS_STAT_H=1 -DHAVE_SYS_TYPES_H=1 -DHAVE_UNISTD_H=1 -DSTDC_HEADERS=1 -DHAVE_DLFCN_H=1 -DLT_OBJDIR=\".libs/\" -DHAVE_STDDEF_H=1 -DHAVE_STDLIB_H=1 -DHAVE_STRING_H=1 -DHAVE_WCHAR_H=1 -I.  -I. -I../../src -I../../include   -march=x86-64-v3 -O2 -pipe -fno-plt -fexceptions         -Wp,-D_FORTIFY_SOURCE=3 -fstack-clash-protection -fcf-protection -Wall -DNDEBUG -MT thcoll.lo -MD -MP -MF .deps/thcoll.Tpo -c -o thcoll.lo thcoll.c
libtool: compile:  clang -std=gnu23 -DPACKAGE_NAME=\"libthai\" -DPACKAGE_TARNAME=\"libthai\" -DPACKAGE_VERSION=\"0.1.30\" "-DPACKAGE_STRING=\"libthai 0.1.30\"" -DPACKAGE_BUGREPORT=\"https://github.com/tlwg/libthai/issues\" -DPACKAGE_URL=\"\" -DPACKAGE=\"libthai\" -DVERSION=\"0.1.30\" -DHAVE_STDIO_H=1 -DHAVE_STDLIB_H=1 -DHAVE_STRING_H=1 -DHAVE_INTTYPES_H=1 -DHAVE_STDINT_H=1 -DHAVE_STRINGS_H=1 -DHAVE_SYS_STAT_H=1 -DHAVE_SYS_TYPES_H=1 -DHAVE_UNISTD_H=1 -DSTDC_HEADERS=1 -DHAVE_DLFCN_H=1 -DLT_OBJDIR=\".libs/\" -DHAVE_STDDEF_H=1 -DHAVE_STDLIB_H=1 -DHAVE_STRING_H=1 -DHAVE_WCHAR_H=1 -I. -I. -I../../src -I../../include -march=x86-64-v3 -O2 -pipe -fno-plt -fexceptions -Wp,-D_FORTIFY_SOURCE=3 -fstack-clash-protection -fcf-protection -Wall -DNDEBUG -MT thcoll.lo -MD -MP -MF .deps/thcoll.Tpo -c thcoll.c  -fPIC -DPIC -o .libs/thcoll.o
libtool: compile:  clang -std=gnu23 -DPACKAGE_NAME=\"libthai\" -DPACKAGE_TARNAME=\"libthai\" -DPACKAGE_VERSION=\"0.1.30\" "-DPACKAGE_STRING=\"libthai 0.1.30\"" -DPACKAGE_BUGREPORT=\"https://github.com/tlwg/libthai/issues\" -DPACKAGE_URL=\"\" -DPACKAGE=\"libthai\" -DVERSION=\"0.1.30\" -DHAVE_STDIO_H=1 -DHAVE_STDLIB_H=1 -DHAVE_STRING_H=1 -DHAVE_INTTYPES_H=1 -DHAVE_STDINT_H=1 -DHAVE_STRINGS_H=1 -DHAVE_SYS_STAT_H=1 -DHAVE_SYS_TYPES_H=1 -DHAVE_UNISTD_H=1 -DSTDC_HEADERS=1 -DHAVE_DLFCN_H=1 -DLT_OBJDIR=\".libs/\" -DHAVE_STDDEF_H=1 -DHAVE_STDLIB_H=1 -DHAVE_STRING_H=1 -DHAVE_WCHAR_H=1 -I. -I. -I../../src -I../../include -march=x86-64-v3 -O2 -pipe -fno-plt -fexceptions -Wp,-D_FORTIFY_SOURCE=3 -fstack-clash-protection -fcf-protection -Wall -DNDEBUG -MT cweight.lo -MD -MP -MF .deps/cweight.Tpo -c cweight.c  -fPIC -DPIC -o .libs/cweight.o
libtool: compile:  clang -std=gnu23 -DPACKAGE_NAME=\"libthai\" -DPACKAGE_TARNAME=\"libthai\" -DPACKAGE_VERSION=\"0.1.30\" "-DPACKAGE_STRING=\"libthai 0.1.30\"" -DPACKAGE_BUGREPORT=\"https://github.com/tlwg/libthai/issues\" -DPACKAGE_URL=\"\" -DPACKAGE=\"libthai\" -DVERSION=\"0.1.30\" -DHAVE_STDIO_H=1 -DHAVE_STDLIB_H=1 -DHAVE_STRING_H=1 -DHAVE_INTTYPES_H=1 -DHAVE_STDINT_H=1 -DHAVE_STRINGS_H=1 -DHAVE_SYS_STAT_H=1 -DHAVE_SYS_TYPES_H=1 -DHAVE_UNISTD_H=1 -DSTDC_HEADERS=1 -DHAVE_DLFCN_H=1 -DLT_OBJDIR=\".libs/\" -DHAVE_STDDEF_H=1 -DHAVE_STDLIB_H=1 -DHAVE_STRING_H=1 -DHAVE_WCHAR_H=1 -I. -I. -I../../src -I../../include -march=x86-64-v3 -O2 -pipe -fno-plt -fexceptions -Wp,-D_FORTIFY_SOURCE=3 -fstack-clash-protection -fcf-protection -Wall -DNDEBUG -MT cweight.lo -MD -MP -MF .deps/cweight.Tpo -c cweight.c -o cweight.o >/dev/null 2>&1
mv -f .deps/cweight.Tpo .deps/cweight.Plo
libtool: compile:  clang -std=gnu23 -DPACKAGE_NAME=\"libthai\" -DPACKAGE_TARNAME=\"libthai\" -DPACKAGE_VERSION=\"0.1.30\" "-DPACKAGE_STRING=\"libthai 0.1.30\"" -DPACKAGE_BUGREPORT=\"https://github.com/tlwg/libthai/issues\" -DPACKAGE_URL=\"\" -DPACKAGE=\"libthai\" -DVERSION=\"0.1.30\" -DHAVE_STDIO_H=1 -DHAVE_STDLIB_H=1 -DHAVE_STRING_H=1 -DHAVE_INTTYPES_H=1 -DHAVE_STDINT_H=1 -DHAVE_STRINGS_H=1 -DHAVE_SYS_STAT_H=1 -DHAVE_SYS_TYPES_H=1 -DHAVE_UNISTD_H=1 -DSTDC_HEADERS=1 -DHAVE_DLFCN_H=1 -DLT_OBJDIR=\".libs/\" -DHAVE_STDDEF_H=1 -DHAVE_STDLIB_H=1 -DHAVE_STRING_H=1 -DHAVE_WCHAR_H=1 -I. -I. -I../../src -I../../include -march=x86-64-v3 -O2 -pipe -fno-plt -fexceptions -Wp,-D_FORTIFY_SOURCE=3 -fstack-clash-protection -fcf-protection -Wall -DNDEBUG -MT thcoll.lo -MD -MP -MF .deps/thcoll.Tpo -c thcoll.c -o thcoll.o >/dev/null 2>&1
mv -f .deps/thcoll.Tpo .deps/thcoll.Plo
/bin/sh ../../libtool  --tag=CC   --mode=link clang -std=gnu23  -march=x86-64-v3 -O2 -pipe -fno-plt -fexceptions         -Wp,-D_FORTIFY_SOURCE=3 -fstack-clash-protection -fcf-protection -Wall -DNDEBUG  -Wl,-O1 -Wl,--sort-common -Wl,--as-needed -Wl,-z,relro -Wl,-z,now -Wl,--undefined-version -Wl,--hash-style=gnu -Wl,--compress-debug-sections=zstd -o libthcoll.la  cweight.lo thcoll.lo  
libtool: link: llvm-ar cr .libs/libthcoll.a .libs/cweight.o .libs/thcoll.o 
libtool: link: llvm-ranlib .libs/libthcoll.a
libtool: link: ( cd ".libs" && rm -f "libthcoll.la" && ln -s "../libthcoll.la" "libthcoll.la" )
make[2]: Leaving directory '/home/builder/build/src/libthai/src/thcoll'
Making all in thbrk
make[2]: Entering directory '/home/builder/build/src/libthai/src/thbrk'
/bin/sh ../../libtool  --tag=CC   --mode=compile clang -std=gnu23 -DDICT_DIR=\"/usr/share/libthai\" -I.  -I. -I../../src -I../../include    -march=x86-64-v3 -O2 -pipe -fno-plt -fexceptions         -Wp,-D_FORTIFY_SOURCE=3 -fstack-clash-protection -fcf-protection -Wall -DNDEBUG -MT thbrk.lo -MD -MP -MF .deps/thbrk.Tpo -c -o thbrk.lo thbrk.c
/bin/sh ../../libtool  --tag=CC   --mode=compile clang -std=gnu23 -DDICT_DIR=\"/usr/share/libthai\" -I.  -I. -I../../src -I../../include    -march=x86-64-v3 -O2 -pipe -fno-plt -fexceptions         -Wp,-D_FORTIFY_SOURCE=3 -fstack-clash-protection -fcf-protection -Wall -DNDEBUG -MT brk-ctype.lo -MD -MP -MF .deps/brk-ctype.Tpo -c -o brk-ctype.lo brk-ctype.c
/bin/sh ../../libtool  --tag=CC   --mode=compile clang -std=gnu23 -DDICT_DIR=\"/usr/share/libthai\" -I.  -I. -I../../src -I../../include    -march=x86-64-v3 -O2 -pipe -fno-plt -fexceptions         -Wp,-D_FORTIFY_SOURCE=3 -fstack-clash-protection -fcf-protection -Wall -DNDEBUG -MT brk-common.lo -MD -MP -MF .deps/brk-common.Tpo -c -o brk-common.lo brk-common.c
/bin/sh ../../libtool  --tag=CC   --mode=compile clang -std=gnu23 -DDICT_DIR=\"/usr/share/libthai\" -I.  -I. -I../../src -I../../include    -march=x86-64-v3 -O2 -pipe -fno-plt -fexceptions         -Wp,-D_FORTIFY_SOURCE=3 -fstack-clash-protection -fcf-protection -Wall -DNDEBUG -MT brk-maximal.lo -MD -MP -MF .deps/brk-maximal.Tpo -c -o brk-maximal.lo brk-maximal.c
libtool: compile:  clang -std=gnu23 -DDICT_DIR=\"/usr/share/libthai\" -I. -I. -I../../src -I../../include -march=x86-64-v3 -O2 -pipe -fno-plt -fexceptions -Wp,-D_FORTIFY_SOURCE=3 -fstack-clash-protection -fcf-protection -Wall -DNDEBUG -MT thbrk.lo -MD -MP -MF .deps/thbrk.Tpo -c thbrk.c  -fPIC -DPIC -o .libs/thbrk.o
libtool: compile:  clang -std=gnu23 -DDICT_DIR=\"/usr/share/libthai\" -I. -I. -I../../src -I../../include -march=x86-64-v3 -O2 -pipe -fno-plt -fexceptions -Wp,-D_FORTIFY_SOURCE=3 -fstack-clash-protection -fcf-protection -Wall -DNDEBUG -MT brk-common.lo -MD -MP -MF .deps/brk-common.Tpo -c brk-common.c  -fPIC -DPIC -o .libs/brk-common.o
libtool: compile:  clang -std=gnu23 -DDICT_DIR=\"/usr/share/libthai\" -I. -I. -I../../src -I../../include -march=x86-64-v3 -O2 -pipe -fno-plt -fexceptions -Wp,-D_FORTIFY_SOURCE=3 -fstack-clash-protection -fcf-protection -Wall -DNDEBUG -MT brk-ctype.lo -MD -MP -MF .deps/brk-ctype.Tpo -c brk-ctype.c  -fPIC -DPIC -o .libs/brk-ctype.o
libtool: compile:  clang -std=gnu23 -DDICT_DIR=\"/usr/share/libthai\" -I. -I. -I../../src -I../../include -march=x86-64-v3 -O2 -pipe -fno-plt -fexceptions -Wp,-D_FORTIFY_SOURCE=3 -fstack-clash-protection -fcf-protection -Wall -DNDEBUG -MT brk-maximal.lo -MD -MP -MF .deps/brk-maximal.Tpo -c brk-maximal.c  -fPIC -DPIC -o .libs/brk-maximal.o
libtool: compile:  clang -std=gnu23 -DDICT_DIR=\"/usr/share/libthai\" -I. -I. -I../../src -I../../include -march=x86-64-v3 -O2 -pipe -fno-plt -fexceptions -Wp,-D_FORTIFY_SOURCE=3 -fstack-clash-protection -fcf-protection -Wall -DNDEBUG -MT brk-ctype.lo -MD -MP -MF .deps/brk-ctype.Tpo -c brk-ctype.c -o brk-ctype.o >/dev/null 2>&1
mv -f .deps/brk-ctype.Tpo .deps/brk-ctype.Plo
libtool: compile:  clang -std=gnu23 -DDICT_DIR=\"/usr/share/libthai\" -I. -I. -I../../src -I../../include -march=x86-64-v3 -O2 -pipe -fno-plt -fexceptions -Wp,-D_FORTIFY_SOURCE=3 -fstack-clash-protection -fcf-protection -Wall -DNDEBUG -MT brk-common.lo -MD -MP -MF .deps/brk-common.Tpo -c brk-common.c -o brk-common.o >/dev/null 2>&1
libtool: compile:  clang -std=gnu23 -DDICT_DIR=\"/usr/share/libthai\" -I. -I. -I../../src -I../../include -march=x86-64-v3 -O2 -pipe -fno-plt -fexceptions -Wp,-D_FORTIFY_SOURCE=3 -fstack-clash-protection -fcf-protection -Wall -DNDEBUG -MT thbrk.lo -MD -MP -MF .deps/thbrk.Tpo -c thbrk.c -o thbrk.o >/dev/null 2>&1
mv -f .deps/brk-common.Tpo .deps/brk-common.Plo
libtool: compile:  clang -std=gnu23 -DDICT_DIR=\"/usr/share/libthai\" -I. -I. -I../../src -I../../include -march=x86-64-v3 -O2 -pipe -fno-plt -fexceptions -Wp,-D_FORTIFY_SOURCE=3 -fstack-clash-protection -fcf-protection -Wall -DNDEBUG -MT brk-maximal.lo -MD -MP -MF .deps/brk-maximal.Tpo -c brk-maximal.c -o brk-maximal.o >/dev/null 2>&1
mv -f .deps/thbrk.Tpo .deps/thbrk.Plo
mv -f .deps/brk-maximal.Tpo .deps/brk-maximal.Plo
/bin/sh ../../libtool  --tag=CC   --mode=link clang -std=gnu23  -march=x86-64-v3 -O2 -pipe -fno-plt -fexceptions         -Wp,-D_FORTIFY_SOURCE=3 -fstack-clash-protection -fcf-protection -Wall -DNDEBUG  -Wl,-O1 -Wl,--sort-common -Wl,--as-needed -Wl,-z,relro -Wl,-z,now -Wl,--undefined-version -Wl,--hash-style=gnu -Wl,--compress-debug-sections=zstd -o libthbrk.la  thbrk.lo brk-ctype.lo brk-common.lo brk-maximal.lo -ldatrie 
libtool: link: llvm-ar cr .libs/libthbrk.a .libs/thbrk.o .libs/brk-ctype.o .libs/brk-common.o .libs/brk-maximal.o 
libtool: link: llvm-ranlib .libs/libthbrk.a
libtool: link: ( cd ".libs" && rm -f "libthbrk.la" && ln -s "../libthbrk.la" "libthbrk.la" )
make[2]: Leaving directory '/home/builder/build/src/libthai/src/thbrk'
Making all in thwchar
make[2]: Entering directory '/home/builder/build/src/libthai/src/thwchar'
/bin/sh ../../libtool  --tag=CC   --mode=compile clang -std=gnu23 -DPACKAGE_NAME=\"libthai\" -DPACKAGE_TARNAME=\"libthai\" -DPACKAGE_VERSION=\"0.1.30\" -DPACKAGE_STRING=\"libthai\ 0.1.30\" -DPACKAGE_BUGREPORT=\"https://github.com/tlwg/libthai/issues\" -DPACKAGE_URL=\"\" -DPACKAGE=\"libthai\" -DVERSION=\"0.1.30\" -DHAVE_STDIO_H=1 -DHAVE_STDLIB_H=1 -DHAVE_STRING_H=1 -DHAVE_INTTYPES_H=1 -DHAVE_STDINT_H=1 -DHAVE_STRINGS_H=1 -DHAVE_SYS_STAT_H=1 -DHAVE_SYS_TYPES_H=1 -DHAVE_UNISTD_H=1 -DSTDC_HEADERS=1 -DHAVE_DLFCN_H=1 -DLT_OBJDIR=\".libs/\" -DHAVE_STDDEF_H=1 -DHAVE_STDLIB_H=1 -DHAVE_STRING_H=1 -DHAVE_WCHAR_H=1 -I.  -I. -I../../src -I../../include   -march=x86-64-v3 -O2 -pipe -fno-plt -fexceptions         -Wp,-D_FORTIFY_SOURCE=3 -fstack-clash-protection -fcf-protection -Wall -DNDEBUG -MT thwchar.lo -MD -MP -MF .deps/thwchar.Tpo -c -o thwchar.lo thwchar.c
libtool: compile:  clang -std=gnu23 -DPACKAGE_NAME=\"libthai\" -DPACKAGE_TARNAME=\"libthai\" -DPACKAGE_VERSION=\"0.1.30\" "-DPACKAGE_STRING=\"libthai 0.1.30\"" -DPACKAGE_BUGREPORT=\"https://github.com/tlwg/libthai/issues\" -DPACKAGE_URL=\"\" -DPACKAGE=\"libthai\" -DVERSION=\"0.1.30\" -DHAVE_STDIO_H=1 -DHAVE_STDLIB_H=1 -DHAVE_STRING_H=1 -DHAVE_INTTYPES_H=1 -DHAVE_STDINT_H=1 -DHAVE_STRINGS_H=1 -DHAVE_SYS_STAT_H=1 -DHAVE_SYS_TYPES_H=1 -DHAVE_UNISTD_H=1 -DSTDC_HEADERS=1 -DHAVE_DLFCN_H=1 -DLT_OBJDIR=\".libs/\" -DHAVE_STDDEF_H=1 -DHAVE_STDLIB_H=1 -DHAVE_STRING_H=1 -DHAVE_WCHAR_H=1 -I. -I. -I../../src -I../../include -march=x86-64-v3 -O2 -pipe -fno-plt -fexceptions -Wp,-D_FORTIFY_SOURCE=3 -fstack-clash-protection -fcf-protection -Wall -DNDEBUG -MT thwchar.lo -MD -MP -MF .deps/thwchar.Tpo -c thwchar.c  -fPIC -DPIC -o .libs/thwchar.o
libtool: compile:  clang -std=gnu23 -DPACKAGE_NAME=\"libthai\" -DPACKAGE_TARNAME=\"libthai\" -DPACKAGE_VERSION=\"0.1.30\" "-DPACKAGE_STRING=\"libthai 0.1.30\"" -DPACKAGE_BUGREPORT=\"https://github.com/tlwg/libthai/issues\" -DPACKAGE_URL=\"\" -DPACKAGE=\"libthai\" -DVERSION=\"0.1.30\" -DHAVE_STDIO_H=1 -DHAVE_STDLIB_H=1 -DHAVE_STRING_H=1 -DHAVE_INTTYPES_H=1 -DHAVE_STDINT_H=1 -DHAVE_STRINGS_H=1 -DHAVE_SYS_STAT_H=1 -DHAVE_SYS_TYPES_H=1 -DHAVE_UNISTD_H=1 -DSTDC_HEADERS=1 -DHAVE_DLFCN_H=1 -DLT_OBJDIR=\".libs/\" -DHAVE_STDDEF_H=1 -DHAVE_STDLIB_H=1 -DHAVE_STRING_H=1 -DHAVE_WCHAR_H=1 -I. -I. -I../../src -I../../include -march=x86-64-v3 -O2 -pipe -fno-plt -fexceptions -Wp,-D_FORTIFY_SOURCE=3 -fstack-clash-protection -fcf-protection -Wall -DNDEBUG -MT thwchar.lo -MD -MP -MF .deps/thwchar.Tpo -c thwchar.c -o thwchar.o >/dev/null 2>&1
mv -f .deps/thwchar.Tpo .deps/thwchar.Plo
/bin/sh ../../libtool  --tag=CC   --mode=link clang -std=gnu23  -march=x86-64-v3 -O2 -pipe -fno-plt -fexceptions         -Wp,-D_FORTIFY_SOURCE=3 -fstack-clash-protection -fcf-protection -Wall -DNDEBUG  -Wl,-O1 -Wl,--sort-common -Wl,--as-needed -Wl,-z,relro -Wl,-z,now -Wl,--undefined-version -Wl,--hash-style=gnu -Wl,--compress-debug-sections=zstd -o libthwchar.la  thwchar.lo  
libtool: link: llvm-ar cr .libs/libthwchar.a .libs/thwchar.o 
libtool: link: llvm-ranlib .libs/libthwchar.a
libtool: link: ( cd ".libs" && rm -f "libthwchar.la" && ln -s "../libthwchar.la" "libthwchar.la" )
make[2]: Leaving directory '/home/builder/build/src/libthai/src/thwchar'
Making all in thwctype
make[2]: Entering directory '/home/builder/build/src/libthai/src/thwctype'
/bin/sh ../../libtool  --tag=CC   --mode=compile clang -std=gnu23 -DPACKAGE_NAME=\"libthai\" -DPACKAGE_TARNAME=\"libthai\" -DPACKAGE_VERSION=\"0.1.30\" -DPACKAGE_STRING=\"libthai\ 0.1.30\" -DPACKAGE_BUGREPORT=\"https://github.com/tlwg/libthai/issues\" -DPACKAGE_URL=\"\" -DPACKAGE=\"libthai\" -DVERSION=\"0.1.30\" -DHAVE_STDIO_H=1 -DHAVE_STDLIB_H=1 -DHAVE_STRING_H=1 -DHAVE_INTTYPES_H=1 -DHAVE_STDINT_H=1 -DHAVE_STRINGS_H=1 -DHAVE_SYS_STAT_H=1 -DHAVE_SYS_TYPES_H=1 -DHAVE_UNISTD_H=1 -DSTDC_HEADERS=1 -DHAVE_DLFCN_H=1 -DLT_OBJDIR=\".libs/\" -DHAVE_STDDEF_H=1 -DHAVE_STDLIB_H=1 -DHAVE_STRING_H=1 -DHAVE_WCHAR_H=1 -I.  -I. -I../../src -I../../include   -march=x86-64-v3 -O2 -pipe -fno-plt -fexceptions         -Wp,-D_FORTIFY_SOURCE=3 -fstack-clash-protection -fcf-protection -Wall -DNDEBUG -MT thwctype.lo -MD -MP -MF .deps/thwctype.Tpo -c -o thwctype.lo thwctype.c
libtool: compile:  clang -std=gnu23 -DPACKAGE_NAME=\"libthai\" -DPACKAGE_TARNAME=\"libthai\" -DPACKAGE_VERSION=\"0.1.30\" "-DPACKAGE_STRING=\"libthai 0.1.30\"" -DPACKAGE_BUGREPORT=\"https://github.com/tlwg/libthai/issues\" -DPACKAGE_URL=\"\" -DPACKAGE=\"libthai\" -DVERSION=\"0.1.30\" -DHAVE_STDIO_H=1 -DHAVE_STDLIB_H=1 -DHAVE_STRING_H=1 -DHAVE_INTTYPES_H=1 -DHAVE_STDINT_H=1 -DHAVE_STRINGS_H=1 -DHAVE_SYS_STAT_H=1 -DHAVE_SYS_TYPES_H=1 -DHAVE_UNISTD_H=1 -DSTDC_HEADERS=1 -DHAVE_DLFCN_H=1 -DLT_OBJDIR=\".libs/\" -DHAVE_STDDEF_H=1 -DHAVE_STDLIB_H=1 -DHAVE_STRING_H=1 -DHAVE_WCHAR_H=1 -I. -I. -I../../src -I../../include -march=x86-64-v3 -O2 -pipe -fno-plt -fexceptions -Wp,-D_FORTIFY_SOURCE=3 -fstack-clash-protection -fcf-protection -Wall -DNDEBUG -MT thwctype.lo -MD -MP -MF .deps/thwctype.Tpo -c thwctype.c  -fPIC -DPIC -o .libs/thwctype.o
libtool: compile:  clang -std=gnu23 -DPACKAGE_NAME=\"libthai\" -DPACKAGE_TARNAME=\"libthai\" -DPACKAGE_VERSION=\"0.1.30\" "-DPACKAGE_STRING=\"libthai 0.1.30\"" -DPACKAGE_BUGREPORT=\"https://github.com/tlwg/libthai/issues\" -DPACKAGE_URL=\"\" -DPACKAGE=\"libthai\" -DVERSION=\"0.1.30\" -DHAVE_STDIO_H=1 -DHAVE_STDLIB_H=1 -DHAVE_STRING_H=1 -DHAVE_INTTYPES_H=1 -DHAVE_STDINT_H=1 -DHAVE_STRINGS_H=1 -DHAVE_SYS_STAT_H=1 -DHAVE_SYS_TYPES_H=1 -DHAVE_UNISTD_H=1 -DSTDC_HEADERS=1 -DHAVE_DLFCN_H=1 -DLT_OBJDIR=\".libs/\" -DHAVE_STDDEF_H=1 -DHAVE_STDLIB_H=1 -DHAVE_STRING_H=1 -DHAVE_WCHAR_H=1 -I. -I. -I../../src -I../../include -march=x86-64-v3 -O2 -pipe -fno-plt -fexceptions -Wp,-D_FORTIFY_SOURCE=3 -fstack-clash-protection -fcf-protection -Wall -DNDEBUG -MT thwctype.lo -MD -MP -MF .deps/thwctype.Tpo -c thwctype.c -o thwctype.o >/dev/null 2>&1
mv -f .deps/thwctype.Tpo .deps/thwctype.Plo
/bin/sh ../../libtool  --tag=CC   --mode=link clang -std=gnu23  -march=x86-64-v3 -O2 -pipe -fno-plt -fexceptions         -Wp,-D_FORTIFY_SOURCE=3 -fstack-clash-protection -fcf-protection -Wall -DNDEBUG  -Wl,-O1 -Wl,--sort-common -Wl,--as-needed -Wl,-z,relro -Wl,-z,now -Wl,--undefined-version -Wl,--hash-style=gnu -Wl,--compress-debug-sections=zstd -o libthwctype.la  thwctype.lo  
libtool: link: llvm-ar cr .libs/libthwctype.a .libs/thwctype.o 
libtool: link: llvm-ranlib .libs/libthwctype.a
libtool: link: ( cd ".libs" && rm -f "libthwctype.la" && ln -s "../libthwctype.la" "libthwctype.la" )
make[2]: Leaving directory '/home/builder/build/src/libthai/src/thwctype'
Making all in thwstr
make[2]: Entering directory '/home/builder/build/src/libthai/src/thwstr'
/bin/sh ../../libtool  --tag=CC   --mode=compile clang -std=gnu23 -DPACKAGE_NAME=\"libthai\" -DPACKAGE_TARNAME=\"libthai\" -DPACKAGE_VERSION=\"0.1.30\" -DPACKAGE_STRING=\"libthai\ 0.1.30\" -DPACKAGE_BUGREPORT=\"https://github.com/tlwg/libthai/issues\" -DPACKAGE_URL=\"\" -DPACKAGE=\"libthai\" -DVERSION=\"0.1.30\" -DHAVE_STDIO_H=1 -DHAVE_STDLIB_H=1 -DHAVE_STRING_H=1 -DHAVE_INTTYPES_H=1 -DHAVE_STDINT_H=1 -DHAVE_STRINGS_H=1 -DHAVE_SYS_STAT_H=1 -DHAVE_SYS_TYPES_H=1 -DHAVE_UNISTD_H=1 -DSTDC_HEADERS=1 -DHAVE_DLFCN_H=1 -DLT_OBJDIR=\".libs/\" -DHAVE_STDDEF_H=1 -DHAVE_STDLIB_H=1 -DHAVE_STRING_H=1 -DHAVE_WCHAR_H=1 -I.  -I. -I../../src -I../../include   -march=x86-64-v3 -O2 -pipe -fno-plt -fexceptions         -Wp,-D_FORTIFY_SOURCE=3 -fstack-clash-protection -fcf-protection -Wall -DNDEBUG -MT thwstr.lo -MD -MP -MF .deps/thwstr.Tpo -c -o thwstr.lo thwstr.c
libtool: compile:  clang -std=gnu23 -DPACKAGE_NAME=\"libthai\" -DPACKAGE_TARNAME=\"libthai\" -DPACKAGE_VERSION=\"0.1.30\" "-DPACKAGE_STRING=\"libthai 0.1.30\"" -DPACKAGE_BUGREPORT=\"https://github.com/tlwg/libthai/issues\" -DPACKAGE_URL=\"\" -DPACKAGE=\"libthai\" -DVERSION=\"0.1.30\" -DHAVE_STDIO_H=1 -DHAVE_STDLIB_H=1 -DHAVE_STRING_H=1 -DHAVE_INTTYPES_H=1 -DHAVE_STDINT_H=1 -DHAVE_STRINGS_H=1 -DHAVE_SYS_STAT_H=1 -DHAVE_SYS_TYPES_H=1 -DHAVE_UNISTD_H=1 -DSTDC_HEADERS=1 -DHAVE_DLFCN_H=1 -DLT_OBJDIR=\".libs/\" -DHAVE_STDDEF_H=1 -DHAVE_STDLIB_H=1 -DHAVE_STRING_H=1 -DHAVE_WCHAR_H=1 -I. -I. -I../../src -I../../include -march=x86-64-v3 -O2 -pipe -fno-plt -fexceptions -Wp,-D_FORTIFY_SOURCE=3 -fstack-clash-protection -fcf-protection -Wall -DNDEBUG -MT thwstr.lo -MD -MP -MF .deps/thwstr.Tpo -c thwstr.c  -fPIC -DPIC -o .libs/thwstr.o
libtool: compile:  clang -std=gnu23 -DPACKAGE_NAME=\"libthai\" -DPACKAGE_TARNAME=\"libthai\" -DPACKAGE_VERSION=\"0.1.30\" "-DPACKAGE_STRING=\"libthai 0.1.30\"" -DPACKAGE_BUGREPORT=\"https://github.com/tlwg/libthai/issues\" -DPACKAGE_URL=\"\" -DPACKAGE=\"libthai\" -DVERSION=\"0.1.30\" -DHAVE_STDIO_H=1 -DHAVE_STDLIB_H=1 -DHAVE_STRING_H=1 -DHAVE_INTTYPES_H=1 -DHAVE_STDINT_H=1 -DHAVE_STRINGS_H=1 -DHAVE_SYS_STAT_H=1 -DHAVE_SYS_TYPES_H=1 -DHAVE_UNISTD_H=1 -DSTDC_HEADERS=1 -DHAVE_DLFCN_H=1 -DLT_OBJDIR=\".libs/\" -DHAVE_STDDEF_H=1 -DHAVE_STDLIB_H=1 -DHAVE_STRING_H=1 -DHAVE_WCHAR_H=1 -I. -I. -I../../src -I../../include -march=x86-64-v3 -O2 -pipe -fno-plt -fexceptions -Wp,-D_FORTIFY_SOURCE=3 -fstack-clash-protection -fcf-protection -Wall -DNDEBUG -MT thwstr.lo -MD -MP -MF .deps/thwstr.Tpo -c thwstr.c -o thwstr.o >/dev/null 2>&1
mv -f .deps/thwstr.Tpo .deps/thwstr.Plo
/bin/sh ../../libtool  --tag=CC   --mode=link clang -std=gnu23  -march=x86-64-v3 -O2 -pipe -fno-plt -fexceptions         -Wp,-D_FORTIFY_SOURCE=3 -fstack-clash-protection -fcf-protection -Wall -DNDEBUG  -Wl,-O1 -Wl,--sort-common -Wl,--as-needed -Wl,-z,relro -Wl,-z,now -Wl,--undefined-version -Wl,--hash-style=gnu -Wl,--compress-debug-sections=zstd -o libthwstr.la  thwstr.lo  
libtool: link: llvm-ar cr .libs/libthwstr.a .libs/thwstr.o 
libtool: link: llvm-ranlib .libs/libthwstr.a
libtool: link: ( cd ".libs" && rm -f "libthwstr.la" && ln -s "../libthwstr.la" "libthwstr.la" )
make[2]: Leaving directory '/home/builder/build/src/libthai/src/thwstr'
Making all in thwbrk
make[2]: Entering directory '/home/builder/build/src/libthai/src/thwbrk'
/bin/sh ../../libtool  --tag=CC   --mode=compile clang -std=gnu23 -DPACKAGE_NAME=\"libthai\" -DPACKAGE_TARNAME=\"libthai\" -DPACKAGE_VERSION=\"0.1.30\" -DPACKAGE_STRING=\"libthai\ 0.1.30\" -DPACKAGE_BUGREPORT=\"https://github.com/tlwg/libthai/issues\" -DPACKAGE_URL=\"\" -DPACKAGE=\"libthai\" -DVERSION=\"0.1.30\" -DHAVE_STDIO_H=1 -DHAVE_STDLIB_H=1 -DHAVE_STRING_H=1 -DHAVE_INTTYPES_H=1 -DHAVE_STDINT_H=1 -DHAVE_STRINGS_H=1 -DHAVE_SYS_STAT_H=1 -DHAVE_SYS_TYPES_H=1 -DHAVE_UNISTD_H=1 -DSTDC_HEADERS=1 -DHAVE_DLFCN_H=1 -DLT_OBJDIR=\".libs/\" -DHAVE_STDDEF_H=1 -DHAVE_STDLIB_H=1 -DHAVE_STRING_H=1 -DHAVE_WCHAR_H=1 -I.  -I. -I../../src -I../../include   -march=x86-64-v3 -O2 -pipe -fno-plt -fexceptions         -Wp,-D_FORTIFY_SOURCE=3 -fstack-clash-protection -fcf-protection -Wall -DNDEBUG -MT thwbrk.lo -MD -MP -MF .deps/thwbrk.Tpo -c -o thwbrk.lo thwbrk.c
libtool: compile:  clang -std=gnu23 -DPACKAGE_NAME=\"libthai\" -DPACKAGE_TARNAME=\"libthai\" -DPACKAGE_VERSION=\"0.1.30\" "-DPACKAGE_STRING=\"libthai 0.1.30\"" -DPACKAGE_BUGREPORT=\"https://github.com/tlwg/libthai/issues\" -DPACKAGE_URL=\"\" -DPACKAGE=\"libthai\" -DVERSION=\"0.1.30\" -DHAVE_STDIO_H=1 -DHAVE_STDLIB_H=1 -DHAVE_STRING_H=1 -DHAVE_INTTYPES_H=1 -DHAVE_STDINT_H=1 -DHAVE_STRINGS_H=1 -DHAVE_SYS_STAT_H=1 -DHAVE_SYS_TYPES_H=1 -DHAVE_UNISTD_H=1 -DSTDC_HEADERS=1 -DHAVE_DLFCN_H=1 -DLT_OBJDIR=\".libs/\" -DHAVE_STDDEF_H=1 -DHAVE_STDLIB_H=1 -DHAVE_STRING_H=1 -DHAVE_WCHAR_H=1 -I. -I. -I../../src -I../../include -march=x86-64-v3 -O2 -pipe -fno-plt -fexceptions -Wp,-D_FORTIFY_SOURCE=3 -fstack-clash-protection -fcf-protection -Wall -DNDEBUG -MT thwbrk.lo -MD -MP -MF .deps/thwbrk.Tpo -c thwbrk.c  -fPIC -DPIC -o .libs/thwbrk.o
libtool: compile:  clang -std=gnu23 -DPACKAGE_NAME=\"libthai\" -DPACKAGE_TARNAME=\"libthai\" -DPACKAGE_VERSION=\"0.1.30\" "-DPACKAGE_STRING=\"libthai 0.1.30\"" -DPACKAGE_BUGREPORT=\"https://github.com/tlwg/libthai/issues\" -DPACKAGE_URL=\"\" -DPACKAGE=\"libthai\" -DVERSION=\"0.1.30\" -DHAVE_STDIO_H=1 -DHAVE_STDLIB_H=1 -DHAVE_STRING_H=1 -DHAVE_INTTYPES_H=1 -DHAVE_STDINT_H=1 -DHAVE_STRINGS_H=1 -DHAVE_SYS_STAT_H=1 -DHAVE_SYS_TYPES_H=1 -DHAVE_UNISTD_H=1 -DSTDC_HEADERS=1 -DHAVE_DLFCN_H=1 -DLT_OBJDIR=\".libs/\" -DHAVE_STDDEF_H=1 -DHAVE_STDLIB_H=1 -DHAVE_STRING_H=1 -DHAVE_WCHAR_H=1 -I. -I. -I../../src -I../../include -march=x86-64-v3 -O2 -pipe -fno-plt -fexceptions -Wp,-D_FORTIFY_SOURCE=3 -fstack-clash-protection -fcf-protection -Wall -DNDEBUG -MT thwbrk.lo -MD -MP -MF .deps/thwbrk.Tpo -c thwbrk.c -o thwbrk.o >/dev/null 2>&1
mv -f .deps/thwbrk.Tpo .deps/thwbrk.Plo
/bin/sh ../../libtool  --tag=CC   --mode=link clang -std=gnu23  -march=x86-64-v3 -O2 -pipe -fno-plt -fexceptions         -Wp,-D_FORTIFY_SOURCE=3 -fstack-clash-protection -fcf-protection -Wall -DNDEBUG  -Wl,-O1 -Wl,--sort-common -Wl,--as-needed -Wl,-z,relro -Wl,-z,now -Wl,--undefined-version -Wl,--hash-style=gnu -Wl,--compress-debug-sections=zstd -o libthwbrk.la  thwbrk.lo  
libtool: link: llvm-ar cr .libs/libthwbrk.a .libs/thwbrk.o 
libtool: link: llvm-ranlib .libs/libthwbrk.a
libtool: link: ( cd ".libs" && rm -f "libthwbrk.la" && ln -s "../libthwbrk.la" "libthwbrk.la" )
make[2]: Leaving directory '/home/builder/build/src/libthai/src/thwbrk'
Making all in utils
make[2]: Entering directory '/home/builder/build/src/libthai/src/utils'
make[2]: Nothing to be done for 'all'.
make[2]: Leaving directory '/home/builder/build/src/libthai/src/utils'
make[2]: Entering directory '/home/builder/build/src/libthai/src'
/bin/sh ../libtool  --tag=CC   --mode=compile clang -std=gnu23 -DPACKAGE_NAME=\"libthai\" -DPACKAGE_TARNAME=\"libthai\" -DPACKAGE_VERSION=\"0.1.30\" -DPACKAGE_STRING=\"libthai\ 0.1.30\" -DPACKAGE_BUGREPORT=\"https://github.com/tlwg/libthai/issues\" -DPACKAGE_URL=\"\" -DPACKAGE=\"libthai\" -DVERSION=\"0.1.30\" -DHAVE_STDIO_H=1 -DHAVE_STDLIB_H=1 -DHAVE_STRING_H=1 -DHAVE_INTTYPES_H=1 -DHAVE_STDINT_H=1 -DHAVE_STRINGS_H=1 -DHAVE_SYS_STAT_H=1 -DHAVE_SYS_TYPES_H=1 -DHAVE_UNISTD_H=1 -DSTDC_HEADERS=1 -DHAVE_DLFCN_H=1 -DLT_OBJDIR=\".libs/\" -DHAVE_STDDEF_H=1 -DHAVE_STDLIB_H=1 -DHAVE_STRING_H=1 -DHAVE_WCHAR_H=1 -I.  -I. -I../src -I../include    -march=x86-64-v3 -O2 -pipe -fno-plt -fexceptions         -Wp,-D_FORTIFY_SOURCE=3 -fstack-clash-protection -fcf-protection -Wall -DNDEBUG -MT libthai.lo -MD -MP -MF .deps/libthai.Tpo -c -o libthai.lo libthai.c
libtool: compile:  clang -std=gnu23 -DPACKAGE_NAME=\"libthai\" -DPACKAGE_TARNAME=\"libthai\" -DPACKAGE_VERSION=\"0.1.30\" "-DPACKAGE_STRING=\"libthai 0.1.30\"" -DPACKAGE_BUGREPORT=\"https://github.com/tlwg/libthai/issues\" -DPACKAGE_URL=\"\" -DPACKAGE=\"libthai\" -DVERSION=\"0.1.30\" -DHAVE_STDIO_H=1 -DHAVE_STDLIB_H=1 -DHAVE_STRING_H=1 -DHAVE_INTTYPES_H=1 -DHAVE_STDINT_H=1 -DHAVE_STRINGS_H=1 -DHAVE_SYS_STAT_H=1 -DHAVE_SYS_TYPES_H=1 -DHAVE_UNISTD_H=1 -DSTDC_HEADERS=1 -DHAVE_DLFCN_H=1 -DLT_OBJDIR=\".libs/\" -DHAVE_STDDEF_H=1 -DHAVE_STDLIB_H=1 -DHAVE_STRING_H=1 -DHAVE_WCHAR_H=1 -I. -I. -I../src -I../include -march=x86-64-v3 -O2 -pipe -fno-plt -fexceptions -Wp,-D_FORTIFY_SOURCE=3 -fstack-clash-protection -fcf-protection -Wall -DNDEBUG -MT libthai.lo -MD -MP -MF .deps/libthai.Tpo -c libthai.c  -fPIC -DPIC -o .libs/libthai.o
libtool: compile:  clang -std=gnu23 -DPACKAGE_NAME=\"libthai\" -DPACKAGE_TARNAME=\"libthai\" -DPACKAGE_VERSION=\"0.1.30\" "-DPACKAGE_STRING=\"libthai 0.1.30\"" -DPACKAGE_BUGREPORT=\"https://github.com/tlwg/libthai/issues\" -DPACKAGE_URL=\"\" -DPACKAGE=\"libthai\" -DVERSION=\"0.1.30\" -DHAVE_STDIO_H=1 -DHAVE_STDLIB_H=1 -DHAVE_STRING_H=1 -DHAVE_INTTYPES_H=1 -DHAVE_STDINT_H=1 -DHAVE_STRINGS_H=1 -DHAVE_SYS_STAT_H=1 -DHAVE_SYS_TYPES_H=1 -DHAVE_UNISTD_H=1 -DSTDC_HEADERS=1 -DHAVE_DLFCN_H=1 -DLT_OBJDIR=\".libs/\" -DHAVE_STDDEF_H=1 -DHAVE_STDLIB_H=1 -DHAVE_STRING_H=1 -DHAVE_WCHAR_H=1 -I. -I. -I../src -I../include -march=x86-64-v3 -O2 -pipe -fno-plt -fexceptions -Wp,-D_FORTIFY_SOURCE=3 -fstack-clash-protection -fcf-protection -Wall -DNDEBUG -MT libthai.lo -MD -MP -MF .deps/libthai.Tpo -c libthai.c -o libthai.o >/dev/null 2>&1
mv -f .deps/libthai.Tpo .deps/libthai.Plo
/bin/sh ../libtool  --tag=CC   --mode=link clang -std=gnu23  -march=x86-64-v3 -O2 -pipe -fno-plt -fexceptions         -Wp,-D_FORTIFY_SOURCE=3 -fstack-clash-protection -fcf-protection -Wall -DNDEBUG -no-undefined -version-info 3:2:3 -Wl,-version-script -Wl,./libthai.map -Wl,-O1 -Wl,--sort-common -Wl,--as-needed -Wl,-z,relro -Wl,-z,now -Wl,--undefined-version -Wl,--hash-style=gnu -Wl,--compress-debug-sections=zstd -o libthai.la -rpath /usr/lib libthai.lo ../src/thctype/libthctype.la ../src/thstr/libthstr.la ../src/thcell/libthcell.la ../src/thinp/libthinp.la ../src/thrend/libthrend.la ../src/thcoll/libthcoll.la ../src/thbrk/libthbrk.la ../src/thwchar/libthwchar.la ../src/thwctype/libthwctype.la ../src/thwstr/libthwstr.la ../src/thwbrk/libthwbrk.la  
libtool: link: clang -std=gnu23 -shared  -fPIC -DPIC  .libs/libthai.o  -Wl,--whole-archive ../src/thctype/.libs/libthctype.a ../src/thstr/.libs/libthstr.a ../src/thcell/.libs/libthcell.a ../src/thinp/.libs/libthinp.a ../src/thrend/.libs/libthrend.a ../src/thcoll/.libs/libthcoll.a ../src/thbrk/.libs/libthbrk.a ../src/thwchar/.libs/libthwchar.a ../src/thwctype/.libs/libthwctype.a ../src/thwstr/.libs/libthwstr.a ../src/thwbrk/.libs/libthwbrk.a -Wl,--no-whole-archive  -Wl,--as-needed -ldatrie  -march=x86-64-v3 -O2 -Wp,-D_FORTIFY_SOURCE=3 -Wall -Wl,-version-script -Wl,./libthai.map -Wl,-O1 -Wl,--sort-common -Wl,-z -Wl,relro -Wl,-z -Wl,now -Wl,--undefined-version -Wl,--hash-style=gnu -Wl,--compress-debug-sections=zstd   -Wl,-soname -Wl,libthai.so.0 -o .libs/libthai.so.0.3.2
libtool: link: (cd ".libs" && rm -f "libthai.so.0" && ln -s "libthai.so.0.3.2" "libthai.so.0")
libtool: link: (cd ".libs" && rm -f "libthai.so" && ln -s "libthai.so.0.3.2" "libthai.so")
libtool: link: (cd .libs/libthai.lax/libthctype.a && llvm-ar x "/home/builder/build/src/libthai/src/../src/thctype/.libs/libthctype.a")
libtool: link: (cd .libs/libthai.lax/libthstr.a && llvm-ar x "/home/builder/build/src/libthai/src/../src/thstr/.libs/libthstr.a")
libtool: link: (cd .libs/libthai.lax/libthcell.a && llvm-ar x "/home/builder/build/src/libthai/src/../src/thcell/.libs/libthcell.a")
libtool: link: (cd .libs/libthai.lax/libthinp.a && llvm-ar x "/home/builder/build/src/libthai/src/../src/thinp/.libs/libthinp.a")
libtool: link: (cd .libs/libthai.lax/libthrend.a && llvm-ar x "/home/builder/build/src/libthai/src/../src/thrend/.libs/libthrend.a")
libtool: link: (cd .libs/libthai.lax/libthcoll.a && llvm-ar x "/home/builder/build/src/libthai/src/../src/thcoll/.libs/libthcoll.a")
libtool: link: (cd .libs/libthai.lax/libthbrk.a && llvm-ar x "/home/builder/build/src/libthai/src/../src/thbrk/.libs/libthbrk.a")
libtool: link: (cd .libs/libthai.lax/libthwchar.a && llvm-ar x "/home/builder/build/src/libthai/src/../src/thwchar/.libs/libthwchar.a")
libtool: link: (cd .libs/libthai.lax/libthwctype.a && llvm-ar x "/home/builder/build/src/libthai/src/../src/thwctype/.libs/libthwctype.a")
libtool: link: (cd .libs/libthai.lax/libthwstr.a && llvm-ar x "/home/builder/build/src/libthai/src/../src/thwstr/.libs/libthwstr.a")
libtool: link: (cd .libs/libthai.lax/libthwbrk.a && llvm-ar x "/home/builder/build/src/libthai/src/../src/thwbrk/.libs/libthwbrk.a")
libtool: link: llvm-ar cr .libs/libthai.a libthai.o  .libs/libthai.lax/libthctype.a/thctype.o .libs/libthai.lax/libthctype.a/wtt.o  .libs/libthai.lax/libthstr.a/thstr.o  .libs/libthai.lax/libthcell.a/thcell.o  .libs/libthai.lax/libthinp.a/thinp.o  .libs/libthai.lax/libthrend.a/thrend.o  .libs/libthai.lax/libthcoll.a/cweight.o .libs/libthai.lax/libthcoll.a/thcoll.o  .libs/libthai.lax/libthbrk.a/brk-common.o .libs/libthai.lax/libthbrk.a/brk-ctype.o .libs/libthai.lax/libthbrk.a/brk-maximal.o .libs/libthai.lax/libthbrk.a/thbrk.o  .libs/libthai.lax/libthwchar.a/thwchar.o  .libs/libthai.lax/libthwctype.a/thwctype.o  .libs/libthai.lax/libthwstr.a/thwstr.o  .libs/libthai.lax/libthwbrk.a/thwbrk.o 
libtool: link: llvm-ranlib .libs/libthai.a
libtool: link: rm -fr .libs/libthai.lax
libtool: link: ( cd ".libs" && rm -f "libthai.la" && ln -s "../libthai.la" "libthai.la" )
make[2]: Leaving directory '/home/builder/build/src/libthai/src'
make[1]: Leaving directory '/home/builder/build/src/libthai/src'
Making all in data
make[1]: Entering directory '/home/builder/build/src/libthai/data'
cat ./tdict-common.txt ./tdict-collection.txt ./tdict-currency.txt ./tdict-district.txt ./tdict-city.txt ./tdict-country.txt ./tdict-geo.txt ./tdict-history.txt ./tdict-ict.txt ./tdict-lang-ethnic.txt ./tdict-proper.txt ./tdict-science.txt ./tdict-slang.txt ./tdict-spell.txt ./tdict-std.txt ./tdict-std-compound.txt | LC_ALL=C sort -u > tdict.txt
if test ! -e thbrk.abm; then \
  ln -s ../data/thbrk.abm . ; \
fi
rm -f thbrk.tri
trietool-0.2 thbrk add-list -e utf-8 tdict.txt
make[1]: Leaving directory '/home/builder/build/src/libthai/data'
Making all in tests
make[1]: Entering directory '/home/builder/build/src/libthai/tests'
make[1]: Nothing to be done for 'all'.
make[1]: Leaving directory '/home/builder/build/src/libthai/tests'
Making all in doc
make[1]: Entering directory '/home/builder/build/src/libthai/doc'
doxygen
warning: Tag 'DOT_MULTI_TARGETS' at line 2974 of file 'Doxyfile' has become obsolete.
         To avoid this warning please remove this line from your configuration file or upgrade it using "doxygen -u"
Doxygen version used: 1.18.0
Searching for include files...
Searching for example files...
Searching for images...
Searching for dot files...
Searching for msc files...
Searching for dia files...
Searching for plantuml files...
Searching for mermaid files...
Searching for files to exclude
Searching INPUT for files to process...
Searching for files in directory /home/builder/build/src/libthai/
Searching for files in directory /home/builder/build/src/libthai/build-aux
Searching for files in directory /home/builder/build/src/libthai/data
Searching for files in directory /home/builder/build/src/libthai/data/references
Searching for files in directory /home/builder/build/src/libthai/data/references/nectec
Searching for files in directory /home/builder/build/src/libthai/doc
Searching for files in directory /home/builder/build/src/libthai/doc/html
Searching for files in directory /home/builder/build/src/libthai/include
Searching for files in directory /home/builder/build/src/libthai/include/thai
Searching for files in directory /home/builder/build/src/libthai/man
Searching for files in directory /home/builder/build/src/libthai/man/man3
Searching for files in directory /home/builder/build/src/libthai/nsis
Searching for files in directory /home/builder/build/src/libthai/nsis/contrib
Searching for files in directory /home/builder/build/src/libthai/src
Searching for files in directory /home/builder/build/src/libthai/src/thbrk
Searching for files in directory /home/builder/build/src/libthai/src/thcell
Searching for files in directory /home/builder/build/src/libthai/src/thcoll
Searching for files in directory /home/builder/build/src/libthai/src/thctype
Searching for files in directory /home/builder/build/src/libthai/src/thinp
Searching for files in directory /home/builder/build/src/libthai/src/thrend
Searching for files in directory /home/builder/build/src/libthai/src/thstr
Searching for files in directory /home/builder/build/src/libthai/src/thwbrk
Searching for files in directory /home/builder/build/src/libthai/src/thwchar
Searching for files in directory /home/builder/build/src/libthai/src/thwctype
Searching for files in directory /home/builder/build/src/libthai/src/thwstr
Searching for files in directory /home/builder/build/src/libthai/src/utils
Searching for files in directory /home/builder/build/src/libthai/tests
Searching for files in directory /home/builder/build/src/libthai/autom4te.cache
Searching for files in directory /home/builder/build/src/libthai/m4
Reading and parsing tag files
Parsing files
Preprocessing /home/builder/build/src/libthai/include/thai/thailib.h...
Parsing file /home/builder/build/src/libthai/include/thai/thailib.h...
Preprocessing /home/builder/build/src/libthai/include/thai/thbrk.h...
Parsing file /home/builder/build/src/libthai/include/thai/thbrk.h...
Preprocessing /home/builder/build/src/libthai/include/thai/thcell.h...
Parsing file /home/builder/build/src/libthai/include/thai/thcell.h...
Preprocessing /home/builder/build/src/libthai/include/thai/thcoll.h...
Parsing file /home/builder/build/src/libthai/include/thai/thcoll.h...
Preprocessing /home/builder/build/src/libthai/include/thai/thctype.h...
Parsing file /home/builder/build/src/libthai/include/thai/thctype.h...
Preprocessing /home/builder/build/src/libthai/include/thai/thinp.h...
Parsing file /home/builder/build/src/libthai/include/thai/thinp.h...
Preprocessing /home/builder/build/src/libthai/include/thai/thrend.h...
Parsing file /home/builder/build/src/libthai/include/thai/thrend.h...
Preprocessing /home/builder/build/src/libthai/include/thai/thstr.h...
Parsing file /home/builder/build/src/libthai/include/thai/thstr.h...
Preprocessing /home/builder/build/src/libthai/include/thai/thwbrk.h...
Parsing file /home/builder/build/src/libthai/include/thai/thwbrk.h...
Preprocessing /home/builder/build/src/libthai/include/thai/thwchar.h...
Parsing file /home/builder/build/src/libthai/include/thai/thwchar.h...
Preprocessing /home/builder/build/src/libthai/include/thai/thwcoll.h...
Parsing file /home/builder/build/src/libthai/include/thai/thwcoll.h...
Prep/home/builder/build/src/libthai/src/libthai.c:102: warning: Reached end of file while still searching closing '`' of a verbatim block starting at line 41
/home/builder/build/src/libthai/src/libthai.c:102: warning: Reached end of file while still inside a (nested) comment. Nesting level 1 (possible line reference(s): 27)
/home/builder/build/src/libthai/src/libthai.c:89: warning: Found end of C comment inside a '`' block without matching start of the comment! Maybe the end marker for the block is missing?
rocessing /home/builder/build/src/libthai/include/thai/thwctype.h...
Parsing file /home/builder/build/src/libthai/include/thai/thwctype.h...
Preprocessing /home/builder/build/src/libthai/include/thai/thwinp.h...
Parsing file /home/builder/build/src/libthai/include/thai/thwinp.h...
Preprocessing /home/builder/build/src/libthai/include/thai/thwrend.h...
Parsing file /home/builder/build/src/libthai/include/thai/thwrend.h...
Preprocessing /home/builder/build/src/libthai/include/thai/thwstr.h...
Parsing file /home/builder/build/src/libthai/include/thai/thwstr.h...
Preprocessing /home/builder/build/src/libthai/include/thai/tis.h...
Parsing file /home/builder/build/src/libthai/include/thai/tis.h...
Preprocessing /home/builder/build/src/libthai/include/thai/wtt.h...
Parsing file /home/builder/build/src/libthai/include/thai/wtt.h...
Preprocessing /home/builder/build/src/libthai/src/libthai.c...
Parsing file /home/builder/build/src/libthai/src/libthai.c...
Preprocessing /home/builder/build/src/libthai/src/thbrk/brk-common.c...
Parsing file /home/builder/build/src/libthai/src/thbrk/brk-common.c...
Preprocessing /home/builder/build/src/libthai/src/thbrk/brk-common.h...
Parsing file /home/builder/build/src/libthai/src/thbrk/brk-common.h...
Preprocessing /home/builder/build/src/libthai/src/thbrk/brk-ctype.c...
Parsing file /home/builder/build/src/libthai/src/thbrk/brk-ctype.c...
Preprocessing /home/builder/build/src/libthai/src/thbrk/brk-ctype.h...
Parsing file /home/builder/build/src/libthai/src/thbrk/brk-ctype.h...
Preprocessing /home/builder/build/src/libthai/src/thbrk/brk-maximal.c...
Parsing file /home/builder/build/src/libthai/src/thbrk/brk-maximal.c...
Preprocessing /home/builder/build/src/libthai/src/thbrk/brk-maximal.h...
Parsing file /home/builder/build/src/libthai/src/thbrk/brk-maximal.h...
Preprocessing /home/builder/build/src/libthai/src/thbrk/thbrk-priv.h...
Parsing file /home/builder/build/src/libthai/src/thbrk/thbrk-priv.h...
Preprocessing /home/builder/build/src/libthai/src/thbrk/thbrk.c...
Parsing file /home/builder/build/src/libthai/src/thbrk/thbrk.c...
Preprocessing /home/builder/build/src/libthai/src/thcell/thcell.c...
Parsing file /home/builder/build/src/libthai/src/thcell/thcell.c...
Preprocessing /home/builder/build/src/libthai/src/thcoll/cweight.c...
Parsing file /home/builder/build/src/libthai/src/thcoll/cweight.c...
Preprocessing /home/builder/build/src/libthai/src/thcoll/cweight.h...
Parsing file /home/builder/build/src/libthai/src/thcoll/cweight.h...
Preprocessing /home/builder/build/src/libthai/src/thcoll/thcoll.c...
Parsing file /home/builder/build/src/libthai/src/thcoll/thcoll.c...
Preprocessing /home/builder/build/src/libthai/src/thctype/thctype.c...
Parsing file /home/builder/build/src/libthai/src/thctype/thctype.c...
Preprocessing /home/builder/build/src/libthai/src/thctype/wtt.c...
Parsing file /home/builder/build/src/libthai/src/thctype/wtt.c...
Preprocessing /home/builder/build/src/libthai/src/thinp/thinp.c...
Parsing file /home/builder/build/src/libthai/src/thinp/thinp.c...
Preprocessing /home/builder/build/src/libthai/src/thrend/thrend.c...
Parsing file /home/builder/build/src/libthai/src/thrend/thrend.c...
Preprocessing /home/builder/build/src/libthai/src/thstr/thstr.c...
Parsing file /home/builder/build/src/libthai/src/thstr/thstr.c...
Preprocessing /home/builder/build/src/libthai/src/thwbrk/thwbrk.c...
Parsing file /home/builder/build/src/libthai/src/thwbrk/thwbrk.c...
Preprocessing /home/builder/build/src/libthai/src/thwchar/thwchar.c...
Parsing file /home/builder/build/src/libthai/src/thwchar/thwchar.c...
Preprocessing /home/builder/build/src/libthai/src/thwctype/thwctype.c...
Parsing file /home/builder/build/src/libthai/src/thwctype/thwctype.c...
Preprocessing /home/builder/build/src/libthai/src/thwstr/thwstr.c...
Parsing file /home/builder/build/src/libthai/src/thwstr/thwstr.c...
Preprocessing /home/builder/build/src/libthai/src/utils/priv-utils.h...
Parsing file /home/builder/build/src/libthai/src/utils/priv-utils.h...
Preprocessing /home/builder/build/src/libthai/tests/test_thbrk.c...
P/home/builder/build/src/libthai/src/thwchar/thwchar.c:129: warning: expected whitespace after \c command
/home/builder/build/src/libthai/src/thwchar/thwchar.c:202: warning: expected whitespace after \c command
arsing file /home/builder/build/src/libthai/tests/test_thbrk.c...
Preprocessing /home/builder/build/src/libthai/tests/test_thcell.c...
Parsing file /home/builder/build/src/libthai/tests/test_thcell.c...
Preprocessing /home/builder/build/src/libthai/tests/test_thctype.c...
Parsing file /home/builder/build/src/libthai/tests/test_thctype.c...
Preprocessing /home/builder/build/src/libthai/tests/test_thinp.c...
Parsing file /home/builder/build/src/libthai/tests/test_thinp.c...
Preprocessing /home/builder/build/src/libthai/tests/test_thrend.c...
Parsing file /home/builder/build/src/libthai/tests/test_thrend.c...
Preprocessing /home/builder/build/src/libthai/tests/test_thstr.c...
Parsing file /home/builder/build/src/libthai/tests/test_thstr.c...
Preprocessing /home/builder/build/src/libthai/tests/test_thwbrk.c...
Parsing file /home/builder/build/src/libthai/tests/test_thwbrk.c...
Preprocessing /home/builder/build/src/libthai/tests/test_thwchar.c...
Parsing file /home/builder/build/src/libthai/tests/test_thwchar.c...
Preprocessing /home/builder/build/src/libthai/tests/thsort.c...
Parsing file /home/builder/build/src/libthai/tests/thsort.c...
Building macro definition list...
Building group list...
Building directory list...
Building namespace list...
Building file list...
Building class list...
Building concept list...
Computing nesting relations for classes...
Associating documentation with classes...
Associating documentation with concepts...
Associating documentation with modules...
Building example list...
Searching for enumerations...
Searching for documented typedefs...
Searching for members imported via using declarations...
Searching for included using directives...
Searching for documented variables...
Building interface member list...
Building member list...
Searching for friends...
Searching for documented defines...
Computing class inheritance relations...
Computing class usage relations...
Flushing cached template relations that have become invalid...
Warn for undocumented namespaces...
Computing class relations...
Add enum values to enums...
Searching for member function documentation...
Creating members for template instances...
Searching for tag less structs...
Building page list...
Building requirements list...
Search for main page...
Computing page relations...
Determining the scope of groups...
Computing module relations...
Sorting lists...
Determining which enums are documented
Computing member relations...
Building full member lists recursively...
Adding members to member groups.
Computing member references...
Inheriting documentation...
Generating disk names...
Adding source references...
Adding xrefitems...
Adding requirements...
Sorting member lists...
Setting anonymous enum type...
Computing dependencies between directories...
Generating citations page...
Counting data structures...
Resolving user defined references...
Finding anchors and sections in the documentation...
Transferring function references...
Combining using relations...
Adding members to index pages...
Correcting members for VHDL...
Computing tooltip texts...
Generating style sheet...
Generating search indices...
Generating example documentation...
Generating file sources...
Counting members...
Generating file documentation...
Generating docs for file thai/thailib.h...
Generating docs for file thai/thbrk.h...
Generating docs for file thai/thcell.h...
Generating docs for file thai/thcoll.h...
Generating docs for file thai/thctype.h...
Generating docs for file thai/thinp.h...
Generating docs for file thai/thrend.h...
Generating docs for file thai/thstr.h...
Generating docs for file thai/thwbrk.h...
Generating docs for file thai/thwchar.h...
Generating docs for file thai/thwcoll.h...
Generating docs for file thai/thwctype.h...
Generating docs for file thai/thwstr.h...
Generating docs for file thai/tis.h...
Generating docs for file thai/wtt.h...
Generating page documentation...
Generating group documentation...
Generating class documentation...
Generating docs for compound _BrkShot...
Generating docs for compound BestBrk...
Generating docs for compound RecovHist...
Generating docs for compound thcell_t...
Generating docs for compound thinpconv_t...
Generating concept documentation...
Generating module documentation...
Generating namespace documentation...
Generating graph info page...
Generating directory documentation...
Generating index page...
Generating main page...
Generating page index...
Generating topic index...
Generating module index...
Generating module member index...
Generating namespace index...
Generating namespace member index...
Generating concept index...
Generating annotated compound index...
Generating alphabetical compound index...
Generating hierarchical class index...
Generating member index...
Generating file index...
Generating file member index...
Generating example index...
finalizing index lists...
writing tag file...
type lookup cache used 65/65536 hits=665 misses=82
symbol lookup cache used 219/65536 hits=147 misses=219
finished...
touch doxygen.stamp
make[1]: Leaving directory '/home/builder/build/src/libthai/doc'
make[1]: Entering directory '/home/builder/build/src/libthai'
make[1]: Nothing to be done for 'all-am'.
make[1]: Leaving directory '/home/builder/build/src/libthai'
==> Entering fakeroot environment...
==> Starting package()...
Making install in include
make[1]: Entering directory '/home/builder/build/src/libthai/include'
Making install in thai
make[2]: Entering directory '/home/builder/build/src/libthai/include/thai'
make[3]: Entering directory '/home/builder/build/src/libthai/include/thai'
make[3]: Nothing to be done for 'install-exec-am'.
 /usr/sbin/mkdir -p '/home/builder/build/pkg/libthai/usr/include/thai'
 /usr/bin/install -c -m 644 thailib.h thctype.h thstr.h thcoll.h thcell.h thinp.h thrend.h thbrk.h thwchar.h thwctype.h thwcoll.h thwinp.h thwrend.h thwstr.h thwbrk.h tis.h wtt.h '/home/builder/build/pkg/libthai/usr/include/thai'
make[3]: Leaving directory '/home/builder/build/src/libthai/include/thai'
make[2]: Leaving directory '/home/builder/build/src/libthai/include/thai'
make[2]: Entering directory '/home/builder/build/src/libthai/include'
make[3]: Entering directory '/home/builder/build/src/libthai/include'
make[3]: Nothing to be done for 'install-exec-am'.
make[3]: Nothing to be done for 'install-data-am'.
make[3]: Leaving directory '/home/builder/build/src/libthai/include'
make[2]: Leaving directory '/home/builder/build/src/libthai/include'
make[1]: Leaving directory '/home/builder/build/src/libthai/include'
Making install in src
make[1]: Entering directory '/home/builder/build/src/libthai/src'
Making install in thctype
make[2]: Entering directory '/home/builder/build/src/libthai/src/thctype'
make[3]: Entering directory '/home/builder/build/src/libthai/src/thctype'
make[3]: Nothing to be done for 'install-exec-am'.
make[3]: Nothing to be done for 'install-data-am'.
make[3]: Leaving directory '/home/builder/build/src/libthai/src/thctype'
make[2]: Leaving directory '/home/builder/build/src/libthai/src/thctype'
Making install in thstr
make[2]: Entering directory '/home/builder/build/src/libthai/src/thstr'
make[3]: Entering directory '/home/builder/build/src/libthai/src/thstr'
make[3]: Nothing to be done for 'install-exec-am'.
make[3]: Nothing to be done for 'install-data-am'.
make[3]: Leaving directory '/home/builder/build/src/libthai/src/thstr'
make[2]: Leaving directory '/home/builder/build/src/libthai/src/thstr'
Making install in thcell
make[2]: Entering directory '/home/builder/build/src/libthai/src/thcell'
make[3]: Entering directory '/home/builder/build/src/libthai/src/thcell'
make[3]: Nothing to be done for 'install-exec-am'.
make[3]: Nothing to be done for 'install-data-am'.
make[3]: Leaving directory '/home/builder/build/src/libthai/src/thcell'
make[2]: Leaving directory '/home/builder/build/src/libthai/src/thcell'
Making install in thinp
make[2]: Entering directory '/home/builder/build/src/libthai/src/thinp'
make[3]: Entering directory '/home/builder/build/src/libthai/src/thinp'
make[3]: Nothing to be done for 'install-exec-am'.
make[3]: Nothing to be done for 'install-data-am'.
make[3]: Leaving directory '/home/builder/build/src/libthai/src/thinp'
make[2]: Leaving directory '/home/builder/build/src/libthai/src/thinp'
Making install in thrend
make[2]: Entering directory '/home/builder/build/src/libthai/src/thrend'
make[3]: Entering directory '/home/builder/build/src/libthai/src/thrend'
make[3]: Nothing to be done for 'install-exec-am'.
make[3]: Nothing to be done for 'install-data-am'.
make[3]: Leaving directory '/home/builder/build/src/libthai/src/thrend'
make[2]: Leaving directory '/home/builder/build/src/libthai/src/thrend'
Making install in thcoll
make[2]: Entering directory '/home/builder/build/src/libthai/src/thcoll'
make[3]: Entering directory '/home/builder/build/src/libthai/src/thcoll'
make[3]: Nothing to be done for 'install-exec-am'.
make[3]: Nothing to be done for 'install-data-am'.
make[3]: Leaving directory '/home/builder/build/src/libthai/src/thcoll'
make[2]: Leaving directory '/home/builder/build/src/libthai/src/thcoll'
Making install in thbrk
make[2]: Entering directory '/home/builder/build/src/libthai/src/thbrk'
make[3]: Entering directory '/home/builder/build/src/libthai/src/thbrk'
make[3]: Nothing to be done for 'install-exec-am'.
make[3]: Nothing to be done for 'install-data-am'.
make[3]: Leaving directory '/home/builder/build/src/libthai/src/thbrk'
make[2]: Leaving directory '/home/builder/build/src/libthai/src/thbrk'
Making install in thwchar
make[2]: Entering directory '/home/builder/build/src/libthai/src/thwchar'
make[3]: Entering directory '/home/builder/build/src/libthai/src/thwchar'
make[3]: Nothing to be done for 'install-exec-am'.
make[3]: Nothing to be done for 'install-data-am'.
make[3]: Leaving directory '/home/builder/build/src/libthai/src/thwchar'
make[2]: Leaving directory '/home/builder/build/src/libthai/src/thwchar'
Making install in thwctype
make[2]: Entering directory '/home/builder/build/src/libthai/src/thwctype'
make[3]: Entering directory '/home/builder/build/src/libthai/src/thwctype'
make[3]: Nothing to be done for 'install-exec-am'.
make[3]: Nothing to be done for 'install-data-am'.
make[3]: Leaving directory '/home/builder/build/src/libthai/src/thwctype'
make[2]: Leaving directory '/home/builder/build/src/libthai/src/thwctype'
Making install in thwstr
make[2]: Entering directory '/home/builder/build/src/libthai/src/thwstr'
make[3]: Entering directory '/home/builder/build/src/libthai/src/thwstr'
make[3]: Nothing to be done for 'install-exec-am'.
make[3]: Nothing to be done for 'install-data-am'.
make[3]: Leaving directory '/home/builder/build/src/libthai/src/thwstr'
make[2]: Leaving directory '/home/builder/build/src/libthai/src/thwstr'
Making install in thwbrk
make[2]: Entering directory '/home/builder/build/src/libthai/src/thwbrk'
make[3]: Entering directory '/home/builder/build/src/libthai/src/thwbrk'
make[3]: Nothing to be done for 'install-exec-am'.
make[3]: Nothing to be done for 'install-data-am'.
make[3]: Leaving directory '/home/builder/build/src/libthai/src/thwbrk'
make[2]: Leaving directory '/home/builder/build/src/libthai/src/thwbrk'
Making install in utils
make[2]: Entering directory '/home/builder/build/src/libthai/src/utils'
make[3]: Entering directory '/home/builder/build/src/libthai/src/utils'
make[3]: Nothing to be done for 'install-exec-am'.
make[3]: Nothing to be done for 'install-data-am'.
make[3]: Leaving directory '/home/builder/build/src/libthai/src/utils'
make[2]: Leaving directory '/home/builder/build/src/libthai/src/utils'
make[2]: Entering directory '/home/builder/build/src/libthai/src'
make[3]: Entering directory '/home/builder/build/src/libthai/src'
make[3]: Nothing to be done for 'install-data-am'.
 /usr/sbin/mkdir -p '/home/builder/build/pkg/libthai/usr/lib'
 /bin/sh ../libtool   --mode=install /usr/bin/install -c   libthai.la '/home/builder/build/pkg/libthai/usr/lib'
libtool: install: /usr/bin/install -c .libs/libthai.so.0.3.2 /home/builder/build/pkg/libthai/usr/lib/libthai.so.0.3.2
libtool: install: (cd /home/builder/build/pkg/libthai/usr/lib && { ln -s -f libthai.so.0.3.2 libthai.so.0 || { rm -f libthai.so.0 && ln -s libthai.so.0.3.2 libthai.so.0; }; })
libtool: install: (cd /home/builder/build/pkg/libthai/usr/lib && { ln -s -f libthai.so.0.3.2 libthai.so || { rm -f libthai.so && ln -s libthai.so.0.3.2 libthai.so; }; })
libtool: install: /usr/bin/install -c .libs/libthai.lai /home/builder/build/pkg/libthai/usr/lib/libthai.la
libtool: install: /usr/bin/install -c .libs/libthai.a /home/builder/build/pkg/libthai/usr/lib/libthai.a
libtool: install: chmod 644 /home/builder/build/pkg/libthai/usr/lib/libthai.a
libtool: install: llvm-ranlib /home/builder/build/pkg/libthai/usr/lib/libthai.a
libtool: warning: remember to run 'libtool --finish /usr/lib'
make[3]: Leaving directory '/home/builder/build/src/libthai/src'
make[2]: Leaving directory '/home/builder/build/src/libthai/src'
make[1]: Leaving directory '/home/builder/build/src/libthai/src'
Making install in data
make[1]: Entering directory '/home/builder/build/src/libthai/data'
make[2]: Entering directory '/home/builder/build/src/libthai/data'
make[2]: Nothing to be done for 'install-exec-am'.
 /usr/sbin/mkdir -p '/home/builder/build/pkg/libthai/usr/share/libthai'
 /usr/bin/install -c -m 644 thbrk.tri '/home/builder/build/pkg/libthai/usr/share/libthai'
make[2]: Leaving directory '/home/builder/build/src/libthai/data'
make[1]: Leaving directory '/home/builder/build/src/libthai/data'
Making install in tests
make[1]: Entering directory '/home/builder/build/src/libthai/tests'
make[2]: Entering directory '/home/builder/build/src/libthai/tests'
make[2]: Nothing to be done for 'install-exec-am'.
make[2]: Nothing to be done for 'install-data-am'.
make[2]: Leaving directory '/home/builder/build/src/libthai/tests'
make[1]: Leaving directory '/home/builder/build/src/libthai/tests'
Making install in doc
make[1]: Entering directory '/home/builder/build/src/libthai/doc'
make[2]: Entering directory '/home/builder/build/src/libthai/doc'
make[2]: Nothing to be done for 'install-exec-am'.
/usr/bin/install -c -d /home/builder/build/pkg/libthai/usr/share/doc/libthai/html
/usr/bin/install -c -m 644 html/* /home/builder/build/pkg/libthai/usr/share/doc/libthai/html
make[2]: Leaving directory '/home/builder/build/src/libthai/doc'
make[1]: Leaving directory '/home/builder/build/src/libthai/doc'
make[1]: Entering directory '/home/builder/build/src/libthai'
make[2]: Entering directory '/home/builder/build/src/libthai'
make[2]: Nothing to be done for 'install-exec-am'.
 /usr/sbin/mkdir -p '/home/builder/build/pkg/libthai/usr/lib/pkgconfig'
 /usr/bin/install -c -m 644 libthai.pc '/home/builder/build/pkg/libthai/usr/lib/pkgconfig'
make[2]: Leaving directory '/home/builder/build/src/libthai'
make[1]: Leaving directory '/home/builder/build/src/libthai'
==> Tidying install...
  -> Removing libtool files...
  -> Removing static library files...
  -> Purging unwanted files...
  -> Stripping unneeded symbols from binaries and libraries...
==> Checking for packaging issues...
==> Creating package "libthai"...
  -> Generating .PKGINFO file...
warning: Public keyring not found; have you run 'pacman-key --init'?
error: kashira-v3: key "E4DF524F75FE51DD5FB0C7BA1925D86CD662878E" is unknown
error: keyring is not writable
warning: base: unknown key '%INSTALLED_DB%' in local database
warning: base-devel: unknown key '%INSTALLED_DB%' in local database
warning: Public keyring not found; have you run 'pacman-key --init'?
error: kashira-v3: key "E4DF524F75FE51DD5FB0C7BA1925D86CD662878E" is unknown
error: keyring is not writable
warning: base: unknown key '%INSTALLED_DB%' in local database
warning: base-devel: unknown key '%INSTALLED_DB%' in local database
  -> Generating .BUILDINFO file...
warning: Public keyring not found; have you run 'pacman-key --init'?
error: kashira-v3: key "E4DF524F75FE51DD5FB0C7BA1925D86CD662878E" is unknown
error: keyring is not writable
warning: base: unknown key '%INSTALLED_DB%' in local database
warning: base-devel: unknown key '%INSTALLED_DB%' in local database
  -> Generating .MTREE file...
  -> Compressing package...
==> Leaving fakeroot environment.
==> Finished making: libthai 0.1.30-1 (Sun Sep 20 01:17:29 2026)
