== build libxdmcp (deps: glibc xorgproto xorg-util-macros )
warning: glibc-2.44-2 is up to date -- skipping
resolving dependencies...
looking for conflicting packages...
warning: base: unknown key '%INSTALLED_DB%' in local database
warning: base-devel: unknown key '%INSTALLED_DB%' in local database

Packages (2) xorg-util-macros-1.20.2-1  xorgproto-2025.1-1

Total Download Size:   0.26 MiB
Total Installed Size:  1.56 MiB

:: Proceed with installation? [Y/n] 
:: Retrieving packages...
 xorgproto-2025.1-1-any downloading...
 xorg-util-macros-1.20.2-1-any downloading...
checking keyring...
checking package integrity...
loading package files...
checking for file conflicts...
:: Processing package changes...
installing xorgproto...
installing xorg-util-macros...
:: Running post-transaction hooks...
(1/1) Arming ConditionNeedsUpdate...
==> Making package: libxdmcp 1.1.5-2 (Sun Sep 20 03:27:18 2026)
==> WARNING: Skipping dependency checks.
==> Retrieving sources...
  -> Downloading libXdmcp-1.1.5.tar.xz...
  % Total    % Received % Xferd  Average Speed  Time    Time    Time   Current
                                 Dload  Upload  Total   Spent   Left   Speed
  0      0   0      0   0      0      0      0                              0 37 290.6k  37 109.3k   0      0  56826      0   00:05   00:01   00:04 109.3k100 290.6k 100 290.6k   0      0 126.2k      0   00:02   00:02         109.3k100 290.6k 100 290.6k   0      0 126.2k      0   00:02   00:02         109.3k100 290.6k 100 290.6k   0      0 126.2k      0   00:02   00:02         109.3k
  -> Downloading libXdmcp-1.1.5.tar.xz.sig...
  % Total    % Received % Xferd  Average Speed  Time    Time    Time   Current
                                 Dload  Upload  Total   Spent   Left   Speed
  0      0   0      0   0      0      0      0                              0100    566 100    566   0      0    492      0   00:01   00:01              0100    566 100    566   0      0    491      0   00:01   00:01              0100    566 100    566   0      0    491      0   00:01   00:01              0
==> WARNING: Skipping verification of source file PGP signatures.
==> Validating source files with sha512sums...
    libXdmcp-1.1.5.tar.xz ... Passed
    libXdmcp-1.1.5.tar.xz.sig ... Skipped
==> Extracting sources...
  -> Extracting libXdmcp-1.1.5.tar.xz with bsdtar
==> Starting build()...
checking for gcc... clang
checking whether the C compiler works... yes
checking for C compiler default output file name... a.out
checking for suffix of executables... 
checking whether we are cross compiling... no
checking for suffix of object files... o
checking whether the compiler supports GNU C... yes
checking whether clang accepts -g... yes
checking for clang option to enable C11 features... none needed
checking whether clang understands -c and -o together... yes
checking for stdio.h... yes
checking for stdlib.h... yes
checking for string.h... yes
checking for inttypes.h... yes
checking for stdint.h... yes
checking for strings.h... yes
checking for sys/stat.h... yes
checking for sys/types.h... yes
checking for unistd.h... yes
checking for wchar.h... yes
checking for minix/config.h... no
checking whether it is safe to define __EXTENSIONS__... yes
checking whether _XOPEN_SOURCE should be defined... no
checking for a BSD-compatible install... /usr/bin/install -c
checking whether build environment is sane... yes
checking for a race-free mkdir -p... /usr/sbin/mkdir -p
checking for gawk... gawk
checking whether make sets $(MAKE)... yes
checking whether make supports the include directive... yes (GNU style)
checking whether make supports nested variables... yes
checking dependency style of clang... gcc3
checking build system type... x86_64-pc-linux-gnu
checking host system type... x86_64-pc-linux-gnu
checking how to print strings... printf
checking for a sed that does not truncate output... /usr/sbin/sed
checking for grep that handles long lines and -e... /usr/sbin/grep
checking for egrep... /usr/sbin/grep -E
checking for fgrep... /usr/sbin/grep -F
checking for ld used by clang... ld.lld
checking if the linker (ld.lld) is GNU ld... yes
checking for BSD- or MS-compatible name lister (nm)... llvm-nm
checking the name lister (llvm-nm) interface... BSD nm
checking whether ln -s works... yes
checking the maximum length of command line arguments... 1572864
checking how to convert x86_64-pc-linux-gnu file names to x86_64-pc-linux-gnu format... func_convert_file_noop
checking how to convert x86_64-pc-linux-gnu file names to toolchain format... func_convert_file_noop
checking for ld.lld option to reload object files... -r
checking for file... file
checking for objdump... llvm-objdump
checking how to recognize dependent libraries... pass_all
checking for dlltool... dlltool
checking how to associate runtime and link libraries... printf %s\n
checking for archiver @FILE support... @
checking for strip... llvm-strip
checking for ranlib... llvm-ranlib
checking command to parse llvm-nm output from clang object... ok
checking for sysroot... no
checking for a working dd... /usr/sbin/dd
checking how to truncate binary pipes... /usr/sbin/dd bs=4096 count=1
checking for mt... no
checking if : is a manifest tool... no
checking for dlfcn.h... yes
checking for objdir... .libs
checking if clang supports -fno-rtti -fno-exceptions... yes
checking for clang option to produce PIC... -fPIC -DPIC
checking if clang PIC flag -fPIC -DPIC works... yes
checking if clang static flag -static works... yes
checking if clang supports -c -o file.o... yes
checking if clang supports -c -o file.o... (cached) yes
checking whether the clang linker (ld.lld -m elf_x86_64) supports shared libraries... yes
checking whether -lc should be explicitly linked in... no
checking dynamic linker characteristics... GNU/Linux ld.so
checking how to hardcode library paths into programs... immediate
checking whether stripping libraries is possible... yes
checking if libtool supports shared libraries... yes
checking whether to build shared libraries... yes
checking whether to build static libraries... no
checking for clang options needed to detect all undeclared functions... none needed
checking whether __clang__ is declared... yes
checking whether __INTEL_COMPILER is declared... no
checking whether __SUNPRO_C is declared... no
checking for pkg-config... /usr/sbin/pkg-config
checking pkg-config is at least version 0.9.0... yes
checking if clang supports -Werror=unknown-warning-option... yes
checking if clang supports -Werror=unused-command-line-argument... yes
checking if clang supports -Wall... yes
checking if clang supports -Wpointer-arith... yes
checking if clang supports -Wmissing-declarations... yes
checking if clang supports -Wformat=2... yes
checking if clang supports -Wstrict-prototypes... yes
checking if clang supports -Wmissing-prototypes... yes
checking if clang supports -Wnested-externs... yes
checking if clang supports -Wbad-function-cast... yes
checking if clang supports -Wold-style-definition... yes
checking if clang supports -Wdeclaration-after-statement... yes
checking if clang supports -Wunused... yes
checking if clang supports -Wuninitialized... yes
checking if clang supports -Wshadow... yes
checking if clang supports -Wmissing-noreturn... yes
checking if clang supports -Wmissing-format-attribute... yes
checking if clang supports -Wredundant-decls... yes
checking if clang supports -Wlogical-op... no
checking if clang supports -Werror=implicit... yes
checking if clang supports -Werror=nonnull... yes
checking if clang supports -Werror=init-self... yes
checking if clang supports -Werror=main... yes
checking if clang supports -Werror=missing-braces... yes
checking if clang supports -Werror=sequence-point... yes
checking if clang supports -Werror=return-type... yes
checking if clang supports -Werror=trigraphs... yes
checking if clang supports -Werror=array-bounds... yes
checking if clang supports -Werror=write-strings... yes
checking if clang supports -Werror=address... yes
checking if clang supports -Werror=int-to-pointer-cast... yes
checking if clang supports -Werror=pointer-to-int-cast... yes
checking if clang supports -pedantic... yes
checking if clang supports -Werror... yes
checking if clang supports -Werror=attributes... yes
checking whether make supports nested variables... (cached) yes
checking whether to build documentation... yes
checking for xmlto... no
configure: WARNING: xmlto not found - documentation targets will be skipped
checking for fop... no
configure: WARNING: fop not found - documentation targets will be skipped
checking for xsltproc... no
configure: WARNING: xsltproc not found - cannot transform XML documents
checking for X.Org SGML entities >= 1.8... no
checking whether ln -s works... yes
checking for sys/random.h... yes
checking for library containing recvfrom... none required
checking for srand48... yes
checking for lrand48... yes
checking for arc4random_buf... yes
checking for getentropy... yes
checking for XDMCP... yes
checking whether to build unit test cases... yes
checking that generated files are newer than configure... done
configure: creating ./config.status
config.status: creating Makefile
config.status: creating doc/Makefile
config.status: creating test/Makefile
config.status: creating xdmcp.pc
config.status: creating config.h
config.status: executing depfiles commands
config.status: executing libtool commands
make  all-recursive
make[1]: Entering directory '/home/builder/build/src/libXdmcp-1.1.5'
Making all in doc
make[2]: Entering directory '/home/builder/build/src/libXdmcp-1.1.5/doc'
make[2]: Nothing to be done for 'all'.
make[2]: Leaving directory '/home/builder/build/src/libXdmcp-1.1.5/doc'
Making all in .
make[2]: Entering directory '/home/builder/build/src/libXdmcp-1.1.5'
  CC       Array.lo
  CC       Fill.lo
  CC       Flush.lo
  CC       Key.lo
  CC       Read.lo
  CC       Wrap.lo
  CC       Write.lo
  CC       Wraphelp.lo
  CC       Unwrap.lo
  CCLD     libXdmcp.la
make[2]: Leaving directory '/home/builder/build/src/libXdmcp-1.1.5'
Making all in test
make[2]: Entering directory '/home/builder/build/src/libXdmcp-1.1.5/test'
make[2]: Nothing to be done for 'all'.
make[2]: Leaving directory '/home/builder/build/src/libXdmcp-1.1.5/test'
make[1]: Leaving directory '/home/builder/build/src/libXdmcp-1.1.5'
==> Entering fakeroot environment...
==> Starting package()...
Making install in doc
make[1]: Entering directory '/home/builder/build/src/libXdmcp-1.1.5/doc'
make[2]: Entering directory '/home/builder/build/src/libXdmcp-1.1.5/doc'
make[2]: Nothing to be done for 'install-exec-am'.
 /usr/sbin/mkdir -p '/home/builder/build/pkg/libxdmcp/usr/share/doc/libXdmcp'
 /usr/sbin/mkdir -p '/home/builder/build/pkg/libxdmcp/usr/share/doc/libXdmcp'
 /usr/bin/install -c -m 644 xdmcp.xml '/home/builder/build/pkg/libxdmcp/usr/share/doc/libXdmcp'
make[2]: Leaving directory '/home/builder/build/src/libXdmcp-1.1.5/doc'
make[1]: Leaving directory '/home/builder/build/src/libXdmcp-1.1.5/doc'
Making install in .
make[1]: Entering directory '/home/builder/build/src/libXdmcp-1.1.5'
make[2]: Entering directory '/home/builder/build/src/libXdmcp-1.1.5'
 /usr/sbin/mkdir -p '/home/builder/build/pkg/libxdmcp/usr/lib/pkgconfig'
 /usr/sbin/mkdir -p '/home/builder/build/pkg/libxdmcp/usr/include/X11'
 /usr/sbin/mkdir -p '/home/builder/build/pkg/libxdmcp/usr/lib'
 /bin/sh ./libtool   --mode=install /usr/bin/install -c   libXdmcp.la '/home/builder/build/pkg/libxdmcp/usr/lib'
 /usr/bin/install -c -m 644 xdmcp.pc '/home/builder/build/pkg/libxdmcp/usr/lib/pkgconfig'
 /usr/bin/install -c -m 644 include/X11/Xdmcp.h '/home/builder/build/pkg/libxdmcp/usr/include/X11'
libtool: install: /usr/bin/install -c .libs/libXdmcp.so.6.0.0 /home/builder/build/pkg/libxdmcp/usr/lib/libXdmcp.so.6.0.0
libtool: install: (cd /home/builder/build/pkg/libxdmcp/usr/lib && { ln -s -f libXdmcp.so.6.0.0 libXdmcp.so.6 || { rm -f libXdmcp.so.6 && ln -s libXdmcp.so.6.0.0 libXdmcp.so.6; }; })
libtool: install: (cd /home/builder/build/pkg/libxdmcp/usr/lib && { ln -s -f libXdmcp.so.6.0.0 libXdmcp.so || { rm -f libXdmcp.so && ln -s libXdmcp.so.6.0.0 libXdmcp.so; }; })
libtool: install: /usr/bin/install -c .libs/libXdmcp.lai /home/builder/build/pkg/libxdmcp/usr/lib/libXdmcp.la
libtool: warning: remember to run 'libtool --finish /usr/lib'
make[2]: Leaving directory '/home/builder/build/src/libXdmcp-1.1.5'
make[1]: Leaving directory '/home/builder/build/src/libXdmcp-1.1.5'
Making install in test
make[1]: Entering directory '/home/builder/build/src/libXdmcp-1.1.5/test'
make[2]: Entering directory '/home/builder/build/src/libXdmcp-1.1.5/test'
make[2]: Nothing to be done for 'install-exec-am'.
make[2]: Nothing to be done for 'install-data-am'.
make[2]: Leaving directory '/home/builder/build/src/libXdmcp-1.1.5/test'
make[1]: Leaving directory '/home/builder/build/src/libXdmcp-1.1.5/test'
==> Tidying install...
  -> Removing libtool files...
  -> Removing static library files...
  -> Purging unwanted files...
  -> Stripping unneeded symbols from binaries and libraries...
==> Checking for packaging issues...
==> Creating package "libxdmcp"...
  -> Generating .PKGINFO file...
warning: Public keyring not found; have you run 'pacman-key --init'?
error: kashira-v3: key "E4DF524F75FE51DD5FB0C7BA1925D86CD662878E" is unknown
error: keyring is not writable
warning: base: unknown key '%INSTALLED_DB%' in local database
warning: base-devel: unknown key '%INSTALLED_DB%' in local database
  -> Generating .BUILDINFO file...
warning: Public keyring not found; have you run 'pacman-key --init'?
error: kashira-v3: key "E4DF524F75FE51DD5FB0C7BA1925D86CD662878E" is unknown
error: keyring is not writable
warning: base: unknown key '%INSTALLED_DB%' in local database
warning: base-devel: unknown key '%INSTALLED_DB%' in local database
  -> Generating .MTREE file...
  -> Compressing package...
==> Leaving fakeroot environment.
==> Finished making: libxdmcp 1.1.5-2 (Sun Sep 20 03:27:40 2026)
