== build libxkbcommon (deps: bash-completion git glibc libxcb libxml2 meson wayland wayland-protocols xkeyboard-config xorgproto )
resolving dependencies...
warning: glibc-2.44-2 is up to date -- skipping
warning: libxml2-2.15.4-1 is up to date -- skipping
warning: base: unknown key '%INSTALLED_DB%' in local database
warning: base-devel: unknown key '%INSTALLED_DB%' in local database
looking for conflicting packages...

Packages (18) default-cursors-3-1  expat-2.8.4-1  libxau-1.0.12-1  libxdmcp-1.1.5-2  ninja-1.13.2-1  perl-error-0.17030-1  perl-mailtools-2.22-1  perl-timedate-2.35-1  python-tqdm-4.70.1-1  xcb-proto-1.17.0-4  bash-completion-2.18.0-1  git-2.55.0-1  libxcb-1.17.0-1  meson-1.12.0-1  wayland-1.26.0-1  wayland-protocols-1.49-1  xkeyboard-config-2.48-1  xorgproto-2025.1-1

Total Download Size:   12.11 MiB
Total Installed Size:  84.84 MiB
Net Upgrade Size:      84.29 MiB

:: Proceed with installation? [Y/n] 
:: Retrieving packages...
 git-2.55.0-1-x86_64 downloading...
 meson-1.12.0-1-any downloading...
 xkeyboard-config-2.48-1-any downloading...
 libxcb-1.17.0-1-x86_64 downloading...
 xorgproto-2025.1-1-any downloading...
 bash-completion-2.18.0-1-any downloading...
 wayland-1.26.0-1-x86_64 downloading...
 ninja-1.13.2-1-x86_64 downloading...
 wayland-protocols-1.49-1-any downloading...
 python-tqdm-4.70.1-1-any downloading...
 expat-2.8.4-1-x86_64 downloading...
 xcb-proto-1.17.0-4-any downloading...
 perl-mailtools-2.22-1-any downloading...
 perl-timedate-2.35-1-any downloading...
 libxdmcp-1.1.5-2-x86_64 downloading...
 perl-error-0.17030-1-any downloading...
 libxau-1.0.12-1-x86_64 downloading...
 default-cursors-3-1-any downloading...
checking keyring...
checking package integrity...
loading package files...
checking for file conflicts...
:: Processing package changes...
installing bash-completion...
installing perl-error...
installing perl-timedate...
installing perl-mailtools...
upgrading expat...
installing git...
Optional dependencies for git
    libsecret: git-credential-libsecret credential helper [installed]
installing xcb-proto...
installing xorgproto...
installing libxdmcp...
installing libxau...
installing libxcb...
installing ninja...
installing python-tqdm...
Optional dependencies for python-tqdm
    python-requests: telegram
installing meson...
installing default-cursors...
Optional dependencies for default-cursors
    adwaita-cursors: default cursor theme
installing wayland...
installing wayland-protocols...
installing xkeyboard-config...
:: Running post-transaction hooks...
(1/1) Arming ConditionNeedsUpdate...
==> Making package: libxkbcommon 1.13.2-1 (Sun Sep 20 04:17:35 2026)
==> WARNING: Skipping dependency checks.
==> Retrieving sources...
  -> Updating libxkbcommon git repo...
==> WARNING: Skipping verification of source file PGP signatures.
==> Validating source files with b2sums...
    libxkbcommon ... Passed
==> Extracting sources...
  -> Creating working copy of libxkbcommon git repo...
Cloning into 'libxkbcommon'...
done.
Switched to a new branch 'makepkg'
==> Starting prepare()...
==> Starting build()...
libxkbcommon has no wrap files
+ exec meson setup --prefix /usr --libexecdir lib --sbindir bin --buildtype plain --auto-features enabled --wrap-mode nodownload -D b_pie=true -D python.bytecompile=1 libxkbcommon build -D enable-docs=false
The Meson build system
Version: 1.12.0
Source dir: /home/builder/build/src/libxkbcommon
Build dir: /home/builder/build/src/build
Build type: native build
Project name: libxkbcommon
Project version: 1.13.2
C compiler for the host machine: clang (clang 23.1.1 "clang version 23.1.1 (Kashira)")
C linker for the host machine: clang ld.lld 23.1.1
Host machine cpu family: x86_64
Host machine cpu: x86_64
Compiler for C supports arguments -fno-strict-aliasing: YES 
Compiler for C supports arguments -Wno-unused-parameter: YES 
Compiler for C supports arguments -Wno-missing-field-initializers: YES 
Compiler for C supports arguments -Wpointer-arith: YES 
Compiler for C supports arguments -Wmissing-declarations: YES 
Compiler for C supports arguments -Wformat=2: YES 
Compiler for C supports arguments -Wstrict-prototypes: YES 
Compiler for C supports arguments -Wmissing-prototypes: YES 
Compiler for C supports arguments -Wnested-externs: YES 
Compiler for C supports arguments -Wbad-function-cast: YES 
Compiler for C supports arguments -Wshadow: YES 
Compiler for C supports arguments -Wlogical-op: NO 
Compiler for C supports arguments -Wdate-time: YES 
Compiler for C supports arguments -Wwrite-strings: YES 
Compiler for C supports arguments -Wno-documentation-deprecated-sync: YES 
Compiler for C supports arguments -Wno-pedantic: YES 
Compiler for C supports arguments /utf-8: NO 
Compiler for C supports arguments /wd4100: NO 
Found pkg-config: YES (/usr/sbin/pkg-config) 3.0.5
Run-time dependency xkeyboard-config-2 found: YES 2.48
Did not find CMake 'cmake'
Found CMake: NO
Run-time dependency xkeyboard-config-12 found: NO  (tried pkg-config and cmake)
Run-time dependency xkeyboard-config-11 found: NO  (tried pkg-config and cmake)
Run-time dependency xkeyboard-config-10 found: NO  (tried pkg-config and cmake)
Run-time dependency xkeyboard-config-9 found: NO  (tried pkg-config and cmake)
Run-time dependency xkeyboard-config-8 found: NO  (tried pkg-config and cmake)
Run-time dependency xkeyboard-config-7 found: NO  (tried pkg-config and cmake)
Run-time dependency xkeyboard-config-6 found: NO  (tried pkg-config and cmake)
Run-time dependency xkeyboard-config-5 found: NO  (tried pkg-config and cmake)
Run-time dependency xkeyboard-config-4 found: NO  (tried pkg-config and cmake)
Run-time dependency xkeyboard-config-3 found: NO  (tried pkg-config and cmake)
Dependency xkeyboard-config-2 for host machine found: YES 2.48 (cached)
Has header "unistd.h" : YES 
Has header "dirent.h" : YES 
Checking if "__builtin_expect" links: YES 
Header "unistd.h" has symbol "eaccess" : YES 
Header "unistd.h" has symbol "euidaccess" : YES 
Header "sys/mman.h" has symbol "mmap" : YES 
Header "stdlib.h" has symbol "mkostemp" : YES 
Header "fcntl.h" has symbol "posix_fallocate" : YES 
Header "string.h" has symbol "strndup" : YES 
Header "stdio.h" has symbol "asprintf" : YES 
Header "stdio.h" has symbol "open_memstream" : YES 
Header "stdlib.h" has symbol "secure_getenv" : YES 
Header "stdlib.h" has symbol "realpath" : YES 
Header "limits.h" has symbol "PATH_MAX" : YES 
Checking for function "gnu_get_libc_version" : YES 
Header "locale.h" has symbol "newlocale" : YES 
Checking if "newlocale fails on invalid locales" runs: YES
Checking if "-Wl,--version-script" links: YES 
Program scripts/map-to-def found: YES (/home/builder/build/src/libxkbcommon/scripts/map-to-def)
Program bison found: YES 3.8.2 3.8.2 (/usr/sbin/bison)
Found pkg-config: YES (/usr/sbin/pkg-config) 3.0.5
Run-time dependency xcb found: YES 1.17.0
Run-time dependency xcb-xkb found: YES 1.17.0
Run-time dependency libxml-2.0 found: YES 2.15.4
Header "libxml/parser.h" has symbol "xmlCtxtSetErrorHandler" with dependency libxml-2.0: YES 
Header "libxml/parser.h" has symbol "xmlCtxtParseDtd" with dependency libxml-2.0: YES 
Run-time dependency icu-uc found: YES 78.3
Header "getopt.h" has symbol "getopt_long" : YES 
Run-time dependency bash-completion found: YES 2.18.0
Has header "linux/input.h" : YES 
Run-time dependency wayland-client found: YES 1.26.0
Run-time dependency wayland-protocols found: YES 1.49
Run-time dependency wayland-scanner found: YES 1.26.0
Program /usr/bin/wayland-scanner found: YES (/usr/bin/wayland-scanner)
Configuring xkeyboard-config-test using configuration
Configuring test-config.h using configuration
Library m found: YES
Configuring introspection-query using configuration
Program python3 (jinja2) found: NO
Program test/symbols-leak-test.py found: YES (/home/builder/build/src/libxkbcommon/test/symbols-leak-test.py)
Program Xvfb found: NO
Program xkbcomp found: NO
libxkbcommon/meson.build:1214: WARNING: Xvfb program not found, but is required to run X11 tests.
libxkbcommon/meson.build:1217: WARNING: xkbcomp program not found, but is required to run X11 tests.
Program test/tool-option-parsing.py found: YES (/home/builder/build/src/libxkbcommon/test/tool-option-parsing.py)
Program test/test-keysym.py found: YES (/home/builder/build/src/libxkbcommon/test/test-keysym.py)
Program valgrind found: NO
Message: valgrind not found, disabling valgrind test setup
Header "getopt.h" has symbol "getopt_long" : YES (cached)
Configuring config.h using configuration
Build targets in project: 58

libxkbcommon 1.13.2

  Compiler
    backend                               : ninja
    buildtype                             : plain
    id                                    : clang
    c_args                                : -march=x86-64-v3
                                            -O2
                                            -pipe
                                            -fno-plt
                                            -fexceptions
                                            -Wp,-D_FORTIFY_SOURCE=3
                                            -fstack-clash-protection
                                            -fcf-protection
    c_link_args                           : -Wl,-O1
                                            -Wl,--sort-common
                                            -Wl,--as-needed
                                            -Wl,-z,relro
                                            -Wl,-z,now
                                            -Wl,--undefined-version
                                            -Wl,--hash-style=gnu
                                            -Wl,--compress-debug-sections=zstd
                                            -march=x86-64-v3
                                            -O2
                                            -pipe
                                            -fno-plt
                                            -fexceptions
                                            -Wp,-D_FORTIFY_SOURCE=3
                                            -fstack-clash-protection
                                            -fcf-protection
    yacc                                  : /usr/sbin/bison 3.8.2
    glibc                                 : true

  Directories
    prefix                                : /usr
    bindir                                : bin
    libdir                                : lib
    datadir                               : share
    xkb-config-root                       : /usr/share/xkeyboard-config-2
    xkb-legacy-root                       : /usr/share/X11/xkb
    xkb-config-unversioned-extensions-path: /usr/share/xkeyboard-config.d
    xkb-config-versioned-extensions-path  : /usr/share/xkeyboard-config-2.d
    xkb-config-extra-path                 : /etc/xkb
    xlocaledir                            : /usr/share/X11/locale

  Features
    docs                                  : false
    tools                                 : true
    wayland                               : true
    x11                                   : true
    compose locale fallback               : true
    XKB extensions directories            : true

  Defaults
    layout                                : us
    model                                 : pc105
    options                               : 
    rules                                 : evdev
    variant                               : 

  Tests
    merge-modes                           : false

  User defined options
    auto_features                         : enabled
    b_pie                                 : true
    buildtype                             : plain
    enable-docs                           : false
    libexecdir                            : lib
    prefix                                : /usr
    python.bytecompile                    : 1
    sbindir                               : bin
    wrap_mode                             : nodownload

Found ninja-1.13.2 at /usr/sbin/ninja
Generating targets:   0%|          | 0/58 eta ?Generating targets:  36%|███▌      | 21/58 eta 00:00Generating targets:  86%|████████▌ | 50/58 eta 00:00                                                    Writing build.ninja:   0%|          | 0/500 eta ?                                                 ninja: Entering directory `/home/builder/build/src/build'
[1/467] Generating 'xkbcli-dump-keymap-wayland.p/xdg-decoration-unstable-v1-client-protocol.h'
[2/467] Generating 'xkbcli-interactive-wayland.p/xdg-shell-protocol.c'
[3/467] Generating 'xkbcli-interactive-wayland.p/xdg-decoration-unstable-v1-protocol.c'
[4/467] Generating 'xkbcli-interactive-wayland.p/xdg-shell-client-protocol.h'
[5/467] Generating 'xkbcli-interactive-wayland.p/xdg-decoration-unstable-v1-client-protocol.h'
[6/467] Generating 'xkbcli-dump-keymap-wayland.p/xdg-decoration-unstable-v1-protocol.c'
[7/467] Generating 'xkbcli-dump-keymap-wayland.p/xdg-shell-client-protocol.h'
[8/467] Generating 'xkbcli-dump-keymap-wayland.p/xdg-shell-protocol.c'
[9/467] Compiling C object libxkbregistry.so.0.13.2.p/src_util-list.c.o
[10/467] Compiling C object xkbcli-list.p/tools_registry-list.c.o
[11/467] Compiling C object libxkbregistry.so.0.13.2.p/src_utils.c.o
[12/467] Generating from 'src/xkbcomp/parser.y'
[13/467] Generating from 'src/xkbcomp/parser.y'
[14/467] Generating from 'src/xkbcomp/parser.y'
[15/467] Compiling C object libxkbcommon-test-internal.so.p/src_xkbcomp_keywords.c.o
[16/467] Compiling C object libxkbcommon-test-internal.so.p/src_compose_paths.c.o
[17/467] Compiling C object libxkbcommon-test-internal.so.p/src_compose_table.c.o
[18/467] Compiling C object libxkbcommon-test-internal.so.p/src_xkbcomp_expr.c.o
[19/467] Compiling C object libxkbcommon-test-internal.so.p/src_xkbcomp_ast-build.c.o
[20/467] Compiling C object libxkbcommon-test-internal.so.p/src_xkbcomp_include.c.o
[21/467] Compiling C object libxkbcommon-test-internal.so.p/src_compose_state.c.o
[22/467] Compiling C object libxkbregistry.so.0.13.2.p/src_registry.c.o
[23/467] Compiling C object libxkbcommon-test-internal.so.p/src_xkbcomp_action.c.o
[24/467] Compiling C object libxkbcommon.so.0.13.2.p/meson-generated_parser.c.o
[25/467] Compiling C object libxkbcommon.so.0.13.2.p/src_compose_table.c.o
[26/467] Compiling C object libxkbcommon.so.0.13.2.p/src_compose_state.c.o
[27/467] Compiling C object libxkbcommon-test-internal.so.p/src_xkbcomp_keycodes.c.o
[28/467] Compiling C object libxkbcommon-test-internal.so.p/meson-generated_parser.c.o
[29/467] Compiling C object libxkbcommon-test-internal.so.p/src_xkbcomp_scanner.c.o
[30/467] Compiling C object libxkbcommon.so.0.13.2.p/src_compose_paths.c.o
[31/467] Compiling C object libxkbcommon-test-internal.so.p/src_compose_parser.c.o
[32/467] Compiling C object libxkbcommon.so.0.13.2.p/src_xkbcomp_expr.c.o
[33/467] Compiling C object libxkbcommon.so.0.13.2.p/src_compose_parser.c.o
[34/467] Compiling C object libxkbcommon-test-internal.so.p/src_xkbcomp_compat.c.o
[35/467] Compiling C object libxkbcommon.so.0.13.2.p/src_xkbcomp_include.c.o
[36/467] Compiling C object libxkbcommon-test-internal.so.p/src_xkbcomp_keymap-dump.c.o
[37/467] Compiling C object libxkbcommon.so.0.13.2.p/src_xkbcomp_action.c.o
[38/467] Compiling C object libxkbcommon.so.0.13.2.p/src_xkbcomp_keywords.c.o
[39/467] Compiling C object libxkbcommon.so.0.13.2.p/src_xkbcomp_vmod.c.o
[40/467] Compiling C object libxkbcommon.so.0.13.2.p/src_xkbcomp_xkbcomp.c.o
[41/467] Compiling C object libxkbcommon.so.0.13.2.p/src_atom.c.o
[42/467] Compiling C object libxkbcommon-test-internal.so.p/src_xkbcomp_keymap.c.o
[43/467] Compiling C object libxkbcommon.so.0.13.2.p/src_context-priv.c.o
[44/467] Compiling C object libxkbcommon.so.0.13.2.p/src_xkbcomp_scanner.c.o
[45/467] Compiling C object libxkbcommon.so.0.13.2.p/src_xkbcomp_keycodes.c.o
[46/467] Compiling C object libxkbcommon.so.0.13.2.p/src_xkbcomp_ast-build.c.o
[47/467] Compiling C object libxkbcommon.so.0.13.2.p/src_xkbcomp_compat.c.o
[48/467] Compiling C object libxkbcommon.so.0.13.2.p/src_keysym-case-mappings.c.o
[49/467] Compiling C object libxkbcommon.so.0.13.2.p/src_scanner-utils.c.o
[50/467] Compiling C object libxkbcommon.so.0.13.2.p/src_keysym-utf.c.o
[51/467] Compiling C object libxkbcommon.so.0.13.2.p/src_xkbcomp_keymap.c.o
[52/467] Compiling C object libxkbcommon.so.0.13.2.p/src_keymap-priv.c.o
[53/467] Compiling C object libxkbcommon.so.0.13.2.p/src_keysym.c.o
[54/467] Compiling C object libxkbcommon.so.0.13.2.p/src_xkbcomp_keymap-dump.c.o
[55/467] Compiling C object libxkbcommon.so.0.13.2.p/src_utf8-decoding.c.o
[56/467] Compiling C object libxkbcommon.so.0.13.2.p/src_context.c.o
[57/467] Compiling C object libxkbcommon.so.0.13.2.p/src_xkbcomp_types.c.o
[58/467] Compiling C object libxkbcommon.so.0.13.2.p/src_utils.c.o
[59/467] Compiling C object libxkbcommon.so.0.13.2.p/src_keymap-compare.c.o
[60/467] Compiling C object libxkbcommon.so.0.13.2.p/src_utf8.c.o
[61/467] Compiling C object libxkbcommon.so.0.13.2.p/src_rmlvo.c.o
[62/467] Compiling C object libxkbcommon-test-internal.so.p/src_xkbcomp_rules.c.o
[63/467] Compiling C object libxkbcommon.so.0.13.2.p/src_text.c.o
[64/467] Compiling C object libxkbcommon.so.0.13.2.p/src_keymap.c.o
[65/467] Compiling C object libxkbcommon.so.0.13.2.p/src_utils-paths.c.o
[66/467] Compiling C object libxkbcommon-test-internal.so.p/src_context-priv.c.o
[67/467] Compiling C object libxkbcommon-test-internal.so.p/src_atom.c.o
[68/467] Compiling C object libxkbcommon-test-internal.so.p/src_keysym-case-mappings.c.o
[69/467] Compiling C object libxkbcommon-test-internal.so.p/src_context.c.o
[70/467] Compiling C object libxkbcommon-test-internal.so.p/src_scanner-utils.c.o
[71/467] Compiling C object libxkbcommon-test-internal.so.p/src_keymap-priv.c.o
[72/467] Compiling C object libxkbcommon-test-internal.so.p/src_xkbcomp_xkbcomp.c.o
[73/467] Compiling C object libxkbcommon-test-internal.so.p/src_keysym-utf.c.o
[74/467] Compiling C object libxkbcommon-test-internal.so.p/src_xkbcomp_vmod.c.o
[75/467] Compiling C object libxkbcommon.so.0.13.2.p/src_xkbcomp_rules.c.o
[76/467] Compiling C object libxkbcommon-test-internal.so.p/src_utf8-decoding.c.o
[77/467] Compiling C object libxkbcommon-test-internal.so.p/src_utf8.c.o
[78/467] Compiling C object libxkbcommon-test-internal.so.p/src_xkbcomp_types.c.o
[79/467] Compiling C object libxkbcommon-test-internal.so.p/src_rmlvo.c.o
[80/467] Compiling C object libxkbcommon.so.0.13.2.p/src_xkbcomp_symbols.c.o
[81/467] Compiling C object libxkbcommon-test-internal.so.p/src_utils.c.o
[82/467] Compiling C object libxkbcommon-test-internal.so.p/src_keysym.c.o
[83/467] Compiling C object libxkbcommon-test-internal.so.p/src_utils-paths.c.o
[84/467] Compiling C object libxkbcommon-test-internal.so.p/src_text.c.o
[85/467] Compiling C object libxkbcommon-x11.so.0.13.2.p/src_context-priv.c.o
[86/467] Compiling C object libxkbcommon-test-internal.so.p/src_keymap-compare.c.o
[87/467] Compiling C object libxkbcommon-x11.so.0.13.2.p/src_utils.c.o
[88/467] Compiling C object libxkbcommon-x11.so.0.13.2.p/src_x11_state.c.o
[89/467] Compiling C object libxkbcommon-x11.so.0.13.2.p/src_x11_util.c.o
[90/467] Compiling C object libxkbcommon-test-internal.so.p/src_xkbcomp_keymap-file-iterator.c.o
[91/467] Compiling C object libxkbcommon-test-internal.so.p/src_keymap.c.o
[92/467] Linking target libxkbregistry.so.0.13.2
[93/467] Compiling C object libxkbcommon-x11.so.0.13.2.p/src_atom.c.o
[94/467] Compiling C object libxkbcommon-x11-internal.so.p/src_context-priv.c.o
[95/467] Compiling C object libxkbcommon-x11-internal.so.p/src_atom.c.o
[96/467] Compiling C object libxkbcommon-x11-internal.so.p/src_x11_state.c.o
[97/467] Compiling C object libxkbcommon-x11-internal.so.p/src_utils.c.o
[98/467] Compiling C object libxkbcommon-x11-internal.so.p/src_x11_util.c.o
[99/467] Compiling C object libxkbcommon-x11.so.0.13.2.p/src_context.c.o
[100/467] Compiling C object libxkbcommon-x11-internal.so.p/src_keymap-priv.c.o
[101/467] Compiling C object libxkbcommon-x11.so.0.13.2.p/src_keymap-priv.c.o
[102/467] Compiling C object libxkbcommon.so.0.13.2.p/src_state.c.o
[103/467] Compiling C object export-keysyms.p/src_compose_state.c.o
[104/467] Compiling C object export-keysyms.p/tools_export-keysyms.c.o
[105/467] Compiling C object libxkbcommon-x11-internal.so.p/src_context.c.o
[106/467] Compiling C object export-keysyms.p/src_compose_table.c.o
[107/467] Linking target libxkbcommon.so.0.13.2
[108/467] Compiling C object libxkbcommon-test-internal.so.p/src_state.c.o
[109/467] Compiling C object export-keysyms.p/src_compose_paths.c.o
[110/467] Compiling C object export-keysyms.p/meson-generated_parser.c.o
[111/467] Compiling C object export-keysyms.p/src_xkbcomp_action.c.o
[112/467] Compiling C object export-keysyms.p/src_compose_parser.c.o
[113/467] Compiling C object export-keysyms.p/src_xkbcomp_include.c.o
[114/467] Compiling C object libxkbcommon-x11.so.0.13.2.p/src_x11_keymap.c.o
[115/467] Compiling C object export-keysyms.p/src_xkbcomp_ast-build.c.o
[116/467] Compiling C object export-keysyms.p/src_xkbcomp_keywords.c.o
[117/467] Generating symbol file libxkbregistry.so.0.13.2.p/libxkbregistry.so.0.13.2.symbols
[118/467] Compiling C object libxkbcommon-test-internal.so.p/src_xkbcomp_symbols.c.o
[119/467] Compiling C object libxkbcommon-x11-internal.so.p/src_x11_keymap.c.o
[120/467] Compiling C object export-keysyms.p/src_xkbcomp_xkbcomp.c.o
[121/467] Compiling C object export-keysyms.p/src_xkbcomp_expr.c.o
[122/467] Generating symbol file libxkbcommon.so.0.13.2.p/libxkbcommon.so.0.13.2.symbols
[123/467] Compiling C object export-keysyms.p/src_atom.c.o
[124/467] Linking target libxkbcommon-test-internal.so
[125/467] Linking target libxkbcommon-x11.so.0.13.2
[126/467] Compiling C object export-keysyms.p/src_xkbcomp_vmod.c.o
[127/467] Compiling C object export-keysyms.p/src_context-priv.c.o
[128/467] Compiling C object export-keysyms.p/src_xkbcomp_compat.c.o
[129/467] Compiling C object export-keysyms.p/src_xkbcomp_scanner.c.o
[130/467] Compiling C object export-keysyms.p/src_context.c.o
[131/467] Compiling C object export-keysyms.p/src_xkbcomp_keycodes.c.o
[132/467] Compiling C object export-keysyms.p/src_keysym-utf.c.o
[133/467] Compiling C object export-keysyms.p/src_keysym-case-mappings.c.o
[134/467] Compiling C object export-keysyms.p/src_xkbcomp_keymap.c.o
[135/467] Compiling C object export-keysyms.p/src_scanner-utils.c.o
[136/467] Compiling C object export-keysyms.p/src_xkbcomp_types.c.o
[137/467] Compiling C object export-keysyms.p/src_keymap-priv.c.o
[138/467] Compiling C object export-keysyms.p/src_keysym.c.o
[139/467] Compiling C object export-keysyms.p/src_utf8-decoding.c.o
[140/467] Compiling C object export-keysyms.p/src_utils-paths.c.o
[141/467] Compiling C object export-keysyms.p/src_text.c.o
[142/467] Compiling C object xkbcli.p/tools_xkbcli.c.o
[143/467] Compiling C object export-keysyms.p/src_utf8.c.o
[144/467] Compiling C object export-keysyms.p/src_utils.c.o
[145/467] Compiling C object export-keysyms.p/src_keymap.c.o
[146/467] Compiling C object export-keysyms.p/src_rmlvo.c.o
[147/467] Compiling C object xkbcli.p/src_utf8-decoding.c.o
[148/467] Compiling C object xkbcli-info.p/src_utf8-decoding.c.o
[149/467] Compiling C object export-keysyms.p/src_keymap-compare.c.o
[150/467] Compiling C object xkbcli-info.p/tools_info.c.o
[151/467] Generating symbol file libxkbcommon-x11.so.0.13.2.p/libxkbcommon-x11.so.0.13.2.symbols
[152/467] Compiling C object xkbcli-compile-keymap.p/src_utf8-decoding.c.o
[153/467] Compiling C object export-keysyms.p/src_xkbcomp_keymap-dump.c.o
[154/467] Compiling C object export-keysyms.p/tools_tools-common.c.o
[155/467] Generating symbol file libxkbcommon-test-internal.so.p/libxkbcommon-test-internal.so.symbols
[156/467] Compiling C object xkbcli-compile-compose.p/src_compose_dump.c.o
[157/467] Compiling C object xkbcli-compile-keymap.p/src_keymap-formats.c.o
[158/467] Compiling C object xkbcli.p/tools_tools-common.c.o
[159/467] Compiling C object xkbcli-compile-compose.p/tools_compile-compose.c.o
[160/467] Linking target libxkbcommon-x11-internal.so
[161/467] Compiling C object xkbcli-compile-keymap.p/tools_compile-keymap.c.o
[162/467] Compiling C object xkbcli-how-to-type.p/src_utf8-decoding.c.o
[163/467] Compiling C object xkbcli-how-to-type.p/src_keymap-formats.c.o
[164/467] Compiling C object xkbcli-compile-compose.p/src_utf8-decoding.c.o
[165/467] Compiling C object export-keysyms.p/src_xkbcomp_rules.c.o
[166/467] Compiling C object xkbcli-info.p/tools_tools-common.c.o
[167/467] Compiling C object xkbcli-interactive-evdev.p/src_utf8-decoding.c.o
[168/467] Compiling C object xkbcli-interactive-evdev.p/src_keymap-formats.c.o
[169/467] Compiling C object xkbcli-interactive-x11.p/src_utf8-decoding.c.o
[170/467] Compiling C object xkbcli-interactive-x11.p/src_keymap-formats.c.o
[171/467] Compiling C object export-keysyms.p/src_state.c.o
[172/467] Compiling C object xkbcli-dump-keymap-x11.p/src_keymap-formats.c.o
[173/467] Compiling C object xkbcli-interactive-wayland.p/meson-generated_xdg-shell-protocol.c.o
[174/467] Compiling C object xkbcli-compile-keymap.p/tools_tools-common.c.o
[175/467] Compiling C object xkbcli-interactive-wayland.p/meson-generated_xdg-decoration-unstable-v1-protocol.c.o
[176/467] Compiling C object xkbcli-interactive-evdev.p/tools_interactive-evdev.c.o
[177/467] Compiling C object xkbcli-interactive-x11.p/tools_interactive-x11.c.o
[178/467] Compiling C object xkbcli-dump-keymap-x11.p/src_utf8-decoding.c.o
[179/467] Compiling C object xkbcli-dump-keymap-x11.p/tools_interactive-x11.c.o
../libxkbcommon/tools/interactive-x11.c:55:13: warning: variable 'terminate' set but not used [-Wunused-but-set-global]
   55 | static bool terminate;
      |             ^
1 warning generated.
[180/467] Compiling C object xkbcli-interactive-evdev.p/tools_tools-common.c.o
[181/467] Compiling C object xkbcli-dump-keymap-wayland.p/meson-generated_xdg-decoration-unstable-v1-protocol.c.o
[182/467] Compiling C object xkbcli-interactive-wayland.p/src_keymap-formats.c.o
[183/467] Compiling C object xkbcli-dump-keymap-wayland.p/meson-generated_xdg-shell-protocol.c.o
[184/467] Compiling C object xkbcli-compile-compose.p/tools_tools-common.c.o
[185/467] Compiling C object xkbcli-how-to-type.p/tools_how-to-type.c.o
[186/467] Compiling C object xkbcli-dump-keymap-wayland.p/src_keymap-formats.c.o
[187/467] Compiling C object xkbcli-how-to-type.p/tools_tools-common.c.o
[188/467] Compiling C object xkbcli-interactive-wayland.p/src_utf8-decoding.c.o
[189/467] Compiling C object xkbcli-interactive.p/tools_interactive.c.o
[190/467] Compiling C object xkbcli-interactive.p/src_utf8-decoding.c.o
[191/467] Compiling C object xkbcli-dump-keymap-wayland.p/src_utf8-decoding.c.o
[192/467] Compiling C object xkbcli-interactive-x11.p/tools_tools-common.c.o
[193/467] Compiling C object export-keysyms.p/src_xkbcomp_symbols.c.o
[194/467] Compiling C object xkbcli-dump-keymap.p/tools_interactive.c.o
[195/467] Compiling C object xkb-check-messages.p/tools_messages.c.o
[196/467] Compiling C object xkbcli-interactive-wayland.p/tools_tools-common.c.o
[197/467] Compiling C object xkbcli-interactive-wayland.p/tools_interactive-wayland.c.o
[198/467] Compiling C object xkbcli-dump-keymap-x11.p/tools_tools-common.c.o
[199/467] Compiling C object xkbcli-dump-keymap.p/src_utf8-decoding.c.o
[200/467] Compiling C object xkb-check-messages.p/tools_check-messages.c.o
[201/467] Compiling C object xkb-check-messages.p/src_utf8-decoding.c.o
[202/467] Compiling C object introspection.p/src_utils.c.o
[203/467] Compiling C object xkbcli-dump-keymap-wayland.p/tools_interactive-wayland.c.o
[204/467] Compiling C object introspection.p/src_utf8-decoding.c.o
[205/467] Compiling C object introspection.p/src_keymap-formats.c.o
[206/467] Compiling C object xkbcli-interactive.p/tools_tools-common.c.o
[207/467] Compiling C object xkbcli-dump-keymap-wayland.p/tools_tools-common.c.o
[208/467] Compiling C object test-keysym.p/src_utf8-decoding.c.o
[209/467] Compiling C object introspection.p/bench_bench.c.o
[210/467] Compiling C object test-keysym.p/bench_bench.c.o
[211/467] Compiling C object test-keysym-unicode.p/test_keysym-unicode.c.o
[212/467] Compiling C object xkb-check-messages.p/tools_tools-common.c.o
[213/467] Compiling C object test-keymap.p/src_utf8-decoding.c.o
[214/467] Compiling C object test-keymap.p/bench_bench.c.o
[215/467] Compiling C object xkbcli-dump-keymap.p/tools_tools-common.c.o
[216/467] Generating symbol file libxkbcommon-x11-internal.so.p/libxkbcommon-x11-internal.so.symbols
[217/467] Compiling C object test-keymap.p/src_keymap-formats.c.o
[218/467] Compiling C object test-keysym-unicode.p/src_utf8-decoding.c.o
[219/467] Compiling C object introspection.p/tools_tools-common.c.o
[220/467] Compiling C object test-keysym-unicode.p/bench_bench.c.o
[221/467] Compiling C object test-keysym-unicode.p/tools_tools-common.c.o
[222/467] Compiling C object test-filecomp.p/test_filecomp.c.o
[223/467] Compiling C object test-filecomp.p/bench_bench.c.o
[224/467] Compiling C object test-keysym.p/tools_tools-common.c.o
[225/467] Compiling C object test-filecomp.p/src_utf8-decoding.c.o
[226/467] Compiling C object introspection.p/test_common.c.o
[227/467] Compiling C object test-keysym-unicode.p/test_common.c.o
[228/467] Compiling C object test-rules-file.p/src_utf8-decoding.c.o
[229/467] Compiling C object test-context.p/src_utf8-decoding.c.o
[230/467] Compiling C object test-keymap.p/test_keymap.c.o
[231/467] Compiling C object test-keymap.p/test_common.c.o
[232/467] Compiling C object test-keysym.p/test_common.c.o
[233/467] Compiling C object test-keymap.p/tools_tools-common.c.o
[234/467] Compiling C object test-filecomp.p/tools_tools-common.c.o
[235/467] Compiling C object test-context.p/bench_bench.c.o
[236/467] Compiling C object test-context.p/tools_tools-common.c.o
[237/467] Compiling C object test-filecomp.p/test_common.c.o
[238/467] Compiling C object test-rules-file.p/bench_bench.c.o
[239/467] Compiling C object test-rules-file-includes.p/src_utf8-decoding.c.o
[240/467] Compiling C object test-context.p/test_common.c.o
[241/467] Compiling C object test-rules-file-includes.p/test_rules-file-includes.c.o
[242/467] Compiling C object introspection.p/tools_introspection.c.o
../libxkbcommon/tools/introspection.c:385:9: warning: ignoring return value of function declared with 'warn_unused_result' attribute [-Wunused-result]
  385 |         realpath(path, root);
      |         ^~~~~~~~~~~~~~~~~~~~
1 warning generated.
[243/467] Compiling C object test-context.p/test_context.c.o
[244/467] Compiling C object test-rules-file-includes.p/bench_bench.c.o
[245/467] Compiling C object test-keysym.p/test_keysym.c.o
[246/467] Compiling C object test-stringcomp.p/src_utf8-decoding.c.o
[247/467] Compiling C object test-stringcomp.p/test_utils-text.c.o
[248/467] Compiling C object test-buffercomp.p/src_utf8-decoding.c.o
[249/467] Compiling C object test-stringcomp.p/bench_bench.c.o
[250/467] Compiling C object test-stringcomp.p/test_stringcomp.c.o
[251/467] Compiling C object test-buffercomp.p/bench_bench.c.o
[252/467] Compiling C object test-rules-file.p/test_common.c.o
[253/467] Compiling C object test-rules-file.p/tools_tools-common.c.o
[254/467] Compiling C object extensions-directories.p/src_utf8-decoding.c.o
[255/467] Compiling C object test-rules-file-includes.p/test_common.c.o
[256/467] Compiling C object test-rules-file-includes.p/tools_tools-common.c.o
[257/467] Compiling C object extensions-directories.p/bench_bench.c.o
[258/467] Compiling C object test-stringcomp.p/tools_tools-common.c.o
[259/467] Compiling C object test-rules-file.p/test_rules-file.c.o
[260/467] Compiling C object test-introspection.p/src_utf8-decoding.c.o
[261/467] Compiling C object extensions-directories.p/test_extensions-directories.c.o
[262/467] Compiling C object test-introspection.p/test_introspection.c.o
[263/467] Compiling C object test-log.p/src_utf8-decoding.c.o
[264/467] Compiling C object test-introspection.p/bench_bench.c.o
[265/467] Compiling C object extensions-directories.p/test_common.c.o
[266/467] Compiling C object extensions-directories.p/tools_tools-common.c.o
[267/467] Compiling C object test-buffercomp.p/tools_tools-common.c.o
[268/467] Compiling C object test-stringcomp.p/test_common.c.o
[269/467] Compiling C object test-buffercomp.p/test_buffercomp.c.o
[270/467] Compiling C object test-buffercomp.p/test_common.c.o
[271/467] Compiling C object test-introspection.p/tools_tools-common.c.o
[272/467] Compiling C object test-log.p/bench_bench.c.o
[273/467] Compiling C object test-introspection.p/test_common.c.o
[274/467] Compiling C object test-atom.p/src_utf8-decoding.c.o
[275/467] Compiling C object test-atom.p/test_atom.c.o
[276/467] Compiling C object test-log.p/test_log.c.o
[277/467] Compiling C object test-utf8.p/src_utf8-decoding.c.o
[278/467] Compiling C object test-atom.p/bench_bench.c.o
[279/467] Compiling C object test-log.p/tools_tools-common.c.o
[280/467] Compiling C object test-state.p/src_utf8-decoding.c.o
[281/467] Compiling C object test-utf8.p/bench_bench.c.o
[282/467] Compiling C object test-utf8.p/test_utf8.c.o
[283/467] Compiling C object test-rulescomp.p/src_utf8-decoding.c.o
[284/467] Compiling C object test-state.p/bench_bench.c.o
[285/467] Compiling C object test-atom.p/tools_tools-common.c.o
[286/467] Compiling C object test-keyseq.p/src_utf8-decoding.c.o
[287/467] Compiling C object test-rulescomp.p/test_rulescomp.c.o
[288/467] Compiling C object test-rulescomp.p/bench_bench.c.o
[289/467] Compiling C object test-log.p/test_common.c.o
[290/467] Compiling C object test-compose.p/test_compose-iter.c.o
[291/467] Compiling C object test-keyseq.p/tools_tools-common.c.o
[292/467] Compiling C object test-atom.p/test_common.c.o
[293/467] Compiling C object test-utf8.p/test_common.c.o
[294/467] Compiling C object test-compose.p/test_utils-text.c.o
[295/467] Compiling C object test-utf8.p/tools_tools-common.c.o
[296/467] Compiling C object test-compose.p/src_utf8-decoding.c.o
[297/467] Compiling C object test-state.p/tools_tools-common.c.o
[298/467] Compiling C object test-compose.p/bench_bench.c.o
[299/467] Compiling C object test-compose.p/src_compose_dump.c.o
[300/467] Compiling C object test-state.p/test_common.c.o
[301/467] Compiling C object test-keyseq.p/bench_bench.c.o
[302/467] Compiling C object test-utils.p/src_utf8-decoding.c.o
[303/467] Compiling C object test-rulescomp.p/tools_tools-common.c.o
[304/467] Compiling C object test-rulescomp.p/test_common.c.o
[305/467] Compiling C object test-keyseq.p/test_common.c.o
[306/467] Compiling C object test-utils.p/bench_bench.c.o
[307/467] Compiling C object test-utils.p/test_utils-text.c.o
[308/467] Compiling C object test-modifiers.p/src_utf8-decoding.c.o
[309/467] Compiling C object test-messages.p/src_utf8-decoding.c.o
[310/467] Compiling C object test-compose.p/test_common.c.o
[311/467] Compiling C object test-messages.p/tools_messages.c.o
[312/467] Compiling C object test-modifiers.p/bench_bench.c.o
[313/467] Compiling C object test-messages.p/test_messages.c.o
[314/467] Compiling C object test-compose.p/tools_tools-common.c.o
[315/467] Compiling C object test-compose.p/test_compose.c.o
[316/467] Compiling C object test-messages.p/bench_bench.c.o
[317/467] Compiling C object test-x11.p/test_x11.c.o
[318/467] Compiling C object test-x11.p/src_utf8-decoding.c.o
[319/467] Compiling C object test-modifiers.p/tools_tools-common.c.o
[320/467] Compiling C object test-utils.p/test_common.c.o
[321/467] Compiling C object test-utils.p/tools_tools-common.c.o
[322/467] Compiling C object test-x11.p/bench_bench.c.o
[323/467] Compiling C object test-x11.p/test_xvfb-wrapper.c.o
[324/467] Compiling C object test-x11comp.p/test_xvfb-wrapper.c.o
[325/467] Compiling C object test-keyseq.p/test_keyseq.c.o
[326/467] Compiling C object test-messages.p/tools_tools-common.c.o
[327/467] Compiling C object test-x11comp.p/test_utils-text.c.o
[328/467] Compiling C object test-modifiers.p/test_common.c.o
[329/467] Compiling C object test-x11comp.p/test_x11comp.c.o
[330/467] Compiling C object fuzz-keymap.p/fuzz_keymap_target.c.o
[331/467] Compiling C object test-utils.p/test_utils.c.o
[332/467] Compiling C object test-x11comp.p/src_utf8-decoding.c.o
[333/467] Compiling C object test-registry.p/src_utf8-decoding.c.o
[334/467] Compiling C object test-registry.p/bench_bench.c.o
[335/467] Compiling C object test-messages.p/test_common.c.o
[336/467] Compiling C object test-modifiers.p/test_modifiers.c.o
[337/467] Compiling C object test-x11.p/test_common.c.o
[338/467] Compiling C object fuzz-keymap.p/bench_bench.c.o
[339/467] Compiling C object test-x11.p/tools_tools-common.c.o
[340/467] Compiling C object test-x11comp.p/test_common.c.o
[341/467] Compiling C object fuzz-keymap.p/src_utf8-decoding.c.o
[342/467] Compiling C object test-x11comp.p/tools_tools-common.c.o
[343/467] Compiling C object fuzz-compose.p/fuzz_compose_target.c.o
[344/467] Compiling C object test-registry.p/test_registry.c.o
[345/467] Compiling C object fuzz-compose.p/src_utf8-decoding.c.o
[346/467] Compiling C object bench-key-proc.p/src_utf8-decoding.c.o
[347/467] Compiling C object test-x11comp.p/bench_bench.c.o
[348/467] Compiling C object bench-keysym-case-mappings.p/bench_keysym-case-mappings.c.o
[349/467] Compiling C object fuzz-compose.p/bench_bench.c.o
[350/467] Compiling C object test-registry.p/tools_tools-common.c.o
[351/467] Compiling C object bench-key-proc.p/bench_key-proc.c.o
[352/467] Compiling C object bench-key-proc.p/bench_bench.c.o
[353/467] Compiling C object bench-rulescomp.p/bench_rulescomp.c.o
[354/467] Compiling C object bench-keysym-case-mappings.p/bench_bench.c.o
[355/467] Compiling C object fuzz-compose.p/tools_tools-common.c.o
[356/467] Compiling C object bench-keysym-case-mappings.p/src_utf8-decoding.c.o
[357/467] Compiling C object bench-rulescomp.p/src_utf8-decoding.c.o
[358/467] Compiling C object fuzz-keymap.p/tools_tools-common.c.o
[359/467] Compiling C object fuzz-keymap.p/test_common.c.o
[360/467] Compiling C object bench-key-proc.p/test_common.c.o
[361/467] Compiling C object test-registry.p/test_common.c.o
[362/467] Compiling C object bench-keysym-case-mappings.p/tools_tools-common.c.o
[363/467] Compiling C object bench-key-proc.p/tools_tools-common.c.o
[364/467] Compiling C object bench-rules.p/src_utf8-decoding.c.o
[365/467] Compiling C object bench-rulescomp.p/bench_bench.c.o
[366/467] Compiling C object bench-rules.p/bench_rules.c.o
[367/467] Compiling C object bench-keysym-case-mappings.p/test_common.c.o
[368/467] Compiling C object bench-rules.p/bench_bench.c.o
[369/467] Compiling C object bench-compile-keymap.p/src_utf8-decoding.c.o
[370/467] Compiling C object bench-rulescomp.p/test_common.c.o
[371/467] Compiling C object fuzz-compose.p/test_common.c.o
[372/467] Compiling C object bench-rulescomp.p/tools_tools-common.c.o
[373/467] Compiling C object bench-compile-keymap.p/src_keymap-formats.c.o
[374/467] Compiling C object bench-dump-keymap.p/src_utf8-decoding.c.o
[375/467] Compiling C object bench-dump-keymap.p/src_keymap-formats.c.o
[376/467] Compiling C object bench-dump-keymap.p/bench_compile-keymap.c.o
[377/467] Compiling C object bench-rules.p/tools_tools-common.c.o
[378/467] Compiling C object bench-compile-keymap.p/src_utils.c.o
[379/467] Compiling C object bench-compile-keymap.p/bench_bench.c.o
[380/467] Compiling C object bench-compile-keymap.p/bench_compile-keymap.c.o
[381/467] Compiling C object bench-compose.p/bench_compose.c.o
[382/467] Compiling C object bench-custom-parsers.p/src_utils.c.o
[383/467] Compiling C object bench-compile-keymap.p/tools_tools-common.c.o
[384/467] Compiling C object test-state.p/test_state.c.o
[385/467] Compiling C object bench-custom-parsers.p/src_utf8-decoding.c.o
[386/467] Compiling C object bench-compile-keymap.p/test_common.c.o
[387/467] Compiling C object bench-dump-keymap.p/bench_bench.c.o
[388/467] Compiling C object bench-compose.p/bench_bench.c.o
[389/467] Compiling C object bench-rules.p/test_common.c.o
[390/467] Compiling C object bench-compose.p/src_utf8-decoding.c.o
[391/467] Compiling C object bench-custom-parsers.p/bench_bench.c.o
[392/467] Compiling C object bench-compose-traversal.p/bench_compose-traversal.c.o
[393/467] Compiling C object bench-compose-traversal.p/test_compose-iter.c.o
[394/467] Compiling C object bench-custom-parsers.p/bench_custom-parsers.c.o
[395/467] Compiling C object bench-custom-parsers.p/test_common.c.o
[396/467] Compiling C object bench-compose-traversal.p/src_utf8-decoding.c.o
[397/467] Compiling C object bench-atom.p/src_utf8-decoding.c.o
[398/467] Compiling C object bench-dump-keymap.p/tools_tools-common.c.o
[399/467] Compiling C object bench-compose-traversal.p/bench_bench.c.o
[400/467] Compiling C object bench-atom.p/bench_atom.c.o
[401/467] Compiling C object bench-compose.p/tools_tools-common.c.o
[402/467] Compiling C object bench-custom-parsers.p/tools_tools-common.c.o
[403/467] Compiling C object bench-dump-keymap.p/test_common.c.o
[404/467] Linking target export-keysyms
[405/467] Compiling C object bench-atom.p/bench_bench.c.o
[406/467] Linking target xkbcli-info
[407/467] Linking target xkbcli
[408/467] Compiling C object bench-x11.p/src_utf8-decoding.c.o
[409/467] Linking target xkbcli-compile-keymap
[410/467] Linking target xkbcli-how-to-type
[411/467] Compiling C object bench-compose-traversal.p/tools_tools-common.c.o
[412/467] Compiling C object bench-compose.p/test_common.c.o
[413/467] Linking target xkbcli-interactive-x11
[414/467] Linking target xkbcli-compile-compose
[415/467] Linking target xkbcli-dump-keymap-x11
[416/467] Linking target xkbcli-interactive-evdev
[417/467] Compiling C object bench-x11.p/bench_bench.c.o
[418/467] Linking target xkbcli-interactive-wayland
[419/467] Compiling C object bench-x11.p/bench_x11.c.o
[420/467] Linking target xkbcli-dump-keymap-wayland
[421/467] Linking target xkbcli-dump-keymap
[422/467] Linking target test-keymap
[423/467] Linking target test-keysym
[424/467] Linking target xkbcli-interactive
[425/467] Linking target xkbcli-list
[426/467] Linking target introspection
[427/467] Linking target test-context
[428/467] Linking target xkb-check-messages
[429/467] Linking target test-keysym-unicode
[430/467] Linking target test-filecomp
[431/467] Linking target test-stringcomp
[432/467] Linking target test-rules-file
[433/467] Linking target test-rules-file-includes
[434/467] Linking target test-introspection
[435/467] Linking target test-buffercomp
[436/467] Linking target test-log
[437/467] Linking target test-atom
[438/467] Linking target test-utf8
[439/467] Linking target test-state
[440/467] Linking target extensions-directories
[441/467] Linking target test-rulescomp
[442/467] Compiling C object bench-compose-traversal.p/test_common.c.o
[443/467] Linking target test-keyseq
[444/467] Linking target test-compose
[445/467] Linking target test-utils
[446/467] Linking target test-modifiers
[447/467] Linking target test-messages
[448/467] Linking target test-x11comp
[449/467] Linking target test-registry
[450/467] Linking target test-x11
[451/467] Linking target fuzz-compose
[452/467] Linking target bench-rulescomp
[453/467] Linking target fuzz-keymap
[454/467] Linking target bench-keysym-case-mappings
[455/467] Linking target bench-key-proc
[456/467] Compiling C object bench-x11.p/tools_tools-common.c.o
[457/467] Linking target bench-dump-keymap
[458/467] Linking target bench-custom-parsers
[459/467] Linking target bench-compile-keymap
[460/467] Linking target bench-rules
[461/467] Linking target bench-compose
[462/467] Compiling C object bench-atom.p/tools_tools-common.c.o
[463/467] Linking target bench-compose-traversal
[464/467] Compiling C object bench-atom.p/test_common.c.o
[465/467] Linking target bench-atom
[466/467] Compiling C object bench-x11.p/test_common.c.o
[467/467] Linking target bench-x11
INFO: autodetecting backend as ninja
INFO: calculating backend command to run: /usr/sbin/ninja -C /home/builder/build/src/build
==> Entering fakeroot environment...
==> Starting package_libxkbcommon()...
ninja: Entering directory `/home/builder/build/src/build'
ninja: no work to do.
Installing libxkbcommon.so.0.13.2 to /home/builder/build/pkg/libxkbcommon/usr/lib
Installing libxkbcommon-x11.so.0.13.2 to /home/builder/build/pkg/libxkbcommon/usr/lib
Installing libxkbregistry.so.0.13.2 to /home/builder/build/pkg/libxkbcommon/usr/lib
Installing xkbcli to /home/builder/build/pkg/libxkbcommon/usr/bin
Installing xkbcli-info to /home/builder/build/pkg/libxkbcommon/usr/lib/xkbcommon
Installing xkbcli-compile-keymap to /home/builder/build/pkg/libxkbcommon/usr/lib/xkbcommon
Installing xkbcli-compile-compose to /home/builder/build/pkg/libxkbcommon/usr/lib/xkbcommon
Installing xkbcli-how-to-type to /home/builder/build/pkg/libxkbcommon/usr/lib/xkbcommon
Installing xkbcli-interactive-evdev to /home/builder/build/pkg/libxkbcommon/usr/lib/xkbcommon
Installing xkbcli-interactive-x11 to /home/builder/build/pkg/libxkbcommon/usr/lib/xkbcommon
Installing xkbcli-dump-keymap-x11 to /home/builder/build/pkg/libxkbcommon/usr/lib/xkbcommon
Installing xkbcli-interactive-wayland to /home/builder/build/pkg/libxkbcommon/usr/lib/xkbcommon
Installing xkbcli-dump-keymap-wayland to /home/builder/build/pkg/libxkbcommon/usr/lib/xkbcommon
Installing xkbcli-interactive to /home/builder/build/pkg/libxkbcommon/usr/lib/xkbcommon
Installing xkbcli-dump-keymap to /home/builder/build/pkg/libxkbcommon/usr/lib/xkbcommon
Installing xkbcli-list to /home/builder/build/pkg/libxkbcommon/usr/lib/xkbcommon
Installing /home/builder/build/src/libxkbcommon/include/xkbcommon/xkbcommon.h to /home/builder/build/pkg/libxkbcommon/usr/include/xkbcommon
Installing /home/builder/build/src/libxkbcommon/include/xkbcommon/xkbcommon-compat.h to /home/builder/build/pkg/libxkbcommon/usr/include/xkbcommon
Installing /home/builder/build/src/libxkbcommon/include/xkbcommon/xkbcommon-compose.h to /home/builder/build/pkg/libxkbcommon/usr/include/xkbcommon
Installing /home/builder/build/src/libxkbcommon/include/xkbcommon/xkbcommon-keysyms.h to /home/builder/build/pkg/libxkbcommon/usr/include/xkbcommon
Installing /home/builder/build/src/libxkbcommon/include/xkbcommon/xkbcommon-names.h to /home/builder/build/pkg/libxkbcommon/usr/include/xkbcommon
Installing /home/builder/build/src/libxkbcommon/include/xkbcommon/xkbcommon-x11.h to /home/builder/build/pkg/libxkbcommon/usr/include/xkbcommon
Installing /home/builder/build/src/libxkbcommon/include/xkbcommon/xkbregistry.h to /home/builder/build/pkg/libxkbcommon/usr/include/xkbcommon
Installing /home/builder/build/src/libxkbcommon/tools/xkbcli.1 to /home/builder/build/pkg/libxkbcommon/usr/share/man/man1
Installing /home/builder/build/src/libxkbcommon/tools/xkbcli-info.1 to /home/builder/build/pkg/libxkbcommon/usr/share/man/man1
Installing /home/builder/build/src/libxkbcommon/tools/xkbcli-compile-keymap.1 to /home/builder/build/pkg/libxkbcommon/usr/share/man/man1
Installing /home/builder/build/src/libxkbcommon/tools/xkbcli-compile-compose.1 to /home/builder/build/pkg/libxkbcommon/usr/share/man/man1
Installing /home/builder/build/src/libxkbcommon/tools/xkbcli-how-to-type.1 to /home/builder/build/pkg/libxkbcommon/usr/share/man/man1
Installing /home/builder/build/src/libxkbcommon/tools/xkbcli-interactive-evdev.1 to /home/builder/build/pkg/libxkbcommon/usr/share/man/man1
Installing /home/builder/build/src/libxkbcommon/tools/xkbcli-interactive-x11.1 to /home/builder/build/pkg/libxkbcommon/usr/share/man/man1
Installing /home/builder/build/src/libxkbcommon/tools/xkbcli-dump-keymap-x11.1 to /home/builder/build/pkg/libxkbcommon/usr/share/man/man1
Installing /home/builder/build/src/libxkbcommon/tools/xkbcli-interactive-wayland.1 to /home/builder/build/pkg/libxkbcommon/usr/share/man/man1
Installing /home/builder/build/src/libxkbcommon/tools/xkbcli-dump-keymap-wayland.1 to /home/builder/build/pkg/libxkbcommon/usr/share/man/man1
Installing /home/builder/build/src/libxkbcommon/tools/xkbcli-list.1 to /home/builder/build/pkg/libxkbcommon/usr/share/man/man1
Installing /home/builder/build/src/build/meson-private/xkbcommon.pc to /home/builder/build/pkg/libxkbcommon/usr/lib/pkgconfig
Installing /home/builder/build/src/build/meson-private/xkbcommon-x11.pc to /home/builder/build/pkg/libxkbcommon/usr/lib/pkgconfig
Installing /home/builder/build/src/build/meson-private/xkbregistry.pc to /home/builder/build/pkg/libxkbcommon/usr/lib/pkgconfig
Installing /home/builder/build/src/libxkbcommon/tools/xkbcli-bash-completion.sh to /home/builder/build/pkg/libxkbcommon/usr/share/bash-completion/completions
Installing symlink pointing to libxkbcommon.so.0.13.2 to /home/builder/build/pkg/libxkbcommon/usr/lib/libxkbcommon.so.0
Installing symlink pointing to libxkbcommon.so.0 to /home/builder/build/pkg/libxkbcommon/usr/lib/libxkbcommon.so
Installing symlink pointing to libxkbcommon-x11.so.0.13.2 to /home/builder/build/pkg/libxkbcommon/usr/lib/libxkbcommon-x11.so.0
Installing symlink pointing to libxkbcommon-x11.so.0 to /home/builder/build/pkg/libxkbcommon/usr/lib/libxkbcommon-x11.so
Installing symlink pointing to libxkbregistry.so.0.13.2 to /home/builder/build/pkg/libxkbcommon/usr/lib/libxkbregistry.so.0
Installing symlink pointing to libxkbregistry.so.0 to /home/builder/build/pkg/libxkbcommon/usr/lib/libxkbregistry.so
==> Tidying install...
  -> Removing libtool files...
  -> Removing static library files...
  -> Purging unwanted files...
  -> Stripping unneeded symbols from binaries and libraries...
==> Checking for packaging issues...
==> Creating package "libxkbcommon"...
  -> Generating .PKGINFO file...
warning: Public keyring not found; have you run 'pacman-key --init'?
error: kashira-v3: key "E4DF524F75FE51DD5FB0C7BA1925D86CD662878E" is unknown
error: keyring is not writable
warning: base: unknown key '%INSTALLED_DB%' in local database
warning: base-devel: unknown key '%INSTALLED_DB%' in local database
warning: Public keyring not found; have you run 'pacman-key --init'?
error: kashira-v3: key "E4DF524F75FE51DD5FB0C7BA1925D86CD662878E" is unknown
error: keyring is not writable
warning: base: unknown key '%INSTALLED_DB%' in local database
warning: base-devel: unknown key '%INSTALLED_DB%' in local database
warning: Public keyring not found; have you run 'pacman-key --init'?
error: kashira-v3: key "E4DF524F75FE51DD5FB0C7BA1925D86CD662878E" is unknown
error: keyring is not writable
warning: base: unknown key '%INSTALLED_DB%' in local database
warning: base-devel: unknown key '%INSTALLED_DB%' in local database
warning: Public keyring not found; have you run 'pacman-key --init'?
error: kashira-v3: key "E4DF524F75FE51DD5FB0C7BA1925D86CD662878E" is unknown
error: keyring is not writable
warning: base: unknown key '%INSTALLED_DB%' in local database
warning: base-devel: unknown key '%INSTALLED_DB%' in local database
warning: Public keyring not found; have you run 'pacman-key --init'?
error: kashira-v3: key "E4DF524F75FE51DD5FB0C7BA1925D86CD662878E" is unknown
error: keyring is not writable
warning: base: unknown key '%INSTALLED_DB%' in local database
warning: base-devel: unknown key '%INSTALLED_DB%' in local database
warning: Public keyring not found; have you run 'pacman-key --init'?
error: kashira-v3: key "E4DF524F75FE51DD5FB0C7BA1925D86CD662878E" is unknown
error: keyring is not writable
warning: base: unknown key '%INSTALLED_DB%' in local database
warning: base-devel: unknown key '%INSTALLED_DB%' in local database
warning: Public keyring not found; have you run 'pacman-key --init'?
error: kashira-v3: key "E4DF524F75FE51DD5FB0C7BA1925D86CD662878E" is unknown
error: keyring is not writable
warning: base: unknown key '%INSTALLED_DB%' in local database
warning: base-devel: unknown key '%INSTALLED_DB%' in local database
warning: Public keyring not found; have you run 'pacman-key --init'?
error: kashira-v3: key "E4DF524F75FE51DD5FB0C7BA1925D86CD662878E" is unknown
error: keyring is not writable
warning: base: unknown key '%INSTALLED_DB%' in local database
warning: base-devel: unknown key '%INSTALLED_DB%' in local database
warning: Public keyring not found; have you run 'pacman-key --init'?
error: kashira-v3: key "E4DF524F75FE51DD5FB0C7BA1925D86CD662878E" is unknown
error: keyring is not writable
warning: base: unknown key '%INSTALLED_DB%' in local database
warning: base-devel: unknown key '%INSTALLED_DB%' in local database
warning: Public keyring not found; have you run 'pacman-key --init'?
error: kashira-v3: key "E4DF524F75FE51DD5FB0C7BA1925D86CD662878E" is unknown
error: keyring is not writable
warning: base: unknown key '%INSTALLED_DB%' in local database
warning: base-devel: unknown key '%INSTALLED_DB%' in local database
warning: Public keyring not found; have you run 'pacman-key --init'?
error: kashira-v3: key "E4DF524F75FE51DD5FB0C7BA1925D86CD662878E" is unknown
error: keyring is not writable
warning: base: unknown key '%INSTALLED_DB%' in local database
warning: base-devel: unknown key '%INSTALLED_DB%' in local database
warning: Public keyring not found; have you run 'pacman-key --init'?
error: kashira-v3: key "E4DF524F75FE51DD5FB0C7BA1925D86CD662878E" is unknown
error: keyring is not writable
warning: base: unknown key '%INSTALLED_DB%' in local database
warning: base-devel: unknown key '%INSTALLED_DB%' in local database
warning: Public keyring not found; have you run 'pacman-key --init'?
error: kashira-v3: key "E4DF524F75FE51DD5FB0C7BA1925D86CD662878E" is unknown
error: keyring is not writable
warning: base: unknown key '%INSTALLED_DB%' in local database
warning: base-devel: unknown key '%INSTALLED_DB%' in local database
warning: Public keyring not found; have you run 'pacman-key --init'?
error: kashira-v3: key "E4DF524F75FE51DD5FB0C7BA1925D86CD662878E" is unknown
error: keyring is not writable
warning: base: unknown key '%INSTALLED_DB%' in local database
warning: base-devel: unknown key '%INSTALLED_DB%' in local database
warning: Public keyring not found; have you run 'pacman-key --init'?
error: kashira-v3: key "E4DF524F75FE51DD5FB0C7BA1925D86CD662878E" is unknown
error: keyring is not writable
warning: base: unknown key '%INSTALLED_DB%' in local database
warning: base-devel: unknown key '%INSTALLED_DB%' in local database
warning: Public keyring not found; have you run 'pacman-key --init'?
error: kashira-v3: key "E4DF524F75FE51DD5FB0C7BA1925D86CD662878E" is unknown
error: keyring is not writable
warning: base: unknown key '%INSTALLED_DB%' in local database
warning: base-devel: unknown key '%INSTALLED_DB%' in local database
  -> Generating .BUILDINFO file...
warning: Public keyring not found; have you run 'pacman-key --init'?
error: kashira-v3: key "E4DF524F75FE51DD5FB0C7BA1925D86CD662878E" is unknown
error: keyring is not writable
warning: base: unknown key '%INSTALLED_DB%' in local database
warning: base-devel: unknown key '%INSTALLED_DB%' in local database
  -> Generating .MTREE file...
  -> Compressing package...
==> Starting package_libxkbcommon-x11()...
==> Tidying install...
  -> Removing libtool files...
  -> Removing static library files...
  -> Purging unwanted files...
  -> Stripping unneeded symbols from binaries and libraries...
==> Checking for packaging issues...
==> Creating package "libxkbcommon-x11"...
  -> Generating .PKGINFO file...
warning: Public keyring not found; have you run 'pacman-key --init'?
error: kashira-v3: key "E4DF524F75FE51DD5FB0C7BA1925D86CD662878E" is unknown
error: keyring is not writable
warning: base: unknown key '%INSTALLED_DB%' in local database
warning: base-devel: unknown key '%INSTALLED_DB%' in local database
warning: Public keyring not found; have you run 'pacman-key --init'?
error: kashira-v3: key "E4DF524F75FE51DD5FB0C7BA1925D86CD662878E" is unknown
error: keyring is not writable
warning: base: unknown key '%INSTALLED_DB%' in local database
warning: base-devel: unknown key '%INSTALLED_DB%' in local database
warning: Public keyring not found; have you run 'pacman-key --init'?
error: kashira-v3: key "E4DF524F75FE51DD5FB0C7BA1925D86CD662878E" is unknown
error: keyring is not writable
warning: base: unknown key '%INSTALLED_DB%' in local database
warning: base-devel: unknown key '%INSTALLED_DB%' in local database
warning: Public keyring not found; have you run 'pacman-key --init'?
error: kashira-v3: key "E4DF524F75FE51DD5FB0C7BA1925D86CD662878E" is unknown
error: keyring is not writable
warning: base: unknown key '%INSTALLED_DB%' in local database
warning: base-devel: unknown key '%INSTALLED_DB%' in local database
warning: Public keyring not found; have you run 'pacman-key --init'?
error: kashira-v3: key "E4DF524F75FE51DD5FB0C7BA1925D86CD662878E" is unknown
error: keyring is not writable
warning: base: unknown key '%INSTALLED_DB%' in local database
warning: base-devel: unknown key '%INSTALLED_DB%' in local database
warning: Public keyring not found; have you run 'pacman-key --init'?
error: kashira-v3: key "E4DF524F75FE51DD5FB0C7BA1925D86CD662878E" is unknown
error: keyring is not writable
warning: base: unknown key '%INSTALLED_DB%' in local database
warning: base-devel: unknown key '%INSTALLED_DB%' in local database
warning: Public keyring not found; have you run 'pacman-key --init'?
error: kashira-v3: key "E4DF524F75FE51DD5FB0C7BA1925D86CD662878E" is unknown
error: keyring is not writable
warning: base: unknown key '%INSTALLED_DB%' in local database
warning: base-devel: unknown key '%INSTALLED_DB%' in local database
warning: Public keyring not found; have you run 'pacman-key --init'?
error: kashira-v3: key "E4DF524F75FE51DD5FB0C7BA1925D86CD662878E" is unknown
error: keyring is not writable
warning: base: unknown key '%INSTALLED_DB%' in local database
warning: base-devel: unknown key '%INSTALLED_DB%' in local database
  -> Generating .BUILDINFO file...
warning: Public keyring not found; have you run 'pacman-key --init'?
error: kashira-v3: key "E4DF524F75FE51DD5FB0C7BA1925D86CD662878E" is unknown
error: keyring is not writable
warning: base: unknown key '%INSTALLED_DB%' in local database
warning: base-devel: unknown key '%INSTALLED_DB%' in local database
  -> Generating .MTREE file...
  -> Compressing package...
==> Leaving fakeroot environment.
==> Finished making: libxkbcommon 1.13.2-1 (Sun Sep 20 04:18:12 2026)
