== build lmdb (deps: git glibc )
warning: glibc-2.44-2 is up to date -- skipping
resolving dependencies...
warning: base: unknown key '%INSTALLED_DB%' in local database
warning: base-devel: unknown key '%INSTALLED_DB%' in local database
looking for conflicting packages...

Packages (4) perl-error-0.17030-1  perl-mailtools-2.22-1  perl-timedate-2.35-1  git-2.55.0-1

Total Download Size:    6.94 MiB
Total Installed Size:  46.04 MiB

:: Proceed with installation? [Y/n] 
:: Retrieving packages...
 git-2.55.0-1-x86_64 downloading...
 perl-mailtools-2.22-1-any downloading...
 perl-timedate-2.35-1-any downloading...
 perl-error-0.17030-1-any downloading...
checking keyring...
checking package integrity...
loading package files...
checking for file conflicts...
:: Processing package changes...
installing perl-error...
installing perl-timedate...
installing perl-mailtools...
installing git...
Optional dependencies for git
    libsecret: git-credential-libsecret credential helper [installed]
:: Running post-transaction hooks...
(1/1) Arming ConditionNeedsUpdate...
==> Making package: lmdb 1.0.0-1 (Sun Sep 20 05:27:38 2026)
==> WARNING: Skipping dependency checks.
==> Retrieving sources...
  -> Updating openldap git repo...
==> WARNING: Skipping verification of source file PGP signatures.
==> Validating source files with sha512sums...
    openldap ... Passed
==> Extracting sources...
  -> Creating working copy of openldap git repo...
Cloning into 'openldap'...
done.
Switched to a new branch 'makepkg'
==> Starting build()...
clang -pthread -march=x86-64-v3 -O2 -pipe -fno-plt -fexceptions         -Wp,-D_FORTIFY_SOURCE=3 -fstack-clash-protection -fcf-protection -W -Wall -Wno-unused-parameter -Wbad-function-cast -Wuninitialized   -c mdb.c
clang -pthread -march=x86-64-v3 -O2 -pipe -fno-plt -fexceptions         -Wp,-D_FORTIFY_SOURCE=3 -fstack-clash-protection -fcf-protection -W -Wall -Wno-unused-parameter -Wbad-function-cast -Wuninitialized   -c midl.c
clang -pthread -march=x86-64-v3 -O2 -pipe -fno-plt -fexceptions         -Wp,-D_FORTIFY_SOURCE=3 -fstack-clash-protection -fcf-protection -W -Wall -Wno-unused-parameter -Wbad-function-cast -Wuninitialized   -c module.c
clang -pthread -march=x86-64-v3 -O2 -pipe -fno-plt -fexceptions         -Wp,-D_FORTIFY_SOURCE=3 -fstack-clash-protection -fcf-protection -W -Wall -Wno-unused-parameter -Wbad-function-cast -Wuninitialized  -fPIC  -c mdb.c -o mdb.lo
clang -pthread -march=x86-64-v3 -O2 -pipe -fno-plt -fexceptions         -Wp,-D_FORTIFY_SOURCE=3 -fstack-clash-protection -fcf-protection -W -Wall -Wno-unused-parameter -Wbad-function-cast -Wuninitialized  -fPIC  -c midl.c -o midl.lo
clang -pthread -march=x86-64-v3 -O2 -pipe -fno-plt -fexceptions         -Wp,-D_FORTIFY_SOURCE=3 -fstack-clash-protection -fcf-protection -W -Wall -Wno-unused-parameter -Wbad-function-cast -Wuninitialized  -fPIC  -c module.c -o module.lo
clang -pthread -march=x86-64-v3 -O2 -pipe -fno-plt -fexceptions         -Wp,-D_FORTIFY_SOURCE=3 -fstack-clash-protection -fcf-protection -W -Wall -Wno-unused-parameter -Wbad-function-cast -Wuninitialized   -c mdb_stat.c
clang -pthread -march=x86-64-v3 -O2 -pipe -fno-plt -fexceptions         -Wp,-D_FORTIFY_SOURCE=3 -fstack-clash-protection -fcf-protection -W -Wall -Wno-unused-parameter -Wbad-function-cast -Wuninitialized   -c mdb_copy.c
clang -pthread -march=x86-64-v3 -O2 -pipe -fno-plt -fexceptions         -Wp,-D_FORTIFY_SOURCE=3 -fstack-clash-protection -fcf-protection -W -Wall -Wno-unused-parameter -Wbad-function-cast -Wuninitialized   -c mdb_dump.c
clang -pthread -march=x86-64-v3 -O2 -pipe -fno-plt -fexceptions         -Wp,-D_FORTIFY_SOURCE=3 -fstack-clash-protection -fcf-protection -W -Wall -Wno-unused-parameter -Wbad-function-cast -Wuninitialized   -c mdb_load.c
clang -pthread -march=x86-64-v3 -O2 -pipe -fno-plt -fexceptions         -Wp,-D_FORTIFY_SOURCE=3 -fstack-clash-protection -fcf-protection -W -Wall -Wno-unused-parameter -Wbad-function-cast -Wuninitialized   -c mdb_drop.c
clang -pthread -march=x86-64-v3 -O2 -pipe -fno-plt -fexceptions         -Wp,-D_FORTIFY_SOURCE=3 -fstack-clash-protection -fcf-protection -W -Wall -Wno-unused-parameter -Wbad-function-cast -Wuninitialized   -c mtest.c
clang -pthread -march=x86-64-v3 -O2 -pipe -fno-plt -fexceptions         -Wp,-D_FORTIFY_SOURCE=3 -fstack-clash-protection -fcf-protection -W -Wall -Wno-unused-parameter -Wbad-function-cast -Wuninitialized   -c mtest2.c
clang -pthread -march=x86-64-v3 -O2 -pipe -fno-plt -fexceptions         -Wp,-D_FORTIFY_SOURCE=3 -fstack-clash-protection -fcf-protection -W -Wall -Wno-unused-parameter -Wbad-function-cast -Wuninitialized   -c mtest3.c
clang -pthread -march=x86-64-v3 -O2 -pipe -fno-plt -fexceptions         -Wp,-D_FORTIFY_SOURCE=3 -fstack-clash-protection -fcf-protection -W -Wall -Wno-unused-parameter -Wbad-function-cast -Wuninitialized   -c mtest4.c
clang -pthread -march=x86-64-v3 -O2 -pipe -fno-plt -fexceptions         -Wp,-D_FORTIFY_SOURCE=3 -fstack-clash-protection -fcf-protection -W -Wall -Wno-unused-parameter -Wbad-function-cast -Wuninitialized   -c mtest5.c
ar rs liblmdb.a mdb.o midl.o module.o
clang -Wl,-O1 -Wl,--sort-common -Wl,--as-needed -Wl,-z,relro -Wl,-z,now -Wl,--undefined-version -Wl,--hash-style=gnu -Wl,--compress-debug-sections=zstd -pthread -shared -Wl,-soname,liblmdb.so.1 -o liblmdb.so.1.0 mdb.lo midl.lo module.lo  -ldl
ar: warning: creating liblmdb.a
clang -Wl,-O1 -Wl,--sort-common -Wl,--as-needed -Wl,-z,relro -Wl,-z,now -Wl,--undefined-version -Wl,--hash-style=gnu -Wl,--compress-debug-sections=zstd -pthread -o mdb_stat mdb_stat.o liblmdb.a -ldl
clang -Wl,-O1 -Wl,--sort-common -Wl,--as-needed -Wl,-z,relro -Wl,-z,now -Wl,--undefined-version -Wl,--hash-style=gnu -Wl,--compress-debug-sections=zstd -pthread -o mdb_copy mdb_copy.o liblmdb.a -ldl
clang -Wl,-O1 -Wl,--sort-common -Wl,--as-needed -Wl,-z,relro -Wl,-z,now -Wl,--undefined-version -Wl,--hash-style=gnu -Wl,--compress-debug-sections=zstd -pthread -o mdb_dump mdb_dump.o liblmdb.a -ldl
clang -Wl,-O1 -Wl,--sort-common -Wl,--as-needed -Wl,-z,relro -Wl,-z,now -Wl,--undefined-version -Wl,--hash-style=gnu -Wl,--compress-debug-sections=zstd -pthread -o mdb_load mdb_load.o liblmdb.a -ldl
clang -Wl,-O1 -Wl,--sort-common -Wl,--as-needed -Wl,-z,relro -Wl,-z,now -Wl,--undefined-version -Wl,--hash-style=gnu -Wl,--compress-debug-sections=zstd -pthread -o mdb_drop mdb_drop.o liblmdb.a -ldl
clang -pthread -march=x86-64-v3 -O2 -pipe -fno-plt -fexceptions         -Wp,-D_FORTIFY_SOURCE=3 -fstack-clash-protection -fcf-protection -W -Wall -Wno-unused-parameter -Wbad-function-cast -Wuninitialized  -Wl,-O1 -Wl,--sort-common -Wl,--as-needed -Wl,-z,relro -Wl,-z,now -Wl,--undefined-version -Wl,--hash-style=gnu -Wl,--compress-debug-sections=zstd -pthread mtest.o liblmdb.a  -o mtest
clang -pthread -march=x86-64-v3 -O2 -pipe -fno-plt -fexceptions         -Wp,-D_FORTIFY_SOURCE=3 -fstack-clash-protection -fcf-protection -W -Wall -Wno-unused-parameter -Wbad-function-cast -Wuninitialized  -Wl,-O1 -Wl,--sort-common -Wl,--as-needed -Wl,-z,relro -Wl,-z,now -Wl,--undefined-version -Wl,--hash-style=gnu -Wl,--compress-debug-sections=zstd -pthread mtest2.o liblmdb.a  -o mtest2
clang -pthread -march=x86-64-v3 -O2 -pipe -fno-plt -fexceptions         -Wp,-D_FORTIFY_SOURCE=3 -fstack-clash-protection -fcf-protection -W -Wall -Wno-unused-parameter -Wbad-function-cast -Wuninitialized  -Wl,-O1 -Wl,--sort-common -Wl,--as-needed -Wl,-z,relro -Wl,-z,now -Wl,--undefined-version -Wl,--hash-style=gnu -Wl,--compress-debug-sections=zstd -pthread mtest3.o liblmdb.a  -o mtest3
clang -pthread -march=x86-64-v3 -O2 -pipe -fno-plt -fexceptions         -Wp,-D_FORTIFY_SOURCE=3 -fstack-clash-protection -fcf-protection -W -Wall -Wno-unused-parameter -Wbad-function-cast -Wuninitialized  -Wl,-O1 -Wl,--sort-common -Wl,--as-needed -Wl,-z,relro -Wl,-z,now -Wl,--undefined-version -Wl,--hash-style=gnu -Wl,--compress-debug-sections=zstd -pthread mtest4.o liblmdb.a  -o mtest4
clang -pthread -march=x86-64-v3 -O2 -pipe -fno-plt -fexceptions         -Wp,-D_FORTIFY_SOURCE=3 -fstack-clash-protection -fcf-protection -W -Wall -Wno-unused-parameter -Wbad-function-cast -Wuninitialized  -Wl,-O1 -Wl,--sort-common -Wl,--as-needed -Wl,-z,relro -Wl,-z,now -Wl,--undefined-version -Wl,--hash-style=gnu -Wl,--compress-debug-sections=zstd -pthread mtest5.o liblmdb.a  -o mtest5
rm -f liblmdb.so; ln -s liblmdb.so.1.0 liblmdb.so
rm -f liblmdb.so.1; ln -s liblmdb.so.1.0 liblmdb.so.1
==> Entering fakeroot environment...
==> Starting package()...
mkdir -p /home/builder/build/pkg/lmdb/usr/bin
mkdir -p /home/builder/build/pkg/lmdb/usr/lib
mkdir -p /home/builder/build/pkg/lmdb/usr/include
mkdir -p /home/builder/build/pkg/lmdb/usr/share/man/man1
for f in mdb_stat mdb_copy mdb_dump mdb_load mdb_drop; do cp $f /home/builder/build/pkg/lmdb/usr/bin; done
for f in liblmdb.a; do cp $f /home/builder/build/pkg/lmdb/usr/lib; done
for f in liblmdb.so.1.0; do cp $f /home/builder/build/pkg/lmdb/usr/lib; \
	i=`basename -s .0 $f`; rm -f /home/builder/build/pkg/lmdb/usr/lib/$i; \
	ln -s $f /home/builder/build/pkg/lmdb/usr/lib/$i; \
	i=`basename -s .1 $i`; rm -f /home/builder/build/pkg/lmdb/usr/lib/$i; \
	ln -s $f /home/builder/build/pkg/lmdb/usr/lib/$i; done
for f in lmdb.h; do cp $f /home/builder/build/pkg/lmdb/usr/include; done
for f in mdb_stat.1 mdb_copy.1 mdb_dump.1 mdb_load.1 mdb_drop.1; do cp $f /home/builder/build/pkg/lmdb/usr/share/man/man1; done
==> Tidying install...
  -> Removing libtool files...
  -> Removing static library files...
  -> Purging unwanted files...
  -> Removing empty directories...
  -> Stripping unneeded symbols from binaries and libraries...
==> Checking for packaging issues...
==> Creating package "lmdb"...
  -> Generating .PKGINFO file...
warning: Public keyring not found; have you run 'pacman-key --init'?
error: kashira-v3: key "E4DF524F75FE51DD5FB0C7BA1925D86CD662878E" is unknown
error: keyring is not writable
warning: base: unknown key '%INSTALLED_DB%' in local database
warning: base-devel: unknown key '%INSTALLED_DB%' in local database
warning: Public keyring not found; have you run 'pacman-key --init'?
error: kashira-v3: key "E4DF524F75FE51DD5FB0C7BA1925D86CD662878E" is unknown
error: keyring is not writable
warning: base: unknown key '%INSTALLED_DB%' in local database
warning: base-devel: unknown key '%INSTALLED_DB%' in local database
warning: Public keyring not found; have you run 'pacman-key --init'?
error: kashira-v3: key "E4DF524F75FE51DD5FB0C7BA1925D86CD662878E" is unknown
error: keyring is not writable
warning: base: unknown key '%INSTALLED_DB%' in local database
warning: base-devel: unknown key '%INSTALLED_DB%' in local database
warning: Public keyring not found; have you run 'pacman-key --init'?
error: kashira-v3: key "E4DF524F75FE51DD5FB0C7BA1925D86CD662878E" is unknown
error: keyring is not writable
warning: base: unknown key '%INSTALLED_DB%' in local database
warning: base-devel: unknown key '%INSTALLED_DB%' in local database
warning: Public keyring not found; have you run 'pacman-key --init'?
error: kashira-v3: key "E4DF524F75FE51DD5FB0C7BA1925D86CD662878E" is unknown
error: keyring is not writable
warning: base: unknown key '%INSTALLED_DB%' in local database
warning: base-devel: unknown key '%INSTALLED_DB%' in local database
warning: Public keyring not found; have you run 'pacman-key --init'?
error: kashira-v3: key "E4DF524F75FE51DD5FB0C7BA1925D86CD662878E" is unknown
error: keyring is not writable
warning: base: unknown key '%INSTALLED_DB%' in local database
warning: base-devel: unknown key '%INSTALLED_DB%' in local database
  -> Generating .BUILDINFO file...
warning: Public keyring not found; have you run 'pacman-key --init'?
error: kashira-v3: key "E4DF524F75FE51DD5FB0C7BA1925D86CD662878E" is unknown
error: keyring is not writable
warning: base: unknown key '%INSTALLED_DB%' in local database
warning: base-devel: unknown key '%INSTALLED_DB%' in local database
  -> Generating .MTREE file...
  -> Compressing package...
==> Leaving fakeroot environment.
==> Finished making: lmdb 1.0.0-1 (Sun Sep 20 05:28:38 2026)
