== build man2html (deps: man perl )
warning: man-db-2.13.1-1 is up to date -- skipping
warning: perl-5.44.0-2 is up to date -- skipping
 there is nothing to do
==> Making package: man2html 3.0.1-10 (Sun Sep 20 03:12:59 2026)
==> WARNING: Skipping dependency checks.
==> Retrieving sources...
  -> Downloading man2html3.0.1.tar.gz...
  % Total    % Received % Xferd  Average Speed  Time    Time    Time   Current
                                 Dload  Upload  Total   Spent   Left   Speed
  0      0   0      0   0      0      0      0                              0100  45371 100  45371   0      0 184.0k      0                              0100  45371 100  45371   0      0 183.9k      0                              0100  45371 100  45371   0      0 183.9k      0                              0
==> WARNING: Skipping verification of source file PGP signatures.
==> Validating source files with sha256sums...
    man2html3.0.1.tar.gz ... Passed
==> Extracting sources...
  -> Extracting man2html3.0.1.tar.gz with bsdtar
==> Entering fakeroot environment...
==> Starting package()...
(/usr/bin/perl)
Installing programs to "/home/builder/build/pkg/man2html/usr/bin":
    man2html => /home/builder/build/pkg/man2html/usr/bin/man2html
Installing manpages to "/home/builder/build/pkg/man2html/usr/share/man":
    doc/man2html.1 => /home/builder/build/pkg/man2html/usr/share/man/man1/man2html.1
==> Tidying install...
  -> Removing libtool files...
  -> Removing static library files...
  -> Purging unwanted files...
  -> Stripping unneeded symbols from binaries and libraries...
==> Checking for packaging issues...
==> Creating package "man2html"...
  -> Generating .PKGINFO file...
  -> Generating .BUILDINFO file...
warning: Public keyring not found; have you run 'pacman-key --init'?
error: kashira-v3: key "E4DF524F75FE51DD5FB0C7BA1925D86CD662878E" is unknown
error: keyring is not writable
warning: base: unknown key '%INSTALLED_DB%' in local database
warning: base-devel: unknown key '%INSTALLED_DB%' in local database
  -> Generating .MTREE file...
  -> Compressing package...
==> Leaving fakeroot environment.
==> Finished making: man2html 3.0.1-10 (Sun Sep 20 03:13:02 2026)
