== build numactl (deps: glibc )
warning: glibc-2.44-2 is up to date -- skipping
 there is nothing to do
==> Making package: numactl 2.0.19-1 (Sat Sep 19 23:15:17 2026)
==> WARNING: Skipping dependency checks.
==> Retrieving sources...
  -> Downloading numactl-2.0.19.tar.gz...
  % Total    % Received % Xferd  Average Speed  Time    Time    Time   Current
                                 Dload  Upload  Total   Spent   Left   Speed
  0      0   0      0   0      0      0      0                              0  0      0   0      0   0      0      0      0                              0  0      0   0      0   0      0      0      0                              0
  0      0   0      0   0      0      0      0                              0100 213.2k   0 213.2k   0      0 198.3k      0           00:01              0100 213.2k   0 213.2k   0      0 198.3k      0           00:01              0100 213.2k   0 213.2k   0      0 198.3k      0           00:01              0
==> WARNING: Skipping verification of source file PGP signatures.
==> Validating source files with sha512sums...
    numactl-2.0.19.tar.gz ... Passed
==> Validating source files with b2sums...
    numactl-2.0.19.tar.gz ... Passed
==> Extracting sources...
  -> Extracting numactl-2.0.19.tar.gz with bsdtar
==> Starting prepare()...
autoreconf: export WARNINGS=
autoreconf: Entering directory '.'
autoreconf: configure.ac: no obvious need to run autopoint
autoreconf: running: aclocal --force -I m4
autoreconf: configure.ac: tracing
autoreconf: configure.ac: creating directory build-aux
autoreconf: running: libtoolize --copy --force
libtoolize: putting auxiliary files in AC_CONFIG_AUX_DIR, 'build-aux'.
libtoolize: copying file 'build-aux/ltmain.sh'
libtoolize: putting macros in AC_CONFIG_MACRO_DIRS, 'm4'.
libtoolize: copying file 'm4/libtool.m4'
libtoolize: copying file 'm4/ltoptions.m4'
libtoolize: copying file 'm4/ltsugar.m4'
libtoolize: copying file 'm4/ltversion.m4'
libtoolize: copying file 'm4/lt~obsolete.m4'
autoreconf: configure.ac: not using Intltool
autoreconf: configure.ac: not using Gtkdoc
autoreconf: configure.ac: no need to run autopoint (confirmed)
autoreconf: running: aclocal --force -I m4
autoreconf: running: /usr/bin/autoconf --force
configure.ac:23: warning: The macro 'AC_TRY_COMPILE' is obsolete.
configure.ac:23: You should run autoupdate.
./lib/autoconf/general.m4:2903: AC_TRY_COMPILE is expanded from...
lib/m4sugar/m4sh.m4:594: AS_CASE is expanded from...
lib/m4sugar/m4sh.m4:689: _AS_IF_ELSE is expanded from...
lib/m4sugar/m4sh.m4:696: AS_IF is expanded from...
./lib/autoconf/general.m4:2305: AC_CACHE_VAL is expanded from...
m4/ax_tls.m4:49: AX_TLS is expanded from...
configure.ac:23: the top level
autoreconf: running: /usr/bin/autoheader --force
autoreconf: running: automake --add-missing --copy --force-missing
configure.ac:13: installing 'build-aux/compile'
configure.ac:13: installing 'build-aux/config.guess'
configure.ac:13: installing 'build-aux/config.sub'
configure.ac:9: installing 'build-aux/install-sh'
configure.ac:9: installing 'build-aux/missing'
Makefile.am: installing 'build-aux/depcomp'
parallel-tests: installing 'build-aux/test-driver'
autoreconf: 'build-aux/config.sub' is updated
autoreconf: 'build-aux/config.guess' is updated
autoreconf: configure.ac: not running make: --make not given
autoreconf: Leaving directory '.'
==> Starting build()...
checking for a BSD-compatible install... /usr/bin/install -c
checking whether sleep supports fractional seconds... yes
checking filesystem timestamp resolution... 0.01
checking whether build environment is sane... yes
checking for a race-free mkdir -p... /usr/sbin/mkdir -p
checking for gawk... gawk
checking whether make sets $(MAKE)... yes
checking whether make supports nested variables... yes
checking xargs -n works... yes
checking whether UID '1000' is supported by ustar format... yes
checking whether GID '1000' is supported by ustar format... yes
checking how to create a ustar tar archive... gnutar
checking build system type... x86_64-pc-linux-gnu
checking host system type... x86_64-pc-linux-gnu
checking how to print strings... printf
checking whether make supports the include directive... yes (GNU style)
checking for gcc... clang
checking whether the C compiler works... yes
checking for C compiler default output file name... a.out
checking for suffix of executables... 
checking whether we are cross compiling... no
checking for suffix of object files... o
checking whether the compiler supports GNU C... yes
checking whether clang accepts -g... yes
checking for clang option to enable C23 features... -std=gnu23
checking whether clang -std=gnu23 understands -c and -o together... yes
checking dependency style of clang -std=gnu23... gcc3
checking for a sed that does not truncate output... /usr/sbin/sed
checking for grep that handles long lines and -e... /usr/sbin/grep
checking for egrep... /usr/sbin/grep -E
checking for fgrep... /usr/sbin/grep -F
checking for ld used by clang -std=gnu23... ld.lld
checking if the linker (ld.lld) is GNU ld... yes
checking for BSD- or MS-compatible name lister (nm)... llvm-nm
checking the name lister (llvm-nm) interface... BSD nm
checking whether ln -s works... yes
checking the maximum length of command line arguments... 1572864
checking how to convert x86_64-pc-linux-gnu file names to x86_64-pc-linux-gnu format... func_convert_file_noop
checking how to convert x86_64-pc-linux-gnu file names to toolchain format... func_convert_file_noop
checking for ld.lld option to reload object files... -r
checking for file... file
checking for objdump... llvm-objdump
checking how to recognize dependent libraries... pass_all
checking for dlltool... dlltool
checking how to associate runtime and link libraries... printf %s\n
checking for ranlib... llvm-ranlib
checking for archiver @FILE support... @
checking for strip... llvm-strip
checking command to parse llvm-nm output from clang -std=gnu23 object... ok
checking for sysroot... no
checking for a working dd... /usr/sbin/dd
checking how to truncate binary pipes... /usr/sbin/dd bs=4096 count=1
checking for mt... no
checking if : is a manifest tool... no
checking for stdio.h... yes
checking for stdlib.h... yes
checking for string.h... yes
checking for inttypes.h... yes
checking for stdint.h... yes
checking for strings.h... yes
checking for sys/stat.h... yes
checking for sys/types.h... yes
checking for unistd.h... yes
checking for dlfcn.h... yes
checking which variant of shared library versioning to provide... (default) aix
checking for objdir... .libs
checking if clang -std=gnu23 supports -fno-rtti -fno-exceptions... yes
checking for clang -std=gnu23 option to produce PIC... -fPIC -DPIC
checking if clang -std=gnu23 PIC flag -fPIC -DPIC works... yes
checking if clang -std=gnu23 static flag -static works... yes
checking if clang -std=gnu23 supports -c -o file.o... yes
checking if clang -std=gnu23 supports -c -o file.o... (cached) yes
checking whether the clang -std=gnu23 linker (ld.lld -m elf_x86_64) supports shared libraries... yes
checking whether -lc should be explicitly linked in... no
checking dynamic linker characteristics... GNU/Linux ld.so
checking how to hardcode library paths into programs... immediate
checking whether stripping libraries is possible... yes
checking if libtool supports shared libraries... yes
checking whether to build shared libraries... yes
checking whether to build static libraries... yes
checking for gcc... (cached) clang
checking whether the compiler supports GNU C... (cached) yes
checking whether clang accepts -g... (cached) yes
checking for clang option to enable C23 features... (cached) -std=gnu23
checking whether clang -std=gnu23 understands -c and -o together... (cached) yes
checking dependency style of clang -std=gnu23... (cached) gcc3
checking for clang -std=gnu23 option to support large files... none needed
checking for thread local storage (TLS) class... __thread
checking whether C compiler accepts -ftree-vectorize... yes
checking for library containing __atomic_fetch_and_1... -latomic
checking that generated files are newer than configure... done
configure: creating ./config.status
config.status: creating Makefile
config.status: creating config.h
config.status: executing depfiles commands
config.status: executing libtool commands
make  all-am
make[1]: Entering directory '/home/builder/build/src/numactl-2.0.19'
  CC       numactl-numactl.o
  CC       numactl-util.o
  CC       numactl-shm.o
  CC       libnuma.lo
  CC       affinity.lo
  CC       distance.lo
  CC       syscall.lo
  CC       sysfs.lo
  CC       rtnetlink.lo
  CC       numademo-numademo.o
  CC       numastat-numastat.o
  CC       numademo-stream_lib.o
  CC       numademo-mt.o
  CC       numademo-util.o
  CC       numademo-clearcache.o
  CC       migratepages.o
numastat.c:94:12: warning: variable 'hash_collisions' set but not used [-Wunused-but-set-global]
   94 | static int hash_collisions = 0;
      |            ^
  CC       util.o
  CC       migspeed.o
  CC       memhog.o
  GEN      numa.pc
1 warning generated.
  CCLD     numastat
  CCLD     libnuma.la
  CCLD     migratepages
  CCLD     numademo
  CCLD     migspeed
  CCLD     numactl
  CCLD     memhog
make[1]: Leaving directory '/home/builder/build/src/numactl-2.0.19'
==> Entering fakeroot environment...
==> Starting package()...
make: Entering directory '/home/builder/build/src/numactl-2.0.19'
make[1]: Entering directory '/home/builder/build/src/numactl-2.0.19'
 /usr/sbin/mkdir -p '/home/builder/build/pkg/numactl/usr/include'
 /usr/sbin/mkdir -p '/home/builder/build/pkg/numactl/usr/lib/pkgconfig'
 /usr/sbin/mkdir -p '/home/builder/build/pkg/numactl/usr/share/man/man3'
 /usr/sbin/mkdir -p '/home/builder/build/pkg/numactl/usr/share/man/man2'
 /usr/sbin/mkdir -p '/home/builder/build/pkg/numactl/usr/share/man/man8'
 /usr/sbin/mkdir -p '/home/builder/build/pkg/numactl/usr/lib'
 /bin/sh ./libtool   --mode=install /usr/bin/install -c   libnuma.la '/home/builder/build/pkg/numactl/usr/lib'
 /usr/bin/install -c -m 644 numa.h numacompat1.h numaif.h '/home/builder/build/pkg/numactl/usr/include'
 /usr/bin/install -c -m 644 numa.pc '/home/builder/build/pkg/numactl/usr/lib/pkgconfig'
 /usr/bin/install -c -m 644 numactl.8 numastat.8 migratepages.8 migspeed.8 memhog.8 '/home/builder/build/pkg/numactl/usr/share/man/man8'
 /usr/bin/install -c -m 644 move_pages.2 '/home/builder/build/pkg/numactl/usr/share/man/man2'
 /usr/bin/install -c -m 644 numa.3 '/home/builder/build/pkg/numactl/usr/share/man/man3'
libtool: install: /usr/bin/install -c .libs/libnuma.so.1.0.0 /home/builder/build/pkg/numactl/usr/lib/libnuma.so.1.0.0
libtool: install: (cd /home/builder/build/pkg/numactl/usr/lib && { ln -s -f libnuma.so.1.0.0 libnuma.so.1 || { rm -f libnuma.so.1 && ln -s libnuma.so.1.0.0 libnuma.so.1; }; })
libtool: install: (cd /home/builder/build/pkg/numactl/usr/lib && { ln -s -f libnuma.so.1.0.0 libnuma.so || { rm -f libnuma.so && ln -s libnuma.so.1.0.0 libnuma.so; }; })
libtool: install: /usr/bin/install -c .libs/libnuma.lai /home/builder/build/pkg/numactl/usr/lib/libnuma.la
libtool: install: /usr/bin/install -c .libs/libnuma.a /home/builder/build/pkg/numactl/usr/lib/libnuma.a
libtool: install: chmod 644 /home/builder/build/pkg/numactl/usr/lib/libnuma.a
libtool: install: llvm-ranlib /home/builder/build/pkg/numactl/usr/lib/libnuma.a
libtool: warning: remember to run 'libtool --finish /usr/lib'
 /usr/sbin/mkdir -p '/home/builder/build/pkg/numactl/usr/bin'
  /bin/sh ./libtool   --mode=install /usr/bin/install -c numactl numastat numademo migratepages migspeed memhog '/home/builder/build/pkg/numactl/usr/bin'
libtool: warning: 'libnuma.la' has not been installed in '/usr/lib'
libtool: install: /usr/bin/install -c .libs/numactl /home/builder/build/pkg/numactl/usr/bin/numactl
libtool: install: /usr/bin/install -c numastat /home/builder/build/pkg/numactl/usr/bin/numastat
libtool: warning: 'libnuma.la' has not been installed in '/usr/lib'
libtool: install: /usr/bin/install -c .libs/numademo /home/builder/build/pkg/numactl/usr/bin/numademo
libtool: warning: 'libnuma.la' has not been installed in '/usr/lib'
libtool: install: /usr/bin/install -c .libs/migratepages /home/builder/build/pkg/numactl/usr/bin/migratepages
libtool: warning: 'libnuma.la' has not been installed in '/usr/lib'
libtool: install: /usr/bin/install -c .libs/migspeed /home/builder/build/pkg/numactl/usr/bin/migspeed
libtool: warning: 'libnuma.la' has not been installed in '/usr/lib'
libtool: install: /usr/bin/install -c .libs/memhog /home/builder/build/pkg/numactl/usr/bin/memhog
make[1]: Leaving directory '/home/builder/build/src/numactl-2.0.19'
make: Leaving directory '/home/builder/build/src/numactl-2.0.19'
install: creating directory '/home/builder/build/pkg/numactl/usr/share/doc'
install: creating directory '/home/builder/build/pkg/numactl/usr/share/doc/numactl'
'numactl-2.0.19/README.md' -> '/home/builder/build/pkg/numactl/usr/share/doc/numactl/README.md'
==> Tidying install...
  -> Removing libtool files...
  -> Removing static library files...
  -> Purging unwanted files...
  -> Stripping unneeded symbols from binaries and libraries...
==> Checking for packaging issues...
==> Creating package "numactl"...
  -> Generating .PKGINFO file...
warning: Public keyring not found; have you run 'pacman-key --init'?
error: kashira-v3: key "E4DF524F75FE51DD5FB0C7BA1925D86CD662878E" is unknown
error: keyring is not writable
warning: base: unknown key '%INSTALLED_DB%' in local database
warning: base-devel: unknown key '%INSTALLED_DB%' in local database
warning: Public keyring not found; have you run 'pacman-key --init'?
error: kashira-v3: key "E4DF524F75FE51DD5FB0C7BA1925D86CD662878E" is unknown
error: keyring is not writable
warning: base: unknown key '%INSTALLED_DB%' in local database
warning: base-devel: unknown key '%INSTALLED_DB%' in local database
warning: Public keyring not found; have you run 'pacman-key --init'?
error: kashira-v3: key "E4DF524F75FE51DD5FB0C7BA1925D86CD662878E" is unknown
error: keyring is not writable
warning: base: unknown key '%INSTALLED_DB%' in local database
warning: base-devel: unknown key '%INSTALLED_DB%' in local database
warning: Public keyring not found; have you run 'pacman-key --init'?
error: kashira-v3: key "E4DF524F75FE51DD5FB0C7BA1925D86CD662878E" is unknown
error: keyring is not writable
warning: base: unknown key '%INSTALLED_DB%' in local database
warning: base-devel: unknown key '%INSTALLED_DB%' in local database
warning: Public keyring not found; have you run 'pacman-key --init'?
error: kashira-v3: key "E4DF524F75FE51DD5FB0C7BA1925D86CD662878E" is unknown
error: keyring is not writable
warning: base: unknown key '%INSTALLED_DB%' in local database
warning: base-devel: unknown key '%INSTALLED_DB%' in local database
warning: Public keyring not found; have you run 'pacman-key --init'?
error: kashira-v3: key "E4DF524F75FE51DD5FB0C7BA1925D86CD662878E" is unknown
error: keyring is not writable
warning: base: unknown key '%INSTALLED_DB%' in local database
warning: base-devel: unknown key '%INSTALLED_DB%' in local database
warning: Public keyring not found; have you run 'pacman-key --init'?
error: kashira-v3: key "E4DF524F75FE51DD5FB0C7BA1925D86CD662878E" is unknown
error: keyring is not writable
warning: base: unknown key '%INSTALLED_DB%' in local database
warning: base-devel: unknown key '%INSTALLED_DB%' in local database
  -> Generating .BUILDINFO file...
warning: Public keyring not found; have you run 'pacman-key --init'?
error: kashira-v3: key "E4DF524F75FE51DD5FB0C7BA1925D86CD662878E" is unknown
error: keyring is not writable
warning: base: unknown key '%INSTALLED_DB%' in local database
warning: base-devel: unknown key '%INSTALLED_DB%' in local database
  -> Generating .MTREE file...
  -> Compressing package...
==> Leaving fakeroot environment.
==> Finished making: numactl 2.0.19-1 (Sat Sep 19 23:15:45 2026)
