== build patchelf (deps: gcc git libgcc libstdc++ )
resolving dependencies...
warning: llvm-libgcc-23.1.1-5 is up to date -- skipping
warning: gcc-runtime-16.2.0-6 is up to date -- skipping
warning: base: unknown key '%INSTALLED_DB%' in local database
warning: base-devel: unknown key '%INSTALLED_DB%' in local database
looking for conflicting packages...

Packages (6) mpc-1.4.1-1  perl-error-0.17030-1  perl-mailtools-2.22-1  perl-timedate-2.35-1  gcc-16.2.0-6  git-2.55.0-1

Total Download Size:    97.15 MiB
Total Installed Size:  377.33 MiB

:: Proceed with installation? [Y/n] 
:: Retrieving packages...
 gcc-16.2.0-6-x86_64 downloading...
 git-2.55.0-1-x86_64 downloading...
 mpc-1.4.1-1-x86_64 downloading...
 perl-mailtools-2.22-1-any downloading...
 perl-timedate-2.35-1-any downloading...
 perl-error-0.17030-1-any downloading...
checking keyring...
checking package integrity...
loading package files...
checking for file conflicts...
:: Processing package changes...
installing mpc...
installing gcc...
Optional dependencies for gcc
    lib32-gcc-runtime: for generating code for the 32-bit ABI
installing perl-error...
installing perl-timedate...
installing perl-mailtools...
installing git...
Optional dependencies for git
    libsecret: git-credential-libsecret credential helper [installed]
:: Running post-transaction hooks...
(1/2) Arming ConditionNeedsUpdate...
(2/2) Updating the info directory file...
==> Making package: patchelf 0.19.1-1 (Sat Sep 19 20:41:01 2026)
==> WARNING: Skipping dependency checks.
==> Retrieving sources...
  -> Updating patchelf git repo...
==> WARNING: Skipping verification of source file PGP signatures.
==> Validating source files with sha512sums...
    patchelf ... Passed
==> Validating source files with b2sums...
    patchelf ... Passed
==> Extracting sources...
  -> Creating working copy of patchelf git repo...
Cloning into 'patchelf'...
done.
Switched to a new branch 'makepkg'
==> Starting prepare()...
autoreconf: export WARNINGS=
autoreconf: Entering directory '.'
autoreconf: configure.ac: no obvious need to run autopoint
autoreconf: running: aclocal --force 
autoreconf: configure.ac: tracing
autoreconf: configure.ac: creating directory build-aux
autoreconf: configure.ac: not using Libtool
autoreconf: configure.ac: not using Intltool
autoreconf: configure.ac: not using Gtkdoc
autoreconf: configure.ac: no need to run autopoint (confirmed)
autoreconf: running: /usr/bin/autoconf --force
autoreconf: configure.ac: not running autoheader: no config headers
autoreconf: running: automake --add-missing --copy --force-missing
configure.ac:16: installing 'build-aux/compile'
configure.ac:5: installing 'build-aux/install-sh'
configure.ac:5: installing 'build-aux/missing'
src/Makefile.am: installing 'build-aux/depcomp'
parallel-tests: installing 'build-aux/test-driver'
autoreconf: configure.ac: not running make: --make not given
autoreconf: Leaving directory '.'
==> Starting build()...
checking for a BSD-compatible install... /usr/bin/install -c
checking whether sleep supports fractional seconds... yes
checking filesystem timestamp resolution... 0.01
checking whether build environment is sane... yes
checking for a race-free mkdir -p... /usr/sbin/mkdir -p
checking for gawk... gawk
checking whether make sets $(MAKE)... yes
checking whether make supports nested variables... yes
checking xargs -n works... yes
checking whether UID '1000' is supported by ustar format... yes
checking whether GID '1000' is supported by ustar format... yes
checking how to create a ustar tar archive... gnutar
checking for strip... llvm-strip
checking for nm... llvm-nm
checking for objdump... llvm-objdump
checking for objcopy... llvm-objcopy
checking for readelf... readelf
checking for strings... strings
checking whether make supports the include directive... yes (GNU style)
checking for gcc... clang
checking whether the C compiler works... yes
checking for C compiler default output file name... a.out
checking for suffix of executables... 
checking whether we are cross compiling... no
checking for suffix of object files... o
checking whether the compiler supports GNU C... yes
checking whether clang accepts -g... yes
checking for clang option to enable C23 features... -std=gnu23
checking whether clang -std=gnu23 understands -c and -o together... yes
checking dependency style of clang -std=gnu23... gcc3
checking whether the compiler supports GNU C++... yes
checking whether clang++ accepts -g... yes
checking dependency style of clang++... gcc3
checking dependency style of clang -std=gnu23... gcc3
checking whether clang++ supports C++17 features with -std=c++17... yes
checking that generated files are newer than configure... done
configure: creating ./config.status
config.status: creating Makefile
config.status: creating src/Makefile
config.status: creating tests/Makefile
config.status: creating patchelf.spec
config.status: executing depfiles commands
Making all in src
make[1]: Entering directory '/home/builder/build/src/patchelf/src'
clang++ -std=c++17 -DPACKAGE_NAME=\"patchelf\" -DPACKAGE_TARNAME=\"patchelf\" -DPACKAGE_VERSION=\"0.19.1\" -DPACKAGE_STRING=\"patchelf\ 0.19.1\" -DPACKAGE_BUGREPORT=\"\" -DPACKAGE_URL=\"\" -DPACKAGE=\"patchelf\" -DVERSION=\"0.19.1\" -DHAVE_CXX17=1 -I.    -Wall -Wextra -Wcast-qual -std=c++17 -D_FILE_OFFSET_BITS=64     -march=x86-64-v3 -O2 -pipe -fno-plt -fexceptions         -Wp,-D_FORTIFY_SOURCE=3 -fstack-clash-protection -fcf-protection -MT patchelf.o -MD -MP -MF .deps/patchelf.Tpo -c -o patchelf.o patchelf.cc
mv -f .deps/patchelf.Tpo .deps/patchelf.Po
clang++ -std=c++17 -Wall -Wextra -Wcast-qual -std=c++17 -D_FILE_OFFSET_BITS=64     -march=x86-64-v3 -O2 -pipe -fno-plt -fexceptions         -Wp,-D_FORTIFY_SOURCE=3 -fstack-clash-protection -fcf-protection  -Wl,-O1 -Wl,--sort-common -Wl,--as-needed -Wl,-z,relro -Wl,-z,now -Wl,--undefined-version -Wl,--hash-style=gnu -Wl,--compress-debug-sections=zstd -o patchelf patchelf.o  
make[1]: Leaving directory '/home/builder/build/src/patchelf/src'
Making all in tests
make[1]: Entering directory '/home/builder/build/src/patchelf/tests'
make[1]: Nothing to be done for 'all'.
make[1]: Leaving directory '/home/builder/build/src/patchelf/tests'
make[1]: Entering directory '/home/builder/build/src/patchelf'
make[1]: Nothing to be done for 'all-am'.
make[1]: Leaving directory '/home/builder/build/src/patchelf'
==> Entering fakeroot environment...
==> Starting package()...
Making install in src
make[1]: Entering directory '/home/builder/build/src/patchelf/src'
make[2]: Entering directory '/home/builder/build/src/patchelf/src'
make[2]: Nothing to be done for 'install-data-am'.
 /usr/sbin/mkdir -p '/home/builder/build/pkg/patchelf/usr/bin'
  /usr/bin/install -c patchelf '/home/builder/build/pkg/patchelf/usr/bin'
make[2]: Leaving directory '/home/builder/build/src/patchelf/src'
make[1]: Leaving directory '/home/builder/build/src/patchelf/src'
Making install in tests
make[1]: Entering directory '/home/builder/build/src/patchelf/tests'
make[2]: Entering directory '/home/builder/build/src/patchelf/tests'
make[2]: Nothing to be done for 'install-exec-am'.
make[2]: Nothing to be done for 'install-data-am'.
make[2]: Leaving directory '/home/builder/build/src/patchelf/tests'
make[1]: Leaving directory '/home/builder/build/src/patchelf/tests'
make[1]: Entering directory '/home/builder/build/src/patchelf'
make[2]: Entering directory '/home/builder/build/src/patchelf'
make[2]: Nothing to be done for 'install-exec-am'.
 /usr/sbin/mkdir -p '/home/builder/build/pkg/patchelf/usr/share/zsh/site-functions'
 /usr/sbin/mkdir -p '/home/builder/build/pkg/patchelf/usr/share/doc/patchelf'
 /usr/sbin/mkdir -p '/home/builder/build/pkg/patchelf/usr/share/man/man1'
 /usr/bin/install -c -m 644 README.md '/home/builder/build/pkg/patchelf/usr/share/doc/patchelf'
 /usr/bin/install -c -m 644 completions/zsh/_patchelf '/home/builder/build/pkg/patchelf/usr/share/zsh/site-functions'
 /usr/bin/install -c -m 644 patchelf.1 '/home/builder/build/pkg/patchelf/usr/share/man/man1'
make[2]: Leaving directory '/home/builder/build/src/patchelf'
make[1]: Leaving directory '/home/builder/build/src/patchelf'
==> Tidying install...
  -> Removing libtool files...
  -> Removing static library files...
  -> Purging unwanted files...
  -> Stripping unneeded symbols from binaries and libraries...
==> Checking for packaging issues...
==> Creating package "patchelf"...
  -> Generating .PKGINFO file...
warning: Public keyring not found; have you run 'pacman-key --init'?
error: kashira-v3: key "E4DF524F75FE51DD5FB0C7BA1925D86CD662878E" is unknown
error: keyring is not writable
warning: base: unknown key '%INSTALLED_DB%' in local database
warning: base-devel: unknown key '%INSTALLED_DB%' in local database
warning: Public keyring not found; have you run 'pacman-key --init'?
error: kashira-v3: key "E4DF524F75FE51DD5FB0C7BA1925D86CD662878E" is unknown
error: keyring is not writable
warning: base: unknown key '%INSTALLED_DB%' in local database
warning: base-devel: unknown key '%INSTALLED_DB%' in local database
  -> Generating .BUILDINFO file...
warning: Public keyring not found; have you run 'pacman-key --init'?
error: kashira-v3: key "E4DF524F75FE51DD5FB0C7BA1925D86CD662878E" is unknown
error: keyring is not writable
warning: base: unknown key '%INSTALLED_DB%' in local database
warning: base-devel: unknown key '%INSTALLED_DB%' in local database
  -> Generating .MTREE file...
  -> Compressing package...
==> Leaving fakeroot environment.
==> Finished making: patchelf 0.19.1-1 (Sat Sep 19 20:41:29 2026)
