== build perl-mime-charset (deps: perl )
warning: perl-5.44.0-2 is up to date -- skipping
 there is nothing to do
==> Making package: perl-mime-charset 1.013.1-6 (Sun Sep 20 01:28:51 2026)
==> WARNING: Skipping dependency checks.
==> Retrieving sources...
  -> Found MIME-Charset-1.013.1.tar.gz
==> WARNING: Skipping verification of source file PGP signatures.
==> Validating source files with md5sums...
    MIME-Charset-1.013.1.tar.gz ... Passed
==> Validating source files with sha256sums...
    MIME-Charset-1.013.1.tar.gz ... Passed
==> Extracting sources...
  -> Extracting MIME-Charset-1.013.1.tar.gz with bsdtar
==> Starting build()...
*** Module::AutoInstall version 1.03
*** Checking for Perl dependencies...
[Core Features]
- Test::More         ...loaded. (1.302219)
- Encode             ...loaded. (3.24 >= 1.98)
[Extended mappings by Japanese codepages]
- Encode::EUCJPASCII ...missing. (would need 0.02)
[Additional mappings for JIS X 0213]
- Encode::JISX0213   ...missing. (would need 0.03)
[Additional mappings for Chinese standards]
- Encode::HanExtra   ...missing. (would need 0.20)
[Additional mappings for rarely used old standards]
- Encode::DIN66003   ...missing. (would need 0.01)
[Support for POD2 - translations of Perl documentation]
- POD2::Base         ...missing. (would need 0.041)
*** Module::AutoInstall configuration finished.
Checking if your kit is complete...
Looks good
Generating a Unix-style Makefile
Writing Makefile for MIME::Charset
Writing MYMETA.yml and MYMETA.json
cp lib/MIME/Charset/Defaults.pm.sample blib/lib/MIME/Charset/Defaults.pm.sample
cp lib/MIME/Charset.pm blib/lib/MIME/Charset.pm
cp lib/MIME/Charset/UTF.pm blib/lib/MIME/Charset/UTF.pm
cp lib/POD2/JA/MIME/Charset.pod blib/lib/POD2/JA/MIME/Charset.pod
cp lib/MIME/Charset/_Compat.pm blib/lib/MIME/Charset/_Compat.pm
Manifying 2 pod documents
==> Entering fakeroot environment...
==> Starting package()...
Manifying 2 pod documents
Appending installation info to /home/builder/build/pkg/perl-mime-charset/usr/lib/perl5/5.44/core_perl/perllocal.pod
Installing /home/builder/build/pkg/perl-mime-charset/usr/lib/perl5/5.44/vendor_perl/MIME/Charset.pm
Installing /home/builder/build/pkg/perl-mime-charset/usr/lib/perl5/5.44/vendor_perl/MIME/Charset/Defaults.pm.sample
Installing /home/builder/build/pkg/perl-mime-charset/usr/lib/perl5/5.44/vendor_perl/MIME/Charset/UTF.pm
Installing /home/builder/build/pkg/perl-mime-charset/usr/lib/perl5/5.44/vendor_perl/MIME/Charset/_Compat.pm
Installing /home/builder/build/pkg/perl-mime-charset/usr/lib/perl5/5.44/vendor_perl/POD2/JA/MIME/Charset.pod
Installing /home/builder/build/pkg/perl-mime-charset/usr/share/man/man3/MIME::Charset.3
Installing /home/builder/build/pkg/perl-mime-charset/usr/share/man/man3/POD2::JA::MIME::Charset.3
==> Tidying install...
  -> Removing libtool files...
  -> Removing static library files...
  -> Purging unwanted files...
  -> Removing empty directories...
  -> Stripping unneeded symbols from binaries and libraries...
==> Checking for packaging issues...
==> Creating package "perl-mime-charset"...
  -> Generating .PKGINFO file...
  -> Generating .BUILDINFO file...
warning: Public keyring not found; have you run 'pacman-key --init'?
error: kashira-v3: key "E4DF524F75FE51DD5FB0C7BA1925D86CD662878E" is unknown
error: keyring is not writable
warning: base: unknown key '%INSTALLED_DB%' in local database
warning: base-devel: unknown key '%INSTALLED_DB%' in local database
  -> Generating .MTREE file...
  -> Compressing package...
==> Leaving fakeroot environment.
==> Finished making: perl-mime-charset 1.013.1-6 (Sun Sep 20 01:28:56 2026)
