== build perl-inc-latest (deps: perl )
warning: perl-5.44.0-2 is up to date -- skipping
 there is nothing to do
==> Making package: perl-inc-latest 0.500-15 (Sun Sep 20 01:29:12 2026)
==> WARNING: Skipping dependency checks.
==> Retrieving sources...
  -> Found inc-latest-0.500.tar.gz
==> WARNING: Skipping verification of source file PGP signatures.
==> Validating source files with sha512sums...
    inc-latest-0.500.tar.gz ... Passed
==> Extracting sources...
  -> Extracting inc-latest-0.500.tar.gz with bsdtar
==> Starting build()...
Checking if your kit is complete...
Looks good
Generating a Unix-style Makefile
Writing Makefile for inc::latest
Writing MYMETA.yml and MYMETA.json
cp lib/inc/latest/private.pm blib/lib/inc/latest/private.pm
cp lib/inc/latest.pm blib/lib/inc/latest.pm
Manifying 2 pod documents
==> Entering fakeroot environment...
==> Starting package()...
Manifying 2 pod documents
Appending installation info to /home/builder/build/pkg/perl-inc-latest/usr/lib/perl5/5.44/core_perl/perllocal.pod
Installing /home/builder/build/pkg/perl-inc-latest/usr/lib/perl5/5.44/vendor_perl/inc/latest.pm
Installing /home/builder/build/pkg/perl-inc-latest/usr/lib/perl5/5.44/vendor_perl/inc/latest/private.pm
Installing /home/builder/build/pkg/perl-inc-latest/usr/share/man/man3/inc::latest.3
Installing /home/builder/build/pkg/perl-inc-latest/usr/share/man/man3/inc::latest::private.3
==> Tidying install...
  -> Removing libtool files...
  -> Removing static library files...
  -> Purging unwanted files...
  -> Removing empty directories...
  -> Stripping unneeded symbols from binaries and libraries...
==> Checking for packaging issues...
==> Creating package "perl-inc-latest"...
  -> Generating .PKGINFO file...
  -> Generating .BUILDINFO file...
warning: Public keyring not found; have you run 'pacman-key --init'?
error: kashira-v3: key "E4DF524F75FE51DD5FB0C7BA1925D86CD662878E" is unknown
error: keyring is not writable
warning: base: unknown key '%INSTALLED_DB%' in local database
warning: base-devel: unknown key '%INSTALLED_DB%' in local database
  -> Generating .MTREE file...
  -> Compressing package...
==> Leaving fakeroot environment.
==> Finished making: perl-inc-latest 0.500-15 (Sun Sep 20 01:29:16 2026)
