== build perl-sgmls (deps: perl )
:: Synchronizing package databases...
 kashira downloading...
:: Starting full system upgrade...
:: Replace isl with kashira/libisl? [Y/n] 
resolving dependencies...
warning: base: unknown key '%INSTALLED_DB%' in local database
warning: base-devel: unknown key '%INSTALLED_DB%' in local database
looking for conflicting packages...

Packages (45) acl-2.4.0-1  bash-5.3.20-1  bzip2-1.0.8-6  dbus-1.16.2-1  elfutils-0.196-1  expat-2.8.4-1  fakeroot-1:1.37.2-3  glib2-2.88.3-4  glibc-2.44+r48+g1f5026241027-1  gpm-1.20.7.r38.ge82d1a6-7  iproute2-7.2.0-1  isl-0.27-2 [removal]  kashira-filesystem-2026.09.14-4  keyutils-1.6.3-4  less-1:710-1  lib32-glibc-2.44+r48+g1f5026241027-1  libarchive-3.8.9-1  libcap-2.78-1  libelf-0.196-1  libevent-2.1.13-2  libffi-3.8.0-2  libisl-0.28-1  libpcap-1.11.0-1  libtool-2.6.2-5  libverto-0.3.2-6  llvm-23.1.1-7  lmdb-1.0.0-1  man-pages-6.19-1  ncurses-6.6-2  openssl-4.0.1-1  pacman-7.1.0-5  pcre2-10.48-1  pkgconf-3.0.7-1  readline-8.3.6-1  shadow-4.20.2-2  systemd-261.2-4  tar-1.35-5  tzdata-2026d-1  util-linux-2.42.3-1  util-linux-libs-2.42.3-1  vim-9.2.1046-1  vim-runtime-9.2.1046-1  xxhash-0.8.4-1  xz-5.8.4-1  zstd-1.5.7-3

Total Download Size:    276.80 MiB
Total Installed Size:  1483.41 MiB
Net Upgrade Size:        79.33 MiB

:: Proceed with installation? [Y/n] 
:: Retrieving packages...
 llvm-23.1.1-7-x86_64 downloading...
 systemd-261.2-4-x86_64 downloading...
 glibc-2.44+r48+g1f5026241027-1-x86_64 downloading...
 vim-runtime-9.2.1046-1-x86_64 downloading...
 openssl-4.0.1-1-x86_64 downloading...
 glib2-2.88.3-4-x86_64 downloading...
 lib32-glibc-2.44+r48+g1f5026241027-1-x86_64 downloading...
 util-linux-2.42.3-1-x86_64 downloading...
 man-pages-6.19-1-any downloading...
 vim-9.2.1046-1-x86_64 downloading...
 bash-5.3.20-1-x86_64 downloading...
 libisl-0.28-1-x86_64 downloading...
 ncurses-6.6-2-x86_64 downloading...
 pcre2-10.48-1-x86_64 downloading...
 iproute2-7.2.0-1-x86_64 downloading...
 pacman-7.1.0-5-x86_64 downloading...
 tar-1.35-5-x86_64 downloading...
 elfutils-0.196-1-x86_64 downloading...
 xz-5.8.4-1-x86_64 downloading...
 libelf-0.196-1-x86_64 downloading...
 shadow-4.20.2-2-x86_64 downloading...
 util-linux-libs-2.42.3-1-x86_64 downloading...
 zstd-1.5.7-3-x86_64 downloading...
 libarchive-3.8.9-1-x86_64 downloading...
 libtool-2.6.2-5-x86_64 downloading...
 readline-8.3.6-1-x86_64 downloading...
 tzdata-2026d-1-x86_64 downloading...
 dbus-1.16.2-1-x86_64 downloading...
 libevent-2.1.13-2-x86_64 downloading...
 libpcap-1.11.0-1-x86_64 downloading...
 less-1:710-1-x86_64 downloading...
 expat-2.8.4-1-x86_64 downloading...
 gpm-1.20.7.r38.ge82d1a6-7-x86_64 downloading...
 lmdb-1.0.0-1-x86_64 downloading...
 pkgconf-3.0.7-1-x86_64 downloading...
 xxhash-0.8.4-1-x86_64 downloading...
 acl-2.4.0-1-x86_64 downloading...
 libcap-2.78-1-x86_64 downloading...
 keyutils-1.6.3-4-x86_64 downloading...
 bzip2-1.0.8-6-x86_64 downloading...
 fakeroot-1:1.37.2-3-x86_64 downloading...
 libffi-3.8.0-2-x86_64 downloading...
 libverto-0.3.2-6-x86_64 downloading...
 kashira-filesystem-2026.09.14-4-any downloading...
checking keyring...
checking package integrity...
loading package files...
checking for file conflicts...
:: Processing package changes...
removing isl...
upgrading tzdata...
New optional dependencies for tzdata
    bash: for tzselect [installed]
    glibc: for zdump, zic [installed]
upgrading kashira-filesystem...
upgrading glibc...
upgrading ncurses...
New optional dependencies for ncurses
    bash: for ncursesw6-config [installed]
upgrading readline...
upgrading bash...
New optional dependencies for bash
    bash-completion: for tab completion
upgrading bzip2...
upgrading xz...
upgrading zstd...
reinstalling acl...
reinstalling openssl...
reinstalling libarchive...
installing util-linux-libs...
Optional dependencies for util-linux-libs
    python: python bindings to libmount [installed]
upgrading keyutils...
upgrading libevent...
New optional dependencies for libevent
    python: event_rpcgen.py [installed]
upgrading libverto...
upgrading lmdb...
upgrading shadow...
upgrading util-linux...
warning: /etc/pam.d/chfn installed as /etc/pam.d/chfn.pacnew
warning: /etc/pam.d/chsh installed as /etc/pam.d/chsh.pacnew
warning: /etc/pam.d/login installed as /etc/pam.d/login.pacnew
warning: /etc/pam.d/su installed as /etc/pam.d/su.pacnew
warning: /etc/pam.d/su-l installed as /etc/pam.d/su-l.pacnew
New optional dependencies for util-linux
    words: default dictionary for look
upgrading pcre2...
New optional dependencies for pcre2
    sh: for pcre2-config [installed]
reinstalling libcap...
upgrading expat...
reinstalling dbus...
upgrading less...
reinstalling systemd...
Creating group 'rfkill' with GID 993.
Creating group 'dbus' with GID 992.
Suggested user ID 81 for dbus already used.
Creating user 'dbus' (System Message Bus) with UID 992 and GID 992.
upgrading libffi...
installing libelf...
upgrading elfutils...
upgrading fakeroot...
upgrading glib2...
New optional dependencies for glib2
    dconf: GSettings storage backend
    glib2-devel: development tools
    gvfs: most gio functionality
upgrading libpcap...
upgrading iproute2...
New optional dependencies for iproute2
    db: userspace arp daemon
    linux-atm: ATM support
    python: for routel [installed]
installing libisl...
upgrading tar...
==> NOTICE: tar backup/restore scripts have been moved
==>
==>   The 'tar' package no longer ships the helper scripts
==>   /usr/bin/backup and /usr/bin/restore.
==>
==>   If you rely on these tools, install them separately with:
==>
==>       $ pacman -S tar-scripts
==>
==>   The core 'tar' archiving utility itself is unaffected.
upgrading libtool...
installing lib32-glibc...
upgrading llvm...
upgrading man-pages...
upgrading pacman...
upgrading pkgconf...
warning: /etc/vimrc installed as /etc/vimrc.pacnew
installing vim-runtime...
Optional dependencies for vim-runtime
    sh: support for some tools and macros [installed]
    python: demoserver example tool [installed]
    gawk: mve tools support [installed]
installing gpm...
upgrading vim...
New optional dependencies for vim
    lua: Lua language support [installed]
    perl: Perl language support [installed]
    python: Python language support [installed]
    ruby: Ruby language support
    tcl: Tcl language support
upgrading xxhash...
:: Running post-transaction hooks...
( 1/16) Generating the configured locale...
Generating locales...
Generation complete.
( 2/16) Configuring dynamic linker run-time bindings...
( 3/16) Creating iconv module configuration cache...
( 4/16) Creating 32bit iconv module configuration cache...
( 5/16) Creating system user accounts...
( 6/16) Creating temporary files...
Detected unsafe path transition /var (owned by 1000) → /var/log (owned by root) during canonicalization of var/log.
Detected unsafe path transition /var/lib (owned by 1000) → /var/lib/dbus (owned by root) during canonicalization of var/lib/dbus.
Detected unsafe path transition /var (owned by 1000) → /var/log (owned by root) during canonicalization of var/log.
Detected unsafe path transition /var (owned by 1000) → /var/cache (owned by root) during canonicalization of var/cache.
Detected unsafe path transition /var/lib (owned by 1000) → /var/lib/systemd (owned by root) during canonicalization of var/lib/systemd.
Detected unsafe path transition /var/lib (owned by 1000) → /var/lib/systemd (owned by root) during canonicalization of var/lib/systemd.
Detected unsafe path transition /var/lib (owned by 1000) → /var/lib/systemd (owned by root) during canonicalization of var/lib/systemd.
Detected unsafe path transition /var/lib (owned by 1000) → /var/lib/systemd (owned by root) during canonicalization of var/lib/systemd.
Detected unsafe path transition /var (owned by 1000) → /var/log (owned by root) during canonicalization of var/log.
Detected unsafe path transition /var (owned by 1000) → /var/cache (owned by root) during canonicalization of var/cache.
Detected unsafe path transition /var/lib (owned by 1000) → /var/lib/tpm2-tss (owned by root) during canonicalization of var/lib/tpm2-tss/system.
Detected unsafe path transition /var (owned by 1000) → /var/log (owned by root) during canonicalization of var/log.
Detected unsafe path transition /var (owned by 1000) → /var/log (owned by root) during canonicalization of var/log.
Detected unsafe path transition /var (owned by 1000) → /var/log (owned by root) during canonicalization of var/log.
Detected unsafe path transition /var (owned by 1000) → /var/log (owned by root) during canonicalization of var/log/journal.
Detected unsafe path transition /var (owned by 1000) → /var/log (owned by root) during canonicalization of var/log/journal.
Detected unsafe path transition /var (owned by 1000) → /var/log (owned by root) during canonicalization of var/log/journal.
Detected unsafe path transition /var/lib (owned by 1000) → /var/lib/tpm2-tss (owned by root) during canonicalization of var/lib/tpm2-tss/system/keystore.
error: command failed to execute correctly
( 7/16) Updating journal message catalog...
( 8/16) Updating udev hardware database...
( 9/16) Applying kernel sysctl settings...
  Skipped: Current root is not booted.
(10/16) Reloading system manager configuration...
  Skipped: Current root is not booted.
(11/16) Reloading user manager configuration...
  Skipped: Current root is not booted.
(12/16) Enqueuing marked services...
  Skipped: Current root is not booted.
(13/16) Reloading device manager configuration...
  Skipped: Current root is not booted.
(14/16) Arming ConditionNeedsUpdate...
(15/16) Reloading system bus configuration...
  Skipped: Current root is not booted.
(16/16) Updating the info directory file...
resolving dependencies...
warning: base: unknown key '%INSTALLED_DB%' in local database
warning: base-devel: unknown key '%INSTALLED_DB%' in local database
looking for conflicting packages...

Packages (2) mpc-1.4.1-1  gcc-16.2.0-6

Total Download Size:    90.21 MiB
Total Installed Size:  331.30 MiB

:: Proceed with installation? [Y/n] 
:: Retrieving packages...
 gcc-16.2.0-6-x86_64 downloading...
 mpc-1.4.1-1-x86_64 downloading...
checking keyring...
checking package integrity...
loading package files...
checking for file conflicts...
:: Processing package changes...
installing mpc...
installing gcc...
Optional dependencies for gcc
    lib32-gcc-runtime: for generating code for the 32-bit ABI
:: Running post-transaction hooks...
(1/2) Arming ConditionNeedsUpdate...
(2/2) Updating the info directory file...
warning: perl-5.44.0-2 is up to date -- skipping
 there is nothing to do
==> Making package: perl-sgmls 1:1.1-14 (Wed Sep 23 21:19:33 2026)
==> WARNING: Skipping dependency checks.
==> Retrieving sources...
  -> Found SGMLSpm-1.1.tar.gz
==> WARNING: Skipping verification of source file PGP signatures.
==> Validating source files with sha256sums...
    SGMLSpm-1.1.tar.gz ... Passed
==> Extracting sources...
  -> Extracting SGMLSpm-1.1.tar.gz with bsdtar
==> Starting prepare()...
==> Starting build()...
Checking if your kit is complete...
Looks good
Generating a Unix-style Makefile
Writing Makefile for SGMLSpm
Writing MYMETA.yml and MYMETA.json
cp lib/SGMLS/Refs.pm blib/lib/SGMLS/Refs.pm
cp lib/sgmlspl-specs/skel.pl blib/lib/sgmlspl-specs/skel.pl
cp lib/SGMLS.pm blib/lib/SGMLS.pm
cp lib/SGMLS/Output.pm blib/lib/SGMLS/Output.pm
cp script/sgmlspl.pl blib/script/sgmlspl.pl
"/usr/bin/perl" -MExtUtils::MY -e 'MY->fixin(shift)' -- blib/script/sgmlspl.pl
Manifying 3 pod documents
==> Entering fakeroot environment...
==> Starting package()...
Manifying 3 pod documents
Appending installation info to /home/builder/build/pkg/perl-sgmls/usr/lib/perl5/5.44/core_perl/perllocal.pod
Installing /home/builder/build/pkg/perl-sgmls/usr/lib/perl5/5.44/vendor_perl/SGMLS.pm
Installing /home/builder/build/pkg/perl-sgmls/usr/lib/perl5/5.44/vendor_perl/SGMLS/Refs.pm
Installing /home/builder/build/pkg/perl-sgmls/usr/lib/perl5/5.44/vendor_perl/SGMLS/Output.pm
Installing /home/builder/build/pkg/perl-sgmls/usr/lib/perl5/5.44/vendor_perl/sgmlspl-specs/skel.pl
Installing /home/builder/build/pkg/perl-sgmls/usr/share/man/man3/SGMLS.3
Installing /home/builder/build/pkg/perl-sgmls/usr/share/man/man3/SGMLS::Output.3
Installing /home/builder/build/pkg/perl-sgmls/usr/share/man/man3/SGMLS::Refs.3
Installing /home/builder/build/pkg/perl-sgmls/usr/bin/sgmlspl.pl
'/home/builder/build/pkg/perl-sgmls/usr/bin/sgmlspl' -> 'sgmlspl.pl'
==> Tidying install...
  -> Removing libtool files...
  -> Removing static library files...
  -> Purging unwanted files...
  -> Removing empty directories...
  -> Stripping unneeded symbols from binaries and libraries...
==> Checking for packaging issues...
==> Creating package "perl-sgmls"...
  -> Generating .PKGINFO file...
  -> Generating .BUILDINFO file...
warning: Public keyring not found; have you run 'pacman-key --init'?
error: kashira-v3: key "E4DF524F75FE51DD5FB0C7BA1925D86CD662878E" is unknown
error: keyring is not writable
warning: base: unknown key '%INSTALLED_DB%' in local database
warning: base-devel: unknown key '%INSTALLED_DB%' in local database
  -> Generating .MTREE file...
  -> Compressing package...
==> Leaving fakeroot environment.
==> Finished making: perl-sgmls 1:1.1-14 (Wed Sep 23 21:19:37 2026)
[[37m[32mINFO[0m[37m[0m] Extracting kashira.db.tar.gz to a temporary location...
[[37m[32mINFO[0m[37m[0m] Extracting kashira.files.tar.gz to a temporary location...
[[37m[32mINFO[0m[37m[0m] Adding package '/mnt/lfs/src/kashira-build/out/perl-sgmls/perl-sgmls-1:1.1-14-any.pkg.tar.zst'
[[33m[33mWARN[0m[33m[0m] An entry for 'perl-sgmls-1:1.1-14' already existed
[[37m[32mINFO[0m[37m[0m] Computing checksums...
[[37m[32mINFO[0m[37m[0m] Removing existing entry 'perl-sgmls-1:1.1-14'...
[[37m[32mINFO[0m[37m[0m] Creating 'desc' db entry...
[[37m[32mINFO[0m[37m[0m] Creating 'files' db entry...
[[37m[32mINFO[0m[37m[0m] Creating updated database file 'kashira.db.tar.gz'
