== build perl-yaml-tiny (deps: perl )
warning: perl-5.44.0-2 is up to date -- skipping
 there is nothing to do
==> Making package: perl-yaml-tiny 1.76-3 (Sun Sep 20 01:28:08 2026)
==> WARNING: Skipping dependency checks.
==> Retrieving sources...
  -> Found YAML-Tiny-1.76.tar.gz
==> WARNING: Skipping verification of source file PGP signatures.
==> Validating source files with sha512sums...
    YAML-Tiny-1.76.tar.gz ... Passed
==> Extracting sources...
  -> Extracting YAML-Tiny-1.76.tar.gz with bsdtar
==> Starting build()...
Checking if your kit is complete...
Looks good
Generating a Unix-style Makefile
Writing Makefile for YAML::Tiny
Writing MYMETA.yml and MYMETA.json
==> Entering fakeroot environment...
==> Starting package()...
cp lib/YAML/Tiny.pm blib/lib/YAML/Tiny.pm
Manifying 1 pod document
Appending installation info to /home/builder/build/pkg/perl-yaml-tiny/usr/lib/perl5/5.44/core_perl/perllocal.pod
Installing /home/builder/build/pkg/perl-yaml-tiny/usr/lib/perl5/5.44/vendor_perl/YAML/Tiny.pm
Installing /home/builder/build/pkg/perl-yaml-tiny/usr/share/man/man3/YAML::Tiny.3
==> Tidying install...
  -> Removing libtool files...
  -> Removing static library files...
  -> Purging unwanted files...
  -> Removing empty directories...
  -> Stripping unneeded symbols from binaries and libraries...
==> Checking for packaging issues...
==> Creating package "perl-yaml-tiny"...
  -> Generating .PKGINFO file...
  -> Generating .BUILDINFO file...
warning: Public keyring not found; have you run 'pacman-key --init'?
error: kashira-v3: key "E4DF524F75FE51DD5FB0C7BA1925D86CD662878E" is unknown
error: keyring is not writable
warning: base: unknown key '%INSTALLED_DB%' in local database
warning: base-devel: unknown key '%INSTALLED_DB%' in local database
  -> Generating .MTREE file...
  -> Compressing package...
==> Leaving fakeroot environment.
==> Finished making: perl-yaml-tiny 1.76-3 (Sun Sep 20 01:28:11 2026)
