== build perl-text-wrapi18n (deps: perl-text-charwidth )
resolving dependencies...
looking for conflicting packages...
warning: base: unknown key '%INSTALLED_DB%' in local database
warning: base-devel: unknown key '%INSTALLED_DB%' in local database

Packages (1) perl-text-charwidth-0.04-25

Total Download Size:   0.01 MiB
Total Installed Size:  0.01 MiB

:: Proceed with installation? [Y/n] 
:: Retrieving packages...
 perl-text-charwidth-0.04-25-x86_64 downloading...
checking keyring...
checking package integrity...
loading package files...
checking for file conflicts...
:: Processing package changes...
installing perl-text-charwidth...
:: Running post-transaction hooks...
(1/1) Arming ConditionNeedsUpdate...
==> Making package: perl-text-wrapi18n 0.06-10 (Sun Sep 20 01:28:43 2026)
==> WARNING: Skipping dependency checks.
==> Retrieving sources...
  -> Found Text-WrapI18N-0.06.tar.gz
==> WARNING: Skipping verification of source file PGP signatures.
==> Validating source files with sha256sums...
    Text-WrapI18N-0.06.tar.gz ... Passed
==> Extracting sources...
  -> Extracting Text-WrapI18N-0.06.tar.gz with bsdtar
==> Starting build()...
Checking if your kit is complete...
Looks good
Generating a Unix-style Makefile
Writing Makefile for Text::WrapI18N
Writing MYMETA.yml and MYMETA.json
cp WrapI18N.pm blib/lib/Text/WrapI18N.pm
Manifying 1 pod document
PERL_DL_NONLAZY=1 "/usr/bin/perl" "-MExtUtils::Command::MM" "-MTest::Harness" "-e" "undef *Test::Harness::Switches; test_harness(0, 'blib/lib', 'blib/arch')" t/*.t
t/use.t .. ok
All tests successful.
Files=1, Tests=2,  0 wallclock secs ( 0.04 usr  0.00 sys +  0.09 cusr  0.01 csys =  0.14 CPU)
Result: PASS
==> Entering fakeroot environment...
==> Starting package()...
Manifying 1 pod document
Appending installation info to /home/builder/build/pkg/perl-text-wrapi18n/usr/lib/perl5/5.44/core_perl/perllocal.pod
Installing /home/builder/build/pkg/perl-text-wrapi18n/usr/lib/perl5/5.44/vendor_perl/Text/WrapI18N.pm
Installing /home/builder/build/pkg/perl-text-wrapi18n/usr/share/man/man3/Text::WrapI18N.3
==> Tidying install...
  -> Removing libtool files...
  -> Removing static library files...
  -> Purging unwanted files...
  -> Removing empty directories...
  -> Stripping unneeded symbols from binaries and libraries...
==> Checking for packaging issues...
==> Creating package "perl-text-wrapi18n"...
  -> Generating .PKGINFO file...
  -> Generating .BUILDINFO file...
warning: Public keyring not found; have you run 'pacman-key --init'?
error: kashira-v3: key "E4DF524F75FE51DD5FB0C7BA1925D86CD662878E" is unknown
error: keyring is not writable
warning: base: unknown key '%INSTALLED_DB%' in local database
warning: base-devel: unknown key '%INSTALLED_DB%' in local database
  -> Generating .MTREE file...
  -> Compressing package...
==> Leaving fakeroot environment.
==> Finished making: perl-text-wrapi18n 0.06-10 (Sun Sep 20 01:28:47 2026)
