== build python-wheel (deps: python )
warning: python-3.14.7-1 is up to date -- skipping
 there is nothing to do
==> Making package: python-wheel 0.48.0-1 (Sat Sep 19 21:53:35 2026)
==> WARNING: Skipping dependency checks.
==> Retrieving sources...
  -> Downloading wheel-0.48.0-py3-none-any.whl...
  % Total    % Received % Xferd  Average Speed  Time    Time    Time   Current
                                 Dload  Upload  Total   Spent   Left   Speed
  0      0   0      0   0      0      0      0                              0100  33320 100  33320   0      0 343.3k      0                              0100  33320 100  33320   0      0 343.1k      0                              0100  33320 100  33320   0      0 342.9k      0                              0
==> WARNING: Skipping verification of source file PGP signatures.
==> Validating source files with sha256sums...
    wheel-0.48.0-py3-none-any.whl ... Passed
==> Extracting sources...
  -> Extracting wheel-0.48.0-py3-none-any.whl with bsdtar
==> Entering fakeroot environment...
==> Starting package()...
==> Tidying install...
  -> Removing libtool files...
  -> Removing static library files...
  -> Purging unwanted files...
  -> Stripping unneeded symbols from binaries and libraries...
==> Checking for packaging issues...
==> Creating package "python-wheel"...
  -> Generating .PKGINFO file...
  -> Generating .BUILDINFO file...
warning: Public keyring not found; have you run 'pacman-key --init'?
error: kashira-v3: key "E4DF524F75FE51DD5FB0C7BA1925D86CD662878E" is unknown
error: keyring is not writable
warning: base: unknown key '%INSTALLED_DB%' in local database
warning: base-devel: unknown key '%INSTALLED_DB%' in local database
  -> Generating .MTREE file...
  -> Compressing package...
==> Leaving fakeroot environment.
==> Finished making: python-wheel 0.48.0-1 (Sat Sep 19 21:53:38 2026)
