== build python-dateutil (deps: git python-build python-installer python-setuptools-scm python-six python-wheel )
resolving dependencies...
warning: base: unknown key '%INSTALLED_DB%' in local database
warning: base-devel: unknown key '%INSTALLED_DB%' in local database
looking for conflicting packages...

Packages (13) perl-error-0.17030-1  perl-mailtools-2.22-1  perl-timedate-2.35-1  python-packaging-26.3-1  python-pyproject-hooks-1.2.0-1  python-setuptools-84.0.0-1  python-vcs-versioning-2.4.1-1  git-2.55.0-1  python-build-1.6.0-1  python-installer-1.0.1-1  python-setuptools-scm-10.3.3-1  python-six-1.17.0-3  python-wheel-0.48.0-1

Total Download Size:    8.11 MiB
Total Installed Size:  51.93 MiB

:: Proceed with installation? [Y/n] 
:: Retrieving packages...
 git-2.55.0-1-x86_64 downloading...
 python-setuptools-84.0.0-1-any downloading...
 python-installer-1.0.1-1-any downloading...
 python-vcs-versioning-2.4.1-1-any downloading...
 python-packaging-26.3-1-any downloading...
 python-setuptools-scm-10.3.3-1-any downloading...
 perl-mailtools-2.22-1-any downloading...
 perl-timedate-2.35-1-any downloading...
 python-wheel-0.48.0-1-any downloading...
 python-six-1.17.0-3-any downloading...
 python-build-1.6.0-1-any downloading...
 perl-error-0.17030-1-any downloading...
 python-pyproject-hooks-1.2.0-1-any downloading...
checking keyring...
checking package integrity...
loading package files...
checking for file conflicts...
:: Processing package changes...
installing perl-error...
installing perl-timedate...
installing perl-mailtools...
installing git...
Optional dependencies for git
    libsecret: git-credential-libsecret credential helper [installed]
installing python-packaging...
installing python-pyproject-hooks...
installing python-build...
installing python-installer...
installing python-setuptools...
installing python-vcs-versioning...
Optional dependencies for python-vcs-versioning
    python-rich: formatting of log messages
installing python-setuptools-scm...
Optional dependencies for python-setuptools-scm
    python-rich: use rich as console log handler
installing python-six...
installing python-wheel...
:: Running post-transaction hooks...
(1/1) Arming ConditionNeedsUpdate...
==> Making package: python-dateutil 2.9.0-8 (Sat Sep 19 22:43:01 2026)
==> WARNING: Skipping dependency checks.
==> Retrieving sources...
  -> Cloning dateutil git repo...
Cloning into bare repository '/sources/dateutil'...
==> WARNING: Skipping verification of source file PGP signatures.
==> Validating source files with sha256sums...
    dateutil ... Passed
==> Extracting sources...
  -> Creating working copy of dateutil git repo...
Cloning into 'dateutil'...
done.
Switched to a new branch 'makepkg'
==> Starting prepare()...
Downloading tz file from mirror 0
Updating timezone information...
Done.
==> Starting build()...
* Getting build dependencies for wheel...
<string>:7: SetuptoolsDeprecationWarning: The test command is disabled and references to it are deprecated.
!!

        ********************************************************************************
        Please remove any references to `setuptools.command.test` in all supported versions of the affected package.

        This deprecation is overdue, please update your project and remove deprecated
        calls to avoid build errors in the future.
        ********************************************************************************

!!
<string>:18: DeprecationWarning: distutils Version classes are deprecated. Use packaging.version instead.
/usr/lib/python3.14/site-packages/setuptools/dist.py:765: SetuptoolsDeprecationWarning: License classifiers are deprecated.
!!

        ********************************************************************************
        Please consider removing the following classifiers in favor of a SPDX license expression:

        License :: OSI Approved :: BSD License
        License :: OSI Approved :: Apache Software License

        See https://packaging.python.org/en/latest/guides/writing-pyproject-toml/#license for details.
        ********************************************************************************

!!
  self._finalize_license_expression()
* Building wheel...
<string>:7: SetuptoolsDeprecationWarning: The test command is disabled and references to it are deprecated.
!!

        ********************************************************************************
        Please remove any references to `setuptools.command.test` in all supported versions of the affected package.

        This deprecation is overdue, please update your project and remove deprecated
        calls to avoid build errors in the future.
        ********************************************************************************

!!
<string>:18: DeprecationWarning: distutils Version classes are deprecated. Use packaging.version instead.
/usr/lib/python3.14/site-packages/setuptools/dist.py:765: SetuptoolsDeprecationWarning: License classifiers are deprecated.
!!

        ********************************************************************************
        Please consider removing the following classifiers in favor of a SPDX license expression:

        License :: OSI Approved :: BSD License
        License :: OSI Approved :: Apache Software License

        See https://packaging.python.org/en/latest/guides/writing-pyproject-toml/#license for details.
        ********************************************************************************

!!
  self._finalize_license_expression()
running bdist_wheel
/usr/lib/python3.14/site-packages/setuptools/_distutils/cmd.py:119: SetuptoolsDeprecationWarning: bdist_wheel.universal is deprecated
!!

        ********************************************************************************
        With Python 2.7 end-of-life, support for building universal wheels
        (i.e., wheels that support both Python 2 and Python 3)
        is being obviated.
        Please discontinue using this option, or if you still need it,
        file an issue with pypa/setuptools describing your use case.

        This deprecation is overdue, please update your project and remove deprecated
        calls to avoid build errors in the future.
        ********************************************************************************

!!
  self.finalize_options()
running build
running build_py
creating build/lib/dateutil
copying src/dateutil/__init__.py -> build/lib/dateutil
copying src/dateutil/_common.py -> build/lib/dateutil
copying src/dateutil/easter.py -> build/lib/dateutil
copying src/dateutil/relativedelta.py -> build/lib/dateutil
copying src/dateutil/rrule.py -> build/lib/dateutil
copying src/dateutil/tzwin.py -> build/lib/dateutil
copying src/dateutil/utils.py -> build/lib/dateutil
copying src/dateutil/_version.py -> build/lib/dateutil
creating build/lib/dateutil/parser
copying src/dateutil/parser/__init__.py -> build/lib/dateutil/parser
copying src/dateutil/parser/_parser.py -> build/lib/dateutil/parser
copying src/dateutil/parser/isoparser.py -> build/lib/dateutil/parser
creating build/lib/dateutil/tz
copying src/dateutil/tz/__init__.py -> build/lib/dateutil/tz
copying src/dateutil/tz/_common.py -> build/lib/dateutil/tz
copying src/dateutil/tz/_factories.py -> build/lib/dateutil/tz
copying src/dateutil/tz/tz.py -> build/lib/dateutil/tz
copying src/dateutil/tz/win.py -> build/lib/dateutil/tz
creating build/lib/dateutil/zoneinfo
copying src/dateutil/zoneinfo/__init__.py -> build/lib/dateutil/zoneinfo
copying src/dateutil/zoneinfo/rebuild.py -> build/lib/dateutil/zoneinfo
copying src/dateutil/zoneinfo/dateutil-zoneinfo.tar.gz -> build/lib/dateutil/zoneinfo
installing to build/bdist.linux-x86_64/wheel
running install
running install_lib
creating build/bdist.linux-x86_64/wheel
creating build/bdist.linux-x86_64/wheel/dateutil
copying build/lib/dateutil/__init__.py -> build/bdist.linux-x86_64/wheel/./dateutil
copying build/lib/dateutil/_common.py -> build/bdist.linux-x86_64/wheel/./dateutil
copying build/lib/dateutil/easter.py -> build/bdist.linux-x86_64/wheel/./dateutil
copying build/lib/dateutil/relativedelta.py -> build/bdist.linux-x86_64/wheel/./dateutil
copying build/lib/dateutil/rrule.py -> build/bdist.linux-x86_64/wheel/./dateutil
copying build/lib/dateutil/tzwin.py -> build/bdist.linux-x86_64/wheel/./dateutil
copying build/lib/dateutil/utils.py -> build/bdist.linux-x86_64/wheel/./dateutil
copying build/lib/dateutil/_version.py -> build/bdist.linux-x86_64/wheel/./dateutil
creating build/bdist.linux-x86_64/wheel/dateutil/parser
copying build/lib/dateutil/parser/__init__.py -> build/bdist.linux-x86_64/wheel/./dateutil/parser
copying build/lib/dateutil/parser/_parser.py -> build/bdist.linux-x86_64/wheel/./dateutil/parser
copying build/lib/dateutil/parser/isoparser.py -> build/bdist.linux-x86_64/wheel/./dateutil/parser
creating build/bdist.linux-x86_64/wheel/dateutil/tz
copying build/lib/dateutil/tz/__init__.py -> build/bdist.linux-x86_64/wheel/./dateutil/tz
copying build/lib/dateutil/tz/_common.py -> build/bdist.linux-x86_64/wheel/./dateutil/tz
copying build/lib/dateutil/tz/_factories.py -> build/bdist.linux-x86_64/wheel/./dateutil/tz
copying build/lib/dateutil/tz/tz.py -> build/bdist.linux-x86_64/wheel/./dateutil/tz
copying build/lib/dateutil/tz/win.py -> build/bdist.linux-x86_64/wheel/./dateutil/tz
creating build/bdist.linux-x86_64/wheel/dateutil/zoneinfo
copying build/lib/dateutil/zoneinfo/__init__.py -> build/bdist.linux-x86_64/wheel/./dateutil/zoneinfo
copying build/lib/dateutil/zoneinfo/rebuild.py -> build/bdist.linux-x86_64/wheel/./dateutil/zoneinfo
copying build/lib/dateutil/zoneinfo/dateutil-zoneinfo.tar.gz -> build/bdist.linux-x86_64/wheel/./dateutil/zoneinfo
running install_egg_info
running egg_info
creating src/python_dateutil.egg-info
writing src/python_dateutil.egg-info/PKG-INFO
writing dependency_links to src/python_dateutil.egg-info/dependency_links.txt
writing requirements to src/python_dateutil.egg-info/requires.txt
writing top-level names to src/python_dateutil.egg-info/top_level.txt
writing manifest file 'src/python_dateutil.egg-info/SOURCES.txt'
reading manifest template 'MANIFEST.in'
warning: no previously-included files matching '__pycache__' found anywhere in distribution
warning: no previously-included files matching '*.py[co]' found anywhere in distribution
adding license file 'LICENSE'
writing manifest file 'src/python_dateutil.egg-info/SOURCES.txt'
Copying src/python_dateutil.egg-info to build/bdist.linux-x86_64/wheel/./python_dateutil-2.9.0-py3.14.egg-info
running install_scripts
creating build/bdist.linux-x86_64/wheel/python_dateutil-2.9.0.dist-info/WHEEL
creating '/home/builder/build/src/dateutil/dist/.tmp-34q3l_f2/python_dateutil-2.9.0-py2.py3-none-any.whl' and adding 'build/bdist.linux-x86_64/wheel' to it
adding 'dateutil/__init__.py'
adding 'dateutil/_common.py'
adding 'dateutil/_version.py'
adding 'dateutil/easter.py'
adding 'dateutil/relativedelta.py'
adding 'dateutil/rrule.py'
adding 'dateutil/tzwin.py'
adding 'dateutil/utils.py'
adding 'dateutil/parser/__init__.py'
adding 'dateutil/parser/_parser.py'
adding 'dateutil/parser/isoparser.py'
adding 'dateutil/tz/__init__.py'
adding 'dateutil/tz/_common.py'
adding 'dateutil/tz/_factories.py'
adding 'dateutil/tz/tz.py'
adding 'dateutil/tz/win.py'
adding 'dateutil/zoneinfo/__init__.py'
adding 'dateutil/zoneinfo/dateutil-zoneinfo.tar.gz'
adding 'dateutil/zoneinfo/rebuild.py'
adding 'python_dateutil-2.9.0.dist-info/licenses/LICENSE'
adding 'python_dateutil-2.9.0.dist-info/METADATA'
adding 'python_dateutil-2.9.0.dist-info/WHEEL'
adding 'python_dateutil-2.9.0.dist-info/top_level.txt'
adding 'python_dateutil-2.9.0.dist-info/zip-safe'
adding 'python_dateutil-2.9.0.dist-info/RECORD'
removing build/bdist.linux-x86_64/wheel
Successfully built python_dateutil-2.9.0-py2.py3-none-any.whl
==> Entering fakeroot environment...
==> Starting package()...
==> Tidying install...
  -> Removing libtool files...
  -> Removing static library files...
  -> Purging unwanted files...
  -> Stripping unneeded symbols from binaries and libraries...
==> Checking for packaging issues...
==> Creating package "python-dateutil"...
  -> Generating .PKGINFO file...
  -> Generating .BUILDINFO file...
warning: Public keyring not found; have you run 'pacman-key --init'?
error: kashira-v3: key "E4DF524F75FE51DD5FB0C7BA1925D86CD662878E" is unknown
error: keyring is not writable
warning: base: unknown key '%INSTALLED_DB%' in local database
warning: base-devel: unknown key '%INSTALLED_DB%' in local database
  -> Generating .MTREE file...
  -> Compressing package...
==> Leaving fakeroot environment.
==> Finished making: python-dateutil 2.9.0-8 (Sat Sep 19 22:43:26 2026)
