== build python-docutils (deps: python python-build python-flit-core python-installer )
resolving dependencies...
warning: python-3.14.7-1 is up to date -- skipping
warning: base: unknown key '%INSTALLED_DB%' in local database
warning: base-devel: unknown key '%INSTALLED_DB%' in local database
looking for conflicting packages...

Packages (5) python-packaging-26.3-1  python-pyproject-hooks-1.2.0-1  python-build-1.6.0-1  python-flit-core-4.1.0-1  python-installer-1.0.1-1

Total Download Size:   0.40 MiB
Total Installed Size:  1.66 MiB

:: Proceed with installation? [Y/n] 
:: Retrieving packages...
 python-installer-1.0.1-1-any downloading...
 python-packaging-26.3-1-any downloading...
 python-flit-core-4.1.0-1-any downloading...
 python-build-1.6.0-1-any downloading...
 python-pyproject-hooks-1.2.0-1-any downloading...
checking keyring...
checking package integrity...
loading package files...
checking for file conflicts...
:: Processing package changes...
installing python-packaging...
installing python-pyproject-hooks...
installing python-build...
installing python-flit-core...
installing python-installer...
:: Running post-transaction hooks...
(1/1) Arming ConditionNeedsUpdate...
==> Making package: python-docutils 1:0.23-1 (Sun Sep 20 02:14:59 2026)
==> WARNING: Skipping dependency checks.
==> Retrieving sources...
  -> Downloading docutils-0.23.tar.gz...
  % Total    % Received % Xferd  Average Speed  Time    Time    Time   Current
                                 Dload  Upload  Total   Spent   Left   Speed
  0      0   0      0   0      0      0      0                              0100    382 100    382   0      0    893      0                              0100    382 100    382   0      0    893      0                              0
  0      0   0      0   0      0      0      0                              0100    523 100    523   0      0    783      0                              0100    523 100    523   0      0    783      0                              0
  0      0   0      0   0      0      0      0                              0  0  2.19M   0  16120   0      0   9136      0   04:12   00:01   04:11  16022 20  2.19M  20 463.7k   0      0 167.7k      0   00:13   00:02   00:11 231.1k 51  2.19M  51  1.12M   0      0 304.3k      0   00:07   00:03   00:04 380.6k 93  2.19M  93  2.06M   0      0 441.3k      0   00:05   00:04   00:01 524.5k100  2.19M 100  2.19M   0      0 455.5k      0   00:04   00:04         524.5k100  2.19M 100  2.19M   0      0 455.5k      0   00:04   00:04         524.5k100  2.19M 100  2.19M   0      0 455.5k      0   00:04   00:04         524.5k
==> WARNING: Skipping verification of source file PGP signatures.
==> Validating source files with b2sums...
    docutils-0.23.tar.gz ... Passed
==> Extracting sources...
  -> Extracting docutils-0.23.tar.gz with bsdtar
==> Starting prepare()...
==> Starting build()...
* Building wheel...
Successfully built docutils-0.23-py3-none-any.whl
==> Entering fakeroot environment...
==> Starting package()...
==> Tidying install...
  -> Removing libtool files...
  -> Removing static library files...
  -> Purging unwanted files...
  -> Stripping unneeded symbols from binaries and libraries...
==> Checking for packaging issues...
==> Creating package "python-docutils"...
  -> Generating .PKGINFO file...
  -> Generating .BUILDINFO file...
warning: Public keyring not found; have you run 'pacman-key --init'?
error: kashira-v3: key "E4DF524F75FE51DD5FB0C7BA1925D86CD662878E" is unknown
error: keyring is not writable
warning: base: unknown key '%INSTALLED_DB%' in local database
warning: base-devel: unknown key '%INSTALLED_DB%' in local database
  -> Generating .MTREE file...
  -> Compressing package...
==> Leaving fakeroot environment.
==> Finished making: python-docutils 1:0.23-1 (Sun Sep 20 02:15:28 2026)
