== build python-calver (deps: git python python-build python-installer python-setuptools python-wheel )
warning: python-3.14.7-1 is up to date -- skipping
resolving dependencies...
warning: base: unknown key '%INSTALLED_DB%' in local database
warning: base-devel: unknown key '%INSTALLED_DB%' in local database
looking for conflicting packages...

Packages (10) perl-error-0.17030-1  perl-mailtools-2.22-1  perl-timedate-2.35-1  python-packaging-26.3-1  python-pyproject-hooks-1.2.0-1  git-2.55.0-1  python-build-1.6.0-1  python-installer-1.0.1-1  python-setuptools-84.0.0-1  python-wheel-0.48.0-1

Total Download Size:    7.81 MiB
Total Installed Size:  50.30 MiB

:: Proceed with installation? [Y/n] 
:: Retrieving packages...
 git-2.55.0-1-x86_64 downloading...
 python-setuptools-84.0.0-1-any downloading...
 python-installer-1.0.1-1-any downloading...
 python-packaging-26.3-1-any downloading...
 perl-mailtools-2.22-1-any downloading...
 perl-timedate-2.35-1-any downloading...
 python-wheel-0.48.0-1-any downloading...
 python-build-1.6.0-1-any downloading...
 perl-error-0.17030-1-any downloading...
 python-pyproject-hooks-1.2.0-1-any downloading...
checking keyring...
checking package integrity...
loading package files...
checking for file conflicts...
:: Processing package changes...
installing perl-error...
installing perl-timedate...
installing perl-mailtools...
installing git...
Optional dependencies for git
    libsecret: git-credential-libsecret credential helper [installed]
installing python-packaging...
installing python-pyproject-hooks...
installing python-build...
installing python-installer...
installing python-setuptools...
installing python-wheel...
:: Running post-transaction hooks...
(1/1) Arming ConditionNeedsUpdate...
==> Making package: python-calver 2025.10.20-1 (Sat Sep 19 22:14:58 2026)
==> WARNING: Skipping dependency checks.
==> Retrieving sources...
  -> Cloning calver git repo...
Cloning into bare repository '/sources/calver'...
==> WARNING: Skipping verification of source file PGP signatures.
==> Validating source files with sha512sums...
    calver ... Passed
==> Extracting sources...
  -> Creating working copy of calver git repo...
Cloning into 'calver'...
done.
Switched to a new branch 'makepkg'
==> Starting prepare()...
==> Starting build()...
* Getting build dependencies for wheel...
running egg_info
creating src/calver.egg-info
writing src/calver.egg-info/PKG-INFO
writing dependency_links to src/calver.egg-info/dependency_links.txt
writing entry points to src/calver.egg-info/entry_points.txt
writing top-level names to src/calver.egg-info/top_level.txt
writing manifest file 'src/calver.egg-info/SOURCES.txt'
reading manifest file 'src/calver.egg-info/SOURCES.txt'
reading manifest template 'MANIFEST.in'
adding license file 'LICENSE'
writing manifest file 'src/calver.egg-info/SOURCES.txt'
* Building wheel...
running bdist_wheel
running build
running build_py
creating build/lib/calver
copying src/calver/__init__.py -> build/lib/calver
copying src/calver/integration.py -> build/lib/calver
running egg_info
writing src/calver.egg-info/PKG-INFO
writing dependency_links to src/calver.egg-info/dependency_links.txt
writing entry points to src/calver.egg-info/entry_points.txt
writing top-level names to src/calver.egg-info/top_level.txt
reading manifest file 'src/calver.egg-info/SOURCES.txt'
reading manifest template 'MANIFEST.in'
adding license file 'LICENSE'
writing manifest file 'src/calver.egg-info/SOURCES.txt'
installing to build/bdist.linux-x86_64/wheel
running install
running install_lib
creating build/bdist.linux-x86_64/wheel
creating build/bdist.linux-x86_64/wheel/calver
copying build/lib/calver/__init__.py -> build/bdist.linux-x86_64/wheel/./calver
copying build/lib/calver/integration.py -> build/bdist.linux-x86_64/wheel/./calver
running install_egg_info
Copying src/calver.egg-info to build/bdist.linux-x86_64/wheel/./calver-2025.10.20-py3.14.egg-info
running install_scripts
creating build/bdist.linux-x86_64/wheel/calver-2025.10.20.dist-info/WHEEL
creating '/home/builder/build/src/calver/dist/.tmp-_ohjksnh/calver-2025.10.20-py3-none-any.whl' and adding 'build/bdist.linux-x86_64/wheel' to it
adding 'calver/__init__.py'
adding 'calver/integration.py'
adding 'calver-2025.10.20.dist-info/licenses/LICENSE'
adding 'calver-2025.10.20.dist-info/METADATA'
adding 'calver-2025.10.20.dist-info/WHEEL'
adding 'calver-2025.10.20.dist-info/entry_points.txt'
adding 'calver-2025.10.20.dist-info/top_level.txt'
adding 'calver-2025.10.20.dist-info/RECORD'
removing build/bdist.linux-x86_64/wheel
Successfully built calver-2025.10.20-py3-none-any.whl
==> Entering fakeroot environment...
==> Starting package()...
==> Tidying install...
  -> Removing libtool files...
  -> Removing static library files...
  -> Purging unwanted files...
  -> Stripping unneeded symbols from binaries and libraries...
==> Checking for packaging issues...
==> Creating package "python-calver"...
  -> Generating .PKGINFO file...
  -> Generating .BUILDINFO file...
warning: Public keyring not found; have you run 'pacman-key --init'?
error: kashira-v3: key "E4DF524F75FE51DD5FB0C7BA1925D86CD662878E" is unknown
error: keyring is not writable
warning: base: unknown key '%INSTALLED_DB%' in local database
warning: base-devel: unknown key '%INSTALLED_DB%' in local database
  -> Generating .MTREE file...
  -> Compressing package...
==> Leaving fakeroot environment.
==> Finished making: python-calver 2025.10.20-1 (Sat Sep 19 22:15:05 2026)
