== build python-build (deps: python python-packaging python-pyproject-hooks )
resolving dependencies...
warning: python-3.14.7-1 is up to date -- skipping
warning: base: unknown key '%INSTALLED_DB%' in local database
warning: base-devel: unknown key '%INSTALLED_DB%' in local database
looking for conflicting packages...

Packages (2) python-packaging-26.3-1  python-pyproject-hooks-1.2.0-1

Total Download Size:   0.11 MiB
Total Installed Size:  0.51 MiB

:: Proceed with installation? [Y/n] 
:: Retrieving packages...
 python-packaging-26.3-1-any downloading...
 python-pyproject-hooks-1.2.0-1-any downloading...
checking keyring...
checking package integrity...
loading package files...
checking for file conflicts...
:: Processing package changes...
installing python-packaging...
installing python-pyproject-hooks...
:: Running post-transaction hooks...
(1/1) Arming ConditionNeedsUpdate...
==> Making package: python-build 1.6.0-1 (Sat Sep 19 21:53:09 2026)
==> WARNING: Skipping dependency checks.
==> Retrieving sources...
  -> Downloading build-1.6.0-py3-none-any.whl...
  % Total    % Received % Xferd  Average Speed  Time    Time    Time   Current
                                 Dload  Upload  Total   Spent   Left   Speed
  0      0   0      0   0      0      0      0                              0100  31187 100  31187   0      0 281.9k      0                              0100  31187 100  31187   0      0 281.7k      0                              0100  31187 100  31187   0      0 281.5k      0                              0
==> WARNING: Skipping verification of source file PGP signatures.
==> Validating source files with sha256sums...
    build-1.6.0-py3-none-any.whl ... Passed
==> Extracting sources...
  -> Extracting build-1.6.0-py3-none-any.whl with bsdtar
==> Entering fakeroot environment...
==> Starting package()...
==> Tidying install...
  -> Removing libtool files...
  -> Removing static library files...
  -> Purging unwanted files...
  -> Stripping unneeded symbols from binaries and libraries...
==> Checking for packaging issues...
==> Creating package "python-build"...
  -> Generating .PKGINFO file...
  -> Generating .BUILDINFO file...
warning: Public keyring not found; have you run 'pacman-key --init'?
error: kashira-v3: key "E4DF524F75FE51DD5FB0C7BA1925D86CD662878E" is unknown
error: keyring is not writable
warning: base: unknown key '%INSTALLED_DB%' in local database
warning: base-devel: unknown key '%INSTALLED_DB%' in local database
  -> Generating .MTREE file...
  -> Compressing package...
==> Leaving fakeroot environment.
==> Finished making: python-build 1.6.0-1 (Sat Sep 19 21:53:12 2026)
