== build python-toml (deps: python python-build python-installer python-setuptools python-wheel )
warning: python-3.14.7-1 is up to date -- skipping
resolving dependencies...
warning: base: unknown key '%INSTALLED_DB%' in local database
warning: base-devel: unknown key '%INSTALLED_DB%' in local database
looking for conflicting packages...

Packages (6) python-packaging-26.3-1  python-pyproject-hooks-1.2.0-1  python-build-1.6.0-1  python-installer-1.0.1-1  python-setuptools-84.0.0-1  python-wheel-0.48.0-1

Total Download Size:   0.88 MiB
Total Installed Size:  4.26 MiB

:: Proceed with installation? [Y/n] 
:: Retrieving packages...
 python-setuptools-84.0.0-1-any downloading...
 python-installer-1.0.1-1-any downloading...
 python-packaging-26.3-1-any downloading...
 python-wheel-0.48.0-1-any downloading...
 python-build-1.6.0-1-any downloading...
 python-pyproject-hooks-1.2.0-1-any downloading...
checking keyring...
checking package integrity...
loading package files...
checking for file conflicts...
:: Processing package changes...
installing python-packaging...
installing python-pyproject-hooks...
installing python-build...
installing python-installer...
installing python-setuptools...
installing python-wheel...
:: Running post-transaction hooks...
(1/1) Arming ConditionNeedsUpdate...
==> Making package: python-toml 0.10.2-13 (Sat Sep 19 22:01:34 2026)
==> WARNING: Skipping dependency checks.
==> Retrieving sources...
  -> Downloading toml-0.10.2.tar.gz...
  % Total    % Received % Xferd  Average Speed  Time    Time    Time   Current
                                 Dload  Upload  Total   Spent   Left   Speed
  0      0   0      0   0      0      0      0                              0  0      0   0      0   0      0      0      0                              0  0      0   0      0   0      0      0      0                              0
  0      0   0      0   0      0      0      0                              0100  22253 100  22253   0      0 153.1k      0                              0100  22253 100  22253   0      0 153.0k      0                              0100  22253 100  22253   0      0 152.9k      0                              0
  -> Found python-toml-0.10.1-install_type_hints.patch
==> WARNING: Skipping verification of source file PGP signatures.
==> Validating source files with sha256sums...
    toml-0.10.2.tar.gz ... Passed
    python-toml-0.10.1-install_type_hints.patch ... Passed
==> Validating source files with b2sums...
    toml-0.10.2.tar.gz ... Passed
    python-toml-0.10.1-install_type_hints.patch ... Passed
==> Extracting sources...
  -> Extracting toml-0.10.2.tar.gz with bsdtar
==> Starting prepare()...
renamed 'toml-0.10.2' -> 'python-toml-0.10.2'
patching file setup.py
==> Starting build()...
* Building wheel...
/usr/lib/python3.14/site-packages/setuptools/dist.py:765: SetuptoolsDeprecationWarning: License classifiers are deprecated.
!!

        ********************************************************************************
        Please consider removing the following classifiers in favor of a SPDX license expression:

        License :: OSI Approved :: MIT License

        See https://packaging.python.org/en/latest/guides/writing-pyproject-toml/#license for details.
        ********************************************************************************

!!
  self._finalize_license_expression()
running bdist_wheel
/usr/lib/python3.14/site-packages/setuptools/_distutils/cmd.py:119: SetuptoolsDeprecationWarning: bdist_wheel.universal is deprecated
!!

        ********************************************************************************
        With Python 2.7 end-of-life, support for building universal wheels
        (i.e., wheels that support both Python 2 and Python 3)
        is being obviated.
        Please discontinue using this option, or if you still need it,
        file an issue with pypa/setuptools describing your use case.

        This deprecation is overdue, please update your project and remove deprecated
        calls to avoid build errors in the future.
        ********************************************************************************

!!
  self.finalize_options()
running build
running build_py
creating build/lib/toml
copying toml/__init__.py -> build/lib/toml
copying toml/decoder.py -> build/lib/toml
copying toml/encoder.py -> build/lib/toml
copying toml/ordered.py -> build/lib/toml
copying toml/tz.py -> build/lib/toml
copying toml/__init__.pyi -> build/lib/toml
copying toml/decoder.pyi -> build/lib/toml
copying toml/encoder.pyi -> build/lib/toml
copying toml/ordered.pyi -> build/lib/toml
copying toml/tz.pyi -> build/lib/toml
installing to build/bdist.linux-x86_64/wheel
running install
running install_lib
creating build/bdist.linux-x86_64/wheel
creating build/bdist.linux-x86_64/wheel/toml
copying build/lib/toml/__init__.py -> build/bdist.linux-x86_64/wheel/./toml
copying build/lib/toml/decoder.py -> build/bdist.linux-x86_64/wheel/./toml
copying build/lib/toml/encoder.py -> build/bdist.linux-x86_64/wheel/./toml
copying build/lib/toml/ordered.py -> build/bdist.linux-x86_64/wheel/./toml
copying build/lib/toml/tz.py -> build/bdist.linux-x86_64/wheel/./toml
copying build/lib/toml/__init__.pyi -> build/bdist.linux-x86_64/wheel/./toml
copying build/lib/toml/decoder.pyi -> build/bdist.linux-x86_64/wheel/./toml
copying build/lib/toml/encoder.pyi -> build/bdist.linux-x86_64/wheel/./toml
copying build/lib/toml/ordered.pyi -> build/bdist.linux-x86_64/wheel/./toml
copying build/lib/toml/tz.pyi -> build/bdist.linux-x86_64/wheel/./toml
running install_egg_info
running egg_info
writing toml.egg-info/PKG-INFO
writing dependency_links to toml.egg-info/dependency_links.txt
writing top-level names to toml.egg-info/top_level.txt
reading manifest file 'toml.egg-info/SOURCES.txt'
reading manifest template 'MANIFEST.in'
adding license file 'LICENSE'
writing manifest file 'toml.egg-info/SOURCES.txt'
Copying toml.egg-info to build/bdist.linux-x86_64/wheel/./toml-0.10.2-py3.14.egg-info
running install_scripts
creating build/bdist.linux-x86_64/wheel/toml-0.10.2.dist-info/WHEEL
creating '/home/builder/build/src/python-toml-0.10.2/dist/.tmp-h0zumrmi/toml-0.10.2-py2.py3-none-any.whl' and adding 'build/bdist.linux-x86_64/wheel' to it
adding 'toml/__init__.py'
adding 'toml/__init__.pyi'
adding 'toml/decoder.py'
adding 'toml/decoder.pyi'
adding 'toml/encoder.py'
adding 'toml/encoder.pyi'
adding 'toml/ordered.py'
adding 'toml/ordered.pyi'
adding 'toml/tz.py'
adding 'toml/tz.pyi'
adding 'toml-0.10.2.dist-info/licenses/LICENSE'
adding 'toml-0.10.2.dist-info/METADATA'
adding 'toml-0.10.2.dist-info/WHEEL'
adding 'toml-0.10.2.dist-info/top_level.txt'
adding 'toml-0.10.2.dist-info/RECORD'
removing build/bdist.linux-x86_64/wheel
Successfully built toml-0.10.2-py2.py3-none-any.whl
==> Entering fakeroot environment...
==> Starting package()...
install: creating directory '/home/builder/build/pkg/python-toml/usr/share'
install: creating directory '/home/builder/build/pkg/python-toml/usr/share/doc'
install: creating directory '/home/builder/build/pkg/python-toml/usr/share/doc/python-toml'
'README.rst' -> '/home/builder/build/pkg/python-toml/usr/share/doc/python-toml/README.rst'
==> Tidying install...
  -> Removing libtool files...
  -> Removing static library files...
  -> Purging unwanted files...
  -> Stripping unneeded symbols from binaries and libraries...
==> Checking for packaging issues...
==> Creating package "python-toml"...
  -> Generating .PKGINFO file...
  -> Generating .BUILDINFO file...
warning: Public keyring not found; have you run 'pacman-key --init'?
error: kashira-v3: key "E4DF524F75FE51DD5FB0C7BA1925D86CD662878E" is unknown
error: keyring is not writable
warning: base: unknown key '%INSTALLED_DB%' in local database
warning: base-devel: unknown key '%INSTALLED_DB%' in local database
  -> Generating .MTREE file...
  -> Compressing package...
==> Leaving fakeroot environment.
==> Finished making: python-toml 0.10.2-13 (Sat Sep 19 22:01:40 2026)
