== build python-tomlkit (deps: python python-build python-installer python-poetry-core python-wheel )
warning: python-3.14.7-1 is up to date -- skipping
resolving dependencies...
warning: base: unknown key '%INSTALLED_DB%' in local database
warning: base-devel: unknown key '%INSTALLED_DB%' in local database
looking for conflicting packages...

Packages (9) python-fastjsonschema-2.21.2-2  python-lark-parser-1.3.1-2  python-packaging-26.3-1  python-pyproject-hooks-1.2.0-1  python-typing_extensions-4.16.0-1  python-build-1.6.0-1  python-installer-1.0.1-1  python-poetry-core-2.5.0-1  python-wheel-0.48.0-1

Total Download Size:   1.07 MiB
Total Installed Size:  5.53 MiB

:: Proceed with installation? [Y/n] 
:: Retrieving packages...
 python-poetry-core-2.5.0-1-any downloading...
 python-lark-parser-1.3.1-2-any downloading...
 python-installer-1.0.1-1-any downloading...
 python-packaging-26.3-1-any downloading...
 python-typing_extensions-4.16.0-1-any downloading...
 python-fastjsonschema-2.21.2-2-any downloading...
 python-wheel-0.48.0-1-any downloading...
 python-build-1.6.0-1-any downloading...
 python-pyproject-hooks-1.2.0-1-any downloading...
checking keyring...
checking package integrity...
loading package files...
checking for file conflicts...
:: Processing package changes...
installing python-packaging...
installing python-pyproject-hooks...
installing python-build...
installing python-installer...
installing python-fastjsonschema...
installing python-typing_extensions...
installing python-lark-parser...
Optional dependencies for python-lark-parser
    python-atomicwrites: for atomic_cache
    python-regex: for regex support
installing python-poetry-core...
installing python-wheel...
:: Running post-transaction hooks...
(1/1) Arming ConditionNeedsUpdate...
==> Making package: python-tomlkit 0.15.1-1 (Sat Sep 19 22:24:26 2026)
==> WARNING: Skipping dependency checks.
==> Retrieving sources...
  -> Downloading tomlkit-0.15.1.tar.gz...
  % Total    % Received % Xferd  Average Speed  Time    Time    Time   Current
                                 Dload  Upload  Total   Spent   Left   Speed
  0      0   0      0   0      0      0      0                              0  0      0   0      0   0      0      0      0                              0  0      0   0      0   0      0      0      0                              0
  0      0   0      0   0      0      0      0                              0100 175.9k 100 175.9k   0      0 314.5k      0                              0100 175.9k 100 175.9k   0      0 314.5k      0                              0100 175.9k 100 175.9k   0      0 314.4k      0                              0
==> WARNING: Skipping verification of source file PGP signatures.
==> Validating source files with sha256sums...
    tomlkit-0.15.1.tar.gz ... Passed
==> Extracting sources...
  -> Extracting tomlkit-0.15.1.tar.gz with bsdtar
==> Starting build()...
* Getting build dependencies for wheel...
* Building wheel...
Successfully built tomlkit-0.15.1-py3-none-any.whl
==> Entering fakeroot environment...
==> Starting package()...
==> Tidying install...
  -> Removing libtool files...
  -> Removing static library files...
  -> Purging unwanted files...
  -> Stripping unneeded symbols from binaries and libraries...
==> Checking for packaging issues...
==> Creating package "python-tomlkit"...
  -> Generating .PKGINFO file...
  -> Generating .BUILDINFO file...
warning: Public keyring not found; have you run 'pacman-key --init'?
error: kashira-v3: key "E4DF524F75FE51DD5FB0C7BA1925D86CD662878E" is unknown
error: keyring is not writable
warning: base: unknown key '%INSTALLED_DB%' in local database
warning: base-devel: unknown key '%INSTALLED_DB%' in local database
  -> Generating .MTREE file...
  -> Compressing package...
==> Leaving fakeroot environment.
==> Finished making: python-tomlkit 0.15.1-1 (Sat Sep 19 22:24:33 2026)
