== build python-hatchling (deps: python python-build python-editables python-installer python-packaging python-pathspec python-pluggy python-tomlkit python-trove-classifiers )
resolving dependencies...
warning: python-3.14.7-1 is up to date -- skipping
warning: base: unknown key '%INSTALLED_DB%' in local database
warning: base-devel: unknown key '%INSTALLED_DB%' in local database
looking for conflicting packages...

Packages (9) python-pyproject-hooks-1.2.0-1  python-build-1.6.0-1  python-editables-0.6-1  python-installer-1.0.1-1  python-packaging-26.3-1  python-pathspec-1.1.1-1  python-pluggy-1.6.0-3  python-tomlkit-0.15.1-1  python-trove-classifiers-2026.6.1.19-1

Total Download Size:   0.65 MiB
Total Installed Size:  3.25 MiB

:: Proceed with installation? [Y/n] 
:: Retrieving packages...
 python-installer-1.0.1-1-any downloading...
 python-tomlkit-0.15.1-1-any downloading...
 python-packaging-26.3-1-any downloading...
 python-pathspec-1.1.1-1-any downloading...
 python-pluggy-1.6.0-3-any downloading...
 python-build-1.6.0-1-any downloading...
 python-trove-classifiers-2026.6.1.19-1-any downloading...
 python-editables-0.6-1-any downloading...
 python-pyproject-hooks-1.2.0-1-any downloading...
checking keyring...
checking package integrity...
loading package files...
checking for file conflicts...
:: Processing package changes...
installing python-packaging...
installing python-pyproject-hooks...
installing python-build...
installing python-editables...
installing python-installer...
installing python-pathspec...
Optional dependencies for python-pathspec
    python-google-re2: re2 backend
installing python-pluggy...
installing python-tomlkit...
installing python-trove-classifiers...
:: Running post-transaction hooks...
(1/1) Arming ConditionNeedsUpdate...
==> Making package: python-hatchling 1.32.0-1 (Sat Sep 19 22:24:38 2026)
==> WARNING: Skipping dependency checks.
==> Retrieving sources...
  -> Downloading hatchling-v1.32.0.tar.gz...
  % Total    % Received % Xferd  Average Speed  Time    Time    Time   Current
                                 Dload  Upload  Total   Spent   Left   Speed
  0      0   0      0   0      0      0      0                              0  0      0   0      0   0      0      0      0                              0  0      0   0      0   0      0      0      0                              0
  0      0   0      0   0      0      0      0                              0100 524.0k   0 524.0k   0      0 332.1k      0           00:01         523.2k100  1.29M   0  1.29M   0      0 514.7k      0           00:02         662.7k100  2.08M   0  2.08M   0      0 595.5k      0           00:03         709.6k100  2.76M   0  2.76M   0      0 617.0k      0           00:04         705.4k100  3.66M   0  3.66M   0      0 670.2k      0           00:05         747.1k100  4.45M   0  4.45M   0      0 690.4k      0           00:06         802.9k100  5.11M   0  5.11M   0      0 703.1k      0           00:07         802.9k100  5.11M   0  5.11M   0      0 703.1k      0           00:07         802.9k100  5.11M   0  5.11M   0      0 703.1k      0           00:07         802.9k
==> WARNING: Skipping verification of source file PGP signatures.
==> Validating source files with b2sums...
    hatchling-v1.32.0.tar.gz ... Passed
==> Extracting sources...
  -> Extracting hatchling-v1.32.0.tar.gz with bsdtar
==> Starting build()...
* Getting build dependencies for wheel...
* Building wheel...
Successfully built hatchling-1.32.0-py3-none-any.whl
==> Entering fakeroot environment...
==> Starting package()...
install: creating directory '/home/builder/build/pkg/python-hatchling/usr/share'
install: creating directory '/home/builder/build/pkg/python-hatchling/usr/share/doc'
install: creating directory '/home/builder/build/pkg/python-hatchling/usr/share/doc/python-hatchling'
'backend/README.md' -> '/home/builder/build/pkg/python-hatchling/usr/share/doc/python-hatchling/README.md'
install: creating directory '/home/builder/build/pkg/python-hatchling/usr/share/licenses'
install: creating directory '/home/builder/build/pkg/python-hatchling/usr/share/licenses/python-hatchling'
'backend/LICENSE.txt' -> '/home/builder/build/pkg/python-hatchling/usr/share/licenses/python-hatchling/LICENSE.txt'
==> Tidying install...
  -> Removing libtool files...
  -> Removing static library files...
  -> Purging unwanted files...
  -> Stripping unneeded symbols from binaries and libraries...
==> Checking for packaging issues...
==> Creating package "python-hatchling"...
  -> Generating .PKGINFO file...
  -> Generating .BUILDINFO file...
warning: Public keyring not found; have you run 'pacman-key --init'?
error: kashira-v3: key "E4DF524F75FE51DD5FB0C7BA1925D86CD662878E" is unknown
error: keyring is not writable
warning: base: unknown key '%INSTALLED_DB%' in local database
warning: base-devel: unknown key '%INSTALLED_DB%' in local database
  -> Generating .MTREE file...
  -> Compressing package...
==> Leaving fakeroot environment.
==> Finished making: python-hatchling 1.32.0-1 (Sat Sep 19 22:24:57 2026)
