== build python-pathspec (deps: git python python-build python-flit-core python-installer python-wheel )
resolving dependencies...
warning: python-3.14.7-1 is up to date -- skipping
warning: base: unknown key '%INSTALLED_DB%' in local database
warning: base-devel: unknown key '%INSTALLED_DB%' in local database
looking for conflicting packages...

Packages (10) perl-error-0.17030-1  perl-mailtools-2.22-1  perl-timedate-2.35-1  python-packaging-26.3-1  python-pyproject-hooks-1.2.0-1  git-2.55.0-1  python-build-1.6.0-1  python-flit-core-4.1.0-1  python-installer-1.0.1-1  python-wheel-0.48.0-1

Total Download Size:    7.36 MiB
Total Installed Size:  47.79 MiB

:: Proceed with installation? [Y/n] 
:: Retrieving packages...
 git-2.55.0-1-x86_64 downloading...
 python-installer-1.0.1-1-any downloading...
 python-packaging-26.3-1-any downloading...
 perl-mailtools-2.22-1-any downloading...
 python-flit-core-4.1.0-1-any downloading...
 perl-timedate-2.35-1-any downloading...
 python-wheel-0.48.0-1-any downloading...
 python-build-1.6.0-1-any downloading...
 perl-error-0.17030-1-any downloading...
 python-pyproject-hooks-1.2.0-1-any downloading...
checking keyring...
checking package integrity...
loading package files...
checking for file conflicts...
:: Processing package changes...
installing perl-error...
installing perl-timedate...
installing perl-mailtools...
installing git...
Optional dependencies for git
    libsecret: git-credential-libsecret credential helper [installed]
installing python-packaging...
installing python-pyproject-hooks...
installing python-build...
installing python-flit-core...
installing python-installer...
installing python-wheel...
:: Running post-transaction hooks...
(1/1) Arming ConditionNeedsUpdate...
==> Making package: python-pathspec 1.1.1-1 (Sat Sep 19 22:13:30 2026)
==> WARNING: Skipping dependency checks.
==> Retrieving sources...
  -> Cloning python-pathspec git repo...
Cloning into bare repository '/sources/python-pathspec'...
==> WARNING: Skipping verification of source file PGP signatures.
==> Validating source files with b2sums...
    python-pathspec ... Passed
==> Extracting sources...
  -> Creating working copy of python-pathspec git repo...
Cloning into 'python-pathspec'...
done.
Switched to a new branch 'makepkg'
==> Starting build()...
* Building wheel...
Successfully built pathspec-1.1.1-py3-none-any.whl
==> Entering fakeroot environment...
==> Starting package()...
install: creating directory '/home/builder/build/pkg/python-pathspec/usr/share'
install: creating directory '/home/builder/build/pkg/python-pathspec/usr/share/licenses'
install: creating directory '/home/builder/build/pkg/python-pathspec/usr/share/licenses/python-pathspec'
'LICENSE' -> '/home/builder/build/pkg/python-pathspec/usr/share/licenses/python-pathspec/LICENSE'
==> Tidying install...
  -> Removing libtool files...
  -> Removing static library files...
  -> Purging unwanted files...
  -> Stripping unneeded symbols from binaries and libraries...
==> Checking for packaging issues...
==> Creating package "python-pathspec"...
  -> Generating .PKGINFO file...
  -> Generating .BUILDINFO file...
warning: Public keyring not found; have you run 'pacman-key --init'?
error: kashira-v3: key "E4DF524F75FE51DD5FB0C7BA1925D86CD662878E" is unknown
error: keyring is not writable
warning: base: unknown key '%INSTALLED_DB%' in local database
warning: base-devel: unknown key '%INSTALLED_DB%' in local database
  -> Generating .MTREE file...
  -> Compressing package...
==> Leaving fakeroot environment.
==> Finished making: python-pathspec 1.1.1-1 (Sat Sep 19 22:13:38 2026)
