== build python-typing_extensions (deps: git python python-build python-flit-core python-installer )
resolving dependencies...
warning: python-3.14.7-1 is up to date -- skipping
warning: base: unknown key '%INSTALLED_DB%' in local database
warning: base-devel: unknown key '%INSTALLED_DB%' in local database
looking for conflicting packages...

Packages (9) perl-error-0.17030-1  perl-mailtools-2.22-1  perl-timedate-2.35-1  python-packaging-26.3-1  python-pyproject-hooks-1.2.0-1  git-2.55.0-1  python-build-1.6.0-1  python-flit-core-4.1.0-1  python-installer-1.0.1-1

Total Download Size:    7.33 MiB
Total Installed Size:  47.70 MiB

:: Proceed with installation? [Y/n] 
:: Retrieving packages...
 git-2.55.0-1-x86_64 downloading...
 python-installer-1.0.1-1-any downloading...
 python-packaging-26.3-1-any downloading...
 perl-mailtools-2.22-1-any downloading...
 python-flit-core-4.1.0-1-any downloading...
 perl-timedate-2.35-1-any downloading...
 python-build-1.6.0-1-any downloading...
 perl-error-0.17030-1-any downloading...
 python-pyproject-hooks-1.2.0-1-any downloading...
checking keyring...
checking package integrity...
loading package files...
checking for file conflicts...
:: Processing package changes...
installing perl-error...
installing perl-timedate...
installing perl-mailtools...
installing git...
Optional dependencies for git
    libsecret: git-credential-libsecret credential helper [installed]
installing python-packaging...
installing python-pyproject-hooks...
installing python-build...
installing python-flit-core...
installing python-installer...
:: Running post-transaction hooks...
(1/1) Arming ConditionNeedsUpdate...
==> Making package: python-typing_extensions 4.16.0-1 (Sat Sep 19 22:23:23 2026)
==> WARNING: Skipping dependency checks.
==> Retrieving sources...
  -> Cloning python-typing_extensions git repo...
Cloning into bare repository '/sources/python-typing_extensions'...
==> WARNING: Skipping verification of source file PGP signatures.
==> Validating source files with sha512sums...
    python-typing_extensions ... Passed
==> Validating source files with b2sums...
    python-typing_extensions ... Passed
==> Extracting sources...
  -> Creating working copy of python-typing_extensions git repo...
Cloning into 'python-typing_extensions'...
done.
Switched to a new branch 'makepkg'
==> Starting build()...
* Building wheel...
Successfully built typing_extensions-4.16.0-py3-none-any.whl
==> Entering fakeroot environment...
==> Starting package()...
install: creating directory '/home/builder/build/pkg/python-typing_extensions/usr/share'
install: creating directory '/home/builder/build/pkg/python-typing_extensions/usr/share/licenses'
install: creating directory '/home/builder/build/pkg/python-typing_extensions/usr/share/licenses/python-typing_extensions'
'LICENSE' -> '/home/builder/build/pkg/python-typing_extensions/usr/share/licenses/python-typing_extensions/LICENSE'
==> Tidying install...
  -> Removing libtool files...
  -> Removing static library files...
  -> Purging unwanted files...
  -> Stripping unneeded symbols from binaries and libraries...
==> Checking for packaging issues...
==> Creating package "python-typing_extensions"...
  -> Generating .PKGINFO file...
  -> Generating .BUILDINFO file...
warning: Public keyring not found; have you run 'pacman-key --init'?
error: kashira-v3: key "E4DF524F75FE51DD5FB0C7BA1925D86CD662878E" is unknown
error: keyring is not writable
warning: base: unknown key '%INSTALLED_DB%' in local database
warning: base-devel: unknown key '%INSTALLED_DB%' in local database
  -> Generating .MTREE file...
  -> Compressing package...
==> Leaving fakeroot environment.
==> Finished making: python-typing_extensions 4.16.0-1 (Sat Sep 19 22:23:34 2026)
