== build python-six (deps: git python python-build python-installer python-setuptools python-wheel )
warning: python-3.14.7-1 is up to date -- skipping
resolving dependencies...
warning: base: unknown key '%INSTALLED_DB%' in local database
warning: base-devel: unknown key '%INSTALLED_DB%' in local database
looking for conflicting packages...

Packages (10) perl-error-0.17030-1  perl-mailtools-2.22-1  perl-timedate-2.35-1  python-packaging-26.3-1  python-pyproject-hooks-1.2.0-1  git-2.55.0-1  python-build-1.6.0-1  python-installer-1.0.1-1  python-setuptools-84.0.0-1  python-wheel-0.48.0-1

Total Download Size:    7.81 MiB
Total Installed Size:  50.30 MiB

:: Proceed with installation? [Y/n] 
:: Retrieving packages...
 git-2.55.0-1-x86_64 downloading...
 python-setuptools-84.0.0-1-any downloading...
 python-installer-1.0.1-1-any downloading...
 python-packaging-26.3-1-any downloading...
 perl-mailtools-2.22-1-any downloading...
 perl-timedate-2.35-1-any downloading...
 python-wheel-0.48.0-1-any downloading...
 python-build-1.6.0-1-any downloading...
 perl-error-0.17030-1-any downloading...
 python-pyproject-hooks-1.2.0-1-any downloading...
checking keyring...
checking package integrity...
loading package files...
checking for file conflicts...
:: Processing package changes...
installing perl-error...
installing perl-timedate...
installing perl-mailtools...
installing git...
Optional dependencies for git
    libsecret: git-credential-libsecret credential helper [installed]
installing python-packaging...
installing python-pyproject-hooks...
installing python-build...
installing python-installer...
installing python-setuptools...
installing python-wheel...
:: Running post-transaction hooks...
(1/1) Arming ConditionNeedsUpdate...
==> Making package: python-six 1.17.0-3 (Sat Sep 19 22:42:47 2026)
==> WARNING: Skipping dependency checks.
==> Retrieving sources...
  -> Cloning six git repo...
Cloning into bare repository '/sources/six'...
==> WARNING: Skipping verification of source file PGP signatures.
==> Validating source files with sha512sums...
    six ... Passed
==> Extracting sources...
  -> Creating working copy of six git repo...
Cloning into 'six'...
done.
Switched to a new branch 'makepkg'
==> Starting build()...
* Getting build dependencies for wheel...
/usr/lib/python3.14/site-packages/setuptools/_distutils/dist.py:318: UserWarning: Unknown distribution option: 'tests_require'
  warnings.warn(msg)
/usr/lib/python3.14/site-packages/setuptools/dist.py:765: SetuptoolsDeprecationWarning: License classifiers are deprecated.
!!

        ********************************************************************************
        Please consider removing the following classifiers in favor of a SPDX license expression:

        License :: OSI Approved :: MIT License

        See https://packaging.python.org/en/latest/guides/writing-pyproject-toml/#license for details.
        ********************************************************************************

!!
  self._finalize_license_expression()
running egg_info
creating six.egg-info
writing six.egg-info/PKG-INFO
writing dependency_links to six.egg-info/dependency_links.txt
writing top-level names to six.egg-info/top_level.txt
writing manifest file 'six.egg-info/SOURCES.txt'
reading manifest file 'six.egg-info/SOURCES.txt'
reading manifest template 'MANIFEST.in'
no previously-included directories found matching 'documentation/_build'
adding license file 'LICENSE'
writing manifest file 'six.egg-info/SOURCES.txt'
* Building wheel...
/usr/lib/python3.14/site-packages/setuptools/_distutils/dist.py:318: UserWarning: Unknown distribution option: 'tests_require'
  warnings.warn(msg)
/usr/lib/python3.14/site-packages/setuptools/dist.py:765: SetuptoolsDeprecationWarning: License classifiers are deprecated.
!!

        ********************************************************************************
        Please consider removing the following classifiers in favor of a SPDX license expression:

        License :: OSI Approved :: MIT License

        See https://packaging.python.org/en/latest/guides/writing-pyproject-toml/#license for details.
        ********************************************************************************

!!
  self._finalize_license_expression()
running bdist_wheel
/usr/lib/python3.14/site-packages/setuptools/_distutils/cmd.py:119: SetuptoolsDeprecationWarning: bdist_wheel.universal is deprecated
!!

        ********************************************************************************
        With Python 2.7 end-of-life, support for building universal wheels
        (i.e., wheels that support both Python 2 and Python 3)
        is being obviated.
        Please discontinue using this option, or if you still need it,
        file an issue with pypa/setuptools describing your use case.

        This deprecation is overdue, please update your project and remove deprecated
        calls to avoid build errors in the future.
        ********************************************************************************

!!
  self.finalize_options()
running build
running build_py
creating build/lib
copying six.py -> build/lib
installing to build/bdist.linux-x86_64/wheel
running install
running install_lib
creating build/bdist.linux-x86_64/wheel
copying build/lib/six.py -> build/bdist.linux-x86_64/wheel/.
running install_egg_info
running egg_info
writing six.egg-info/PKG-INFO
writing dependency_links to six.egg-info/dependency_links.txt
writing top-level names to six.egg-info/top_level.txt
reading manifest file 'six.egg-info/SOURCES.txt'
reading manifest template 'MANIFEST.in'
no previously-included directories found matching 'documentation/_build'
adding license file 'LICENSE'
writing manifest file 'six.egg-info/SOURCES.txt'
Copying six.egg-info to build/bdist.linux-x86_64/wheel/./six-1.17.0-py3.14.egg-info
running install_scripts
creating build/bdist.linux-x86_64/wheel/six-1.17.0.dist-info/WHEEL
creating '/home/builder/build/src/six/dist/.tmp-3intrnt8/six-1.17.0-py2.py3-none-any.whl' and adding 'build/bdist.linux-x86_64/wheel' to it
adding 'six.py'
adding 'six-1.17.0.dist-info/licenses/LICENSE'
adding 'six-1.17.0.dist-info/METADATA'
adding 'six-1.17.0.dist-info/WHEEL'
adding 'six-1.17.0.dist-info/top_level.txt'
adding 'six-1.17.0.dist-info/RECORD'
removing build/bdist.linux-x86_64/wheel
Successfully built six-1.17.0-py2.py3-none-any.whl
==> Entering fakeroot environment...
==> Starting package()...
==> Tidying install...
  -> Removing libtool files...
  -> Removing static library files...
  -> Purging unwanted files...
  -> Stripping unneeded symbols from binaries and libraries...
==> Checking for packaging issues...
==> Creating package "python-six"...
  -> Generating .PKGINFO file...
  -> Generating .BUILDINFO file...
warning: Public keyring not found; have you run 'pacman-key --init'?
error: kashira-v3: key "E4DF524F75FE51DD5FB0C7BA1925D86CD662878E" is unknown
error: keyring is not writable
warning: base: unknown key '%INSTALLED_DB%' in local database
warning: base-devel: unknown key '%INSTALLED_DB%' in local database
  -> Generating .MTREE file...
  -> Compressing package...
==> Leaving fakeroot environment.
==> Finished making: python-six 1.17.0-3 (Sat Sep 19 22:42:57 2026)
