== build python-pygments (deps: python python-build python-hatchling python-installer python-setuptools python-wheel )
warning: python-3.14.7-1 is up to date -- skipping
resolving dependencies...
warning: base: unknown key '%INSTALLED_DB%' in local database
warning: base-devel: unknown key '%INSTALLED_DB%' in local database
looking for conflicting packages...

Packages (12) python-editables-0.6-1  python-packaging-26.3-1  python-pathspec-1.1.1-1  python-pluggy-1.6.0-3  python-pyproject-hooks-1.2.0-1  python-tomlkit-0.15.1-1  python-trove-classifiers-2026.6.1.19-1  python-build-1.6.0-1  python-hatchling-1.32.0-1  python-installer-1.0.1-1  python-setuptools-84.0.0-1  python-wheel-0.48.0-1

Total Download Size:   1.33 MiB
Total Installed Size:  7.09 MiB

:: Proceed with installation? [Y/n] 
:: Retrieving packages...
 python-setuptools-84.0.0-1-any downloading...
 python-installer-1.0.1-1-any downloading...
 python-hatchling-1.32.0-1-any downloading...
 python-tomlkit-0.15.1-1-any downloading...
 python-packaging-26.3-1-any downloading...
 python-pathspec-1.1.1-1-any downloading...
 python-pluggy-1.6.0-3-any downloading...
 python-wheel-0.48.0-1-any downloading...
 python-build-1.6.0-1-any downloading...
 python-trove-classifiers-2026.6.1.19-1-any downloading...
 python-editables-0.6-1-any downloading...
 python-pyproject-hooks-1.2.0-1-any downloading...
checking keyring...
checking package integrity...
loading package files...
checking for file conflicts...
:: Processing package changes...
installing python-packaging...
installing python-pyproject-hooks...
installing python-build...
installing python-editables...
installing python-pathspec...
Optional dependencies for python-pathspec
    python-google-re2: re2 backend
installing python-pluggy...
installing python-tomlkit...
installing python-trove-classifiers...
installing python-hatchling...
installing python-installer...
installing python-setuptools...
installing python-wheel...
:: Running post-transaction hooks...
(1/1) Arming ConditionNeedsUpdate...
==> Making package: python-pygments 2.21.0-1 (Sat Sep 19 22:29:39 2026)
==> WARNING: Skipping dependency checks.
==> Retrieving sources...
  -> Found python-pygments-2.21.0.tar.gz
==> WARNING: Skipping verification of source file PGP signatures.
==> Validating source files with b2sums...
    python-pygments-2.21.0.tar.gz ... Passed
==> Extracting sources...
  -> Extracting python-pygments-2.21.0.tar.gz with bsdtar
==> Starting build()...
* Getting build dependencies for wheel...
* Building wheel...
Successfully built pygments-2.21.0-py3-none-any.whl
==> Entering fakeroot environment...
==> Starting package()...
install: creating directory '/home/builder/build/pkg/python-pygments/usr/share'
install: creating directory '/home/builder/build/pkg/python-pygments/usr/share/licenses'
install: creating directory '/home/builder/build/pkg/python-pygments/usr/share/licenses/python-pygments'
'LICENSE' -> '/home/builder/build/pkg/python-pygments/usr/share/licenses/python-pygments/LICENSE'
mkdir: created directory '/home/builder/build/pkg/python-pygments/usr/share/doc'
install: creating directory '/home/builder/build/pkg/python-pygments/usr/share/man'
install: creating directory '/home/builder/build/pkg/python-pygments/usr/share/man/man1'
'doc/pygmentize.1' -> '/home/builder/build/pkg/python-pygments/usr/share/man/man1/pygmentize.1'
install: creating directory '/home/builder/build/pkg/python-pygments/usr/share/bash-completion'
install: creating directory '/home/builder/build/pkg/python-pygments/usr/share/bash-completion/completions'
'external/pygments.bashcomp' -> '/home/builder/build/pkg/python-pygments/usr/share/bash-completion/completions/pygmentize'
==> Tidying install...
  -> Removing libtool files...
  -> Removing static library files...
  -> Purging unwanted files...
  -> Stripping unneeded symbols from binaries and libraries...
==> Checking for packaging issues...
==> Creating package "python-pygments"...
  -> Generating .PKGINFO file...
  -> Generating .BUILDINFO file...
warning: Public keyring not found; have you run 'pacman-key --init'?
error: kashira-v3: key "E4DF524F75FE51DD5FB0C7BA1925D86CD662878E" is unknown
error: keyring is not writable
warning: base: unknown key '%INSTALLED_DB%' in local database
warning: base-devel: unknown key '%INSTALLED_DB%' in local database
  -> Generating .MTREE file...
  -> Compressing package...
==> Leaving fakeroot environment.
==> Finished making: python-pygments 2.21.0-1 (Sat Sep 19 22:30:39 2026)
