== build python-hatch-vcs (deps: git python-build python-hatchling python-installer python-setuptools-scm )
resolving dependencies...
warning: base: unknown key '%INSTALLED_DB%' in local database
warning: base-devel: unknown key '%INSTALLED_DB%' in local database
looking for conflicting packages...

Packages (17) perl-error-0.17030-1  perl-mailtools-2.22-1  perl-timedate-2.35-1  python-editables-0.6-1  python-packaging-26.3-1  python-pathspec-1.1.1-1  python-pluggy-1.6.0-3  python-pyproject-hooks-1.2.0-1  python-setuptools-84.0.0-1  python-tomlkit-0.15.1-1  python-trove-classifiers-2026.6.1.19-1  python-vcs-versioning-2.4.1-1  git-2.55.0-1  python-build-1.6.0-1  python-hatchling-1.32.0-1  python-installer-1.0.1-1  python-setuptools-scm-10.3.3-1

Total Download Size:    8.51 MiB
Total Installed Size:  54.55 MiB

:: Proceed with installation? [Y/n] 
:: Retrieving packages...
 git-2.55.0-1-x86_64 downloading...
 python-setuptools-84.0.0-1-any downloading...
 python-installer-1.0.1-1-any downloading...
 python-vcs-versioning-2.4.1-1-any downloading...
 python-hatchling-1.32.0-1-any downloading...
 python-tomlkit-0.15.1-1-any downloading...
 python-packaging-26.3-1-any downloading...
 python-pathspec-1.1.1-1-any downloading...
 python-setuptools-scm-10.3.3-1-any downloading...
 python-pluggy-1.6.0-3-any downloading...
 perl-mailtools-2.22-1-any downloading...
 perl-timedate-2.35-1-any downloading...
 python-build-1.6.0-1-any downloading...
 python-trove-classifiers-2026.6.1.19-1-any downloading...
 perl-error-0.17030-1-any downloading...
 python-editables-0.6-1-any downloading...
 python-pyproject-hooks-1.2.0-1-any downloading...
checking keyring...
checking package integrity...
loading package files...
checking for file conflicts...
:: Processing package changes...
installing perl-error...
installing perl-timedate...
installing perl-mailtools...
installing git...
Optional dependencies for git
    libsecret: git-credential-libsecret credential helper [installed]
installing python-packaging...
installing python-pyproject-hooks...
installing python-build...
installing python-editables...
installing python-pathspec...
Optional dependencies for python-pathspec
    python-google-re2: re2 backend
installing python-pluggy...
installing python-tomlkit...
installing python-trove-classifiers...
installing python-hatchling...
installing python-installer...
installing python-setuptools...
installing python-vcs-versioning...
Optional dependencies for python-vcs-versioning
    python-rich: formatting of log messages
installing python-setuptools-scm...
Optional dependencies for python-setuptools-scm
    python-rich: use rich as console log handler
:: Running post-transaction hooks...
(1/1) Arming ConditionNeedsUpdate...
==> Making package: python-hatch-vcs 0.5.0-4 (Sat Sep 19 22:25:01 2026)
==> WARNING: Skipping dependency checks.
==> Retrieving sources...
  -> Cloning hatch-vcs git repo...
Cloning into bare repository '/sources/hatch-vcs'...
==> WARNING: Skipping verification of source file PGP signatures.
==> Validating source files with sha512sums...
    hatch-vcs ... Passed
==> Extracting sources...
  -> Creating working copy of hatch-vcs git repo...
Cloning into 'hatch-vcs'...
done.
Switched to a new branch 'makepkg'
==> Starting build()...
* Getting build dependencies for wheel...
* Building wheel...
Successfully built hatch_vcs-0.5.0-py3-none-any.whl
==> Entering fakeroot environment...
==> Starting package()...
==> Tidying install...
  -> Removing libtool files...
  -> Removing static library files...
  -> Purging unwanted files...
  -> Stripping unneeded symbols from binaries and libraries...
==> Checking for packaging issues...
==> Creating package "python-hatch-vcs"...
  -> Generating .PKGINFO file...
  -> Generating .BUILDINFO file...
warning: Public keyring not found; have you run 'pacman-key --init'?
error: kashira-v3: key "E4DF524F75FE51DD5FB0C7BA1925D86CD662878E" is unknown
error: keyring is not writable
warning: base: unknown key '%INSTALLED_DB%' in local database
warning: base-devel: unknown key '%INSTALLED_DB%' in local database
  -> Generating .MTREE file...
  -> Compressing package...
==> Leaving fakeroot environment.
==> Finished making: python-hatch-vcs 0.5.0-4 (Sat Sep 19 22:25:07 2026)
