== build qrencode (deps: git libpng )
resolving dependencies...
warning: base: unknown key '%INSTALLED_DB%' in local database
warning: base-devel: unknown key '%INSTALLED_DB%' in local database
looking for conflicting packages...

Packages (5) perl-error-0.17030-1  perl-mailtools-2.22-1  perl-timedate-2.35-1  git-2.55.0-1  libpng-1.6.58-2

Total Download Size:    7.17 MiB
Total Installed Size:  46.78 MiB

:: Proceed with installation? [Y/n] 
:: Retrieving packages...
 git-2.55.0-1-x86_64 downloading...
 libpng-1.6.58-2-x86_64 downloading...
 perl-mailtools-2.22-1-any downloading...
 perl-timedate-2.35-1-any downloading...
 perl-error-0.17030-1-any downloading...
checking keyring...
checking package integrity...
loading package files...
checking for file conflicts...
:: Processing package changes...
installing perl-error...
installing perl-timedate...
installing perl-mailtools...
installing git...
Optional dependencies for git
    libsecret: git-credential-libsecret credential helper [installed]
installing libpng...
:: Running post-transaction hooks...
(1/1) Arming ConditionNeedsUpdate...
==> Making package: qrencode 4.1.1-4 (Sun Sep 20 04:39:48 2026)
==> WARNING: Skipping dependency checks.
==> Retrieving sources...
  -> Cloning qrencode git repo...
Cloning into bare repository '/sources/qrencode'...
==> WARNING: Skipping verification of source file PGP signatures.
==> Validating source files with sha256sums...
    qrencode ... Passed
==> Extracting sources...
  -> Creating working copy of qrencode git repo...
Cloning into 'qrencode'...
done.
Switched to a new branch 'makepkg'
==> Starting prepare()...
aclocal: warning: couldn't open directory 'm4': No such file or directory
libtoolize: putting auxiliary files in AC_CONFIG_AUX_DIR, 'use'.
libtoolize: copying file 'use/ltmain.sh'
libtoolize: putting macros in AC_CONFIG_MACRO_DIRS, 'm4'.
libtoolize: copying file 'm4/libtool.m4'
libtoolize: copying file 'm4/ltoptions.m4'
libtoolize: copying file 'm4/ltsugar.m4'
libtoolize: copying file 'm4/ltversion.m4'
libtoolize: copying file 'm4/lt~obsolete.m4'
configure.ac:29: warning: The macro 'AC_HEADER_STDC' is obsolete.
configure.ac:29: You should run autoupdate.
./lib/autoconf/headers.m4:664: AC_HEADER_STDC is expanded from...
configure.ac:29: the top level
configure.ac:36: warning: The macro 'AC_PROG_LIBTOOL' is obsolete.
configure.ac:36: You should run autoupdate.
m4/libtool.m4:100: AC_PROG_LIBTOOL is expanded from...
configure.ac:36: the top level
configure.ac:63: warning: The macro 'AC_HELP_STRING' is obsolete.
configure.ac:63: You should run autoupdate.
./lib/autoconf/general.m4:205: AC_HELP_STRING is expanded from...
./lib/autoconf/general.m4:1603: AC_ARG_WITH is expanded from...
configure.ac:63: the top level
configure.ac:27: installing 'use/compile'
configure.ac:21: installing 'use/config.guess'
configure.ac:21: installing 'use/config.sub'
configure.ac:24: installing 'use/install-sh'
configure.ac:24: installing 'use/missing'
Makefile.am: installing 'use/depcomp'
parallel-tests: installing 'use/test-driver'
==> Starting build()...
checking build system type... x86_64-pc-linux-gnu
checking host system type... x86_64-pc-linux-gnu
checking target system type... x86_64-pc-linux-gnu
checking for a BSD-compatible install... /usr/bin/install -c
checking whether sleep supports fractional seconds... yes
checking filesystem timestamp resolution... 0.01
checking whether build environment is sane... yes
checking for a race-free mkdir -p... /usr/sbin/mkdir -p
checking for gawk... gawk
checking whether make sets $(MAKE)... yes
checking whether make supports nested variables... yes
checking xargs -n works... yes
checking whether UID '1000' is supported by ustar format... yes
checking whether GID '1000' is supported by ustar format... yes
checking how to create a ustar tar archive... gnutar
checking whether make supports the include directive... yes (GNU style)
checking for gcc... clang
checking whether the C compiler works... yes
checking for C compiler default output file name... a.out
checking for suffix of executables... 
checking whether we are cross compiling... no
checking for suffix of object files... o
checking whether the compiler supports GNU C... yes
checking whether clang accepts -g... yes
checking for clang option to enable C23 features... -std=gnu23
checking whether clang -std=gnu23 understands -c and -o together... yes
checking dependency style of clang -std=gnu23... gcc3
checking for an ANSI C-conforming const... yes
checking for inline... inline
checking for stdio.h... yes
checking for stdlib.h... yes
checking for string.h... yes
checking for inttypes.h... yes
checking for stdint.h... yes
checking for strings.h... yes
checking for sys/stat.h... yes
checking for sys/types.h... yes
checking for unistd.h... yes
checking for grep that handles long lines and -e... /usr/sbin/grep
checking for egrep... /usr/sbin/grep -E
checking for sys/time.h... yes
checking how to print strings... printf
checking for a sed that does not truncate output... /usr/sbin/sed
checking for fgrep... /usr/sbin/grep -F
checking for ld used by clang -std=gnu23... ld.lld
checking if the linker (ld.lld) is GNU ld... yes
checking for BSD- or MS-compatible name lister (nm)... llvm-nm
checking the name lister (llvm-nm) interface... BSD nm
checking whether ln -s works... yes
checking the maximum length of command line arguments... 1572864
checking how to convert x86_64-pc-linux-gnu file names to x86_64-pc-linux-gnu format... func_convert_file_noop
checking how to convert x86_64-pc-linux-gnu file names to toolchain format... func_convert_file_noop
checking for ld.lld option to reload object files... -r
checking for file... file
checking for objdump... llvm-objdump
checking how to recognize dependent libraries... pass_all
checking for dlltool... dlltool
checking how to associate runtime and link libraries... printf %s\n
checking for ranlib... llvm-ranlib
checking for archiver @FILE support... @
checking for strip... llvm-strip
checking command to parse llvm-nm output from clang -std=gnu23 object... ok
checking for sysroot... no
checking for a working dd... /usr/sbin/dd
checking how to truncate binary pipes... /usr/sbin/dd bs=4096 count=1
checking for mt... no
checking if : is a manifest tool... no
checking for dlfcn.h... yes
checking which variant of shared library versioning to provide... (default) aix
checking for objdir... .libs
checking if clang -std=gnu23 supports -fno-rtti -fno-exceptions... yes
checking for clang -std=gnu23 option to produce PIC... -fPIC -DPIC
checking if clang -std=gnu23 PIC flag -fPIC -DPIC works... yes
checking if clang -std=gnu23 static flag -static works... yes
checking if clang -std=gnu23 supports -c -o file.o... yes
checking if clang -std=gnu23 supports -c -o file.o... (cached) yes
checking whether the clang -std=gnu23 linker (ld.lld -m elf_x86_64) supports shared libraries... yes
checking whether -lc should be explicitly linked in... no
checking dynamic linker characteristics... GNU/Linux ld.so
checking how to hardcode library paths into programs... immediate
checking whether stripping libraries is possible... yes
checking if libtool supports shared libraries... yes
checking whether to build shared libraries... yes
checking whether to build static libraries... no
checking for gcc... (cached) clang
checking whether the compiler supports GNU C... (cached) yes
checking whether clang accepts -g... (cached) yes
checking for clang option to enable C23 features... (cached) -std=gnu23
checking whether clang -std=gnu23 understands -c and -o together... (cached) yes
checking dependency style of clang -std=gnu23... (cached) gcc3
checking for pkg-config... /usr/sbin/pkg-config
checking pkg-config is at least version 0.9.0... yes
checking for strdup... yes
checking for pthread_mutex_init in -lpthread... yes
checking for "libpng"... yes
checking that generated files are newer than configure... done
configure: creating ./config.status
config.status: creating Makefile
config.status: creating libqrencode.pc
config.status: creating tests/Makefile
config.status: creating qrencode.1
config.status: creating config.h
config.status: executing depfiles commands
config.status: executing libtool commands

Options used to compile and link:
  CC       = clang -std=gnu23
  CFLAGS   = -Wall -march=x86-64-v3 -O2 -pipe -fno-plt -fexceptions         -Wp,-D_FORTIFY_SOURCE=3 -fstack-clash-protection -fcf-protection -pthread
  CPPFLAGS = 
  CXX      = clang++
  CXXFLAGS = -march=x86-64-v3 -O2 -pipe -fno-plt -fexceptions         -Wp,-D_FORTIFY_SOURCE=3 -fstack-clash-protection -fcf-protection
  LDFLAGS  = -Wl,-O1 -Wl,--sort-common -Wl,--as-needed -Wl,-z,relro -Wl,-z,now -Wl,--undefined-version -Wl,--hash-style=gnu -Wl,--compress-debug-sections=zstd

make  all-recursive
make[1]: Entering directory '/home/builder/build/src/qrencode'
Making all in .
make[2]: Entering directory '/home/builder/build/src/qrencode'
clang -std=gnu23 -DHAVE_CONFIG_H -I.    -I/usr/include/libpng16 -DWITH_GZFILEOP -Wall -march=x86-64-v3 -O2 -pipe -fno-plt -fexceptions         -Wp,-D_FORTIFY_SOURCE=3 -fstack-clash-protection -fcf-protection -pthread -MT qrencode-qrenc.o -MD -MP -MF .deps/qrencode-qrenc.Tpo -c -o qrencode-qrenc.o `test -f 'qrenc.c' || echo './'`qrenc.c
/bin/sh ./libtool  --tag=CC   --mode=compile clang -std=gnu23 -DHAVE_CONFIG_H -I.     -Wall -march=x86-64-v3 -O2 -pipe -fno-plt -fexceptions         -Wp,-D_FORTIFY_SOURCE=3 -fstack-clash-protection -fcf-protection -pthread -MT qrencode.lo -MD -MP -MF .deps/qrencode.Tpo -c -o qrencode.lo qrencode.c
/bin/sh ./libtool  --tag=CC   --mode=compile clang -std=gnu23 -DHAVE_CONFIG_H -I.     -Wall -march=x86-64-v3 -O2 -pipe -fno-plt -fexceptions         -Wp,-D_FORTIFY_SOURCE=3 -fstack-clash-protection -fcf-protection -pthread -MT qrinput.lo -MD -MP -MF .deps/qrinput.Tpo -c -o qrinput.lo qrinput.c
/bin/sh ./libtool  --tag=CC   --mode=compile clang -std=gnu23 -DHAVE_CONFIG_H -I.     -Wall -march=x86-64-v3 -O2 -pipe -fno-plt -fexceptions         -Wp,-D_FORTIFY_SOURCE=3 -fstack-clash-protection -fcf-protection -pthread -MT bitstream.lo -MD -MP -MF .deps/bitstream.Tpo -c -o bitstream.lo bitstream.c
/bin/sh ./libtool  --tag=CC   --mode=compile clang -std=gnu23 -DHAVE_CONFIG_H -I.     -Wall -march=x86-64-v3 -O2 -pipe -fno-plt -fexceptions         -Wp,-D_FORTIFY_SOURCE=3 -fstack-clash-protection -fcf-protection -pthread -MT qrspec.lo -MD -MP -MF .deps/qrspec.Tpo -c -o qrspec.lo qrspec.c
/bin/sh ./libtool  --tag=CC   --mode=compile clang -std=gnu23 -DHAVE_CONFIG_H -I.     -Wall -march=x86-64-v3 -O2 -pipe -fno-plt -fexceptions         -Wp,-D_FORTIFY_SOURCE=3 -fstack-clash-protection -fcf-protection -pthread -MT rsecc.lo -MD -MP -MF .deps/rsecc.Tpo -c -o rsecc.lo rsecc.c
/bin/sh ./libtool  --tag=CC   --mode=compile clang -std=gnu23 -DHAVE_CONFIG_H -I.     -Wall -march=x86-64-v3 -O2 -pipe -fno-plt -fexceptions         -Wp,-D_FORTIFY_SOURCE=3 -fstack-clash-protection -fcf-protection -pthread -MT split.lo -MD -MP -MF .deps/split.Tpo -c -o split.lo split.c
/bin/sh ./libtool  --tag=CC   --mode=compile clang -std=gnu23 -DHAVE_CONFIG_H -I.     -Wall -march=x86-64-v3 -O2 -pipe -fno-plt -fexceptions         -Wp,-D_FORTIFY_SOURCE=3 -fstack-clash-protection -fcf-protection -pthread -MT mask.lo -MD -MP -MF .deps/mask.Tpo -c -o mask.lo mask.c
/bin/sh ./libtool  --tag=CC   --mode=compile clang -std=gnu23 -DHAVE_CONFIG_H -I.     -Wall -march=x86-64-v3 -O2 -pipe -fno-plt -fexceptions         -Wp,-D_FORTIFY_SOURCE=3 -fstack-clash-protection -fcf-protection -pthread -MT mqrspec.lo -MD -MP -MF .deps/mqrspec.Tpo -c -o mqrspec.lo mqrspec.c
/bin/sh ./libtool  --tag=CC   --mode=compile clang -std=gnu23 -DHAVE_CONFIG_H -I.     -Wall -march=x86-64-v3 -O2 -pipe -fno-plt -fexceptions         -Wp,-D_FORTIFY_SOURCE=3 -fstack-clash-protection -fcf-protection -pthread -MT mmask.lo -MD -MP -MF .deps/mmask.Tpo -c -o mmask.lo mmask.c
./makeREADME.sh
libtool: compile:  clang -std=gnu23 -DHAVE_CONFIG_H -I. -Wall -march=x86-64-v3 -O2 -pipe -fno-plt -fexceptions -Wp,-D_FORTIFY_SOURCE=3 -fstack-clash-protection -fcf-protection -pthread -MT qrinput.lo -MD -MP -MF .deps/qrinput.Tpo -c qrinput.c  -fPIC -DPIC -o .libs/qrinput.o
libtool: compile:  clang -std=gnu23 -DHAVE_CONFIG_H -I. -Wall -march=x86-64-v3 -O2 -pipe -fno-plt -fexceptions -Wp,-D_FORTIFY_SOURCE=3 -fstack-clash-protection -fcf-protection -pthread -MT mqrspec.lo -MD -MP -MF .deps/mqrspec.Tpo -c mqrspec.c  -fPIC -DPIC -o .libs/mqrspec.o
libtool: compile:  clang -std=gnu23 -DHAVE_CONFIG_H -I. -Wall -march=x86-64-v3 -O2 -pipe -fno-plt -fexceptions -Wp,-D_FORTIFY_SOURCE=3 -fstack-clash-protection -fcf-protection -pthread -MT bitstream.lo -MD -MP -MF .deps/bitstream.Tpo -c bitstream.c  -fPIC -DPIC -o .libs/bitstream.o
libtool: compile:  clang -std=gnu23 -DHAVE_CONFIG_H -I. -Wall -march=x86-64-v3 -O2 -pipe -fno-plt -fexceptions -Wp,-D_FORTIFY_SOURCE=3 -fstack-clash-protection -fcf-protection -pthread -MT mask.lo -MD -MP -MF .deps/mask.Tpo -c mask.c  -fPIC -DPIC -o .libs/mask.o
libtool: compile:  clang -std=gnu23 -DHAVE_CONFIG_H -I. -Wall -march=x86-64-v3 -O2 -pipe -fno-plt -fexceptions -Wp,-D_FORTIFY_SOURCE=3 -fstack-clash-protection -fcf-protection -pthread -MT qrencode.lo -MD -MP -MF .deps/qrencode.Tpo -c qrencode.c  -fPIC -DPIC -o .libs/qrencode.o
libtool: compile:  clang -std=gnu23 -DHAVE_CONFIG_H -I. -Wall -march=x86-64-v3 -O2 -pipe -fno-plt -fexceptions -Wp,-D_FORTIFY_SOURCE=3 -fstack-clash-protection -fcf-protection -pthread -MT split.lo -MD -MP -MF .deps/split.Tpo -c split.c  -fPIC -DPIC -o .libs/split.o
libtool: compile:  clang -std=gnu23 -DHAVE_CONFIG_H -I. -Wall -march=x86-64-v3 -O2 -pipe -fno-plt -fexceptions -Wp,-D_FORTIFY_SOURCE=3 -fstack-clash-protection -fcf-protection -pthread -MT rsecc.lo -MD -MP -MF .deps/rsecc.Tpo -c rsecc.c  -fPIC -DPIC -o .libs/rsecc.o
libtool: compile:  clang -std=gnu23 -DHAVE_CONFIG_H -I. -Wall -march=x86-64-v3 -O2 -pipe -fno-plt -fexceptions -Wp,-D_FORTIFY_SOURCE=3 -fstack-clash-protection -fcf-protection -pthread -MT mmask.lo -MD -MP -MF .deps/mmask.Tpo -c mmask.c  -fPIC -DPIC -o .libs/mmask.o
libtool: compile:  clang -std=gnu23 -DHAVE_CONFIG_H -I. -Wall -march=x86-64-v3 -O2 -pipe -fno-plt -fexceptions -Wp,-D_FORTIFY_SOURCE=3 -fstack-clash-protection -fcf-protection -pthread -MT qrspec.lo -MD -MP -MF .deps/qrspec.Tpo -c qrspec.c  -fPIC -DPIC -o .libs/qrspec.o
mv -f .deps/mqrspec.Tpo .deps/mqrspec.Plo
mv -f .deps/split.Tpo .deps/split.Plo
mv -f .deps/rsecc.Tpo .deps/rsecc.Plo
mv -f .deps/qrencode-qrenc.Tpo .deps/qrencode-qrenc.Po
mv -f .deps/qrencode.Tpo .deps/qrencode.Plo
mv -f .deps/bitstream.Tpo .deps/bitstream.Plo
mv -f .deps/mmask.Tpo .deps/mmask.Plo
mv -f .deps/qrinput.Tpo .deps/qrinput.Plo
mv -f .deps/qrspec.Tpo .deps/qrspec.Plo
mv -f .deps/mask.Tpo .deps/mask.Plo
/bin/sh ./libtool  --tag=CC   --mode=link clang -std=gnu23  -Wall -march=x86-64-v3 -O2 -pipe -fno-plt -fexceptions         -Wp,-D_FORTIFY_SOURCE=3 -fstack-clash-protection -fcf-protection -pthread -version-number 4:1:1  -Wl,-O1 -Wl,--sort-common -Wl,--as-needed -Wl,-z,relro -Wl,-z,now -Wl,--undefined-version -Wl,--hash-style=gnu -Wl,--compress-debug-sections=zstd -o libqrencode.la -rpath /usr/lib qrencode.lo qrinput.lo bitstream.lo qrspec.lo rsecc.lo split.lo mask.lo mqrspec.lo mmask.lo  
libtool: link: clang -std=gnu23 -shared  -fPIC -DPIC  .libs/qrencode.o .libs/qrinput.o .libs/bitstream.o .libs/qrspec.o .libs/rsecc.o .libs/split.o .libs/mask.o .libs/mqrspec.o .libs/mmask.o   -Wl,--as-needed  -Wall -march=x86-64-v3 -O2 -Wp,-D_FORTIFY_SOURCE=3 -Wl,-O1 -Wl,--sort-common -Wl,-z -Wl,relro -Wl,-z -Wl,now -Wl,--undefined-version -Wl,--hash-style=gnu -Wl,--compress-debug-sections=zstd   -pthread -Wl,-soname -Wl,libqrencode.so.4 -o .libs/libqrencode.so.4.1.1
libtool: link: (cd ".libs" && rm -f "libqrencode.so.4" && ln -s "libqrencode.so.4.1.1" "libqrencode.so.4")
libtool: link: (cd ".libs" && rm -f "libqrencode.so" && ln -s "libqrencode.so.4.1.1" "libqrencode.so")
libtool: link: ( cd ".libs" && rm -f "libqrencode.la" && ln -s "../libqrencode.la" "libqrencode.la" )
/bin/sh ./libtool  --tag=CC   --mode=link clang -std=gnu23 -I/usr/include/libpng16 -DWITH_GZFILEOP -Wall -march=x86-64-v3 -O2 -pipe -fno-plt -fexceptions         -Wp,-D_FORTIFY_SOURCE=3 -fstack-clash-protection -fcf-protection -pthread  -Wl,-O1 -Wl,--sort-common -Wl,--as-needed -Wl,-z,relro -Wl,-z,now -Wl,--undefined-version -Wl,--hash-style=gnu -Wl,--compress-debug-sections=zstd -o qrencode qrencode-qrenc.o libqrencode.la -lpng16 
libtool: link: clang -std=gnu23 -I/usr/include/libpng16 -DWITH_GZFILEOP -Wall -march=x86-64-v3 -O2 -pipe -fno-plt -fexceptions -Wp,-D_FORTIFY_SOURCE=3 -fstack-clash-protection -fcf-protection -Wl,-O1 -Wl,--sort-common -Wl,-z -Wl,relro -Wl,-z -Wl,now -Wl,--undefined-version -Wl,--hash-style=gnu -Wl,--compress-debug-sections=zstd -o .libs/qrencode qrencode-qrenc.o  -Wl,--as-needed ./.libs/libqrencode.so -lpng16 -pthread
make[2]: Leaving directory '/home/builder/build/src/qrencode'
make[1]: Leaving directory '/home/builder/build/src/qrencode'
==> Entering fakeroot environment...
==> Starting package()...
Making install in .
make[1]: Entering directory '/home/builder/build/src/qrencode'
make[2]: Entering directory '/home/builder/build/src/qrencode'
 /usr/sbin/mkdir -p '/home/builder/build/pkg/qrencode/usr/include'
 /usr/sbin/mkdir -p '/home/builder/build/pkg/qrencode/usr/lib/pkgconfig'
 /usr/sbin/mkdir -p '/home/builder/build/pkg/qrencode/usr/share/man/man1'
 /usr/sbin/mkdir -p '/home/builder/build/pkg/qrencode/usr/lib'
 /bin/sh ./libtool   --mode=install /usr/bin/install -c   libqrencode.la '/home/builder/build/pkg/qrencode/usr/lib'
 /usr/bin/install -c -m 644 libqrencode.pc '/home/builder/build/pkg/qrencode/usr/lib/pkgconfig'
 /usr/bin/install -c -m 644 qrencode.h '/home/builder/build/pkg/qrencode/usr/include'
 /usr/bin/install -c -m 644 qrencode.1 '/home/builder/build/pkg/qrencode/usr/share/man/man1'
libtool: install: /usr/bin/install -c .libs/libqrencode.so.4.1.1 /home/builder/build/pkg/qrencode/usr/lib/libqrencode.so.4.1.1
libtool: install: (cd /home/builder/build/pkg/qrencode/usr/lib && { ln -s -f libqrencode.so.4.1.1 libqrencode.so.4 || { rm -f libqrencode.so.4 && ln -s libqrencode.so.4.1.1 libqrencode.so.4; }; })
libtool: install: (cd /home/builder/build/pkg/qrencode/usr/lib && { ln -s -f libqrencode.so.4.1.1 libqrencode.so || { rm -f libqrencode.so && ln -s libqrencode.so.4.1.1 libqrencode.so; }; })
libtool: install: /usr/bin/install -c .libs/libqrencode.lai /home/builder/build/pkg/qrencode/usr/lib/libqrencode.la
libtool: warning: remember to run 'libtool --finish /usr/lib'
 /usr/sbin/mkdir -p '/home/builder/build/pkg/qrencode/usr/bin'
  /bin/sh ./libtool   --mode=install /usr/bin/install -c qrencode '/home/builder/build/pkg/qrencode/usr/bin'
libtool: warning: 'libqrencode.la' has not been installed in '/usr/lib'
libtool: install: /usr/bin/install -c .libs/qrencode /home/builder/build/pkg/qrencode/usr/bin/qrencode
make[2]: Leaving directory '/home/builder/build/src/qrencode'
make[1]: Leaving directory '/home/builder/build/src/qrencode'
==> Tidying install...
  -> Removing libtool files...
  -> Removing static library files...
  -> Purging unwanted files...
  -> Stripping unneeded symbols from binaries and libraries...
==> Checking for packaging issues...
==> Creating package "qrencode"...
  -> Generating .PKGINFO file...
warning: Public keyring not found; have you run 'pacman-key --init'?
error: kashira-v3: key "E4DF524F75FE51DD5FB0C7BA1925D86CD662878E" is unknown
error: keyring is not writable
warning: base: unknown key '%INSTALLED_DB%' in local database
warning: base-devel: unknown key '%INSTALLED_DB%' in local database
warning: Public keyring not found; have you run 'pacman-key --init'?
error: kashira-v3: key "E4DF524F75FE51DD5FB0C7BA1925D86CD662878E" is unknown
error: keyring is not writable
warning: base: unknown key '%INSTALLED_DB%' in local database
warning: base-devel: unknown key '%INSTALLED_DB%' in local database
warning: Public keyring not found; have you run 'pacman-key --init'?
error: kashira-v3: key "E4DF524F75FE51DD5FB0C7BA1925D86CD662878E" is unknown
error: keyring is not writable
warning: base: unknown key '%INSTALLED_DB%' in local database
warning: base-devel: unknown key '%INSTALLED_DB%' in local database
  -> Generating .BUILDINFO file...
warning: Public keyring not found; have you run 'pacman-key --init'?
error: kashira-v3: key "E4DF524F75FE51DD5FB0C7BA1925D86CD662878E" is unknown
error: keyring is not writable
warning: base: unknown key '%INSTALLED_DB%' in local database
warning: base-devel: unknown key '%INSTALLED_DB%' in local database
  -> Generating .MTREE file...
  -> Compressing package...
==> Leaving fakeroot environment.
==> Finished making: qrencode 4.1.1-4 (Sun Sep 20 04:40:17 2026)
