:: Synchronizing package databases...
 kashira downloading...
:: Starting full system upgrade...
:: Replace isl with kashira/libisl? [Y/n] 
resolving dependencies...
warning: base: unknown key '%INSTALLED_DB%' in local database
warning: base-devel: unknown key '%INSTALLED_DB%' in local database
looking for conflicting packages...

Packages (37) acl-2.4.0-1  bash-5.3.20-1  bzip2-1.0.8-6  dbus-1.16.2-1  elfutils-0.196-1  expat-2.8.4-1  fakeroot-1:1.37.2-3  glibc-2.44+r48+g1f5026241027-1  gpm-1.20.7.r38.ge82d1a6-7  iproute2-7.2.0-1  isl-0.27-2 [removal]  keyutils-1.6.3-4  less-1:710-1  libarchive-3.8.9-1  libcap-2.78-1  libelf-0.196-1  libisl-0.28-1  libpcap-1.11.0-1  libverto-0.3.2-6  lmdb-1.0.0-1  man-pages-6.19-1  ncurses-6.6-2  openssl-4.0.1-1  pacman-7.1.0-5  pcre2-10.48-1  pkgconf-3.0.7-1  readline-8.3.6-1  shadow-4.20.2-2  systemd-261.2-4  tzdata-2026d-1  util-linux-2.42.3-1  util-linux-libs-2.42.3-1  vim-9.2.1046-1  vim-runtime-9.2.1046-1  xxhash-0.8.4-1  xz-5.8.4-1  zstd-1.5.7-3

Total Download Size:    55.03 MiB
Total Installed Size:  282.54 MiB
Net Upgrade Size:        9.25 MiB

:: Proceed with installation? [Y/n] 
:: Retrieving packages...
 systemd-261.2-4-x86_64 downloading...
 glibc-2.44+r48+g1f5026241027-1-x86_64 downloading...
 vim-runtime-9.2.1046-1-x86_64 downloading...
 openssl-4.0.1-1-x86_64 downloading...
 util-linux-2.42.3-1-x86_64 downloading...
 man-pages-6.19-1-any downloading...
 vim-9.2.1046-1-x86_64 downloading...
 bash-5.3.20-1-x86_64 downloading...
 libisl-0.28-1-x86_64 downloading...
 ncurses-6.6-2-x86_64 downloading...
 pcre2-10.48-1-x86_64 downloading...
 iproute2-7.2.0-1-x86_64 downloading...
 pacman-7.1.0-5-x86_64 downloading...
 elfutils-0.196-1-x86_64 downloading...
 xz-5.8.4-1-x86_64 downloading...
 libelf-0.196-1-x86_64 downloading...
 shadow-4.20.2-2-x86_64 downloading...
 util-linux-libs-2.42.3-1-x86_64 downloading...
 zstd-1.5.7-3-x86_64 downloading...
 libarchive-3.8.9-1-x86_64 downloading...
 readline-8.3.6-1-x86_64 downloading...
 tzdata-2026d-1-x86_64 downloading...
 dbus-1.16.2-1-x86_64 downloading...
 libpcap-1.11.0-1-x86_64 downloading...
 less-1:710-1-x86_64 downloading...
 expat-2.8.4-1-x86_64 downloading...
 gpm-1.20.7.r38.ge82d1a6-7-x86_64 downloading...
 lmdb-1.0.0-1-x86_64 downloading...
 pkgconf-3.0.7-1-x86_64 downloading...
 xxhash-0.8.4-1-x86_64 downloading...
 acl-2.4.0-1-x86_64 downloading...
 libcap-2.78-1-x86_64 downloading...
 keyutils-1.6.3-4-x86_64 downloading...
 bzip2-1.0.8-6-x86_64 downloading...
 fakeroot-1:1.37.2-3-x86_64 downloading...
 libverto-0.3.2-6-x86_64 downloading...
checking keyring...
checking package integrity...
loading package files...
checking for file conflicts...
:: Processing package changes...
removing isl...
upgrading tzdata...
New optional dependencies for tzdata
    bash: for tzselect [installed]
    glibc: for zdump, zic [installed]
upgrading glibc...
upgrading ncurses...
New optional dependencies for ncurses
    bash: for ncursesw6-config [installed]
upgrading readline...
upgrading bash...
New optional dependencies for bash
    bash-completion: for tab completion
upgrading bzip2...
upgrading xz...
upgrading zstd...
reinstalling acl...
reinstalling openssl...
reinstalling libarchive...
installing util-linux-libs...
Optional dependencies for util-linux-libs
    python: python bindings to libmount [installed]
upgrading keyutils...
upgrading libverto...
upgrading lmdb...
upgrading shadow...
upgrading util-linux...
warning: /etc/pam.d/chfn installed as /etc/pam.d/chfn.pacnew
warning: /etc/pam.d/chsh installed as /etc/pam.d/chsh.pacnew
warning: /etc/pam.d/login installed as /etc/pam.d/login.pacnew
warning: /etc/pam.d/su installed as /etc/pam.d/su.pacnew
warning: /etc/pam.d/su-l installed as /etc/pam.d/su-l.pacnew
New optional dependencies for util-linux
    words: default dictionary for look
upgrading pcre2...
New optional dependencies for pcre2
    sh: for pcre2-config [installed]
reinstalling libcap...
upgrading expat...
reinstalling dbus...
upgrading less...
reinstalling systemd...
Creating group 'rfkill' with GID 993.
Creating group 'dbus' with GID 992.
Suggested user ID 81 for dbus already used.
Creating user 'dbus' (System Message Bus) with UID 992 and GID 992.
installing libelf...
upgrading elfutils...
upgrading fakeroot...
upgrading libpcap...
upgrading iproute2...
New optional dependencies for iproute2
    db: userspace arp daemon
    linux-atm: ATM support
    python: for routel [installed]
installing libisl...
upgrading man-pages...
upgrading pacman...
upgrading pkgconf...
installing vim-runtime...
warning: /etc/vimrc installed as /etc/vimrc.pacnew
Optional dependencies for vim-runtime
    sh: support for some tools and macros [installed]
    python: demoserver example tool [installed]
    gawk: mve tools support [installed]
installing gpm...
upgrading vim...
New optional dependencies for vim
    lua: Lua language support [installed]
    perl: Perl language support [installed]
    python: Python language support [installed]
    ruby: Ruby language support
    tcl: Tcl language support
upgrading xxhash...
:: Running post-transaction hooks...
( 1/15) Generating the configured locale...
Generating locales...
Generation complete.
( 2/15) Configuring dynamic linker run-time bindings...
( 3/15) Creating iconv module configuration cache...
( 4/15) Creating system user accounts...
( 5/15) Creating temporary files...
Detected unsafe path transition /var (owned by 1000) → /var/log (owned by root) during canonicalization of var/log.
Detected unsafe path transition /var/lib (owned by 1000) → /var/lib/dbus (owned by root) during canonicalization of var/lib/dbus.
Detected unsafe path transition /var (owned by 1000) → /var/log (owned by root) during canonicalization of var/log.
Detected unsafe path transition /var (owned by 1000) → /var/cache (owned by root) during canonicalization of var/cache.
Detected unsafe path transition /var/lib (owned by 1000) → /var/lib/systemd (owned by root) during canonicalization of var/lib/systemd.
Detected unsafe path transition /var/lib (owned by 1000) → /var/lib/systemd (owned by root) during canonicalization of var/lib/systemd.
Detected unsafe path transition /var/lib (owned by 1000) → /var/lib/systemd (owned by root) during canonicalization of var/lib/systemd.
Detected unsafe path transition /var/lib (owned by 1000) → /var/lib/systemd (owned by root) during canonicalization of var/lib/systemd.
Detected unsafe path transition /var (owned by 1000) → /var/log (owned by root) during canonicalization of var/log.
Detected unsafe path transition /var (owned by 1000) → /var/cache (owned by root) during canonicalization of var/cache.
Detected unsafe path transition /var/lib (owned by 1000) → /var/lib/tpm2-tss (owned by root) during canonicalization of var/lib/tpm2-tss/system.
Detected unsafe path transition /var (owned by 1000) → /var/log (owned by root) during canonicalization of var/log.
Detected unsafe path transition /var (owned by 1000) → /var/log (owned by root) during canonicalization of var/log.
Detected unsafe path transition /var (owned by 1000) → /var/log (owned by root) during canonicalization of var/log.
Detected unsafe path transition /var (owned by 1000) → /var/log (owned by root) during canonicalization of var/log/journal.
Detected unsafe path transition /var (owned by 1000) → /var/log (owned by root) during canonicalization of var/log/journal.
Detected unsafe path transition /var (owned by 1000) → /var/log (owned by root) during canonicalization of var/log/journal.
Detected unsafe path transition /var/lib (owned by 1000) → /var/lib/tpm2-tss (owned by root) during canonicalization of var/lib/tpm2-tss/system/keystore.
( 6/15) Updating journal message catalog...
error: command failed to execute correctly
( 7/15) Updating udev hardware database...
( 8/15) Applying kernel sysctl settings...
  Skipped: Current root is not booted.
( 9/15) Reloading system manager configuration...
  Skipped: Current root is not booted.
(10/15) Reloading user manager configuration...
  Skipped: Current root is not booted.
(11/15) Enqueuing marked services...
  Skipped: Current root is not booted.
(12/15) Reloading device manager configuration...
  Skipped: Current root is not booted.
(13/15) Arming ConditionNeedsUpdate...
(14/15) Reloading system bus configuration...
  Skipped: Current root is not booted.
(15/15) Updating the info directory file...
==> Making package: tzdata 2026d-1 (Mon Sep 21 21:37:04 2026)
==> WARNING: Skipping dependency checks.
==> Retrieving sources...
  -> Found tzcode2026d.tar.gz
  -> Found tzcode2026d.tar.gz.asc
  -> Found tzdata2026d.tar.gz
  -> Found tzdata2026d.tar.gz.asc
==> WARNING: Skipping verification of source file PGP signatures.
==> Validating source files with sha512sums...
    tzcode2026d.tar.gz ... Passed
    tzcode2026d.tar.gz.asc ... Skipped
    tzdata2026d.tar.gz ... Passed
    tzdata2026d.tar.gz.asc ... Skipped
==> Extracting sources...
  -> Extracting tzcode2026d.tar.gz with bsdtar
  -> Extracting tzdata2026d.tar.gz with bsdtar
==> Starting prepare()...
==> Starting build()...
{ (type git) >/dev/null 2>&1 && \
	  V=$(git describe --match '[0-9][0-9][0-9][0-9][a-z]*' --abbrev=7 --dirty) || \
	  if test 'unknown' = unknown && read -r V <version; then \
	    V=${V%-dirty}-dirty; \
	  else \
	    V='unknown'; \
	  fi; } && \
	printf '%s\n' "$V" >version.out
printf '%s\n' >tzdir.h.out \
	  '#ifndef TZDEFAULT' \
	  '# define TZDEFAULT "/etc/localtime" /* default zone */' \
	  '#endif' \
	  '#ifndef TZDIR' \
	  '# define TZDIR "/usr/share/zoneinfo" /* TZif directory */' \
	  '#endif'
clang -march=x86-64-v3 -O2 -pipe -fno-plt -fexceptions         -Wp,-D_FORTIFY_SOURCE=3 -fstack-clash-protection -fcf-protection   -c -o asctime.o asctime.c
clang -march=x86-64-v3 -O2 -pipe -fno-plt -fexceptions         -Wp,-D_FORTIFY_SOURCE=3 -fstack-clash-protection -fcf-protection   -c -o difftime.o difftime.c
awk \
	  -v DATAFORM=main \
	  -v PACKRATDATA='' \
	  -v PACKRATLIST='' \
	  -f ziguard.awk \
	  africa antarctica asia australasia  europe northamerica southamerica etcetera factory backward  >main.zi.out
awk \
	  -v DATAFORM=vanguard \
	  -v PACKRATDATA='' \
	  -v PACKRATLIST='' \
	  -f ziguard.awk \
	  africa antarctica asia australasia  europe northamerica southamerica etcetera factory backward  >vanguard.zi.out
awk \
	  -v DATAFORM=rearguard \
	  -v PACKRATDATA='' \
	  -v PACKRATLIST='' \
	  -f ziguard.awk \
	  africa antarctica asia australasia  europe northamerica southamerica etcetera factory backward  >rearguard.zi.out
mv tzdir.h.out tzdir.h
mv version.out version
clang -march=x86-64-v3 -O2 -pipe -fno-plt -fexceptions         -Wp,-D_FORTIFY_SOURCE=3 -fstack-clash-protection -fcf-protection   -c -o localtime.o localtime.c
clang -march=x86-64-v3 -O2 -pipe -fno-plt -fexceptions         -Wp,-D_FORTIFY_SOURCE=3 -fstack-clash-protection -fcf-protection   -c -o strftime.o strftime.c
read -r VERSION <version && sed \
	  -e "s'#!/bin/bash'#!"'/bin/bash'\' \
	  -e s\''\(AWK\)=[^}]*'\''\1=\'\''awk\'\'\' \
	  -e s\''\(PKGVERSION\)=.*'\''\1=\'\''(tzcode) \'\'\' \
	  -e s\''\(REPORT_BUGS_TO\)=.*'\''\1=\'\''tz@iana.org\'\'\' \
	  -e s\''\(TZDIR\)=[^}]*'\''\1=\'\''/usr/share/zoneinfo\'\'\' \
	  -e s\''\(TZVERSION\)=.*'\''\1=\'"'$VERSION\\''" \
	  <tzselect.ksh >tzselect.out
read -r VERSION <version && printf '%s\n' \
	  'static char const PKGVERSION[]="(tzcode) ";' \
	  "static char const TZVERSION[]=\"$VERSION\";" \
	  'static char const REPORT_BUGS_TO[]="tz@iana.org";' \
	  >version.h.out
mv version.h.out version.h
chmod +x tzselect.out
clang -march=x86-64-v3 -O2 -pipe -fno-plt -fexceptions         -Wp,-D_FORTIFY_SOURCE=3 -fstack-clash-protection -fcf-protection   -c -o zic.o zic.c
clang -march=x86-64-v3 -O2 -pipe -fno-plt -fexceptions         -Wp,-D_FORTIFY_SOURCE=3 -fstack-clash-protection -fcf-protection   -c -o zdump.o zdump.c
mv tzselect.out tzselect
mv main.zi.out main.zi
asctime.c:115:12: warning: result of comparison of constant 9223372036854773907 with expression of type 'int' is always true [-Wtautological-constant-out-of-range-compare]
  115 |         if ((year <= LONG_MAX - TM_YEAR_BASE
      |              ~~~~ ^  ~~~~~~~~~~~~~~~~~~~~~~~
read -r version <version && \
	  LC_ALL=C awk \
	    -v dataform='main' \
	    -v deps='ziguard.awk africa antarctica asia australasia  europe northamerica southamerica etcetera factory backward   zishrink.awk' \
	    -v redo='posix_only' \
	    -v version="$version" \
	    -f zishrink.awk \
	    main.zi >tzdata.zi.out
1 warning generated.
mv vanguard.zi.out vanguard.zi
mv rearguard.zi.out rearguard.zi
mv tzdata.zi.out tzdata.zi
clang -o zdump -march=x86-64-v3 -O2 -pipe -fno-plt -fexceptions         -Wp,-D_FORTIFY_SOURCE=3 -fstack-clash-protection -fcf-protection -Wl,-O1 -Wl,--sort-common -Wl,--as-needed -Wl,-z,relro -Wl,-z,now -Wl,--undefined-version -Wl,--hash-style=gnu -Wl,--compress-debug-sections=zstd zdump.o localtime.o strftime.o 
rm -f libtz.a
llvm-ar -rv libtz.a localtime.o asctime.o difftime.o strftime.o
llvm-ar: warning: creating libtz.a
: libtz.a
clang -o zic -march=x86-64-v3 -O2 -pipe -fno-plt -fexceptions         -Wp,-D_FORTIFY_SOURCE=3 -fstack-clash-protection -fcf-protection -Wl,-O1 -Wl,--sort-common -Wl,--as-needed -Wl,-z,relro -Wl,-z,now -Wl,--undefined-version -Wl,--hash-style=gnu -Wl,--compress-debug-sections=zstd zic.o 
==> Entering fakeroot environment...
==> Starting package()...
./zic  -d '/home/builder/build/pkg/tzdata/usr/share/zoneinfo' tzdata.zi
mkdir -p '/home/builder/build/pkg/tzdata/usr/bin' \
		'/home/builder/build/pkg/tzdata/usr/bin' '/home/builder/build/pkg/tzdata/usr/bin' \
		'/home/builder/build/pkg/tzdata/usr/lib' \
		'/home/builder/build/pkg/tzdata/usr/share/man/man3' '/home/builder/build/pkg/tzdata/usr/share/man/man5' \
		'/home/builder/build/pkg/tzdata/usr/share/man/man8'
./zic  -d '/home/builder/build/pkg/tzdata/usr/share/zoneinfo' -l Factory \
		-t '/home/builder/build/pkg/tzdata/etc/localtime'
cp -f iso3166.tab leapseconds tzdata.zi zone.tab zone1970.tab zonenow.tab '/home/builder/build/pkg/tzdata/usr/share/zoneinfo/.'
cp tzselect '/home/builder/build/pkg/tzdata/usr/bin/.'
cp zdump '/home/builder/build/pkg/tzdata/usr/bin/.'
cp zic '/home/builder/build/pkg/tzdata/usr/bin/.'
cp libtz.a '/home/builder/build/pkg/tzdata/usr/lib/.'
: '/home/builder/build/pkg/tzdata/usr/lib/libtz.a'
cp -f newctime.3 newtzset.3 '/home/builder/build/pkg/tzdata/usr/share/man/man3/.'
cp -f tzfile.5 '/home/builder/build/pkg/tzdata/usr/share/man/man5/.'
cp -f tzselect.8 zdump.8 zic.8 '/home/builder/build/pkg/tzdata/usr/share/man/man8/.'
warning: -p is obsolete and likely ineffective
==> Tidying install...
  -> Removing libtool files...
  -> Removing static library files...
  -> Purging unwanted files...
  -> Removing empty directories...
  -> Stripping unneeded symbols from binaries and libraries...
==> Checking for packaging issues...
==> Creating package "tzdata"...
  -> Generating .PKGINFO file...
warning: Public keyring not found; have you run 'pacman-key --init'?
error: kashira-v3: key "E4DF524F75FE51DD5FB0C7BA1925D86CD662878E" is unknown
error: keyring is not writable
warning: base: unknown key '%INSTALLED_DB%' in local database
warning: base-devel: unknown key '%INSTALLED_DB%' in local database
warning: Public keyring not found; have you run 'pacman-key --init'?
error: kashira-v3: key "E4DF524F75FE51DD5FB0C7BA1925D86CD662878E" is unknown
error: keyring is not writable
warning: base: unknown key '%INSTALLED_DB%' in local database
warning: base-devel: unknown key '%INSTALLED_DB%' in local database
  -> Generating .BUILDINFO file...
warning: Public keyring not found; have you run 'pacman-key --init'?
error: kashira-v3: key "E4DF524F75FE51DD5FB0C7BA1925D86CD662878E" is unknown
error: keyring is not writable
warning: base: unknown key '%INSTALLED_DB%' in local database
warning: base-devel: unknown key '%INSTALLED_DB%' in local database
  -> Generating .MTREE file...
  -> Compressing package...
==> Leaving fakeroot environment.
==> Finished making: tzdata 2026d-1 (Mon Sep 21 21:37:18 2026)
