[[37m[32mINFO[0m[37m[0m] Extracting kashira.db.tar.gz to a temporary location...
[[37m[32mINFO[0m[37m[0m] Extracting kashira.files.tar.gz to a temporary location...
[[37m[32mINFO[0m[37m[0m] Adding package '/mnt/lfs/src/kashira-build/out/pacman/pacman-7.1.0-5-x86_64.pkg.tar.zst'
[[37m[32mINFO[0m[37m[0m] Computing checksums...
[[37m[32mINFO[0m[37m[0m] Removing existing entry 'pacman-7.1.0-4'...
[[37m[32mINFO[0m[37m[0m] Creating 'desc' db entry...
[[37m[32mINFO[0m[37m[0m] Creating 'files' db entry...
[[37m[32mINFO[0m[37m[0m] Creating updated database file '/mnt/lfs/var/cache/pacman/kashira/kashira.db.tar.gz'
== wave: pacman OK
== wave: dbus FAILED (log: /mnt/lfs/src/kashira-build/logs/dbus.log)
== wave: pacman already done
[[37m[32mINFO[0m[37m[0m] Extracting kashira.db.tar.gz to a temporary location...
[[37m[32mINFO[0m[37m[0m] Extracting kashira.files.tar.gz to a temporary location...
[[37m[32mINFO[0m[37m[0m] Adding package '/mnt/lfs/src/kashira-build/out/expat/expat-2.8.4-1-x86_64.pkg.tar.zst'
[[37m[32mINFO[0m[37m[0m] Computing checksums...
[[37m[32mINFO[0m[37m[0m] Removing existing entry 'expat-2.8.3-1'...
[[37m[32mINFO[0m[37m[0m] Creating 'desc' db entry...
[[37m[32mINFO[0m[37m[0m] Creating 'files' db entry...
[[37m[32mINFO[0m[37m[0m] Creating updated database file '/mnt/lfs/var/cache/pacman/kashira/kashira.db.tar.gz'
== wave: expat OK
== wave: libarchive FAILED (log: /mnt/lfs/src/kashira-build/logs/libarchive.log)
== wave: pacman already done
[[37m[32mINFO[0m[37m[0m] Extracting kashira.db.tar.gz to a temporary location...
[[37m[32mINFO[0m[37m[0m] Extracting kashira.files.tar.gz to a temporary location...
[[37m[32mINFO[0m[37m[0m] Adding package '/mnt/lfs/src/kashira-build/out/acl/acl-2.4.0-1-x86_64.pkg.tar.zst'
[[33m[33mWARN[0m[33m[0m] An entry for 'acl-2.4.0-1' already existed
[[37m[32mINFO[0m[37m[0m] Computing checksums...
[[37m[32mINFO[0m[37m[0m] Removing existing entry 'acl-2.4.0-1'...
[[37m[32mINFO[0m[37m[0m] Creating 'desc' db entry...
[[37m[32mINFO[0m[37m[0m] Creating 'files' db entry...
[[37m[32mINFO[0m[37m[0m] Creating updated database file '/mnt/lfs/var/cache/pacman/kashira/kashira.db.tar.gz'
== wave: acl OK
== wave: audit FAILED (log: /mnt/lfs/src/kashira-build/logs/audit.log)
== wave: pacman already done
== wave: expat already done
== wave: libarchive FAILED (log: /mnt/lfs/src/kashira-build/logs/libarchive.log)
== wave: pacman already done
== wave: expat already done
[[37m[32mINFO[0m[37m[0m] Extracting kashira.db.tar.gz to a temporary location...
[[37m[32mINFO[0m[37m[0m] Extracting kashira.files.tar.gz to a temporary location...
[[37m[32mINFO[0m[37m[0m] Adding package '/mnt/lfs/src/kashira-build/out/openssl/openssl-4.0.1-1-x86_64.pkg.tar.zst'
[[33m[33mWARN[0m[33m[0m] An entry for 'openssl-4.0.1-1' already existed
[[37m[32mINFO[0m[37m[0m] Computing checksums...
[[37m[32mINFO[0m[37m[0m] Removing existing entry 'openssl-4.0.1-1'...
[[37m[32mINFO[0m[37m[0m] Creating 'desc' db entry...
[[37m[32mINFO[0m[37m[0m] Creating 'files' db entry...
[[37m[32mINFO[0m[37m[0m] Creating updated database file '/mnt/lfs/var/cache/pacman/kashira/kashira.db.tar.gz'
== wave: openssl OK
[[37m[32mINFO[0m[37m[0m] Extracting kashira.db.tar.gz to a temporary location...
[[37m[32mINFO[0m[37m[0m] Extracting kashira.files.tar.gz to a temporary location...
[[37m[32mINFO[0m[37m[0m] Adding package '/mnt/lfs/src/kashira-build/out/libarchive/libarchive-3.8.9-1-x86_64.pkg.tar.zst'
[[33m[33mWARN[0m[33m[0m] An entry for 'libarchive-3.8.9-1' already existed
[[37m[32mINFO[0m[37m[0m] Computing checksums...
[[37m[32mINFO[0m[37m[0m] Removing existing entry 'libarchive-3.8.9-1'...
[[37m[32mINFO[0m[37m[0m] Creating 'desc' db entry...
[[37m[32mINFO[0m[37m[0m] Creating 'files' db entry...
[[37m[32mINFO[0m[37m[0m] Creating updated database file '/mnt/lfs/var/cache/pacman/kashira/kashira.db.tar.gz'
== wave: libarchive OK
[[37m[32mINFO[0m[37m[0m] Extracting kashira.db.tar.gz to a temporary location...
[[37m[32mINFO[0m[37m[0m] Extracting kashira.files.tar.gz to a temporary location...
[[37m[32mINFO[0m[37m[0m] Adding package '/mnt/lfs/src/kashira-build/out/sqlite/lemon-3.53.4-1-x86_64.pkg.tar.zst'
[[37m[32mINFO[0m[37m[0m] Adding package '/mnt/lfs/src/kashira-build/out/sqlite/sqlite-analyzer-3.53.4-1-x86_64.pkg.tar.zst'
[[37m[32mINFO[0m[37m[0m] Computing checksums...
[[37m[32mINFO[0m[37m[0m] Creating 'desc' db entry...
[[37m[32mINFO[0m[37m[0m] Adding package '/mnt/lfs/src/kashira-build/out/sqlite/sqlite-tcl-3.53.4-1-x86_64.pkg.tar.zst'
[[37m[32mINFO[0m[37m[0m] Creating 'files' db entry...
[[37m[32mINFO[0m[37m[0m] Adding package '/mnt/lfs/src/kashira-build/out/sqlite/sqlite-3.53.4-1-x86_64.pkg.tar.zst'
[[37m[32mINFO[0m[37m[0m] Computing checksums...
[[37m[32mINFO[0m[37m[0m] Computing checksums...
[[33m[33mWARN[0m[33m[0m] An entry for 'sqlite-3.53.4-1' already existed
[[37m[32mINFO[0m[37m[0m] Computing checksums...
[[37m[32mINFO[0m[37m[0m] Creating 'desc' db entry...
[[37m[32mINFO[0m[37m[0m] Creating 'files' db entry...
[[37m[32mINFO[0m[37m[0m] Adding package '/mnt/lfs/src/kashira-build/out/sqlite/sqlite-doc-3.53.4-1-x86_64.pkg.tar.zst'
[[37m[32mINFO[0m[37m[0m] Computing checksums...
[[37m[32mINFO[0m[37m[0m] Creating 'desc' db entry...
[[37m[32mINFO[0m[37m[0m] Creating 'files' db entry...
[[37m[32mINFO[0m[37m[0m] Removing existing entry 'sqlite-3.53.4-1'...
[[37m[32mINFO[0m[37m[0m] Creating 'desc' db entry...
[[37m[32mINFO[0m[37m[0m] Creating 'files' db entry...
[[37m[32mINFO[0m[37m[0m] Creating 'desc' db entry...
[[37m[32mINFO[0m[37m[0m] Creating 'files' db entry...
[[37m[32mINFO[0m[37m[0m] Creating updated database file '/mnt/lfs/var/cache/pacman/kashira/kashira.db.tar.gz'
== wave: sqlite OK
== wave: autoconf-archive FAILED (log: /mnt/lfs/src/kashira-build/logs/autoconf-archive.log)
== wave: pacman already done
== wave: expat already done
== wave: openssl already done
== wave: libarchive already done
== wave: sqlite already done
== wave: autoconf-archive FAILED (log: /mnt/lfs/src/kashira-build/logs/autoconf-archive.log)
== wave: pacman already done
== wave: expat already done
== wave: openssl already done
== wave: libarchive already done
== wave: sqlite already done
[[37m[32mINFO[0m[37m[0m] Extracting kashira.db.tar.gz to a temporary location...
[[37m[32mINFO[0m[37m[0m] Extracting kashira.files.tar.gz to a temporary location...
[[37m[32mINFO[0m[37m[0m] Adding package '/mnt/lfs/src/kashira-build/out/autoconf-archive/autoconf-archive-1:2024.10.16-4-any.pkg.tar.zst'
[[37m[32mINFO[0m[37m[0m] Computing checksums...
[[37m[32mINFO[0m[37m[0m] Creating 'desc' db entry...
[[37m[32mINFO[0m[37m[0m] Creating 'files' db entry...
[[37m[32mINFO[0m[37m[0m] Creating updated database file '/mnt/lfs/var/cache/pacman/kashira/kashira.db.tar.gz'
== wave: autoconf-archive OK
== wave: ncurses FAILED (log: /mnt/lfs/src/kashira-build/logs/ncurses.log)
