== build xorg-util-macros (deps: none)
==> Making package: xorg-util-macros 1.20.2-1 (Sun Sep 20 03:26:10 2026)
==> WARNING: Skipping dependency checks.
==> Retrieving sources...
  -> Downloading util-macros-1.20.2.tar.xz...
  % Total    % Received % Xferd  Average Speed  Time    Time    Time   Current
                                 Dload  Upload  Total   Spent   Left   Speed
  0      0   0      0   0      0      0      0           00:01              0100  83592 100  83592   0      0  41467      0   00:02   00:02              0100  83592 100  83592   0      0  41465      0   00:02   00:02              0100  83592 100  83592   0      0  41464      0   00:02   00:02              0
  -> Downloading util-macros-1.20.2.tar.xz.sig...
  % Total    % Received % Xferd  Average Speed  Time    Time    Time   Current
                                 Dload  Upload  Total   Spent   Left   Speed
  0      0   0      0   0      0      0      0                              0100    566 100    566   0      0    510      0   00:01   00:01              0100    566 100    566   0      0    510      0   00:01   00:01              0100    566 100    566   0      0    510      0   00:01   00:01              0
==> WARNING: Skipping verification of source file PGP signatures.
==> Validating source files with sha512sums...
    util-macros-1.20.2.tar.xz ... Passed
    util-macros-1.20.2.tar.xz.sig ... Skipped
==> Extracting sources...
  -> Extracting util-macros-1.20.2.tar.xz with bsdtar
==> Starting build()...
checking for a BSD-compatible install... /usr/bin/install -c
checking whether build environment is sane... yes
checking for a race-free mkdir -p... /usr/sbin/mkdir -p
checking for gawk... gawk
checking whether make sets $(MAKE)... yes
checking whether make supports nested variables... yes
checking that generated files are newer than configure... done
configure: creating ./config.status
config.status: creating xorg-macros.pc
config.status: creating Makefile
config.status: creating xorg-macros.m4
make: Nothing to be done for 'all'.
==> Entering fakeroot environment...
==> Starting package()...
make[1]: Entering directory '/home/builder/build/src/util-macros-1.20.2'
make[1]: Nothing to be done for 'install-exec-am'.
 /usr/sbin/mkdir -p '/home/builder/build/pkg/xorg-util-macros/usr/share/aclocal'
 /usr/sbin/mkdir -p '/home/builder/build/pkg/xorg-util-macros/usr/share/util-macros'
 /usr/sbin/mkdir -p '/home/builder/build/pkg/xorg-util-macros/usr/share/pkgconfig'
 /usr/bin/install -c -m 644 xorg-macros.pc '/home/builder/build/pkg/xorg-util-macros/usr/share/pkgconfig'
 /usr/bin/install -c -m 644 xorg-macros.m4 '/home/builder/build/pkg/xorg-util-macros/usr/share/aclocal'
 /usr/bin/install -c -m 644 INSTALL '/home/builder/build/pkg/xorg-util-macros/usr/share/util-macros'
make  install-data-hook
make[2]: Entering directory '/home/builder/build/src/util-macros-1.20.2'
rm -f /home/builder/build/pkg/xorg-util-macros/usr/share/aclocal/xorgversion.m4
make[2]: Leaving directory '/home/builder/build/src/util-macros-1.20.2'
make[1]: Leaving directory '/home/builder/build/src/util-macros-1.20.2'
==> Tidying install...
  -> Removing libtool files...
  -> Removing static library files...
  -> Purging unwanted files...
  -> Stripping unneeded symbols from binaries and libraries...
==> Checking for packaging issues...
==> Creating package "xorg-util-macros"...
  -> Generating .PKGINFO file...
  -> Generating .BUILDINFO file...
warning: Public keyring not found; have you run 'pacman-key --init'?
error: kashira-v3: key "E4DF524F75FE51DD5FB0C7BA1925D86CD662878E" is unknown
error: keyring is not writable
warning: base: unknown key '%INSTALLED_DB%' in local database
warning: base-devel: unknown key '%INSTALLED_DB%' in local database
  -> Generating .MTREE file...
  -> Compressing package...
==> Leaving fakeroot environment.
==> Finished making: xorg-util-macros 1.20.2-1 (Sun Sep 20 03:26:19 2026)
