== build xxhash (deps: git glibc )
warning: glibc-2.44-2 is up to date -- skipping
resolving dependencies...
warning: base: unknown key '%INSTALLED_DB%' in local database
warning: base-devel: unknown key '%INSTALLED_DB%' in local database
looking for conflicting packages...

Packages (4) perl-error-0.17030-1  perl-mailtools-2.22-1  perl-timedate-2.35-1  git-2.55.0-1

Total Download Size:    6.94 MiB
Total Installed Size:  46.04 MiB

:: Proceed with installation? [Y/n] 
:: Retrieving packages...
 git-2.55.0-1-x86_64 downloading...
 perl-mailtools-2.22-1-any downloading...
 perl-timedate-2.35-1-any downloading...
 perl-error-0.17030-1-any downloading...
checking keyring...
checking package integrity...
loading package files...
checking for file conflicts...
:: Processing package changes...
installing perl-error...
installing perl-timedate...
installing perl-mailtools...
installing git...
Optional dependencies for git
    libsecret: git-credential-libsecret credential helper [installed]
:: Running post-transaction hooks...
(1/1) Arming ConditionNeedsUpdate...
==> Making package: xxhash 0.8.4-1 (Sun Sep 20 04:53:46 2026)
==> WARNING: Skipping dependency checks.
==> Retrieving sources...
  -> Cloning xxHash git repo...
Cloning into bare repository '/sources/xxHash'...
==> WARNING: Skipping verification of source file PGP signatures.
==> Validating source files with b2sums...
    xxHash ... Passed
==> Extracting sources...
  -> Creating working copy of xxHash git repo...
Cloning into 'xxHash'...
done.
Switched to a new branch 'makepkg'
==> Starting build()...
make: Entering directory '/home/builder/build/src/xxHash'
CC cachedObjs/14d5adf3e756b5b646731993e701b549/xxhash.o
CC cachedObjs/bfa2fdf42cadb7dc3fee19199c344e52/xxhash.o
CC cachedObjs/14d5adf3e756b5b646731993e701b549/cli/xsum_arch.o
CC cachedObjs/14d5adf3e756b5b646731993e701b549/xxh_x86dispatch.o
CC cachedObjs/14d5adf3e756b5b646731993e701b549/cli/xsum_bench.o
CC cachedObjs/14d5adf3e756b5b646731993e701b549/cli/xsum_os_specific.o
CC cachedObjs/6ebb52812d426a8335af9970e33e4f04/xxhash.o
CC cachedObjs/14d5adf3e756b5b646731993e701b549/cli/xxhsum.o
CC cachedObjs/14d5adf3e756b5b646731993e701b549/cli/xsum_sanity_check.o
CC cachedObjs/14d5adf3e756b5b646731993e701b549/cli/xsum_output.o
AR cachedObjs/6ebb52812d426a8335af9970e33e4f04/libxxhash.a
LD cachedObjs/bfa2fdf42cadb7dc3fee19199c344e52/libxxhash.so.0.8.4
LD cachedObjs/14d5adf3e756b5b646731993e701b549/xxhsum
make: Leaving directory '/home/builder/build/src/xxHash'
==> Entering fakeroot environment...
==> Starting package()...
make: Entering directory '/home/builder/build/src/xxHash'
creating pkgconfig
Installing libxxhash.a
Installing man pages
Installing libxxhash
Installing xxhsum
Installing pkgconfig
xxhash installation completed
make: Leaving directory '/home/builder/build/src/xxHash'
==> Tidying install...
  -> Removing libtool files...
  -> Removing static library files...
  -> Purging unwanted files...
  -> Stripping unneeded symbols from binaries and libraries...
==> Checking for packaging issues...
==> Creating package "xxhash"...
  -> Generating .PKGINFO file...
warning: Public keyring not found; have you run 'pacman-key --init'?
error: kashira-v3: key "E4DF524F75FE51DD5FB0C7BA1925D86CD662878E" is unknown
error: keyring is not writable
warning: base: unknown key '%INSTALLED_DB%' in local database
warning: base-devel: unknown key '%INSTALLED_DB%' in local database
warning: Public keyring not found; have you run 'pacman-key --init'?
error: kashira-v3: key "E4DF524F75FE51DD5FB0C7BA1925D86CD662878E" is unknown
error: keyring is not writable
warning: base: unknown key '%INSTALLED_DB%' in local database
warning: base-devel: unknown key '%INSTALLED_DB%' in local database
  -> Generating .BUILDINFO file...
warning: Public keyring not found; have you run 'pacman-key --init'?
error: kashira-v3: key "E4DF524F75FE51DD5FB0C7BA1925D86CD662878E" is unknown
error: keyring is not writable
warning: base: unknown key '%INSTALLED_DB%' in local database
warning: base-devel: unknown key '%INSTALLED_DB%' in local database
  -> Generating .MTREE file...
  -> Compressing package...
==> Leaving fakeroot environment.
==> Finished making: xxhash 0.8.4-1 (Sun Sep 20 04:54:03 2026)
