== build zlib-ng (deps: cmake glibc )
resolving dependencies...
warning: glibc-2.44-2 is up to date -- skipping
warning: base: unknown key '%INSTALLED_DB%' in local database
warning: base-devel: unknown key '%INSTALLED_DB%' in local database
looking for conflicting packages...

Packages (1) cmake-4.4.2-1

Total Download Size:   16.15 MiB
Total Installed Size:  61.89 MiB

:: Proceed with installation? [Y/n] 
:: Retrieving packages...
 cmake-4.4.2-1-x86_64 downloading...
checking keyring...
checking package integrity...
loading package files...
checking for file conflicts...
:: Processing package changes...
installing cmake...
:: Running post-transaction hooks...
(1/1) Arming ConditionNeedsUpdate...
==> Making package: zlib-ng 2.3.3-1 (Sun Sep 20 01:39:50 2026)
==> WARNING: Skipping dependency checks.
==> Retrieving sources...
  -> Found zlib-ng-2.3.3.tar.gz
==> WARNING: Skipping verification of source file PGP signatures.
==> Validating source files with sha256sums...
    zlib-ng-2.3.3.tar.gz ... Passed
==> Extracting sources...
  -> Extracting zlib-ng-2.3.3.tar.gz with bsdtar
==> Starting build()...
The no-dev option is deprecated.  Use -Wno-author instead.
-- Using CMake version 4.4.2
-- ZLIB_HEADER_VERSION: 1.3.1
-- ZLIBNG_HEADER_VERSION: 2.3.3
-- The C compiler identification is Clang 23.1.1
-- Detecting C compiler ABI info
-- Detecting C compiler ABI info - done
-- Check for working C compiler: /usr/sbin/clang - skipped
-- Detecting C compile features
-- Detecting C compile features - done
-- Arch detected: 'x86_64'
-- Basearch of 'x86_64' has been detected as: 'x86'
-- Performing Test FNO_LTO_AVAILABLE
-- Performing Test FNO_LTO_AVAILABLE - Success
-- Looking for arm_acle.h
-- Looking for arm_acle.h - not found
-- Looking for sys/auxv.h
-- Looking for sys/auxv.h - found
-- Looking for sys/sdt.h
-- Looking for sys/sdt.h - not found
-- Looking for unistd.h
-- Looking for unistd.h - found
-- Looking for linux/auxvec.h
-- Looking for linux/auxvec.h - found
-- Looking for sys/types.h
-- Looking for sys/types.h - found
-- Looking for stdint.h
-- Looking for stdint.h - found
-- Looking for stddef.h
-- Looking for stddef.h - found
-- Check size of off64_t
-- Check size of off64_t - done
-- Looking for fseeko
-- Looking for fseeko - found
-- Looking for strerror
-- Looking for strerror - found
-- Looking for __cpuid_count
-- Looking for __cpuid_count - found
-- Performing Test HAVE_CPUID_MS
-- Performing Test HAVE_CPUID_MS - Failed
-- Performing Test HAVE_NO_INTERPOSITION
-- Performing Test HAVE_NO_INTERPOSITION - Success
-- Performing Test HAVE_ATTRIBUTE_VISIBILITY_HIDDEN
-- Performing Test HAVE_ATTRIBUTE_VISIBILITY_HIDDEN - Success
-- Performing Test HAVE_ATTRIBUTE_VISIBILITY_INTERNAL
-- Performing Test HAVE_ATTRIBUTE_VISIBILITY_INTERNAL - Success
-- Performing Test HAVE_ATTRIBUTE_ALIGNED
-- Performing Test HAVE_ATTRIBUTE_ALIGNED - Success
-- Performing Test HAVE_BUILTIN_ASSUME_ALIGNED
-- Performing Test HAVE_BUILTIN_ASSUME_ALIGNED - Success
-- Performing Test HAVE_BUILTIN_CTZ
-- Performing Test HAVE_BUILTIN_CTZ - Success
-- Performing Test HAVE_BUILTIN_CTZLL
-- Performing Test HAVE_BUILTIN_CTZLL - Success
-- Performing Test HAVE_PTRDIFF_T
-- Performing Test HAVE_PTRDIFF_T - Success
-- Performing Test HAVE_XSAVE_INTRIN
-- Performing Test HAVE_XSAVE_INTRIN - Success
-- Performing Test HAVE_SSE2_INTRIN
-- Performing Test HAVE_SSE2_INTRIN - Success
-- Performing Test HAVE_SSSE3_INTRIN
-- Performing Test HAVE_SSSE3_INTRIN - Success
-- Performing Test HAVE_SSE41_INTRIN
-- Performing Test HAVE_SSE41_INTRIN - Success
-- Performing Test HAVE_SSE42_INTRIN
-- Performing Test HAVE_SSE42_INTRIN - Success
-- Performing Test HAVE_PCLMULQDQ_INTRIN
-- Performing Test HAVE_PCLMULQDQ_INTRIN - Success
-- Performing Test HAVE_AVX2_INTRIN
-- Performing Test HAVE_AVX2_INTRIN - Success
-- Performing Test HAVE_CASCADE_LAKE
-- Performing Test HAVE_CASCADE_LAKE - Success
-- Performing Test HAVE_AVX512_INTRIN
-- Performing Test HAVE_AVX512_INTRIN - Success
-- Performing Test HAVE_AVX512VNNI_INTRIN
-- Performing Test HAVE_AVX512VNNI_INTRIN - Success
-- Performing Test HAVE_VPCLMULQDQ_INTRIN
-- Performing Test HAVE_VPCLMULQDQ_INTRIN - Success
-- Architecture-specific source files: arch/x86/x86_features.c;arch/x86/chunkset_sse2.c;arch/x86/chorba_sse2.c;arch/x86/compare256_sse2.c;arch/x86/slide_hash_sse2.c;arch/x86/adler32_ssse3.c;arch/x86/chunkset_ssse3.c;arch/x86/chorba_sse41.c;arch/x86/adler32_sse42.c;arch/x86/crc32_pclmulqdq.c;arch/x86/slide_hash_avx2.c;arch/x86/chunkset_avx2.c;arch/x86/compare256_avx2.c;arch/x86/adler32_avx2.c;arch/x86/adler32_avx512.c;arch/x86/chunkset_avx512.c;arch/x86/compare256_avx512.c;arch/x86/adler32_avx512_vnni.c;arch/x86/crc32_vpclmulqdq.c
-- The following features have been enabled:

 * CMAKE_BUILD_TYPE, Build type: None (selected)
 * XSAVE, Support XSAVE intrinsics using "-mxsave"
 * SSSE3_ADLER32, Support SSSE3-accelerated adler32, using "-mssse3"
 * SSE42_CRC, Support SSE4.2 optimized adler32 hash generation, using "-msse4.2"
 * PCLMUL_CRC, Support CRC hash generation using PCLMULQDQ, using "-msse4.2 -mpclmul"
 * AVX2_SLIDEHASH, Support AVX2 optimized slide_hash, using "-mavx2 -mbmi2"
 * AVX2_CHUNKSET, Support AVX2 optimized chunkset, using "-mavx2 -mbmi2"
 * AVX2_COMPARE256, Support AVX2 optimized compare256, using "-mavx2 -mbmi2"
 * AVX2_ADLER32, Support AVX2-accelerated adler32, using "-mavx2 -mbmi2"
 * AVX512_ADLER32, Support AVX512-accelerated adler32, using "-mavx512f -mavx512dq -mavx512bw -mavx512vl -mbmi2 -mtune=cascadelake"
 * AVX512_CHUNKSET, Support AVX512 optimized chunkset, using "-mavx512f -mavx512dq -mavx512bw -mavx512vl -mbmi2 -mtune=cascadelake"
 * AVX512_COMPARE256, Support AVX512 optimized compare256, using "-mavx512f -mavx512dq -mavx512bw -mavx512vl -mbmi2 -mtune=cascadelake"
 * AVX512VNNI_ADLER32, Support AVX512VNNI adler32, using "-mavx512f -mavx512dq -mavx512bw -mavx512vl -mavx512vnni -mbmi2 -mtune=cascadelake"
 * VPCLMUL_CRC, Support CRC hash generation using VPCLMULQDQ, using "-mpclmul -mvpclmulqdq -mavx512f -mavx512f -mavx512dq -mavx512bw -mavx512vl -mbmi2 -mtune=cascadelake"
 * WITH_GZFILEOP, Compile with support for gzFile related functions
 * ZLIB_COMPAT, Compile with zlib compatible API
 * ZLIB_ALIASES, Compile with zlib compatible CMake targets
 * BUILD_TESTING, Build test binaries
 * WITH_SANITIZER, Enable sanitizer testing support
 * WITH_OPTIM, Build with optimisation
 * WITH_CRC32_CHORBA, Use optimized CRC32 algorithm Chorba
 * WITH_RUNTIME_CPU_DETECTION, Build with runtime CPU detection
 * WITH_SSE2, Build with SSE2
 * WITH_SSSE3, Build with SSSE3
 * WITH_SSE41, Build with SSE41
 * WITH_SSE42, Build with SSE42
 * WITH_PCLMULQDQ, Build with PCLMULQDQ
 * WITH_AVX2, Build with AVX2
 * WITH_AVX512, Build with AVX512
 * WITH_AVX512VNNI, Build with AVX512 VNNI
 * WITH_VPCLMULQDQ, Build with VPCLMULQDQ

-- The following features have been disabled:

 * ZLIB_SYMBOL_PREFIX, Publicly exported symbols DO NOT have a custom prefix
 * WITH_GTEST, Build tests using Gtest framework
 * WITH_FUZZERS, Build test/fuzz
 * WITH_BENCHMARKS, Build benchmarks using Google Benchmark framework
 * WITH_BENCHMARK_APPS, Build application benchmarks (currently libpng)
 * WITH_ALL_FALLBACKS, Build all generic fallback functions
 * WITH_NEW_STRATEGIES, Use new strategies
 * WITH_NATIVE_INSTRUCTIONS, Instruct the compiler to use the full instruction set on this host (gcc/clang -march=native)
 * WITH_MAINTAINER_WARNINGS, Build with project maintainer warnings
 * WITH_CODE_COVERAGE, Enable code coverage reporting
 * WITH_INFLATE_STRICT, Build with strict inflate distance checking
 * WITH_INFLATE_ALLOW_INVALID_DIST, Build with zero fill for inflate invalid distances
 * INSTALL_UTILS, Copy minigzip and minideflate during install

-- Configuring done (11.2s)
-- Generating done (0.1s)
-- Build files have been written to: /home/builder/build/src/build
[  2%] Building C object test/CMakeFiles/makecrct.dir/__/tools/makecrct.c.o
[  2%] Building C object test/CMakeFiles/makefixed.dir/__/inftrees.c.o
[  4%] Building C object test/CMakeFiles/maketrees.dir/__/tools/maketrees.c.o
[  5%] Building C object test/CMakeFiles/maketrees.dir/__/zutil.c.o
[  7%] Building C object test/CMakeFiles/makefixed.dir/__/tools/makefixed.c.o
[  8%] Building C object CMakeFiles/zlib-ng.dir/adler32.c.o
[ 10%] Building C object CMakeFiles/zlib-ng.dir/compress.c.o
[ 11%] Building C object CMakeFiles/zlib-ng.dir/crc32.c.o
[ 14%] Building C object CMakeFiles/zlib-ng.dir/crc32_braid_comb.c.o
[ 14%] Building C object test/CMakeFiles/maketrees.dir/__/trees.c.o
[ 15%] Building C object CMakeFiles/zlib-ng.dir/arch/generic/adler32_c.c.o
[ 17%] Building C object CMakeFiles/zlib-ng.dir/arch/generic/adler32_fold_c.c.o
[ 18%] Building C object CMakeFiles/zlib-ng.dir/arch/generic/crc32_braid_c.c.o
[ 20%] Building C object CMakeFiles/zlib-ng.dir/arch/generic/crc32_fold_c.c.o
[ 21%] Building C object CMakeFiles/zlib-ng.dir/deflate.c.o
[ 22%] Building C object CMakeFiles/zlib-ng.dir/deflate_fast.c.o
[ 24%] Building C object CMakeFiles/zlib-ng.dir/deflate_huff.c.o
[ 25%] Building C object CMakeFiles/zlib-ng.dir/deflate_quick.c.o
[ 27%] Building C object CMakeFiles/zlib-ng.dir/deflate_medium.c.o
[ 28%] Building C object CMakeFiles/zlib-ng.dir/deflate_rle.c.o
[ 30%] Building C object CMakeFiles/zlib-ng.dir/deflate_slow.c.o
[ 31%] Building C object CMakeFiles/zlib-ng.dir/deflate_stored.c.o
[ 32%] Building C object CMakeFiles/zlib-ng.dir/infback.c.o
[ 34%] Building C object CMakeFiles/zlib-ng.dir/functable.c.o
[ 35%] Building C object CMakeFiles/zlib-ng.dir/inflate.c.o
[ 37%] Building C object CMakeFiles/zlib-ng.dir/insert_string.c.o
[ 38%] Building C object CMakeFiles/zlib-ng.dir/inftrees.c.o
[ 40%] Building C object CMakeFiles/zlib-ng.dir/trees.c.o
[ 41%] Building C object CMakeFiles/zlib-ng.dir/insert_string_roll.c.o
[ 42%] Linking C executable ../makefixed
[ 44%] Linking C executable ../makecrct
[ 45%] Building C object CMakeFiles/zlib-ng.dir/zutil.c.o
[ 47%] Building C object CMakeFiles/zlib-ng.dir/uncompr.c.o
[ 50%] Building C object CMakeFiles/zlib-ng.dir/cpu_features.c.o
[ 51%] Building C object CMakeFiles/zlib-ng.dir/arch/x86/x86_features.c.o
[ 51%] Building C object CMakeFiles/zlib-ng.dir/arch/generic/crc32_chorba_c.c.o
[ 51%] Built target makecrct
[ 51%] Built target makefixed
[ 52%] Building C object CMakeFiles/zlib-ng.dir/arch/x86/chorba_sse2.c.o
[ 55%] Building C object CMakeFiles/zlib-ng.dir/arch/x86/compare256_sse2.c.o
[ 55%] Building C object CMakeFiles/zlib-ng.dir/arch/x86/slide_hash_sse2.c.o
[ 57%] Building C object CMakeFiles/zlib-ng.dir/arch/x86/adler32_ssse3.c.o
[ 58%] Building C object CMakeFiles/zlib-ng.dir/arch/x86/chunkset_sse2.c.o
[ 60%] Building C object CMakeFiles/zlib-ng.dir/arch/x86/chunkset_ssse3.c.o
[ 61%] Building C object CMakeFiles/zlib-ng.dir/arch/x86/chorba_sse41.c.o
[ 62%] Building C object CMakeFiles/zlib-ng.dir/arch/x86/adler32_sse42.c.o
[ 64%] Building C object CMakeFiles/zlib-ng.dir/arch/x86/crc32_pclmulqdq.c.o
[ 65%] Building C object CMakeFiles/zlib-ng.dir/arch/x86/slide_hash_avx2.c.o
[ 67%] Building C object CMakeFiles/zlib-ng.dir/arch/x86/chunkset_avx2.c.o
[ 68%] Linking C executable ../maketrees
[ 70%] Building C object CMakeFiles/zlib-ng.dir/arch/x86/compare256_avx2.c.o
[ 70%] Built target maketrees
[ 71%] Building C object CMakeFiles/zlib-ng.dir/arch/x86/adler32_avx2.c.o
[ 72%] Building C object CMakeFiles/zlib-ng.dir/arch/x86/adler32_avx512.c.o
[ 74%] Building C object CMakeFiles/zlib-ng.dir/arch/x86/chunkset_avx512.c.o
[ 75%] Building C object CMakeFiles/zlib-ng.dir/arch/x86/compare256_avx512.c.o
[ 77%] Building C object CMakeFiles/zlib-ng.dir/arch/x86/adler32_avx512_vnni.c.o
[ 78%] Building C object CMakeFiles/zlib-ng.dir/arch/x86/crc32_vpclmulqdq.c.o
[ 80%] Building C object CMakeFiles/zlib-ng.dir/gzlib.c.o
[ 81%] Building C object CMakeFiles/zlib-ng.dir/gzread.c.o
[ 82%] Building C object CMakeFiles/zlib-ng.dir/gzwrite.c.o
[ 84%] Linking C shared library libz.so
[ 84%] Built target zlib-ng
[ 87%] Building C object test/CMakeFiles/minideflate.dir/minideflate.c.o
[ 87%] Building C object test/CMakeFiles/infcover.dir/infcover.c.o
[ 88%] Building C object test/CMakeFiles/switchlevels.dir/switchlevels.c.o
[ 90%] Building C object test/CMakeFiles/minigzip.dir/minigzip.c.o
[ 92%] Building C object test/CMakeFiles/example.dir/example.c.o
[ 92%] Building C object test/CMakeFiles/infcover.dir/__/inftrees.c.o
[ 94%] Linking C executable ../switchlevels
[ 95%] Linking C executable ../minigzip
[ 97%] Linking C executable ../minideflate
[ 97%] Built target switchlevels
[ 97%] Built target minigzip
[ 98%] Linking C executable ../example
[100%] Linking C executable ../infcover
[100%] Built target minideflate
[100%] Built target example
[100%] Built target infcover
==> Entering fakeroot environment...
==> Starting package()...
-- Install configuration: "None"
-- Installing: /home/builder/build/pkg/zlib-ng/usr/lib/libz.so.1.3.1.zlib-ng
-- Installing: /home/builder/build/pkg/zlib-ng/usr/lib/libz.so.1
-- Installing: /home/builder/build/pkg/zlib-ng/usr/lib/libz.so
-- Installing: /home/builder/build/pkg/zlib-ng/usr/include/zlib.h
-- Installing: /home/builder/build/pkg/zlib-ng/usr/include/zlib_name_mangling.h
-- Installing: /home/builder/build/pkg/zlib-ng/usr/include/zconf.h
-- Installing: /home/builder/build/pkg/zlib-ng/usr/lib/pkgconfig/zlib.pc
-- Installing: /home/builder/build/pkg/zlib-ng/usr/lib/cmake/ZLIB/ZLIB-targets.cmake
-- Installing: /home/builder/build/pkg/zlib-ng/usr/lib/cmake/ZLIB/ZLIB-targets-none.cmake
-- Installing: /home/builder/build/pkg/zlib-ng/usr/lib/cmake/ZLIB/zlib-config.cmake
-- Installing: /home/builder/build/pkg/zlib-ng/usr/lib/cmake/ZLIB/zlib-config-version.cmake
==> Tidying install...
  -> Removing libtool files...
  -> Removing static library files...
  -> Purging unwanted files...
  -> Stripping unneeded symbols from binaries and libraries...
==> Checking for packaging issues...
==> WARNING: Package contains reference to $srcdir
usr/lib/libz.so.1.3.1.zlib-ng
==> Creating package "zlib-ng"...
  -> Generating .PKGINFO file...
warning: Public keyring not found; have you run 'pacman-key --init'?
error: kashira-v3: key "E4DF524F75FE51DD5FB0C7BA1925D86CD662878E" is unknown
error: keyring is not writable
warning: base: unknown key '%INSTALLED_DB%' in local database
warning: base-devel: unknown key '%INSTALLED_DB%' in local database
  -> Generating .BUILDINFO file...
warning: Public keyring not found; have you run 'pacman-key --init'?
error: kashira-v3: key "E4DF524F75FE51DD5FB0C7BA1925D86CD662878E" is unknown
error: keyring is not writable
warning: base: unknown key '%INSTALLED_DB%' in local database
warning: base-devel: unknown key '%INSTALLED_DB%' in local database
  -> Generating .MTREE file...
  -> Compressing package...
==> Leaving fakeroot environment.
==> Finished making: zlib-ng 2.3.3-1 (Sun Sep 20 01:40:09 2026)
